<?xml version="1.0" encoding="ISO-8859-1" ?>
<link_info>
   <banner>TI ARM Linker PC v18.1.4.LTS</banner>
   <copyright>Copyright (c) 1996-2018 Texas Instruments Incorporated</copyright>
   <link_time>0x5e347f9b</link_time>
   <link_errors>0x0</link_errors>
   <output_file>lab1.out</output_file>
   <entry_point>
      <name>_c_int00_noargs</name>
      <address>0xdf5</address>
   </entry_point>
   <input_file_list>
      <input_file id="fl-2">
         <path>.\</path>
         <kind>object</kind>
         <file>fletcher16.obj</file>
         <name>fletcher16.obj</name>
      </input_file>
      <input_file id="fl-3">
         <path>.\</path>
         <kind>object</kind>
         <file>main.obj</file>
         <name>main.obj</name>
      </input_file>
      <input_file id="fl-4">
         <path>.\</path>
         <kind>object</kind>
         <file>quizassembly.obj</file>
         <name>quizassembly.obj</name>
      </input_file>
      <input_file id="fl-5">
         <path>.\</path>
         <kind>object</kind>
         <file>startup_msp432p401r_ccs.obj</file>
         <name>startup_msp432p401r_ccs.obj</name>
      </input_file>
      <input_file id="fl-6">
         <path>.\</path>
         <kind>object</kind>
         <file>system_msp432p401r.obj</file>
         <name>system_msp432p401r.obj</name>
      </input_file>
      <input_file id="fl-7">
         <path>.\BoardSupportPackage\src\</path>
         <kind>object</kind>
         <file>AsciiLib.obj</file>
         <name>AsciiLib.obj</name>
      </input_file>
      <input_file id="fl-8">
         <path>.\BoardSupportPackage\src\</path>
         <kind>object</kind>
         <file>BSP.obj</file>
         <name>BSP.obj</name>
      </input_file>
      <input_file id="fl-9">
         <path>.\BoardSupportPackage\src\</path>
         <kind>object</kind>
         <file>BackChannelUart.obj</file>
         <name>BackChannelUart.obj</name>
      </input_file>
      <input_file id="fl-a">
         <path>.\BoardSupportPackage\src\</path>
         <kind>object</kind>
         <file>ClockSys.obj</file>
         <name>ClockSys.obj</name>
      </input_file>
      <input_file id="fl-b">
         <path>.\BoardSupportPackage\src\</path>
         <kind>object</kind>
         <file>Joystick.obj</file>
         <name>Joystick.obj</name>
      </input_file>
      <input_file id="fl-c">
         <path>.\BoardSupportPackage\src\</path>
         <kind>object</kind>
         <file>bme280.obj</file>
         <name>bme280.obj</name>
      </input_file>
      <input_file id="fl-d">
         <path>.\BoardSupportPackage\src\</path>
         <kind>object</kind>
         <file>bme280_support.obj</file>
         <name>bme280_support.obj</name>
      </input_file>
      <input_file id="fl-e">
         <path>.\BoardSupportPackage\src\</path>
         <kind>object</kind>
         <file>bmi160.obj</file>
         <name>bmi160.obj</name>
      </input_file>
      <input_file id="fl-f">
         <path>.\BoardSupportPackage\src\</path>
         <kind>object</kind>
         <file>bmi160_support.obj</file>
         <name>bmi160_support.obj</name>
      </input_file>
      <input_file id="fl-10">
         <path>.\BoardSupportPackage\src\</path>
         <kind>object</kind>
         <file>demo_sysctl.obj</file>
         <name>demo_sysctl.obj</name>
      </input_file>
      <input_file id="fl-11">
         <path>.\BoardSupportPackage\src\</path>
         <kind>object</kind>
         <file>i2c_driver.obj</file>
         <name>i2c_driver.obj</name>
      </input_file>
      <input_file id="fl-12">
         <path>.\BoardSupportPackage\src\</path>
         <kind>object</kind>
         <file>opt3001.obj</file>
         <name>opt3001.obj</name>
      </input_file>
      <input_file id="fl-13">
         <path>.\BoardSupportPackage\src\</path>
         <kind>object</kind>
         <file>tmp007.obj</file>
         <name>tmp007.obj</name>
      </input_file>
      <input_file id="fl-14">
         <path>.\led\</path>
         <kind>object</kind>
         <file>led.obj</file>
         <name>led.obj</name>
      </input_file>
      <input_file id="fl-15">
         <path>.\uart\</path>
         <kind>object</kind>
         <file>myuart.obj</file>
         <name>myuart.obj</name>
      </input_file>
      <input_file id="fl-1a">
         <kind>object</kind>
         <file>&lt;internal&gt;</file>
         <name>&lt;internal&gt;</name>
      </input_file>
      <input_file id="fl-1b">
         <path>..\BoardSupportPackage\DriverLib\</path>
         <kind>archive</kind>
         <file>msp432p4xx_driverlib.lib</file>
         <name>cs.o</name>
      </input_file>
      <input_file id="fl-1c">
         <path>..\BoardSupportPackage\DriverLib\</path>
         <kind>archive</kind>
         <file>msp432p4xx_driverlib.lib</file>
         <name>flash.o</name>
      </input_file>
      <input_file id="fl-1d">
         <path>..\BoardSupportPackage\DriverLib\</path>
         <kind>archive</kind>
         <file>msp432p4xx_driverlib.lib</file>
         <name>gpio.o</name>
      </input_file>
      <input_file id="fl-1e">
         <path>..\BoardSupportPackage\DriverLib\</path>
         <kind>archive</kind>
         <file>msp432p4xx_driverlib.lib</file>
         <name>i2c.o</name>
      </input_file>
      <input_file id="fl-1f">
         <path>..\BoardSupportPackage\DriverLib\</path>
         <kind>archive</kind>
         <file>msp432p4xx_driverlib.lib</file>
         <name>interrupt.o</name>
      </input_file>
      <input_file id="fl-20">
         <path>..\BoardSupportPackage\DriverLib\</path>
         <kind>archive</kind>
         <file>msp432p4xx_driverlib.lib</file>
         <name>pcm.o</name>
      </input_file>
      <input_file id="fl-21">
         <path>..\BoardSupportPackage\DriverLib\</path>
         <kind>archive</kind>
         <file>msp432p4xx_driverlib.lib</file>
         <name>rtc_c.o</name>
      </input_file>
      <input_file id="fl-22">
         <path>..\BoardSupportPackage\DriverLib\</path>
         <kind>archive</kind>
         <file>msp432p4xx_driverlib.lib</file>
         <name>sysctl.o</name>
      </input_file>
      <input_file id="fl-23">
         <path>..\BoardSupportPackage\DriverLib\</path>
         <kind>archive</kind>
         <file>msp432p4xx_driverlib.lib</file>
         <name>uart.o</name>
      </input_file>
      <input_file id="fl-24">
         <path>..\BoardSupportPackage\DriverLib\</path>
         <kind>archive</kind>
         <file>msp432p4xx_driverlib.lib</file>
         <name>wdt_a.o</name>
      </input_file>
      <input_file id="fl-25">
         <path>..\BoardSupportPackage\DriverLib\</path>
         <kind>archive</kind>
         <file>msp432p4xx_driverlib.lib</file>
         <name>cpu.o</name>
      </input_file>
      <input_file id="fl-db">
         <path>C:\ti\ccsv8\tools\compiler\ti-cgt-arm_18.1.4.LTS\lib\</path>
         <kind>archive</kind>
         <file>rtsv7M4_T_le_v4SPD16_eabi.lib</file>
         <name>ll_mul_t2.asm.obj</name>
      </input_file>
      <input_file id="fl-dc">
         <path>C:\ti\ccsv8\tools\compiler\ti-cgt-arm_18.1.4.LTS\lib\</path>
         <kind>archive</kind>
         <file>rtsv7M4_T_le_v4SPD16_eabi.lib</file>
         <name>ll_div_t2.asm.obj</name>
      </input_file>
      <input_file id="fl-dd">
         <path>C:\ti\ccsv8\tools\compiler\ti-cgt-arm_18.1.4.LTS\lib\</path>
         <kind>archive</kind>
         <file>rtsv7M4_T_le_v4SPD16_eabi.lib</file>
         <name>ull_div_t2.asm.obj</name>
      </input_file>
      <input_file id="fl-de">
         <path>C:\ti\ccsv8\tools\compiler\ti-cgt-arm_18.1.4.LTS\lib\</path>
         <kind>archive</kind>
         <file>rtsv7M4_T_le_v4SPD16_eabi.lib</file>
         <name>memset_t2.asm.obj</name>
      </input_file>
      <input_file id="fl-df">
         <path>C:\ti\ccsv8\tools\compiler\ti-cgt-arm_18.1.4.LTS\lib\</path>
         <kind>archive</kind>
         <file>rtsv7M4_T_le_v4SPD16_eabi.lib</file>
         <name>copy_zero_init.c.obj</name>
      </input_file>
      <input_file id="fl-e0">
         <path>C:\ti\ccsv8\tools\compiler\ti-cgt-arm_18.1.4.LTS\lib\</path>
         <kind>archive</kind>
         <file>rtsv7M4_T_le_v4SPD16_eabi.lib</file>
         <name>copy_decompress_none.c.obj</name>
      </input_file>
      <input_file id="fl-e1">
         <path>C:\ti\ccsv8\tools\compiler\ti-cgt-arm_18.1.4.LTS\lib\</path>
         <kind>archive</kind>
         <file>rtsv7M4_T_le_v4SPD16_eabi.lib</file>
         <name>copy_decompress_lzss.c.obj</name>
      </input_file>
      <input_file id="fl-e2">
         <path>C:\ti\ccsv8\tools\compiler\ti-cgt-arm_18.1.4.LTS\lib\</path>
         <kind>archive</kind>
         <file>rtsv7M4_T_le_v4SPD16_eabi.lib</file>
         <name>boot_cortex_m.c.obj</name>
      </input_file>
      <input_file id="fl-e3">
         <path>C:\ti\ccsv8\tools\compiler\ti-cgt-arm_18.1.4.LTS\lib\</path>
         <kind>archive</kind>
         <file>rtsv7M4_T_le_v4SPD16_eabi.lib</file>
         <name>exit.c.obj</name>
      </input_file>
      <input_file id="fl-e4">
         <path>C:\ti\ccsv8\tools\compiler\ti-cgt-arm_18.1.4.LTS\lib\</path>
         <kind>archive</kind>
         <file>rtsv7M4_T_le_v4SPD16_eabi.lib</file>
         <name>_lock.c.obj</name>
      </input_file>
      <input_file id="fl-e5">
         <path>C:\ti\ccsv8\tools\compiler\ti-cgt-arm_18.1.4.LTS\lib\</path>
         <kind>archive</kind>
         <file>rtsv7M4_T_le_v4SPD16_eabi.lib</file>
         <name>args_main.c.obj</name>
      </input_file>
      <input_file id="fl-e6">
         <path>C:\ti\ccsv8\tools\compiler\ti-cgt-arm_18.1.4.LTS\lib\</path>
         <kind>archive</kind>
         <file>rtsv7M4_T_le_v4SPD16_eabi.lib</file>
         <name>snprintf.c.obj</name>
      </input_file>
      <input_file id="fl-e7">
         <path>C:\ti\ccsv8\tools\compiler\ti-cgt-arm_18.1.4.LTS\lib\</path>
         <kind>archive</kind>
         <file>rtsv7M4_T_le_v4SPD16_eabi.lib</file>
         <name>div0.asm.obj</name>
      </input_file>
      <input_file id="fl-e8">
         <path>C:\ti\ccsv8\tools\compiler\ti-cgt-arm_18.1.4.LTS\lib\</path>
         <kind>archive</kind>
         <file>rtsv7M4_T_le_v4SPD16_eabi.lib</file>
         <name>memcpy_t2.asm.obj</name>
      </input_file>
      <input_file id="fl-e9">
         <path>C:\ti\ccsv8\tools\compiler\ti-cgt-arm_18.1.4.LTS\lib\</path>
         <kind>archive</kind>
         <file>rtsv7M4_T_le_v4SPD16_eabi.lib</file>
         <name>autoinit.c.obj</name>
      </input_file>
      <input_file id="fl-ea">
         <path>C:\ti\ccsv8\tools\compiler\ti-cgt-arm_18.1.4.LTS\lib\</path>
         <kind>archive</kind>
         <file>rtsv7M4_T_le_v4SPD16_eabi.lib</file>
         <name>pre_init.c.obj</name>
      </input_file>
      <input_file id="fl-eb">
         <path>C:\ti\ccsv8\tools\compiler\ti-cgt-arm_18.1.4.LTS\lib\</path>
         <kind>archive</kind>
         <file>rtsv7M4_T_le_v4SPD16_eabi.lib</file>
         <name>cpy_tbl.c.obj</name>
      </input_file>
      <input_file id="fl-ec">
         <path>C:\ti\ccsv8\tools\compiler\ti-cgt-arm_18.1.4.LTS\lib\</path>
         <kind>archive</kind>
         <file>rtsv7M4_T_le_v4SPD16_eabi.lib</file>
         <name>_printfi.c.obj</name>
      </input_file>
      <input_file id="fl-ed">
         <path>C:\ti\ccsv8\tools\compiler\ti-cgt-arm_18.1.4.LTS\lib\</path>
         <kind>archive</kind>
         <file>rtsv7M4_T_le_v4SPD16_eabi.lib</file>
         <name>atoi.c.obj</name>
      </input_file>
      <input_file id="fl-ee">
         <path>C:\ti\ccsv8\tools\compiler\ti-cgt-arm_18.1.4.LTS\lib\</path>
         <kind>archive</kind>
         <file>rtsv7M4_T_le_v4SPD16_eabi.lib</file>
         <name>ctype.c.obj</name>
      </input_file>
      <input_file id="fl-ef">
         <path>C:\ti\ccsv8\tools\compiler\ti-cgt-arm_18.1.4.LTS\lib\</path>
         <kind>archive</kind>
         <file>rtsv7M4_T_le_v4SPD16_eabi.lib</file>
         <name>ltoa.c.obj</name>
      </input_file>
      <input_file id="fl-f0">
         <path>C:\ti\ccsv8\tools\compiler\ti-cgt-arm_18.1.4.LTS\lib\</path>
         <kind>archive</kind>
         <file>rtsv7M4_T_le_v4SPD16_eabi.lib</file>
         <name>memccpy.c.obj</name>
      </input_file>
      <input_file id="fl-f1">
         <path>C:\ti\ccsv8\tools\compiler\ti-cgt-arm_18.1.4.LTS\lib\</path>
         <kind>archive</kind>
         <file>rtsv7M4_T_le_v4SPD16_eabi.lib</file>
         <name>strchr.c.obj</name>
      </input_file>
      <input_file id="fl-f2">
         <path>C:\ti\ccsv8\tools\compiler\ti-cgt-arm_18.1.4.LTS\lib\</path>
         <kind>archive</kind>
         <file>rtsv7M4_T_le_v4SPD16_eabi.lib</file>
         <name>strlen.c.obj</name>
      </input_file>
      <input_file id="fl-f3">
         <path>C:\ti\ccsv8\tools\compiler\ti-cgt-arm_18.1.4.LTS\lib\</path>
         <kind>archive</kind>
         <file>rtsv7M4_T_le_v4SPD16_eabi.lib</file>
         <name>wcslen.c.obj</name>
      </input_file>
      <input_file id="fl-f4">
         <path>C:\ti\ccsv8\tools\compiler\ti-cgt-arm_18.1.4.LTS\lib\</path>
         <kind>archive</kind>
         <file>rtsv7M4_T_le_v4SPD16_eabi.lib</file>
         <name>s_frexp.c.obj</name>
      </input_file>
      <input_file id="fl-f5">
         <path>C:\ti\ccsv8\tools\compiler\ti-cgt-arm_18.1.4.LTS\lib\</path>
         <kind>archive</kind>
         <file>rtsv7M4_T_le_v4SPD16_eabi.lib</file>
         <name>s_scalbn.c.obj</name>
      </input_file>
      <input_file id="fl-f6">
         <path>C:\ti\ccsv8\tools\compiler\ti-cgt-arm_18.1.4.LTS\lib\</path>
         <kind>archive</kind>
         <file>rtsv7M4_T_le_v4SPD16_eabi.lib</file>
         <name>fd_add_t2.asm.obj</name>
      </input_file>
      <input_file id="fl-f7">
         <path>C:\ti\ccsv8\tools\compiler\ti-cgt-arm_18.1.4.LTS\lib\</path>
         <kind>archive</kind>
         <file>rtsv7M4_T_le_v4SPD16_eabi.lib</file>
         <name>fd_cmp_t2.asm.obj</name>
      </input_file>
      <input_file id="fl-f8">
         <path>C:\ti\ccsv8\tools\compiler\ti-cgt-arm_18.1.4.LTS\lib\</path>
         <kind>archive</kind>
         <file>rtsv7M4_T_le_v4SPD16_eabi.lib</file>
         <name>fd_div_t2.asm.obj</name>
      </input_file>
      <input_file id="fl-f9">
         <path>C:\ti\ccsv8\tools\compiler\ti-cgt-arm_18.1.4.LTS\lib\</path>
         <kind>archive</kind>
         <file>rtsv7M4_T_le_v4SPD16_eabi.lib</file>
         <name>fd_mul_t2.asm.obj</name>
      </input_file>
      <input_file id="fl-fa">
         <path>C:\ti\ccsv8\tools\compiler\ti-cgt-arm_18.1.4.LTS\lib\</path>
         <kind>archive</kind>
         <file>rtsv7M4_T_le_v4SPD16_eabi.lib</file>
         <name>fd_toi_t2.asm.obj</name>
      </input_file>
      <input_file id="fl-fb">
         <path>C:\ti\ccsv8\tools\compiler\ti-cgt-arm_18.1.4.LTS\lib\</path>
         <kind>archive</kind>
         <file>rtsv7M4_T_le_v4SPD16_eabi.lib</file>
         <name>i_tofd_t2.asm.obj</name>
      </input_file>
      <input_file id="fl-fc">
         <path>C:\ti\ccsv8\tools\compiler\ti-cgt-arm_18.1.4.LTS\lib\</path>
         <kind>archive</kind>
         <file>rtsv7M4_T_le_v4SPD16_eabi.lib</file>
         <name>errno.c.obj</name>
      </input_file>
      <input_file id="fl-fd">
         <path>C:\ti\ccsv8\tools\compiler\ti-cgt-arm_18.1.4.LTS\lib\</path>
         <kind>archive</kind>
         <file>rtsv7M4_T_le_v4SPD16_eabi.lib</file>
         <name>s_copysign.c.obj</name>
      </input_file>
   </input_file_list>
   <object_component_list>
      <object_component id="oc-23">
         <name>.intvecs:retain</name>
         <load_address>0x0</load_address>
         <run_address>0x0</run_address>
         <size>0xe4</size>
         <input_file_ref idref="fl-5"/>
      </object_component>
      <object_component id="oc-6a">
         <name>.text</name>
         <load_address>0xe4</load_address>
         <run_address>0xe4</run_address>
         <size>0x360</size>
         <input_file_ref idref="fl-11"/>
      </object_component>
      <object_component id="oc-a8">
         <name>.text</name>
         <load_address>0x444</load_address>
         <run_address>0x444</run_address>
         <size>0x334</size>
         <input_file_ref idref="fl-6"/>
      </object_component>
      <object_component id="oc-223">
         <name>.text:CS_getDCOFrequency</name>
         <load_address>0x778</load_address>
         <run_address>0x778</run_address>
         <size>0x104</size>
         <input_file_ref idref="fl-1b"/>
      </object_component>
      <object_component id="oc-96">
         <name>.text</name>
         <load_address>0x87c</load_address>
         <run_address>0x87c</run_address>
         <size>0xd0</size>
         <input_file_ref idref="fl-3"/>
      </object_component>
      <object_component id="oc-1ad">
         <name>.text:_CSComputeCLKFrequency</name>
         <load_address>0x94c</load_address>
         <run_address>0x94c</run_address>
         <size>0x9c</size>
         <input_file_ref idref="fl-1b"/>
      </object_component>
      <object_component id="oc-34">
         <name>.text</name>
         <load_address>0x9e8</load_address>
         <run_address>0x9e8</run_address>
         <size>0x9c</size>
         <input_file_ref idref="fl-e8"/>
      </object_component>
      <object_component id="oc-14">
         <name>.text:decompress:lzss:__TI_decompress_lzss</name>
         <load_address>0xa84</load_address>
         <run_address>0xa84</run_address>
         <size>0x68</size>
         <input_file_ref idref="fl-e1"/>
      </object_component>
      <object_component id="oc-f1">
         <name>.text:Interrupt_disableInterrupt</name>
         <load_address>0xaec</load_address>
         <run_address>0xaec</run_address>
         <size>0x64</size>
         <input_file_ref idref="fl-1f"/>
      </object_component>
      <object_component id="oc-e5">
         <name>.text:Interrupt_enableInterrupt</name>
         <load_address>0xb50</load_address>
         <run_address>0xb50</run_address>
         <size>0x64</size>
         <input_file_ref idref="fl-1f"/>
      </object_component>
      <object_component id="oc-159">
         <name>.text</name>
         <load_address>0xbb4</load_address>
         <run_address>0xbb4</run_address>
         <size>0x54</size>
         <input_file_ref idref="fl-4"/>
      </object_component>
      <object_component id="oc-272">
         <name>.text:SysCtl_getTLVInfo</name>
         <load_address>0xc08</load_address>
         <run_address>0xc08</run_address>
         <size>0x50</size>
         <input_file_ref idref="fl-22"/>
      </object_component>
      <object_component id="oc-b5">
         <name>.text:GPIO_setAsPeripheralModuleFunctionOutputPin</name>
         <load_address>0xc58</load_address>
         <run_address>0xc58</run_address>
         <size>0x4c</size>
         <input_file_ref idref="fl-1d"/>
      </object_component>
      <object_component id="oc-26c">
         <name>.text:_CSGetDOCFrequency</name>
         <load_address>0xca4</load_address>
         <run_address>0xca4</run_address>
         <size>0x4c</size>
         <input_file_ref idref="fl-1b"/>
      </object_component>
      <object_component id="oc-21d">
         <name>.text:_CSGetDividerValue</name>
         <load_address>0xcf0</load_address>
         <run_address>0xcf0</run_address>
         <size>0x48</size>
         <input_file_ref idref="fl-1b"/>
      </object_component>
      <object_component id="oc-177">
         <name>.text:__TI_auto_init_nobinit_nopinit:__TI_auto_init_nobinit_nopinit</name>
         <load_address>0xd38</load_address>
         <run_address>0xd38</run_address>
         <size>0x44</size>
         <input_file_ref idref="fl-e9"/>
      </object_component>
      <object_component id="oc-c7">
         <name>.text:I2C_initMaster</name>
         <load_address>0xd7c</load_address>
         <run_address>0xd7c</run_address>
         <size>0x3e</size>
         <input_file_ref idref="fl-1e"/>
      </object_component>
      <object_component id="oc-df">
         <name>.text:I2C_masterSendMultiByteStart</name>
         <load_address>0xdbc</load_address>
         <run_address>0xdbc</run_address>
         <size>0x38</size>
         <input_file_ref idref="fl-1e"/>
      </object_component>
      <object_component id="oc-52">
         <name>.text:_c_int00_noargs:_c_int00_noargs</name>
         <load_address>0xdf4</load_address>
         <run_address>0xdf4</run_address>
         <size>0x38</size>
         <input_file_ref idref="fl-e2"/>
      </object_component>
      <object_component id="oc-10f">
         <name>.text:I2C_masterSendMultiByteStop</name>
         <load_address>0xe2c</load_address>
         <run_address>0xe2c</run_address>
         <size>0x30</size>
         <input_file_ref idref="fl-1e"/>
      </object_component>
      <object_component id="oc-229">
         <name>.text:CS_clearInterruptFlag</name>
         <load_address>0xe5c</load_address>
         <run_address>0xe5c</run_address>
         <size>0x24</size>
         <input_file_ref idref="fl-1b"/>
      </object_component>
      <object_component id="oc-11b">
         <name>.text:I2C_masterSendMultiByteNext</name>
         <load_address>0xe80</load_address>
         <run_address>0xe80</run_address>
         <size>0x24</size>
         <input_file_ref idref="fl-1e"/>
      </object_component>
      <object_component id="oc-af">
         <name>.text:CS_getSMCLK</name>
         <load_address>0xea4</load_address>
         <run_address>0xea4</run_address>
         <size>0x18</size>
         <input_file_ref idref="fl-1b"/>
      </object_component>
      <object_component id="oc-bb">
         <name>.text:I2C_isBusBusy</name>
         <load_address>0xebc</load_address>
         <run_address>0xebc</run_address>
         <size>0x14</size>
         <input_file_ref idref="fl-1e"/>
      </object_component>
      <object_component id="oc-40">
         <name>.text:decompress:ZI:__TI_zero_init_nomemset:__TI_zero_init_nomemset</name>
         <load_address>0xed0</load_address>
         <run_address>0xed0</run_address>
         <size>0x12</size>
         <input_file_ref idref="fl-df"/>
      </object_component>
      <object_component id="oc-fd">
         <name>.text:I2C_masterReceiveStart</name>
         <load_address>0xee2</load_address>
         <run_address>0xee2</run_address>
         <size>0x10</size>
         <input_file_ref idref="fl-1e"/>
      </object_component>
      <object_component id="oc-109">
         <name>.text:I2C_clearInterruptFlag</name>
         <load_address>0xef2</load_address>
         <run_address>0xef2</run_address>
         <size>0xe</size>
         <input_file_ref idref="fl-1e"/>
      </object_component>
      <object_component id="oc-eb">
         <name>.text:I2C_disableInterrupt</name>
         <load_address>0xf00</load_address>
         <run_address>0xf00</run_address>
         <size>0xe</size>
         <input_file_ref idref="fl-1e"/>
      </object_component>
      <object_component id="oc-1a">
         <name>.text:decompress:none:__TI_decompress_none</name>
         <load_address>0xf0e</load_address>
         <run_address>0xf0e</run_address>
         <size>0xe</size>
         <input_file_ref idref="fl-e0"/>
      </object_component>
      <object_component id="oc-64">
         <name>.text</name>
         <load_address>0xf1c</load_address>
         <run_address>0xf1c</run_address>
         <size>0xe</size>
         <input_file_ref idref="fl-5"/>
      </object_component>
      <object_component id="oc-c1">
         <name>.text:I2C_disableModule</name>
         <load_address>0xf2a</load_address>
         <run_address>0xf2a</run_address>
         <size>0xc</size>
         <input_file_ref idref="fl-1e"/>
      </object_component>
      <object_component id="oc-d3">
         <name>.text:I2C_enableModule</name>
         <load_address>0xf36</load_address>
         <run_address>0xf36</run_address>
         <size>0xc</size>
         <input_file_ref idref="fl-1e"/>
      </object_component>
      <object_component id="oc-d9">
         <name>.text:I2C_enableInterrupt</name>
         <load_address>0xf42</load_address>
         <run_address>0xf42</run_address>
         <size>0x8</size>
         <input_file_ref idref="fl-1e"/>
      </object_component>
      <object_component id="oc-103">
         <name>.text:I2C_getEnabledInterruptStatus</name>
         <load_address>0xf4a</load_address>
         <run_address>0xf4a</run_address>
         <size>0x6</size>
         <input_file_ref idref="fl-1e"/>
      </object_component>
      <object_component id="oc-f7">
         <name>.text:I2C_getInterruptStatus</name>
         <load_address>0xf50</load_address>
         <run_address>0xf50</run_address>
         <size>0x6</size>
         <input_file_ref idref="fl-1e"/>
      </object_component>
      <object_component id="oc-115">
         <name>.text:I2C_masterReceiveMultiByteNext</name>
         <load_address>0xf56</load_address>
         <run_address>0xf56</run_address>
         <size>0x6</size>
         <input_file_ref idref="fl-1e"/>
      </object_component>
      <object_component id="oc-cd">
         <name>.text:I2C_setSlaveAddress</name>
         <load_address>0xf5c</load_address>
         <run_address>0xf5c</run_address>
         <size>0x4</size>
         <input_file_ref idref="fl-1e"/>
      </object_component>
      <object_component id="oc-90">
         <name>.text:_system_pre_init</name>
         <load_address>0xf60</load_address>
         <run_address>0xf60</run_address>
         <size>0x4</size>
         <input_file_ref idref="fl-ea"/>
      </object_component>
      <object_component id="oc-16b">
         <name>.text:abort:abort</name>
         <load_address>0xf64</load_address>
         <run_address>0xf64</run_address>
         <size>0x4</size>
         <input_file_ref idref="fl-e3"/>
      </object_component>
      <object_component id="oc-1c6">
         <name>.const</name>
         <load_address>0xf68</load_address>
         <run_address>0xf68</run_address>
         <size>0x40</size>
         <input_file_ref idref="fl-1f"/>
      </object_component>
      <object_component id="oc-15e">
         <name>.const:$P$T0$1</name>
         <load_address>0xfa8</load_address>
         <run_address>0xfa8</run_address>
         <size>0x2</size>
         <input_file_ref idref="fl-3"/>
      </object_component>
      <object_component id="oc-161">
         <name>.const:$P$T1$2</name>
         <load_address>0xfaa</load_address>
         <run_address>0xfaa</run_address>
         <size>0x2</size>
         <input_file_ref idref="fl-3"/>
      </object_component>
      <object_component id="oc-2c4">
         <name>.cinit..data.load</name>
         <load_address>0xfb0</load_address>
         <run_address>0xfb0</run_address>
         <size>0x3d</size>
      </object_component>
      <object_component id="oc-2c2">
         <name>__TI_handler_table</name>
         <load_address>0xff0</load_address>
         <run_address>0xff0</run_address>
         <size>0xc</size>
      </object_component>
      <object_component id="oc-2c5">
         <name>.cinit..bss.load</name>
         <load_address>0x1000</load_address>
         <run_address>0x1000</run_address>
         <size>0x8</size>
      </object_component>
      <object_component id="oc-2c3">
         <name>__TI_cinit_table</name>
         <load_address>0x1008</load_address>
         <run_address>0x1008</run_address>
         <size>0x10</size>
      </object_component>
      <object_component id="oc-297">
         <name>.binit</name>
         <load_address>0x0</load_address>
         <run_address>0x0</run_address>
         <size>0x0</size>
      </object_component>
      <object_component id="oc-1a9">
         <name>.data</name>
         <load_address>0x20000044</load_address>
         <run_address>0x20000044</run_address>
         <size>0x4</size>
         <input_file_ref idref="fl-6"/>
      </object_component>
      <object_component id="oc-129">
         <name>.data</name>
         <load_address>0x20000048</load_address>
         <run_address>0x20000048</run_address>
         <size>0x1</size>
         <input_file_ref idref="fl-11"/>
      </object_component>
      <object_component id="oc-121">
         <name>.data:i2cConfig</name>
         <load_address>0x20000030</load_address>
         <run_address>0x20000030</run_address>
         <size>0x14</size>
         <input_file_ref idref="fl-11"/>
      </object_component>
      <object_component id="oc-1b9">
         <name>.data:GPIO_PORT_TO_BASE</name>
         <load_address>0x20000000</load_address>
         <run_address>0x20000000</run_address>
         <size>0x30</size>
         <input_file_ref idref="fl-1d"/>
      </object_component>
      <object_component id="oc-127">
         <name>.common:ui8Status</name>
         <uninitialized>true</uninitialized>
         <run_address>0x2000005d</run_address>
         <size>0x1</size>
      </object_component>
      <object_component id="oc-124">
         <name>.common:pData</name>
         <uninitialized>true</uninitialized>
         <run_address>0x20000058</run_address>
         <size>0x4</size>
      </object_component>
      <object_component id="oc-12c">
         <name>.common:ui8DummyRead</name>
         <uninitialized>true</uninitialized>
         <run_address>0x2000005c</run_address>
         <size>0x1</size>
      </object_component>
      <object_component id="oc-128">
         <name>.common:g_ui32ByteCount</name>
         <uninitialized>true</uninitialized>
         <run_address>0x2000004c</run_address>
         <size>0x4</size>
      </object_component>
      <object_component id="oc-22f">
         <name>.common:hfxtFreq</name>
         <uninitialized>true</uninitialized>
         <run_address>0x20000050</run_address>
         <size>0x4</size>
      </object_component>
      <object_component id="oc-232">
         <name>.common:lfxtFreq</name>
         <uninitialized>true</uninitialized>
         <run_address>0x20000054</run_address>
         <size>0x4</size>
      </object_component>
      <object_component id="oc-26">
         <name>.stack</name>
         <uninitialized>true</uninitialized>
         <run_address>0x2000fe00</run_address>
         <size>0x4</size>
         <input_file_ref idref="fl-e2"/>
      </object_component>
      <object_component id="oc-2c6">
         <name>.stack</name>
         <uninitialized>true</uninitialized>
         <run_address>0x2000fe00</run_address>
         <size>0x0</size>
      </object_component>
      <object_component id="oc-165">
         <name>.debug_info</name>
         <load_address>0x0</load_address>
         <run_address>0x0</run_address>
         <size>0x57c</size>
         <input_file_ref idref="fl-3"/>
      </object_component>
      <object_component id="oc-15f">
         <name>.debug_info</name>
         <load_address>0x57c</load_address>
         <run_address>0x57c</run_address>
         <size>0xce</size>
         <input_file_ref idref="fl-3"/>
      </object_component>
      <object_component id="oc-162">
         <name>.debug_info</name>
         <load_address>0x64a</load_address>
         <run_address>0x64a</run_address>
         <size>0xce</size>
         <input_file_ref idref="fl-3"/>
      </object_component>
      <object_component id="oc-97">
         <name>.debug_info</name>
         <load_address>0x718</load_address>
         <run_address>0x718</run_address>
         <size>0x3dc</size>
         <input_file_ref idref="fl-3"/>
      </object_component>
      <object_component id="oc-1f6">
         <name>.debug_info</name>
         <load_address>0xaf4</load_address>
         <run_address>0xaf4</run_address>
         <size>0x37e2</size>
         <input_file_ref idref="fl-3"/>
      </object_component>
      <object_component id="oc-144">
         <name>.debug_info</name>
         <load_address>0x42d6</load_address>
         <run_address>0x42d6</run_address>
         <size>0x26b</size>
         <input_file_ref idref="fl-3"/>
      </object_component>
      <object_component id="oc-1e2">
         <name>.debug_info</name>
         <load_address>0x4541</load_address>
         <run_address>0x4541</run_address>
         <size>0x1055</size>
         <input_file_ref idref="fl-3"/>
      </object_component>
      <object_component id="oc-1dd">
         <name>.debug_info</name>
         <load_address>0x5596</load_address>
         <run_address>0x5596</run_address>
         <size>0x9a</size>
         <input_file_ref idref="fl-3"/>
      </object_component>
      <object_component id="oc-2f">
         <name>.debug_info</name>
         <load_address>0x5630</load_address>
         <run_address>0x5630</run_address>
         <size>0x84</size>
         <input_file_ref idref="fl-3"/>
      </object_component>
      <object_component id="oc-1e9">
         <name>.debug_info</name>
         <load_address>0x56b4</load_address>
         <run_address>0x56b4</run_address>
         <size>0x297</size>
         <input_file_ref idref="fl-3"/>
      </object_component>
      <object_component id="oc-138">
         <name>.debug_info</name>
         <load_address>0x594b</load_address>
         <run_address>0x594b</run_address>
         <size>0xef</size>
         <input_file_ref idref="fl-3"/>
      </object_component>
      <object_component id="oc-133">
         <name>.debug_info</name>
         <load_address>0x5a3a</load_address>
         <run_address>0x5a3a</run_address>
         <size>0xbb</size>
         <input_file_ref idref="fl-3"/>
      </object_component>
      <object_component id="oc-166">
         <name>.debug_info</name>
         <load_address>0x5af5</load_address>
         <run_address>0x5af5</run_address>
         <size>0x8b</size>
         <input_file_ref idref="fl-3"/>
      </object_component>
      <object_component id="oc-15b">
         <name>.debug_info</name>
         <load_address>0x5b80</load_address>
         <run_address>0x5b80</run_address>
         <size>0xed</size>
         <input_file_ref idref="fl-4"/>
      </object_component>
      <object_component id="oc-72">
         <name>.debug_info</name>
         <load_address>0x5c6d</load_address>
         <run_address>0x5c6d</run_address>
         <size>0x2c8</size>
         <input_file_ref idref="fl-5"/>
      </object_component>
      <object_component id="oc-24">
         <name>.debug_info</name>
         <load_address>0x5f35</load_address>
         <run_address>0x5f35</run_address>
         <size>0xf4</size>
         <input_file_ref idref="fl-5"/>
      </object_component>
      <object_component id="oc-65">
         <name>.debug_info</name>
         <load_address>0x6029</load_address>
         <run_address>0x6029</run_address>
         <size>0x1bb</size>
         <input_file_ref idref="fl-5"/>
      </object_component>
      <object_component id="oc-1ee">
         <name>.debug_info</name>
         <load_address>0x61e4</load_address>
         <run_address>0x61e4</run_address>
         <size>0x536</size>
         <input_file_ref idref="fl-6"/>
      </object_component>
      <object_component id="oc-1aa">
         <name>.debug_info</name>
         <load_address>0x671a</load_address>
         <run_address>0x671a</run_address>
         <size>0xed</size>
         <input_file_ref idref="fl-6"/>
      </object_component>
      <object_component id="oc-a9">
         <name>.debug_info</name>
         <load_address>0x6807</load_address>
         <run_address>0x6807</run_address>
         <size>0x25f</size>
         <input_file_ref idref="fl-6"/>
      </object_component>
      <object_component id="oc-13d">
         <name>.debug_info</name>
         <load_address>0x6a66</load_address>
         <run_address>0x6a66</run_address>
         <size>0x37e2</size>
         <input_file_ref idref="fl-6"/>
      </object_component>
      <object_component id="oc-150">
         <name>.debug_info</name>
         <load_address>0xa248</load_address>
         <run_address>0xa248</run_address>
         <size>0x2c</size>
         <input_file_ref idref="fl-7"/>
      </object_component>
      <object_component id="oc-1d8">
         <name>.debug_info</name>
         <load_address>0xa274</load_address>
         <run_address>0xa274</run_address>
         <size>0x6c</size>
         <input_file_ref idref="fl-8"/>
      </object_component>
      <object_component id="oc-12e">
         <name>.debug_info</name>
         <load_address>0xa2e0</load_address>
         <run_address>0xa2e0</run_address>
         <size>0x8b</size>
         <input_file_ref idref="fl-8"/>
      </object_component>
      <object_component id="oc-125">
         <name>.debug_info</name>
         <load_address>0xa36b</load_address>
         <run_address>0xa36b</run_address>
         <size>0xb01</size>
         <input_file_ref idref="fl-11"/>
      </object_component>
      <object_component id="oc-12a">
         <name>.debug_info</name>
         <load_address>0xae6c</load_address>
         <run_address>0xae6c</run_address>
         <size>0xf1</size>
         <input_file_ref idref="fl-11"/>
      </object_component>
      <object_component id="oc-122">
         <name>.debug_info</name>
         <load_address>0xaf5d</load_address>
         <run_address>0xaf5d</run_address>
         <size>0xf1</size>
         <input_file_ref idref="fl-11"/>
      </object_component>
      <object_component id="oc-6b">
         <name>.debug_info</name>
         <load_address>0xb04e</load_address>
         <run_address>0xb04e</run_address>
         <size>0xc09</size>
         <input_file_ref idref="fl-11"/>
      </object_component>
      <object_component id="oc-230">
         <name>.debug_info</name>
         <load_address>0xbc57</load_address>
         <run_address>0xbc57</run_address>
         <size>0x5ef</size>
         <input_file_ref idref="fl-1b"/>
      </object_component>
      <object_component id="oc-21e">
         <name>.debug_info</name>
         <load_address>0xc246</load_address>
         <run_address>0xc246</run_address>
         <size>0x131</size>
         <input_file_ref idref="fl-1b"/>
      </object_component>
      <object_component id="oc-26d">
         <name>.debug_info</name>
         <load_address>0xc377</load_address>
         <run_address>0xc377</run_address>
         <size>0x129</size>
         <input_file_ref idref="fl-1b"/>
      </object_component>
      <object_component id="oc-224">
         <name>.debug_info</name>
         <load_address>0xc4a0</load_address>
         <run_address>0xc4a0</run_address>
         <size>0x1dd</size>
         <input_file_ref idref="fl-1b"/>
      </object_component>
      <object_component id="oc-22a">
         <name>.debug_info</name>
         <load_address>0xc67d</load_address>
         <run_address>0xc67d</run_address>
         <size>0x120</size>
         <input_file_ref idref="fl-1b"/>
      </object_component>
      <object_component id="oc-1ae">
         <name>.debug_info</name>
         <load_address>0xc79d</load_address>
         <run_address>0xc79d</run_address>
         <size>0x1d8</size>
         <input_file_ref idref="fl-1b"/>
      </object_component>
      <object_component id="oc-b0">
         <name>.debug_info</name>
         <load_address>0xc975</load_address>
         <run_address>0xc975</run_address>
         <size>0x132</size>
         <input_file_ref idref="fl-1b"/>
      </object_component>
      <object_component id="oc-27c">
         <name>.debug_info</name>
         <load_address>0xcaa7</load_address>
         <run_address>0xcaa7</run_address>
         <size>0x1b5</size>
         <input_file_ref idref="fl-1b"/>
      </object_component>
      <object_component id="oc-238">
         <name>.debug_info</name>
         <load_address>0xcc5c</load_address>
         <run_address>0xcc5c</run_address>
         <size>0x103e</size>
         <input_file_ref idref="fl-1b"/>
      </object_component>
      <object_component id="oc-1b4">
         <name>.debug_info</name>
         <load_address>0xdc9a</load_address>
         <run_address>0xdc9a</run_address>
         <size>0x18b</size>
         <input_file_ref idref="fl-1b"/>
      </object_component>
      <object_component id="oc-1bd">
         <name>.debug_info</name>
         <load_address>0xde25</load_address>
         <run_address>0xde25</run_address>
         <size>0x4a4</size>
         <input_file_ref idref="fl-1d"/>
      </object_component>
      <object_component id="oc-1ba">
         <name>.debug_info</name>
         <load_address>0xe2c9</load_address>
         <run_address>0xe2c9</run_address>
         <size>0xd0</size>
         <input_file_ref idref="fl-1d"/>
      </object_component>
      <object_component id="oc-b8">
         <name>.debug_info</name>
         <load_address>0xe399</load_address>
         <run_address>0xe399</run_address>
         <size>0x1dd</size>
         <input_file_ref idref="fl-1d"/>
      </object_component>
      <object_component id="oc-1bf">
         <name>.debug_info</name>
         <load_address>0xe576</load_address>
         <run_address>0xe576</run_address>
         <size>0x4ac</size>
         <input_file_ref idref="fl-1e"/>
      </object_component>
      <object_component id="oc-d1">
         <name>.debug_info</name>
         <load_address>0xea22</load_address>
         <run_address>0xea22</run_address>
         <size>0x182</size>
         <input_file_ref idref="fl-1e"/>
      </object_component>
      <object_component id="oc-113">
         <name>.debug_info</name>
         <load_address>0xeba4</load_address>
         <run_address>0xeba4</run_address>
         <size>0x153</size>
         <input_file_ref idref="fl-1e"/>
      </object_component>
      <object_component id="oc-e0">
         <name>.debug_info</name>
         <load_address>0xecf7</load_address>
         <run_address>0xecf7</run_address>
         <size>0x19c</size>
         <input_file_ref idref="fl-1e"/>
      </object_component>
      <object_component id="oc-11c">
         <name>.debug_info</name>
         <load_address>0xee93</load_address>
         <run_address>0xee93</run_address>
         <size>0x17d</size>
         <input_file_ref idref="fl-1e"/>
      </object_component>
      <object_component id="oc-fe">
         <name>.debug_info</name>
         <load_address>0xf010</load_address>
         <run_address>0xf010</run_address>
         <size>0x149</size>
         <input_file_ref idref="fl-1e"/>
      </object_component>
      <object_component id="oc-116">
         <name>.debug_info</name>
         <load_address>0xf159</load_address>
         <run_address>0xf159</run_address>
         <size>0x15d</size>
         <input_file_ref idref="fl-1e"/>
      </object_component>
      <object_component id="oc-bc">
         <name>.debug_info</name>
         <load_address>0xf2b6</load_address>
         <run_address>0xf2b6</run_address>
         <size>0x138</size>
         <input_file_ref idref="fl-1e"/>
      </object_component>
      <object_component id="oc-c8">
         <name>.debug_info</name>
         <load_address>0xf3ee</load_address>
         <run_address>0xf3ee</run_address>
         <size>0x160</size>
         <input_file_ref idref="fl-1e"/>
      </object_component>
      <object_component id="oc-f8">
         <name>.debug_info</name>
         <load_address>0xf54e</load_address>
         <run_address>0xf54e</run_address>
         <size>0x16f</size>
         <input_file_ref idref="fl-1e"/>
      </object_component>
      <object_component id="oc-104">
         <name>.debug_info</name>
         <load_address>0xf6bd</load_address>
         <run_address>0xf6bd</run_address>
         <size>0x173</size>
         <input_file_ref idref="fl-1e"/>
      </object_component>
      <object_component id="oc-d4">
         <name>.debug_info</name>
         <load_address>0xf830</load_address>
         <run_address>0xf830</run_address>
         <size>0x13a</size>
         <input_file_ref idref="fl-1e"/>
      </object_component>
      <object_component id="oc-da">
         <name>.debug_info</name>
         <load_address>0xf96a</load_address>
         <run_address>0xf96a</run_address>
         <size>0x165</size>
         <input_file_ref idref="fl-1e"/>
      </object_component>
      <object_component id="oc-c2">
         <name>.debug_info</name>
         <load_address>0xfacf</load_address>
         <run_address>0xfacf</run_address>
         <size>0x13c</size>
         <input_file_ref idref="fl-1e"/>
      </object_component>
      <object_component id="oc-ec">
         <name>.debug_info</name>
         <load_address>0xfc0b</load_address>
         <run_address>0xfc0b</run_address>
         <size>0x167</size>
         <input_file_ref idref="fl-1e"/>
      </object_component>
      <object_component id="oc-10a">
         <name>.debug_info</name>
         <load_address>0xfd72</load_address>
         <run_address>0xfd72</run_address>
         <size>0x16b</size>
         <input_file_ref idref="fl-1e"/>
      </object_component>
      <object_component id="oc-23f">
         <name>.debug_info</name>
         <load_address>0xfedd</load_address>
         <run_address>0xfedd</run_address>
         <size>0x9a</size>
         <input_file_ref idref="fl-1e"/>
      </object_component>
      <object_component id="oc-1ca">
         <name>.debug_info</name>
         <load_address>0xff77</load_address>
         <run_address>0xff77</run_address>
         <size>0x432</size>
         <input_file_ref idref="fl-1f"/>
      </object_component>
      <object_component id="oc-1c7">
         <name>.debug_info</name>
         <load_address>0x103a9</load_address>
         <run_address>0x103a9</run_address>
         <size>0x173</size>
         <input_file_ref idref="fl-1f"/>
      </object_component>
      <object_component id="oc-e7">
         <name>.debug_info</name>
         <load_address>0x1051c</load_address>
         <run_address>0x1051c</run_address>
         <size>0x16b</size>
         <input_file_ref idref="fl-1f"/>
      </object_component>
      <object_component id="oc-f3">
         <name>.debug_info</name>
         <load_address>0x10687</load_address>
         <run_address>0x10687</run_address>
         <size>0x16d</size>
         <input_file_ref idref="fl-1f"/>
      </object_component>
      <object_component id="oc-292">
         <name>.debug_info</name>
         <load_address>0x107f4</load_address>
         <run_address>0x107f4</run_address>
         <size>0x379</size>
         <input_file_ref idref="fl-22"/>
      </object_component>
      <object_component id="oc-274">
         <name>.debug_info</name>
         <load_address>0x10b6d</load_address>
         <run_address>0x10b6d</run_address>
         <size>0x1d6</size>
         <input_file_ref idref="fl-22"/>
      </object_component>
      <object_component id="oc-89">
         <name>.debug_info</name>
         <load_address>0x10d43</load_address>
         <run_address>0x10d43</run_address>
         <size>0x31e</size>
         <input_file_ref idref="fl-df"/>
      </object_component>
      <object_component id="oc-41">
         <name>.debug_info</name>
         <load_address>0x11061</load_address>
         <run_address>0x11061</run_address>
         <size>0x1bf</size>
         <input_file_ref idref="fl-df"/>
      </object_component>
      <object_component id="oc-84">
         <name>.debug_info</name>
         <load_address>0x11220</load_address>
         <run_address>0x11220</run_address>
         <size>0x46</size>
         <input_file_ref idref="fl-df"/>
      </object_component>
      <object_component id="oc-3f">
         <name>.debug_info</name>
         <load_address>0x11266</load_address>
         <run_address>0x11266</run_address>
         <size>0x2a8</size>
         <input_file_ref idref="fl-e0"/>
      </object_component>
      <object_component id="oc-1b">
         <name>.debug_info</name>
         <load_address>0x1150e</load_address>
         <run_address>0x1150e</run_address>
         <size>0x1ea</size>
         <input_file_ref idref="fl-e0"/>
      </object_component>
      <object_component id="oc-3a">
         <name>.debug_info</name>
         <load_address>0x116f8</load_address>
         <run_address>0x116f8</run_address>
         <size>0x46</size>
         <input_file_ref idref="fl-e0"/>
      </object_component>
      <object_component id="oc-7c">
         <name>.debug_info</name>
         <load_address>0x1173e</load_address>
         <run_address>0x1173e</run_address>
         <size>0x2c</size>
         <input_file_ref idref="fl-e0"/>
      </object_component>
      <object_component id="oc-7a">
         <name>.debug_info</name>
         <load_address>0x1176a</load_address>
         <run_address>0x1176a</run_address>
         <size>0x29e</size>
         <input_file_ref idref="fl-e1"/>
      </object_component>
      <object_component id="oc-16">
         <name>.debug_info</name>
         <load_address>0x11a08</load_address>
         <run_address>0x11a08</run_address>
         <size>0x250</size>
         <input_file_ref idref="fl-e1"/>
      </object_component>
      <object_component id="oc-2a">
         <name>.debug_info</name>
         <load_address>0x11c58</load_address>
         <run_address>0x11c58</run_address>
         <size>0x60</size>
         <input_file_ref idref="fl-e1"/>
      </object_component>
      <object_component id="oc-149">
         <name>.debug_info</name>
         <load_address>0x11cb8</load_address>
         <run_address>0x11cb8</run_address>
         <size>0x46</size>
         <input_file_ref idref="fl-e1"/>
      </object_component>
      <object_component id="oc-75">
         <name>.debug_info</name>
         <load_address>0x11cfe</load_address>
         <run_address>0x11cfe</run_address>
         <size>0x39</size>
         <input_file_ref idref="fl-e1"/>
      </object_component>
      <object_component id="oc-27">
         <name>.debug_info</name>
         <load_address>0x11d37</load_address>
         <run_address>0x11d37</run_address>
         <size>0x10b</size>
         <input_file_ref idref="fl-e2"/>
      </object_component>
      <object_component id="oc-53">
         <name>.debug_info</name>
         <load_address>0x11e42</load_address>
         <run_address>0x11e42</run_address>
         <size>0x1af</size>
         <input_file_ref idref="fl-e2"/>
      </object_component>
      <object_component id="oc-16f">
         <name>.debug_info</name>
         <load_address>0x11ff1</load_address>
         <run_address>0x11ff1</run_address>
         <size>0x122</size>
         <input_file_ref idref="fl-e3"/>
      </object_component>
      <object_component id="oc-36">
         <name>.debug_info</name>
         <load_address>0x12113</load_address>
         <run_address>0x12113</run_address>
         <size>0x11c</size>
         <input_file_ref idref="fl-e8"/>
      </object_component>
      <object_component id="oc-206">
         <name>.debug_info</name>
         <load_address>0x1222f</load_address>
         <run_address>0x1222f</run_address>
         <size>0x552</size>
         <input_file_ref idref="fl-e9"/>
      </object_component>
      <object_component id="oc-178">
         <name>.debug_info</name>
         <load_address>0x12781</load_address>
         <run_address>0x12781</run_address>
         <size>0x1a6</size>
         <input_file_ref idref="fl-e9"/>
      </object_component>
      <object_component id="oc-25a">
         <name>.debug_info</name>
         <load_address>0x12927</load_address>
         <run_address>0x12927</run_address>
         <size>0x39</size>
         <input_file_ref idref="fl-e9"/>
      </object_component>
      <object_component id="oc-284">
         <name>.debug_info</name>
         <load_address>0x12960</load_address>
         <run_address>0x12960</run_address>
         <size>0x39</size>
         <input_file_ref idref="fl-e9"/>
      </object_component>
      <object_component id="oc-25f">
         <name>.debug_info</name>
         <load_address>0x12999</load_address>
         <run_address>0x12999</run_address>
         <size>0x39</size>
         <input_file_ref idref="fl-e9"/>
      </object_component>
      <object_component id="oc-264">
         <name>.debug_info</name>
         <load_address>0x129d2</load_address>
         <run_address>0x129d2</run_address>
         <size>0xcd</size>
         <input_file_ref idref="fl-e9"/>
      </object_component>
      <object_component id="oc-91">
         <name>.debug_info</name>
         <load_address>0x12a9f</load_address>
         <run_address>0x12a9f</run_address>
         <size>0x153</size>
         <input_file_ref idref="fl-ea"/>
      </object_component>
      <object_component id="oc-2c7">
         <name>.debug_info</name>
         <load_address>0x12bf2</load_address>
         <run_address>0x12bf2</run_address>
         <size>0xa3</size>
      </object_component>
      <object_component id="oc-1f5">
         <name>.debug_line</name>
         <load_address>0x0</load_address>
         <run_address>0x0</run_address>
         <size>0x5e</size>
         <input_file_ref idref="fl-3"/>
      </object_component>
      <object_component id="oc-1f1">
         <name>.debug_line</name>
         <load_address>0x5e</load_address>
         <run_address>0x5e</run_address>
         <size>0x5e</size>
         <input_file_ref idref="fl-3"/>
      </object_component>
      <object_component id="oc-1f3">
         <name>.debug_line</name>
         <load_address>0xbc</load_address>
         <run_address>0xbc</run_address>
         <size>0x5e</size>
         <input_file_ref idref="fl-3"/>
      </object_component>
      <object_component id="oc-9a">
         <name>.debug_line</name>
         <load_address>0x11a</load_address>
         <run_address>0x11a</run_address>
         <size>0xb2</size>
         <input_file_ref idref="fl-3"/>
      </object_component>
      <object_component id="oc-1f9">
         <name>.debug_line</name>
         <load_address>0x1cc</load_address>
         <run_address>0x1cc</run_address>
         <size>0x52</size>
         <input_file_ref idref="fl-3"/>
      </object_component>
      <object_component id="oc-147">
         <name>.debug_line</name>
         <load_address>0x21e</load_address>
         <run_address>0x21e</run_address>
         <size>0x69</size>
         <input_file_ref idref="fl-3"/>
      </object_component>
      <object_component id="oc-1e5">
         <name>.debug_line</name>
         <load_address>0x287</load_address>
         <run_address>0x287</run_address>
         <size>0x55</size>
         <input_file_ref idref="fl-3"/>
      </object_component>
      <object_component id="oc-1e0">
         <name>.debug_line</name>
         <load_address>0x2dc</load_address>
         <run_address>0x2dc</run_address>
         <size>0x76</size>
         <input_file_ref idref="fl-3"/>
      </object_component>
      <object_component id="oc-32">
         <name>.debug_line</name>
         <load_address>0x352</load_address>
         <run_address>0x352</run_address>
         <size>0x20</size>
         <input_file_ref idref="fl-3"/>
      </object_component>
      <object_component id="oc-1ec">
         <name>.debug_line</name>
         <load_address>0x372</load_address>
         <run_address>0x372</run_address>
         <size>0x6d</size>
         <input_file_ref idref="fl-3"/>
      </object_component>
      <object_component id="oc-13b">
         <name>.debug_line</name>
         <load_address>0x3df</load_address>
         <run_address>0x3df</run_address>
         <size>0x69</size>
         <input_file_ref idref="fl-3"/>
      </object_component>
      <object_component id="oc-136">
         <name>.debug_line</name>
         <load_address>0x448</load_address>
         <run_address>0x448</run_address>
         <size>0x6a</size>
         <input_file_ref idref="fl-3"/>
      </object_component>
      <object_component id="oc-169">
         <name>.debug_line</name>
         <load_address>0x4b2</load_address>
         <run_address>0x4b2</run_address>
         <size>0x5e</size>
         <input_file_ref idref="fl-3"/>
      </object_component>
      <object_component id="oc-15d">
         <name>.debug_line</name>
         <load_address>0x510</load_address>
         <run_address>0x510</run_address>
         <size>0x60</size>
         <input_file_ref idref="fl-4"/>
      </object_component>
      <object_component id="oc-143">
         <name>.debug_line</name>
         <load_address>0x570</load_address>
         <run_address>0x570</run_address>
         <size>0x40</size>
         <input_file_ref idref="fl-5"/>
      </object_component>
      <object_component id="oc-71">
         <name>.debug_line</name>
         <load_address>0x5b0</load_address>
         <run_address>0x5b0</run_address>
         <size>0x40</size>
         <input_file_ref idref="fl-5"/>
      </object_component>
      <object_component id="oc-68">
         <name>.debug_line</name>
         <load_address>0x5f0</load_address>
         <run_address>0x5f0</run_address>
         <size>0x71</size>
         <input_file_ref idref="fl-5"/>
      </object_component>
      <object_component id="oc-249">
         <name>.debug_line</name>
         <load_address>0x661</load_address>
         <run_address>0x661</run_address>
         <size>0x20</size>
         <input_file_ref idref="fl-6"/>
      </object_component>
      <object_component id="oc-21c">
         <name>.debug_line</name>
         <load_address>0x681</load_address>
         <run_address>0x681</run_address>
         <size>0x3b</size>
         <input_file_ref idref="fl-6"/>
      </object_component>
      <object_component id="oc-ac">
         <name>.debug_line</name>
         <load_address>0x6bc</load_address>
         <run_address>0x6bc</run_address>
         <size>0x159</size>
         <input_file_ref idref="fl-6"/>
      </object_component>
      <object_component id="oc-140">
         <name>.debug_line</name>
         <load_address>0x815</load_address>
         <run_address>0x815</run_address>
         <size>0x52</size>
         <input_file_ref idref="fl-6"/>
      </object_component>
      <object_component id="oc-153">
         <name>.debug_line</name>
         <load_address>0x867</load_address>
         <run_address>0x867</run_address>
         <size>0x65</size>
         <input_file_ref idref="fl-7"/>
      </object_component>
      <object_component id="oc-1db">
         <name>.debug_line</name>
         <load_address>0x8cc</load_address>
         <run_address>0x8cc</run_address>
         <size>0x77</size>
         <input_file_ref idref="fl-8"/>
      </object_component>
      <object_component id="oc-131">
         <name>.debug_line</name>
         <load_address>0x943</load_address>
         <run_address>0x943</run_address>
         <size>0x20</size>
         <input_file_ref idref="fl-8"/>
      </object_component>
      <object_component id="oc-1d7">
         <name>.debug_line</name>
         <load_address>0x963</load_address>
         <run_address>0x963</run_address>
         <size>0x1a9</size>
         <input_file_ref idref="fl-11"/>
      </object_component>
      <object_component id="oc-1e8">
         <name>.debug_line</name>
         <load_address>0xb0c</load_address>
         <run_address>0xb0c</run_address>
         <size>0x4b</size>
         <input_file_ref idref="fl-11"/>
      </object_component>
      <object_component id="oc-1d5">
         <name>.debug_line</name>
         <load_address>0xb57</load_address>
         <run_address>0xb57</run_address>
         <size>0x4b</size>
         <input_file_ref idref="fl-11"/>
      </object_component>
      <object_component id="oc-6e">
         <name>.debug_line</name>
         <load_address>0xba2</load_address>
         <run_address>0xba2</run_address>
         <size>0x216</size>
         <input_file_ref idref="fl-11"/>
      </object_component>
      <object_component id="oc-27b">
         <name>.debug_line</name>
         <load_address>0xdb8</load_address>
         <run_address>0xdb8</run_address>
         <size>0x47</size>
         <input_file_ref idref="fl-1b"/>
      </object_component>
      <object_component id="oc-221">
         <name>.debug_line</name>
         <load_address>0xdff</load_address>
         <run_address>0xdff</run_address>
         <size>0x59</size>
         <input_file_ref idref="fl-1b"/>
      </object_component>
      <object_component id="oc-270">
         <name>.debug_line</name>
         <load_address>0xe58</load_address>
         <run_address>0xe58</run_address>
         <size>0x5e</size>
         <input_file_ref idref="fl-1b"/>
      </object_component>
      <object_component id="oc-227">
         <name>.debug_line</name>
         <load_address>0xeb6</load_address>
         <run_address>0xeb6</run_address>
         <size>0x8c</size>
         <input_file_ref idref="fl-1b"/>
      </object_component>
      <object_component id="oc-22d">
         <name>.debug_line</name>
         <load_address>0xf42</load_address>
         <run_address>0xf42</run_address>
         <size>0x3f</size>
         <input_file_ref idref="fl-1b"/>
      </object_component>
      <object_component id="oc-1b1">
         <name>.debug_line</name>
         <load_address>0xf81</load_address>
         <run_address>0xf81</run_address>
         <size>0x7b</size>
         <input_file_ref idref="fl-1b"/>
      </object_component>
      <object_component id="oc-b3">
         <name>.debug_line</name>
         <load_address>0xffc</load_address>
         <run_address>0xffc</run_address>
         <size>0x41</size>
         <input_file_ref idref="fl-1b"/>
      </object_component>
      <object_component id="oc-27f">
         <name>.debug_line</name>
         <load_address>0x103d</load_address>
         <run_address>0x103d</run_address>
         <size>0x2e</size>
         <input_file_ref idref="fl-1b"/>
      </object_component>
      <object_component id="oc-23b">
         <name>.debug_line</name>
         <load_address>0x106b</load_address>
         <run_address>0x106b</run_address>
         <size>0x5e</size>
         <input_file_ref idref="fl-1b"/>
      </object_component>
      <object_component id="oc-1b7">
         <name>.debug_line</name>
         <load_address>0x10c9</load_address>
         <run_address>0x10c9</run_address>
         <size>0x69</size>
         <input_file_ref idref="fl-1b"/>
      </object_component>
      <object_component id="oc-237">
         <name>.debug_line</name>
         <load_address>0x1132</load_address>
         <run_address>0x1132</run_address>
         <size>0x31</size>
         <input_file_ref idref="fl-1d"/>
      </object_component>
      <object_component id="oc-235">
         <name>.debug_line</name>
         <load_address>0x1163</load_address>
         <run_address>0x1163</run_address>
         <size>0x2a</size>
         <input_file_ref idref="fl-1d"/>
      </object_component>
      <object_component id="oc-ba">
         <name>.debug_line</name>
         <load_address>0x118d</load_address>
         <run_address>0x118d</run_address>
         <size>0x50</size>
         <input_file_ref idref="fl-1d"/>
      </object_component>
      <object_component id="oc-23e">
         <name>.debug_line</name>
         <load_address>0x11dd</load_address>
         <run_address>0x11dd</run_address>
         <size>0x31</size>
         <input_file_ref idref="fl-1e"/>
      </object_component>
      <object_component id="oc-ce">
         <name>.debug_line</name>
         <load_address>0x120e</load_address>
         <run_address>0x120e</run_address>
         <size>0x3e</size>
         <input_file_ref idref="fl-1e"/>
      </object_component>
      <object_component id="oc-110">
         <name>.debug_line</name>
         <load_address>0x124c</load_address>
         <run_address>0x124c</run_address>
         <size>0x44</size>
         <input_file_ref idref="fl-1e"/>
      </object_component>
      <object_component id="oc-e3">
         <name>.debug_line</name>
         <load_address>0x1290</load_address>
         <run_address>0x1290</run_address>
         <size>0x52</size>
         <input_file_ref idref="fl-1e"/>
      </object_component>
      <object_component id="oc-11f">
         <name>.debug_line</name>
         <load_address>0x12e2</load_address>
         <run_address>0x12e2</run_address>
         <size>0x44</size>
         <input_file_ref idref="fl-1e"/>
      </object_component>
      <object_component id="oc-101">
         <name>.debug_line</name>
         <load_address>0x1326</load_address>
         <run_address>0x1326</run_address>
         <size>0x3e</size>
         <input_file_ref idref="fl-1e"/>
      </object_component>
      <object_component id="oc-119">
         <name>.debug_line</name>
         <load_address>0x1364</load_address>
         <run_address>0x1364</run_address>
         <size>0x3e</size>
         <input_file_ref idref="fl-1e"/>
      </object_component>
      <object_component id="oc-bf">
         <name>.debug_line</name>
         <load_address>0x13a2</load_address>
         <run_address>0x13a2</run_address>
         <size>0x3e</size>
         <input_file_ref idref="fl-1e"/>
      </object_component>
      <object_component id="oc-cb">
         <name>.debug_line</name>
         <load_address>0x13e0</load_address>
         <run_address>0x13e0</run_address>
         <size>0x41</size>
         <input_file_ref idref="fl-1e"/>
      </object_component>
      <object_component id="oc-fb">
         <name>.debug_line</name>
         <load_address>0x1421</load_address>
         <run_address>0x1421</run_address>
         <size>0x3e</size>
         <input_file_ref idref="fl-1e"/>
      </object_component>
      <object_component id="oc-107">
         <name>.debug_line</name>
         <load_address>0x145f</load_address>
         <run_address>0x145f</run_address>
         <size>0x3e</size>
         <input_file_ref idref="fl-1e"/>
      </object_component>
      <object_component id="oc-d7">
         <name>.debug_line</name>
         <load_address>0x149d</load_address>
         <run_address>0x149d</run_address>
         <size>0x3e</size>
         <input_file_ref idref="fl-1e"/>
      </object_component>
      <object_component id="oc-dd">
         <name>.debug_line</name>
         <load_address>0x14db</load_address>
         <run_address>0x14db</run_address>
         <size>0x3e</size>
         <input_file_ref idref="fl-1e"/>
      </object_component>
      <object_component id="oc-c5">
         <name>.debug_line</name>
         <load_address>0x1519</load_address>
         <run_address>0x1519</run_address>
         <size>0x3e</size>
         <input_file_ref idref="fl-1e"/>
      </object_component>
      <object_component id="oc-ef">
         <name>.debug_line</name>
         <load_address>0x1557</load_address>
         <run_address>0x1557</run_address>
         <size>0x3e</size>
         <input_file_ref idref="fl-1e"/>
      </object_component>
      <object_component id="oc-10d">
         <name>.debug_line</name>
         <load_address>0x1595</load_address>
         <run_address>0x1595</run_address>
         <size>0x3e</size>
         <input_file_ref idref="fl-1e"/>
      </object_component>
      <object_component id="oc-242">
         <name>.debug_line</name>
         <load_address>0x15d3</load_address>
         <run_address>0x15d3</run_address>
         <size>0x2b</size>
         <input_file_ref idref="fl-1e"/>
      </object_component>
      <object_component id="oc-247">
         <name>.debug_line</name>
         <load_address>0x15fe</load_address>
         <run_address>0x15fe</run_address>
         <size>0x2b</size>
         <input_file_ref idref="fl-1f"/>
      </object_component>
      <object_component id="oc-245">
         <name>.debug_line</name>
         <load_address>0x1629</load_address>
         <run_address>0x1629</run_address>
         <size>0x2f</size>
         <input_file_ref idref="fl-1f"/>
      </object_component>
      <object_component id="oc-e6">
         <name>.debug_line</name>
         <load_address>0x1658</load_address>
         <run_address>0x1658</run_address>
         <size>0x6d</size>
         <input_file_ref idref="fl-1f"/>
      </object_component>
      <object_component id="oc-f2">
         <name>.debug_line</name>
         <load_address>0x16c5</load_address>
         <run_address>0x16c5</run_address>
         <size>0x6d</size>
         <input_file_ref idref="fl-1f"/>
      </object_component>
      <object_component id="oc-294">
         <name>.debug_line</name>
         <load_address>0x1732</load_address>
         <run_address>0x1732</run_address>
         <size>0x20</size>
         <input_file_ref idref="fl-22"/>
      </object_component>
      <object_component id="oc-273">
         <name>.debug_line</name>
         <load_address>0x1752</load_address>
         <run_address>0x1752</run_address>
         <size>0x58</size>
         <input_file_ref idref="fl-22"/>
      </object_component>
      <object_component id="oc-156">
         <name>.debug_line</name>
         <load_address>0x17aa</load_address>
         <run_address>0x17aa</run_address>
         <size>0xa9</size>
         <input_file_ref idref="fl-df"/>
      </object_component>
      <object_component id="oc-44">
         <name>.debug_line</name>
         <load_address>0x1853</load_address>
         <run_address>0x1853</run_address>
         <size>0x4f</size>
         <input_file_ref idref="fl-df"/>
      </object_component>
      <object_component id="oc-87">
         <name>.debug_line</name>
         <load_address>0x18a2</load_address>
         <run_address>0x18a2</run_address>
         <size>0x34</size>
         <input_file_ref idref="fl-df"/>
      </object_component>
      <object_component id="oc-82">
         <name>.debug_line</name>
         <load_address>0x18d6</load_address>
         <run_address>0x18d6</run_address>
         <size>0x20</size>
         <input_file_ref idref="fl-e0"/>
      </object_component>
      <object_component id="oc-1e">
         <name>.debug_line</name>
         <load_address>0x18f6</load_address>
         <run_address>0x18f6</run_address>
         <size>0x55</size>
         <input_file_ref idref="fl-e0"/>
      </object_component>
      <object_component id="oc-3d">
         <name>.debug_line</name>
         <load_address>0x194b</load_address>
         <run_address>0x194b</run_address>
         <size>0x3a</size>
         <input_file_ref idref="fl-e0"/>
      </object_component>
      <object_component id="oc-7f">
         <name>.debug_line</name>
         <load_address>0x1985</load_address>
         <run_address>0x1985</run_address>
         <size>0x95</size>
         <input_file_ref idref="fl-e0"/>
      </object_component>
      <object_component id="oc-14f">
         <name>.debug_line</name>
         <load_address>0x1a1a</load_address>
         <run_address>0x1a1a</run_address>
         <size>0x20</size>
         <input_file_ref idref="fl-e1"/>
      </object_component>
      <object_component id="oc-15">
         <name>.debug_line</name>
         <load_address>0x1a3a</load_address>
         <run_address>0x1a3a</run_address>
         <size>0xa9</size>
         <input_file_ref idref="fl-e1"/>
      </object_component>
      <object_component id="oc-2d">
         <name>.debug_line</name>
         <load_address>0x1ae3</load_address>
         <run_address>0x1ae3</run_address>
         <size>0x3a</size>
         <input_file_ref idref="fl-e1"/>
      </object_component>
      <object_component id="oc-14c">
         <name>.debug_line</name>
         <load_address>0x1b1d</load_address>
         <run_address>0x1b1d</run_address>
         <size>0x9d</size>
         <input_file_ref idref="fl-e1"/>
      </object_component>
      <object_component id="oc-78">
         <name>.debug_line</name>
         <load_address>0x1bba</load_address>
         <run_address>0x1bba</run_address>
         <size>0x99</size>
         <input_file_ref idref="fl-e1"/>
      </object_component>
      <object_component id="oc-74">
         <name>.debug_line</name>
         <load_address>0x1c53</load_address>
         <run_address>0x1c53</run_address>
         <size>0x33</size>
         <input_file_ref idref="fl-e2"/>
      </object_component>
      <object_component id="oc-57">
         <name>.debug_line</name>
         <load_address>0x1c86</load_address>
         <run_address>0x1c86</run_address>
         <size>0x56</size>
         <input_file_ref idref="fl-e2"/>
      </object_component>
      <object_component id="oc-16e">
         <name>.debug_line</name>
         <load_address>0x1cdc</load_address>
         <run_address>0x1cdc</run_address>
         <size>0x3c</size>
         <input_file_ref idref="fl-e3"/>
      </object_component>
      <object_component id="oc-38">
         <name>.debug_line</name>
         <load_address>0x1d18</load_address>
         <run_address>0x1d18</run_address>
         <size>0x88</size>
         <input_file_ref idref="fl-e8"/>
      </object_component>
      <object_component id="oc-259">
         <name>.debug_line</name>
         <load_address>0x1da0</load_address>
         <run_address>0x1da0</run_address>
         <size>0xc2</size>
         <input_file_ref idref="fl-e9"/>
      </object_component>
      <object_component id="oc-17b">
         <name>.debug_line</name>
         <load_address>0x1e62</load_address>
         <run_address>0x1e62</run_address>
         <size>0x6c</size>
         <input_file_ref idref="fl-e9"/>
      </object_component>
      <object_component id="oc-25d">
         <name>.debug_line</name>
         <load_address>0x1ece</load_address>
         <run_address>0x1ece</run_address>
         <size>0x2e</size>
         <input_file_ref idref="fl-e9"/>
      </object_component>
      <object_component id="oc-287">
         <name>.debug_line</name>
         <load_address>0x1efc</load_address>
         <run_address>0x1efc</run_address>
         <size>0x9d</size>
         <input_file_ref idref="fl-e9"/>
      </object_component>
      <object_component id="oc-262">
         <name>.debug_line</name>
         <load_address>0x1f99</load_address>
         <run_address>0x1f99</run_address>
         <size>0x9a</size>
         <input_file_ref idref="fl-e9"/>
      </object_component>
      <object_component id="oc-267">
         <name>.debug_line</name>
         <load_address>0x2033</load_address>
         <run_address>0x2033</run_address>
         <size>0x96</size>
         <input_file_ref idref="fl-e9"/>
      </object_component>
      <object_component id="oc-94">
         <name>.debug_line</name>
         <load_address>0x20c9</load_address>
         <run_address>0x20c9</run_address>
         <size>0x40</size>
         <input_file_ref idref="fl-ea"/>
      </object_component>
      <object_component id="oc-9b">
         <name>.debug_frame</name>
         <load_address>0x0</load_address>
         <run_address>0x0</run_address>
         <size>0x74</size>
         <input_file_ref idref="fl-3"/>
      </object_component>
      <object_component id="oc-69">
         <name>.debug_frame</name>
         <load_address>0x74</load_address>
         <run_address>0x74</run_address>
         <size>0x6c</size>
         <input_file_ref idref="fl-5"/>
      </object_component>
      <object_component id="oc-ad">
         <name>.debug_frame</name>
         <load_address>0xe0</load_address>
         <run_address>0xe0</run_address>
         <size>0x70</size>
         <input_file_ref idref="fl-6"/>
      </object_component>
      <object_component id="oc-6f">
         <name>.debug_frame</name>
         <load_address>0x150</load_address>
         <run_address>0x150</run_address>
         <size>0xec</size>
         <input_file_ref idref="fl-11"/>
      </object_component>
      <object_component id="oc-222">
         <name>.debug_frame</name>
         <load_address>0x4a0</load_address>
         <run_address>0x4a0</run_address>
         <size>0x8d</size>
         <input_file_ref idref="fl-1b"/>
      </object_component>
      <object_component id="oc-271">
         <name>.debug_frame</name>
         <load_address>0x52d</load_address>
         <run_address>0x52d</run_address>
         <size>0x8b</size>
         <input_file_ref idref="fl-1b"/>
      </object_component>
      <object_component id="oc-228">
         <name>.debug_frame</name>
         <load_address>0x5b8</load_address>
         <run_address>0x5b8</run_address>
         <size>0x93</size>
         <input_file_ref idref="fl-1b"/>
      </object_component>
      <object_component id="oc-22e">
         <name>.debug_frame</name>
         <load_address>0x64b</load_address>
         <run_address>0x64b</run_address>
         <size>0x7f</size>
         <input_file_ref idref="fl-1b"/>
      </object_component>
      <object_component id="oc-1b2">
         <name>.debug_frame</name>
         <load_address>0x6ca</load_address>
         <run_address>0x6ca</run_address>
         <size>0x8a</size>
         <input_file_ref idref="fl-1b"/>
      </object_component>
      <object_component id="oc-b4">
         <name>.debug_frame</name>
         <load_address>0x754</load_address>
         <run_address>0x754</run_address>
         <size>0x7f</size>
         <input_file_ref idref="fl-1b"/>
      </object_component>
      <object_component id="oc-b6">
         <name>.debug_frame</name>
         <load_address>0x7d3</load_address>
         <run_address>0x7d3</run_address>
         <size>0x7f</size>
         <input_file_ref idref="fl-1d"/>
      </object_component>
      <object_component id="oc-cf">
         <name>.debug_frame</name>
         <load_address>0x852</load_address>
         <run_address>0x852</run_address>
         <size>0x7f</size>
         <input_file_ref idref="fl-1e"/>
      </object_component>
      <object_component id="oc-111">
         <name>.debug_frame</name>
         <load_address>0x8d1</load_address>
         <run_address>0x8d1</run_address>
         <size>0x86</size>
         <input_file_ref idref="fl-1e"/>
      </object_component>
      <object_component id="oc-e4">
         <name>.debug_frame</name>
         <load_address>0x957</load_address>
         <run_address>0x957</run_address>
         <size>0x8a</size>
         <input_file_ref idref="fl-1e"/>
      </object_component>
      <object_component id="oc-120">
         <name>.debug_frame</name>
         <load_address>0x9e1</load_address>
         <run_address>0x9e1</run_address>
         <size>0x86</size>
         <input_file_ref idref="fl-1e"/>
      </object_component>
      <object_component id="oc-102">
         <name>.debug_frame</name>
         <load_address>0xa67</load_address>
         <run_address>0xa67</run_address>
         <size>0x7f</size>
         <input_file_ref idref="fl-1e"/>
      </object_component>
      <object_component id="oc-11a">
         <name>.debug_frame</name>
         <load_address>0xae6</load_address>
         <run_address>0xae6</run_address>
         <size>0x7f</size>
         <input_file_ref idref="fl-1e"/>
      </object_component>
      <object_component id="oc-c0">
         <name>.debug_frame</name>
         <load_address>0xb65</load_address>
         <run_address>0xb65</run_address>
         <size>0x7f</size>
         <input_file_ref idref="fl-1e"/>
      </object_component>
      <object_component id="oc-cc">
         <name>.debug_frame</name>
         <load_address>0xbe4</load_address>
         <run_address>0xbe4</run_address>
         <size>0x86</size>
         <input_file_ref idref="fl-1e"/>
      </object_component>
      <object_component id="oc-fc">
         <name>.debug_frame</name>
         <load_address>0xc6a</load_address>
         <run_address>0xc6a</run_address>
         <size>0x7f</size>
         <input_file_ref idref="fl-1e"/>
      </object_component>
      <object_component id="oc-108">
         <name>.debug_frame</name>
         <load_address>0xce9</load_address>
         <run_address>0xce9</run_address>
         <size>0x7f</size>
         <input_file_ref idref="fl-1e"/>
      </object_component>
      <object_component id="oc-d8">
         <name>.debug_frame</name>
         <load_address>0xd68</load_address>
[...]
         <used_space>0x0</used_space>
         <unused_space>0x4000</unused_space>
         <attributes>RX</attributes>
         <usage_details>
         </usage_details>
      </memory_area>
      <memory_area display="yes" color="green">
         <name>SRAM_CODE</name>
         <page_id>0x0</page_id>
         <origin>0x1000000</origin>
         <length>0x10000</length>
         <used_space>0x25b</used_space>
         <unused_space>0xfda5</unused_space>
         <attributes>RWX</attributes>
         <usage_details>
            <allocated_space>
               <start_address>0x1000000</start_address>
               <size>0x49</size>
               <logical_group_ref idref="lg-e"/>
            </allocated_space>
            <available_space>
               <start_address>0x1000049</start_address>
               <size>0x3</size>
            </available_space>
            <allocated_space>
               <start_address>0x100004c</start_address>
               <size>0x12</size>
               <logical_group_ref idref="lg-f"/>
            </allocated_space>
            <available_space>
               <start_address>0x100005e</start_address>
               <size>0xfda2</size>
            </available_space>
            <allocated_space>
               <start_address>0x100fe00</start_address>
               <size>0x200</size>
               <logical_group_ref idref="lg-11"/>
            </allocated_space>
         </usage_details>
      </memory_area>
      <memory_area display="yes" color="green">
         <name>SRAM_DATA</name>
         <page_id>0x0</page_id>
         <origin>0x20000000</origin>
         <length>0x10000</length>
         <used_space>0x25b</used_space>
         <unused_space>0xfda5</unused_space>
         <attributes>RW</attributes>
         <usage_details>
            <allocated_space>
               <start_address>0x20000000</start_address>
               <size>0x49</size>
               <logical_group_ref idref="lg-e"/>
            </allocated_space>
            <available_space>
               <start_address>0x20000049</start_address>
               <size>0x3</size>
            </available_space>
            <allocated_space>
               <start_address>0x2000004c</start_address>
               <size>0x12</size>
               <logical_group_ref idref="lg-f"/>
            </allocated_space>
            <available_space>
               <start_address>0x2000005e</start_address>
               <size>0xfda2</size>
            </available_space>
            <allocated_space>
               <start_address>0x2000fe00</start_address>
               <size>0x200</size>
               <logical_group_ref idref="lg-11"/>
            </allocated_space>
         </usage_details>
      </memory_area>
   </placement_map>
   <cptbl_list>
      <cptbl>
         <name>__TI_cinit_table</name>
         <cprec>
            <name>.data</name>
            <load_address>0xfb0</load_address>
            <load_size>0x3d</load_size>
            <run_address>0x20000000</run_address>
            <run_size>0x49</run_size>
            <compression>lzss</compression>
         </cprec>
         <cprec>
            <name>.bss</name>
            <load_address>0x1000</load_address>
            <load_size>0x8</load_size>
            <run_address>0x2000004c</run_address>
            <run_size>0x12</run_size>
            <compression>zero_init</compression>
         </cprec>
      </cptbl>
   </cptbl_list>
   <handler_table>
      <handler_table_name>__TI_handler_table</handler_table_name>
      <handler>
         <index>0x0</index>
         <name>__TI_decompress_lzss</name>
      </handler>
      <handler>
         <index>0x1</index>
         <name>__TI_decompress_none</name>
      </handler>
      <handler>
         <index>0x2</index>
         <name>__TI_zero_init</name>
      </handler>
   </handler_table>
   <symbol_table>
      <symbol id="sm-1">
         <name>WDTCTL_SYM</name>
         <value>0x4000480c</value>
      </symbol>
      <symbol id="sm-2">
         <name>__TI_CINIT_Base</name>
         <value>0x1008</value>
      </symbol>
      <symbol id="sm-3">
         <name>__TI_CINIT_Limit</name>
         <value>0x1018</value>
      </symbol>
      <symbol id="sm-4">
         <name>__TI_Handler_Table_Base</name>
         <value>0xff0</value>
      </symbol>
      <symbol id="sm-5">
         <name>__TI_Handler_Table_Limit</name>
         <value>0xffc</value>
      </symbol>
      <symbol id="sm-6">
         <name>binit</name>
         <value>0xffffffff</value>
      </symbol>
      <symbol id="sm-7">
         <name>__binit__</name>
         <value>0xffffffff</value>
      </symbol>
      <symbol id="sm-8">
         <name>__STACK_SIZE</name>
         <value>0x200</value>
      </symbol>
      <symbol id="sm-9">
         <name>__STACK_END</name>
         <value>0x20010000</value>
      </symbol>
      <symbol id="sm-a">
         <name>__c_args__</name>
         <value>0xffffffff</value>
      </symbol>
      <symbol id="sm-b">
         <name>__TI_pprof_out_hndl</name>
         <value>0xffffffff</value>
      </symbol>
      <symbol id="sm-c">
         <name>__TI_prof_data_start</name>
         <value>0xffffffff</value>
      </symbol>
      <symbol id="sm-d">
         <name>__TI_prof_data_size</name>
         <value>0xffffffff</value>
      </symbol>
      <symbol id="sm-76">
         <name>main</name>
         <value>0x87d</value>
         <object_component_ref idref="oc-96"/>
      </symbol>
      <symbol id="sm-77">
         <name>quizdebugC</name>
         <value>0x8e3</value>
         <object_component_ref idref="oc-96"/>
      </symbol>
      <symbol id="sm-81">
         <name>quizassembly</name>
         <value>0xbb5</value>
         <object_component_ref idref="oc-159"/>
      </symbol>
      <symbol id="sm-96">
         <name>Reset_Handler</name>
         <value>0xf1d</value>
         <object_component_ref idref="oc-64"/>
      </symbol>
      <symbol id="sm-97">
         <name>Default_Handler</name>
         <value>0xf29</value>
         <object_component_ref idref="oc-64"/>
      </symbol>
      <symbol id="sm-98">
         <name>interruptVectors</name>
         <value>0x0</value>
         <object_component_ref idref="oc-23"/>
      </symbol>
      <symbol id="sm-e8">
         <name>SystemInit</name>
         <value>0x6bd</value>
         <object_component_ref idref="oc-a8"/>
      </symbol>
      <symbol id="sm-e9">
         <name>SystemCoreClockUpdate</name>
         <value>0x445</value>
         <object_component_ref idref="oc-a8"/>
      </symbol>
      <symbol id="sm-ea">
         <name>SystemCoreClock</name>
         <value>0x20000044</value>
         <object_component_ref idref="oc-1a9"/>
      </symbol>
      <symbol id="sm-14d">
         <name>ui8Status</name>
         <value>0x2000005d</value>
      </symbol>
      <symbol id="sm-14e">
         <name>pData</name>
         <value>0x20000058</value>
      </symbol>
      <symbol id="sm-14f">
         <name>ui8DummyRead</name>
         <value>0x2000005c</value>
      </symbol>
      <symbol id="sm-150">
         <name>g_ui32ByteCount</name>
         <value>0x2000004c</value>
      </symbol>
      <symbol id="sm-151">
         <name>EUSCIB1_IRQHandler</name>
         <value>0x37d</value>
         <object_component_ref idref="oc-6a"/>
      </symbol>
      <symbol id="sm-152">
         <name>readI2C</name>
         <value>0x1d7</value>
         <object_component_ref idref="oc-6a"/>
      </symbol>
      <symbol id="sm-153">
         <name>initI2C</name>
         <value>0x123</value>
         <object_component_ref idref="oc-6a"/>
      </symbol>
      <symbol id="sm-154">
         <name>readBurstI2C</name>
         <value>0x2a5</value>
         <object_component_ref idref="oc-6a"/>
      </symbol>
      <symbol id="sm-155">
         <name>i2cConfig</name>
         <value>0x20000030</value>
         <object_component_ref idref="oc-121"/>
      </symbol>
      <symbol id="sm-156">
         <name>writeI2C</name>
         <value>0x141</value>
         <object_component_ref idref="oc-6a"/>
      </symbol>
      <symbol id="sm-157">
         <name>burstMode</name>
         <value>0x20000048</value>
         <object_component_ref idref="oc-129"/>
      </symbol>
      <symbol id="sm-1db">
         <name>CS_clearInterruptFlag</name>
         <value>0xe5d</value>
         <object_component_ref idref="oc-229"/>
      </symbol>
      <symbol id="sm-1dc">
         <name>CS_getDCOFrequency</name>
         <value>0x779</value>
         <object_component_ref idref="oc-223"/>
      </symbol>
      <symbol id="sm-1dd">
         <name>CS_getSMCLK</name>
         <value>0xea5</value>
         <object_component_ref idref="oc-af"/>
      </symbol>
      <symbol id="sm-1f9">
         <name>GPIO_setAsPeripheralModuleFunctionOutputPin</name>
         <value>0xc59</value>
         <object_component_ref idref="oc-b5"/>
      </symbol>
      <symbol id="sm-289">
         <name>I2C_masterSendMultiByteStop</name>
         <value>0xe2d</value>
         <object_component_ref idref="oc-10f"/>
      </symbol>
      <symbol id="sm-28a">
         <name>I2C_masterSendMultiByteNext</name>
         <value>0xe81</value>
         <object_component_ref idref="oc-11b"/>
      </symbol>
      <symbol id="sm-28b">
         <name>I2C_disableInterrupt</name>
         <value>0xf01</value>
         <object_component_ref idref="oc-eb"/>
      </symbol>
      <symbol id="sm-28c">
         <name>I2C_masterSendMultiByteStart</name>
         <value>0xdbd</value>
         <object_component_ref idref="oc-df"/>
      </symbol>
      <symbol id="sm-28d">
         <name>I2C_getEnabledInterruptStatus</name>
         <value>0xf4b</value>
         <object_component_ref idref="oc-103"/>
      </symbol>
      <symbol id="sm-28e">
         <name>I2C_masterReceiveMultiByteNext</name>
         <value>0xf57</value>
         <object_component_ref idref="oc-115"/>
      </symbol>
      <symbol id="sm-28f">
         <name>I2C_getInterruptStatus</name>
         <value>0xf51</value>
         <object_component_ref idref="oc-f7"/>
      </symbol>
      <symbol id="sm-290">
         <name>I2C_isBusBusy</name>
         <value>0xebd</value>
         <object_component_ref idref="oc-bb"/>
      </symbol>
      <symbol id="sm-291">
         <name>I2C_enableModule</name>
         <value>0xf37</value>
         <object_component_ref idref="oc-d3"/>
      </symbol>
      <symbol id="sm-292">
         <name>I2C_masterReceiveStart</name>
         <value>0xee3</value>
         <object_component_ref idref="oc-fd"/>
      </symbol>
      <symbol id="sm-293">
         <name>I2C_clearInterruptFlag</name>
         <value>0xef3</value>
         <object_component_ref idref="oc-109"/>
      </symbol>
      <symbol id="sm-294">
         <name>I2C_setSlaveAddress</name>
         <value>0xf5d</value>
         <object_component_ref idref="oc-cd"/>
      </symbol>
      <symbol id="sm-295">
         <name>I2C_initMaster</name>
         <value>0xd7d</value>
         <object_component_ref idref="oc-c7"/>
      </symbol>
      <symbol id="sm-296">
         <name>I2C_enableInterrupt</name>
         <value>0xf43</value>
         <object_component_ref idref="oc-d9"/>
      </symbol>
      <symbol id="sm-297">
         <name>I2C_disableModule</name>
         <value>0xf2b</value>
         <object_component_ref idref="oc-c1"/>
      </symbol>
      <symbol id="sm-2d1">
         <name>Interrupt_disableInterrupt</name>
         <value>0xaed</value>
         <object_component_ref idref="oc-f1"/>
      </symbol>
      <symbol id="sm-2d2">
         <name>Interrupt_enableInterrupt</name>
         <value>0xb51</value>
         <object_component_ref idref="oc-e5"/>
      </symbol>
      <symbol id="sm-2e9">
         <name>SysCtl_getTLVInfo</name>
         <value>0xc09</value>
         <object_component_ref idref="oc-272"/>
      </symbol>
      <symbol id="sm-304">
         <name>__TI_zero_init_nomemset</name>
         <value>0xed1</value>
         <object_component_ref idref="oc-40"/>
      </symbol>
      <symbol id="sm-31b">
         <name>__TI_decompress_none</name>
         <value>0xf0f</value>
         <object_component_ref idref="oc-1a"/>
      </symbol>
      <symbol id="sm-33e">
         <name>__TI_decompress_lzss</name>
         <value>0xa85</value>
         <object_component_ref idref="oc-14"/>
      </symbol>
      <symbol id="sm-351">
         <name>__stack</name>
         <value>0x2000fe00</value>
         <object_component_ref idref="oc-26"/>
      </symbol>
      <symbol id="sm-352">
         <name>_c_int00_noargs</name>
         <value>0xdf5</value>
         <object_component_ref idref="oc-52"/>
      </symbol>
      <symbol id="sm-35d">
         <name>C$$EXIT</name>
         <value>0xf65</value>
         <object_component_ref idref="oc-16b"/>
      </symbol>
      <symbol id="sm-35e">
         <name>abort</name>
         <value>0xf65</value>
         <object_component_ref idref="oc-16b"/>
      </symbol>
      <symbol id="sm-37d">
         <name>memcpy</name>
         <value>0x9e9</value>
         <object_component_ref idref="oc-34"/>
      </symbol>
      <symbol id="sm-37e">
         <name>__aeabi_memcpy</name>
         <value>0x9e9</value>
         <object_component_ref idref="oc-34"/>
      </symbol>
      <symbol id="sm-37f">
         <name>__aeabi_memcpy8</name>
         <value>0x9e9</value>
         <object_component_ref idref="oc-34"/>
      </symbol>
      <symbol id="sm-380">
         <name>__aeabi_memcpy4</name>
         <value>0x9e9</value>
         <object_component_ref idref="oc-34"/>
      </symbol>
      <symbol id="sm-3a8">
         <name>__TI_auto_init_nobinit_nopinit</name>
         <value>0xd39</value>
         <object_component_ref idref="oc-177"/>
      </symbol>
      <symbol id="sm-3b2">
         <name>_system_pre_init</name>
         <value>0xf61</value>
         <object_component_ref idref="oc-90"/>
      </symbol>
      <symbol id="sm-3c6">
         <name>__TI_static_base__</name>
         <value>0x0</value>
      </symbol>
      <symbol id="sm-3c9">
         <name>__mpu_init</name>
         <value>0x0</value>
      </symbol>
      <symbol id="sm-3ca">
         <name>_system_post_cinit</name>
         <value>0x0</value>
      </symbol>
      <symbol id="sm-3cb">
         <name>NMI_Handler</name>
         <value>0xf29</value>
      </symbol>
      <symbol id="sm-3cc">
         <name>HardFault_Handler</name>
         <value>0xf29</value>
      </symbol>
      <symbol id="sm-3cd">
         <name>MemManage_Handler</name>
         <value>0xf29</value>
      </symbol>
      <symbol id="sm-3ce">
         <name>BusFault_Handler</name>
         <value>0xf29</value>
      </symbol>
      <symbol id="sm-3cf">
         <name>UsageFault_Handler</name>
         <value>0xf29</value>
      </symbol>
      <symbol id="sm-3d0">
         <name>SVC_Handler</name>
         <value>0xf29</value>
      </symbol>
      <symbol id="sm-3d1">
         <name>DebugMon_Handler</name>
         <value>0xf29</value>
      </symbol>
      <symbol id="sm-3d2">
         <name>PendSV_Handler</name>
         <value>0xf29</value>
      </symbol>
      <symbol id="sm-3d3">
         <name>SysTick_Handler</name>
         <value>0xf29</value>
      </symbol>
      <symbol id="sm-3d4">
         <name>PSS_IRQHandler</name>
         <value>0xf29</value>
      </symbol>
      <symbol id="sm-3d5">
         <name>CS_IRQHandler</name>
         <value>0xf29</value>
      </symbol>
      <symbol id="sm-3d6">
         <name>PCM_IRQHandler</name>
         <value>0xf29</value>
      </symbol>
      <symbol id="sm-3d7">
         <name>WDT_A_IRQHandler</name>
         <value>0xf29</value>
      </symbol>
      <symbol id="sm-3d8">
         <name>FPU_IRQHandler</name>
         <value>0xf29</value>
      </symbol>
      <symbol id="sm-3d9">
         <name>FLCTL_IRQHandler</name>
         <value>0xf29</value>
      </symbol>
      <symbol id="sm-3da">
         <name>COMP_E0_IRQHandler</name>
         <value>0xf29</value>
      </symbol>
      <symbol id="sm-3db">
         <name>COMP_E1_IRQHandler</name>
         <value>0xf29</value>
      </symbol>
      <symbol id="sm-3dc">
         <name>TA0_0_IRQHandler</name>
         <value>0xf29</value>
      </symbol>
      <symbol id="sm-3dd">
         <name>TA0_N_IRQHandler</name>
         <value>0xf29</value>
      </symbol>
      <symbol id="sm-3de">
         <name>TA1_0_IRQHandler</name>
         <value>0xf29</value>
      </symbol>
      <symbol id="sm-3df">
         <name>TA1_N_IRQHandler</name>
         <value>0xf29</value>
      </symbol>
      <symbol id="sm-3e0">
         <name>TA2_0_IRQHandler</name>
         <value>0xf29</value>
      </symbol>
      <symbol id="sm-3e1">
         <name>TA2_N_IRQHandler</name>
         <value>0xf29</value>
      </symbol>
      <symbol id="sm-3e2">
         <name>TA3_0_IRQHandler</name>
         <value>0xf29</value>
      </symbol>
      <symbol id="sm-3e3">
         <name>TA3_N_IRQHandler</name>
         <value>0xf29</value>
      </symbol>
      <symbol id="sm-3e4">
         <name>EUSCIA0_IRQHandler</name>
         <value>0xf29</value>
      </symbol>
      <symbol id="sm-3e5">
         <name>EUSCIA1_IRQHandler</name>
         <value>0xf29</value>
      </symbol>
      <symbol id="sm-3e6">
         <name>EUSCIA2_IRQHandler</name>
         <value>0xf29</value>
      </symbol>
      <symbol id="sm-3e7">
         <name>EUSCIA3_IRQHandler</name>
         <value>0xf29</value>
      </symbol>
      <symbol id="sm-3e8">
         <name>EUSCIB0_IRQHandler</name>
         <value>0xf29</value>
      </symbol>
      <symbol id="sm-3e9">
         <name>EUSCIB1_IRQHandler</name>
         <value>0x37d</value>
      </symbol>
      <symbol id="sm-3ea">
         <name>EUSCIB2_IRQHandler</name>
         <value>0xf29</value>
      </symbol>
      <symbol id="sm-3eb">
         <name>EUSCIB3_IRQHandler</name>
         <value>0xf29</value>
      </symbol>
      <symbol id="sm-3ec">
         <name>ADC14_IRQHandler</name>
         <value>0xf29</value>
      </symbol>
      <symbol id="sm-3ed">
         <name>T32_INT1_IRQHandler</name>
         <value>0xf29</value>
      </symbol>
      <symbol id="sm-3ee">
         <name>T32_INT2_IRQHandler</name>
         <value>0xf29</value>
      </symbol>
      <symbol id="sm-3ef">
         <name>T32_INTC_IRQHandler</name>
         <value>0xf29</value>
      </symbol>
      <symbol id="sm-3f0">
         <name>AES256_IRQHandler</name>
         <value>0xf29</value>
      </symbol>
      <symbol id="sm-3f1">
         <name>RTC_C_IRQHandler</name>
         <value>0xf29</value>
      </symbol>
      <symbol id="sm-3f2">
         <name>DMA_ERR_IRQHandler</name>
         <value>0xf29</value>
      </symbol>
      <symbol id="sm-3f3">
         <name>DMA_INT3_IRQHandler</name>
         <value>0xf29</value>
      </symbol>
      <symbol id="sm-3f4">
         <name>DMA_INT2_IRQHandler</name>
         <value>0xf29</value>
      </symbol>
      <symbol id="sm-3f5">
         <name>DMA_INT1_IRQHandler</name>
         <value>0xf29</value>
      </symbol>
      <symbol id="sm-3f6">
         <name>DMA_INT0_IRQHandler</name>
         <value>0xf29</value>
      </symbol>
      <symbol id="sm-3f7">
         <name>PORT1_IRQHandler</name>
         <value>0xf29</value>
      </symbol>
      <symbol id="sm-3f8">
         <name>PORT2_IRQHandler</name>
         <value>0xf29</value>
      </symbol>
      <symbol id="sm-3f9">
         <name>PORT3_IRQHandler</name>
         <value>0xf29</value>
      </symbol>
      <symbol id="sm-3fa">
         <name>PORT4_IRQHandler</name>
         <value>0xf29</value>
      </symbol>
      <symbol id="sm-3fb">
         <name>PORT5_IRQHandler</name>
         <value>0xf29</value>
      </symbol>
      <symbol id="sm-3fc">
         <name>PORT6_IRQHandler</name>
         <value>0xf29</value>
      </symbol>
   </symbol_table>
   <title>Link successful</title>
</link_info>
