<?xml version="1.0" encoding="ISO-8859-1" ?>
<link_info>
   <banner>TI ARM Linker PC v18.1.4.LTS</banner>
   <copyright>Copyright (c) 1996-2018 Texas Instruments Incorporated</copyright>
   <link_time>0x5e879a90</link_time>
   <link_errors>0x0</link_errors>
   <output_file>lab4.out</output_file>
   <entry_point>
      <name>_c_int00_noargs</name>
      <address>0x1547d</address>
   </entry_point>
   <input_file_list>
      <input_file id="fl-2">
         <path>.\</path>
         <kind>object</kind>
         <file>Threads.obj</file>
         <name>Threads.obj</name>
      </input_file>
      <input_file id="fl-3">
         <path>.\</path>
         <kind>object</kind>
         <file>main.obj</file>
         <name>main.obj</name>
      </input_file>
      <input_file id="fl-4">
         <path>.\</path>
         <kind>object</kind>
         <file>startup_msp432p401r_ccs.obj</file>
         <name>startup_msp432p401r_ccs.obj</name>
      </input_file>
      <input_file id="fl-5">
         <path>.\</path>
         <kind>object</kind>
         <file>system_msp432p401r.obj</file>
         <name>system_msp432p401r.obj</name>
      </input_file>
      <input_file id="fl-6">
         <path>.\BoardSupportPackage\src\</path>
         <kind>object</kind>
         <file>AsciiLib.obj</file>
         <name>AsciiLib.obj</name>
      </input_file>
      <input_file id="fl-7">
         <path>.\BoardSupportPackage\src\</path>
         <kind>object</kind>
         <file>BSP.obj</file>
         <name>BSP.obj</name>
      </input_file>
      <input_file id="fl-8">
         <path>.\BoardSupportPackage\src\</path>
         <kind>object</kind>
         <file>BackChannelUart.obj</file>
         <name>BackChannelUart.obj</name>
      </input_file>
      <input_file id="fl-9">
         <path>.\BoardSupportPackage\src\</path>
         <kind>object</kind>
         <file>ClockSys.obj</file>
         <name>ClockSys.obj</name>
      </input_file>
      <input_file id="fl-a">
         <path>.\BoardSupportPackage\src\</path>
         <kind>object</kind>
         <file>Joystick.obj</file>
         <name>Joystick.obj</name>
      </input_file>
      <input_file id="fl-b">
         <path>.\BoardSupportPackage\src\</path>
         <kind>object</kind>
         <file>bme280.obj</file>
         <name>bme280.obj</name>
      </input_file>
      <input_file id="fl-c">
         <path>.\BoardSupportPackage\src\</path>
         <kind>object</kind>
         <file>bme280_support.obj</file>
         <name>bme280_support.obj</name>
      </input_file>
      <input_file id="fl-d">
         <path>.\BoardSupportPackage\src\</path>
         <kind>object</kind>
         <file>bmi160.obj</file>
         <name>bmi160.obj</name>
      </input_file>
      <input_file id="fl-e">
         <path>.\BoardSupportPackage\src\</path>
         <kind>object</kind>
         <file>bmi160_support.obj</file>
         <name>bmi160_support.obj</name>
      </input_file>
      <input_file id="fl-f">
         <path>.\BoardSupportPackage\src\</path>
         <kind>object</kind>
         <file>demo_sysctl.obj</file>
         <name>demo_sysctl.obj</name>
      </input_file>
      <input_file id="fl-10">
         <path>.\BoardSupportPackage\src\</path>
         <kind>object</kind>
         <file>i2c_driver.obj</file>
         <name>i2c_driver.obj</name>
      </input_file>
      <input_file id="fl-11">
         <path>.\BoardSupportPackage\src\</path>
         <kind>object</kind>
         <file>opt3001.obj</file>
         <name>opt3001.obj</name>
      </input_file>
      <input_file id="fl-12">
         <path>.\BoardSupportPackage\src\</path>
         <kind>object</kind>
         <file>tmp007.obj</file>
         <name>tmp007.obj</name>
      </input_file>
      <input_file id="fl-13">
         <path>.\G8RTOS_Lab3\</path>
         <kind>object</kind>
         <file>G8RTOS_CriticalSection.obj</file>
         <name>G8RTOS_CriticalSection.obj</name>
      </input_file>
      <input_file id="fl-14">
         <path>.\G8RTOS_Lab3\</path>
         <kind>object</kind>
         <file>G8RTOS_IPC.obj</file>
         <name>G8RTOS_IPC.obj</name>
      </input_file>
      <input_file id="fl-15">
         <path>.\G8RTOS_Lab3\</path>
         <kind>object</kind>
         <file>G8RTOS_Scheduler.obj</file>
         <name>G8RTOS_Scheduler.obj</name>
      </input_file>
      <input_file id="fl-16">
         <path>.\G8RTOS_Lab3\</path>
         <kind>object</kind>
         <file>G8RTOS_SchedulerASM.obj</file>
         <name>G8RTOS_SchedulerASM.obj</name>
      </input_file>
      <input_file id="fl-17">
         <path>.\G8RTOS_Lab3\</path>
         <kind>object</kind>
         <file>G8RTOS_Semaphores.obj</file>
         <name>G8RTOS_Semaphores.obj</name>
      </input_file>
      <input_file id="fl-18">
         <path>.\LCD\</path>
         <kind>object</kind>
         <file>LCD.obj</file>
         <name>LCD.obj</name>
      </input_file>
      <input_file id="fl-19">
         <path>.\led\</path>
         <kind>object</kind>
         <file>led.obj</file>
         <name>led.obj</name>
      </input_file>
      <input_file id="fl-1a">
         <path>.\uart\</path>
         <kind>object</kind>
         <file>myuart.obj</file>
         <name>myuart.obj</name>
      </input_file>
      <input_file id="fl-1f">
         <kind>object</kind>
         <file>&lt;internal&gt;</file>
         <name>&lt;internal&gt;</name>
      </input_file>
      <input_file id="fl-20">
         <path>..\BoardSupportPackage\DriverLib\</path>
         <kind>archive</kind>
         <file>msp432p4xx_driverlib.lib</file>
         <name>cs.o</name>
      </input_file>
      <input_file id="fl-21">
         <path>..\BoardSupportPackage\DriverLib\</path>
         <kind>archive</kind>
         <file>msp432p4xx_driverlib.lib</file>
         <name>flash.o</name>
      </input_file>
      <input_file id="fl-22">
         <path>..\BoardSupportPackage\DriverLib\</path>
         <kind>archive</kind>
         <file>msp432p4xx_driverlib.lib</file>
         <name>gpio.o</name>
      </input_file>
      <input_file id="fl-23">
         <path>..\BoardSupportPackage\DriverLib\</path>
         <kind>archive</kind>
         <file>msp432p4xx_driverlib.lib</file>
         <name>i2c.o</name>
      </input_file>
      <input_file id="fl-24">
         <path>..\BoardSupportPackage\DriverLib\</path>
         <kind>archive</kind>
         <file>msp432p4xx_driverlib.lib</file>
         <name>interrupt.o</name>
      </input_file>
      <input_file id="fl-25">
         <path>..\BoardSupportPackage\DriverLib\</path>
         <kind>archive</kind>
         <file>msp432p4xx_driverlib.lib</file>
         <name>pcm.o</name>
      </input_file>
      <input_file id="fl-26">
         <path>..\BoardSupportPackage\DriverLib\</path>
         <kind>archive</kind>
         <file>msp432p4xx_driverlib.lib</file>
         <name>rtc_c.o</name>
      </input_file>
      <input_file id="fl-27">
         <path>..\BoardSupportPackage\DriverLib\</path>
         <kind>archive</kind>
         <file>msp432p4xx_driverlib.lib</file>
         <name>spi.o</name>
      </input_file>
      <input_file id="fl-28">
         <path>..\BoardSupportPackage\DriverLib\</path>
         <kind>archive</kind>
         <file>msp432p4xx_driverlib.lib</file>
         <name>sysctl.o</name>
      </input_file>
      <input_file id="fl-29">
         <path>..\BoardSupportPackage\DriverLib\</path>
         <kind>archive</kind>
         <file>msp432p4xx_driverlib.lib</file>
         <name>systick.o</name>
      </input_file>
      <input_file id="fl-2a">
         <path>..\BoardSupportPackage\DriverLib\</path>
         <kind>archive</kind>
         <file>msp432p4xx_driverlib.lib</file>
         <name>uart.o</name>
      </input_file>
      <input_file id="fl-2b">
         <path>..\BoardSupportPackage\DriverLib\</path>
         <kind>archive</kind>
         <file>msp432p4xx_driverlib.lib</file>
         <name>wdt_a.o</name>
      </input_file>
      <input_file id="fl-2c">
         <path>..\BoardSupportPackage\DriverLib\</path>
         <kind>archive</kind>
         <file>msp432p4xx_driverlib.lib</file>
         <name>cpu.o</name>
      </input_file>
      <input_file id="fl-e2">
         <path>C:\ti\ccsv8\tools\compiler\ti-cgt-arm_18.1.4.LTS\lib\</path>
         <kind>archive</kind>
         <file>rtsv7M4_T_le_v4SPD16_eabi.lib</file>
         <name>u_divt2.asm.obj</name>
      </input_file>
      <input_file id="fl-e3">
         <path>C:\ti\ccsv8\tools\compiler\ti-cgt-arm_18.1.4.LTS\lib\</path>
         <kind>archive</kind>
         <file>rtsv7M4_T_le_v4SPD16_eabi.lib</file>
         <name>ll_mul_t2.asm.obj</name>
      </input_file>
      <input_file id="fl-e4">
         <path>C:\ti\ccsv8\tools\compiler\ti-cgt-arm_18.1.4.LTS\lib\</path>
         <kind>archive</kind>
         <file>rtsv7M4_T_le_v4SPD16_eabi.lib</file>
         <name>memcpy_t2.asm.obj</name>
      </input_file>
      <input_file id="fl-e5">
         <path>C:\ti\ccsv8\tools\compiler\ti-cgt-arm_18.1.4.LTS\lib\</path>
         <kind>archive</kind>
         <file>rtsv7M4_T_le_v4SPD16_eabi.lib</file>
         <name>ll_div_t2.asm.obj</name>
      </input_file>
      <input_file id="fl-e6">
         <path>C:\ti\ccsv8\tools\compiler\ti-cgt-arm_18.1.4.LTS\lib\</path>
         <kind>archive</kind>
         <file>rtsv7M4_T_le_v4SPD16_eabi.lib</file>
         <name>ull_div_t2.asm.obj</name>
      </input_file>
      <input_file id="fl-e7">
         <path>C:\ti\ccsv8\tools\compiler\ti-cgt-arm_18.1.4.LTS\lib\</path>
         <kind>archive</kind>
         <file>rtsv7M4_T_le_v4SPD16_eabi.lib</file>
         <name>memset_t2.asm.obj</name>
      </input_file>
      <input_file id="fl-e8">
         <path>C:\ti\ccsv8\tools\compiler\ti-cgt-arm_18.1.4.LTS\lib\</path>
         <kind>archive</kind>
         <file>rtsv7M4_T_le_v4SPD16_eabi.lib</file>
         <name>copy_zero_init.c.obj</name>
      </input_file>
      <input_file id="fl-e9">
         <path>C:\ti\ccsv8\tools\compiler\ti-cgt-arm_18.1.4.LTS\lib\</path>
         <kind>archive</kind>
         <file>rtsv7M4_T_le_v4SPD16_eabi.lib</file>
         <name>copy_decompress_none.c.obj</name>
      </input_file>
      <input_file id="fl-ea">
         <path>C:\ti\ccsv8\tools\compiler\ti-cgt-arm_18.1.4.LTS\lib\</path>
         <kind>archive</kind>
         <file>rtsv7M4_T_le_v4SPD16_eabi.lib</file>
         <name>copy_decompress_lzss.c.obj</name>
      </input_file>
      <input_file id="fl-eb">
         <path>C:\ti\ccsv8\tools\compiler\ti-cgt-arm_18.1.4.LTS\lib\</path>
         <kind>archive</kind>
         <file>rtsv7M4_T_le_v4SPD16_eabi.lib</file>
         <name>boot_cortex_m.c.obj</name>
      </input_file>
      <input_file id="fl-ec">
         <path>C:\ti\ccsv8\tools\compiler\ti-cgt-arm_18.1.4.LTS\lib\</path>
         <kind>archive</kind>
         <file>rtsv7M4_T_le_v4SPD16_eabi.lib</file>
         <name>exit.c.obj</name>
      </input_file>
      <input_file id="fl-ed">
         <path>C:\ti\ccsv8\tools\compiler\ti-cgt-arm_18.1.4.LTS\lib\</path>
         <kind>archive</kind>
         <file>rtsv7M4_T_le_v4SPD16_eabi.lib</file>
         <name>_lock.c.obj</name>
      </input_file>
      <input_file id="fl-ee">
         <path>C:\ti\ccsv8\tools\compiler\ti-cgt-arm_18.1.4.LTS\lib\</path>
         <kind>archive</kind>
         <file>rtsv7M4_T_le_v4SPD16_eabi.lib</file>
         <name>args_main.c.obj</name>
      </input_file>
      <input_file id="fl-ef">
         <path>C:\ti\ccsv8\tools\compiler\ti-cgt-arm_18.1.4.LTS\lib\</path>
         <kind>archive</kind>
         <file>rtsv7M4_T_le_v4SPD16_eabi.lib</file>
         <name>snprintf.c.obj</name>
      </input_file>
      <input_file id="fl-f0">
         <path>C:\ti\ccsv8\tools\compiler\ti-cgt-arm_18.1.4.LTS\lib\</path>
         <kind>archive</kind>
         <file>rtsv7M4_T_le_v4SPD16_eabi.lib</file>
         <name>div0.asm.obj</name>
      </input_file>
      <input_file id="fl-f1">
         <path>C:\ti\ccsv8\tools\compiler\ti-cgt-arm_18.1.4.LTS\lib\</path>
         <kind>archive</kind>
         <file>rtsv7M4_T_le_v4SPD16_eabi.lib</file>
         <name>autoinit.c.obj</name>
      </input_file>
      <input_file id="fl-f2">
         <path>C:\ti\ccsv8\tools\compiler\ti-cgt-arm_18.1.4.LTS\lib\</path>
         <kind>archive</kind>
         <file>rtsv7M4_T_le_v4SPD16_eabi.lib</file>
         <name>pre_init.c.obj</name>
      </input_file>
      <input_file id="fl-f3">
         <path>C:\ti\ccsv8\tools\compiler\ti-cgt-arm_18.1.4.LTS\lib\</path>
         <kind>archive</kind>
         <file>rtsv7M4_T_le_v4SPD16_eabi.lib</file>
         <name>cpy_tbl.c.obj</name>
      </input_file>
      <input_file id="fl-f4">
         <path>C:\ti\ccsv8\tools\compiler\ti-cgt-arm_18.1.4.LTS\lib\</path>
         <kind>archive</kind>
         <file>rtsv7M4_T_le_v4SPD16_eabi.lib</file>
         <name>_printfi.c.obj</name>
      </input_file>
      <input_file id="fl-f5">
         <path>C:\ti\ccsv8\tools\compiler\ti-cgt-arm_18.1.4.LTS\lib\</path>
         <kind>archive</kind>
         <file>rtsv7M4_T_le_v4SPD16_eabi.lib</file>
         <name>atoi.c.obj</name>
      </input_file>
      <input_file id="fl-f6">
         <path>C:\ti\ccsv8\tools\compiler\ti-cgt-arm_18.1.4.LTS\lib\</path>
         <kind>archive</kind>
         <file>rtsv7M4_T_le_v4SPD16_eabi.lib</file>
         <name>ctype.c.obj</name>
      </input_file>
      <input_file id="fl-f7">
         <path>C:\ti\ccsv8\tools\compiler\ti-cgt-arm_18.1.4.LTS\lib\</path>
         <kind>archive</kind>
         <file>rtsv7M4_T_le_v4SPD16_eabi.lib</file>
         <name>ltoa.c.obj</name>
      </input_file>
      <input_file id="fl-f8">
         <path>C:\ti\ccsv8\tools\compiler\ti-cgt-arm_18.1.4.LTS\lib\</path>
         <kind>archive</kind>
         <file>rtsv7M4_T_le_v4SPD16_eabi.lib</file>
         <name>memccpy.c.obj</name>
      </input_file>
      <input_file id="fl-f9">
         <path>C:\ti\ccsv8\tools\compiler\ti-cgt-arm_18.1.4.LTS\lib\</path>
         <kind>archive</kind>
         <file>rtsv7M4_T_le_v4SPD16_eabi.lib</file>
         <name>strchr.c.obj</name>
      </input_file>
      <input_file id="fl-fa">
         <path>C:\ti\ccsv8\tools\compiler\ti-cgt-arm_18.1.4.LTS\lib\</path>
         <kind>archive</kind>
         <file>rtsv7M4_T_le_v4SPD16_eabi.lib</file>
         <name>strlen.c.obj</name>
      </input_file>
      <input_file id="fl-fb">
         <path>C:\ti\ccsv8\tools\compiler\ti-cgt-arm_18.1.4.LTS\lib\</path>
         <kind>archive</kind>
         <file>rtsv7M4_T_le_v4SPD16_eabi.lib</file>
         <name>wcslen.c.obj</name>
      </input_file>
      <input_file id="fl-fc">
         <path>C:\ti\ccsv8\tools\compiler\ti-cgt-arm_18.1.4.LTS\lib\</path>
         <kind>archive</kind>
         <file>rtsv7M4_T_le_v4SPD16_eabi.lib</file>
         <name>s_frexp.c.obj</name>
      </input_file>
      <input_file id="fl-fd">
         <path>C:\ti\ccsv8\tools\compiler\ti-cgt-arm_18.1.4.LTS\lib\</path>
         <kind>archive</kind>
         <file>rtsv7M4_T_le_v4SPD16_eabi.lib</file>
         <name>s_scalbn.c.obj</name>
      </input_file>
      <input_file id="fl-fe">
         <path>C:\ti\ccsv8\tools\compiler\ti-cgt-arm_18.1.4.LTS\lib\</path>
         <kind>archive</kind>
         <file>rtsv7M4_T_le_v4SPD16_eabi.lib</file>
         <name>fd_add_t2.asm.obj</name>
      </input_file>
      <input_file id="fl-ff">
         <path>C:\ti\ccsv8\tools\compiler\ti-cgt-arm_18.1.4.LTS\lib\</path>
         <kind>archive</kind>
         <file>rtsv7M4_T_le_v4SPD16_eabi.lib</file>
         <name>fd_cmp_t2.asm.obj</name>
      </input_file>
      <input_file id="fl-100">
         <path>C:\ti\ccsv8\tools\compiler\ti-cgt-arm_18.1.4.LTS\lib\</path>
         <kind>archive</kind>
         <file>rtsv7M4_T_le_v4SPD16_eabi.lib</file>
         <name>fd_div_t2.asm.obj</name>
      </input_file>
      <input_file id="fl-101">
         <path>C:\ti\ccsv8\tools\compiler\ti-cgt-arm_18.1.4.LTS\lib\</path>
         <kind>archive</kind>
         <file>rtsv7M4_T_le_v4SPD16_eabi.lib</file>
         <name>fd_mul_t2.asm.obj</name>
      </input_file>
      <input_file id="fl-102">
         <path>C:\ti\ccsv8\tools\compiler\ti-cgt-arm_18.1.4.LTS\lib\</path>
         <kind>archive</kind>
         <file>rtsv7M4_T_le_v4SPD16_eabi.lib</file>
         <name>fd_toi_t2.asm.obj</name>
      </input_file>
      <input_file id="fl-103">
         <path>C:\ti\ccsv8\tools\compiler\ti-cgt-arm_18.1.4.LTS\lib\</path>
         <kind>archive</kind>
         <file>rtsv7M4_T_le_v4SPD16_eabi.lib</file>
         <name>i_tofd_t2.asm.obj</name>
      </input_file>
      <input_file id="fl-104">
         <path>C:\ti\ccsv8\tools\compiler\ti-cgt-arm_18.1.4.LTS\lib\</path>
         <kind>archive</kind>
         <file>rtsv7M4_T_le_v4SPD16_eabi.lib</file>
         <name>errno.c.obj</name>
      </input_file>
      <input_file id="fl-105">
         <path>C:\ti\ccsv8\tools\compiler\ti-cgt-arm_18.1.4.LTS\lib\</path>
         <kind>archive</kind>
         <file>rtsv7M4_T_le_v4SPD16_eabi.lib</file>
         <name>s_copysign.c.obj</name>
      </input_file>
   </input_file_list>
   <object_component_list>
      <object_component id="oc-23">
         <name>.intvecs:retain</name>
         <load_address>0x0</load_address>
         <run_address>0x0</run_address>
         <size>0xe4</size>
         <input_file_ref idref="fl-4"/>
      </object_component>
      <object_component id="oc-310">
         <name>.text</name>
         <load_address>0xe4</load_address>
         <run_address>0xe4</run_address>
         <size>0xd5e0</size>
         <input_file_ref idref="fl-d"/>
      </object_component>
      <object_component id="oc-375">
         <name>.text</name>
         <load_address>0xd6c4</load_address>
         <run_address>0xd6c4</run_address>
         <size>0x1810</size>
         <input_file_ref idref="fl-b"/>
      </object_component>
      <object_component id="oc-23f">
         <name>.text</name>
         <load_address>0xeed4</load_address>
         <run_address>0xeed4</run_address>
         <size>0xc28</size>
         <input_file_ref idref="fl-e"/>
      </object_component>
      <object_component id="oc-42b">
         <name>.text:__TI_printfi</name>
         <load_address>0xfafc</load_address>
         <run_address>0xfafc</run_address>
         <size>0xa5e</size>
         <input_file_ref idref="fl-f4"/>
      </object_component>
      <object_component id="oc-286">
         <name>.text</name>
         <load_address>0x1055a</load_address>
         <run_address>0x1055a</run_address>
         <size>0x2</size>
         <input_file_ref idref="fl-f0"/>
      </object_component>
      <object_component id="oc-6f">
         <name>.text</name>
         <load_address>0x1055c</load_address>
         <run_address>0x1055c</run_address>
         <size>0x8a0</size>
         <input_file_ref idref="fl-15"/>
      </object_component>
      <object_component id="oc-1b3">
         <name>.text</name>
         <load_address>0x10dfc</load_address>
         <run_address>0x10dfc</run_address>
         <size>0x74c</size>
         <input_file_ref idref="fl-2"/>
      </object_component>
      <object_component id="oc-196">
         <name>.text</name>
         <load_address>0x11548</load_address>
         <run_address>0x11548</run_address>
         <size>0x70c</size>
         <input_file_ref idref="fl-18"/>
      </object_component>
      <object_component id="oc-a1">
         <name>.text</name>
         <load_address>0x11c54</load_address>
         <run_address>0x11c54</run_address>
         <size>0x5b8</size>
         <input_file_ref idref="fl-3"/>
      </object_component>
      <object_component id="oc-75">
         <name>.text</name>
         <load_address>0x1220c</load_address>
         <run_address>0x1220c</run_address>
         <size>0x360</size>
         <input_file_ref idref="fl-10"/>
      </object_component>
      <object_component id="oc-b3">
         <name>.text</name>
         <load_address>0x1256c</load_address>
         <run_address>0x1256c</run_address>
         <size>0x334</size>
         <input_file_ref idref="fl-5"/>
      </object_component>
      <object_component id="oc-251">
         <name>.text</name>
         <load_address>0x128a0</load_address>
         <run_address>0x128a0</run_address>
         <size>0x2f8</size>
         <input_file_ref idref="fl-8"/>
      </object_component>
      <object_component id="oc-24b">
         <name>.text</name>
         <load_address>0x12b98</load_address>
         <run_address>0x12b98</run_address>
         <size>0x2e0</size>
         <input_file_ref idref="fl-c"/>
      </object_component>
      <object_component id="oc-569">
         <name>.text:_pconv_a</name>
         <load_address>0x12e78</load_address>
         <run_address>0x12e78</run_address>
         <size>0x270</size>
         <input_file_ref idref="fl-f4"/>
      </object_component>
      <object_component id="oc-239">
         <name>.text</name>
         <load_address>0x130e8</load_address>
         <run_address>0x130e8</run_address>
         <size>0x234</size>
         <input_file_ref idref="fl-12"/>
      </object_component>
      <object_component id="oc-557">
         <name>.text:_pconv_g</name>
         <load_address>0x1331c</load_address>
         <run_address>0x1331c</run_address>
         <size>0x1d0</size>
         <input_file_ref idref="fl-f4"/>
      </object_component>
      <object_component id="oc-5ff">
         <name>.text</name>
         <load_address>0x134ec</load_address>
         <run_address>0x134ec</run_address>
         <size>0x1b6</size>
         <input_file_ref idref="fl-fe"/>
      </object_component>
      <object_component id="oc-1a2">
         <name>.text</name>
         <load_address>0x136a4</load_address>
         <run_address>0x136a4</run_address>
         <size>0x188</size>
         <input_file_ref idref="fl-14"/>
      </object_component>
      <object_component id="oc-257">
         <name>.text</name>
         <load_address>0x1382c</load_address>
         <run_address>0x1382c</run_address>
         <size>0x188</size>
         <input_file_ref idref="fl-19"/>
      </object_component>
      <object_component id="oc-245">
         <name>.text</name>
         <load_address>0x139b4</load_address>
         <run_address>0x139b4</run_address>
         <size>0x178</size>
         <input_file_ref idref="fl-a"/>
      </object_component>
      <object_component id="oc-563">
         <name>.text:_pconv_e</name>
         <load_address>0x13b2c</load_address>
         <run_address>0x13b2c</run_address>
         <size>0x13c</size>
         <input_file_ref idref="fl-f4"/>
      </object_component>
      <object_component id="oc-5e5">
         <name>.text</name>
         <load_address>0x13c68</load_address>
         <run_address>0x13c68</run_address>
         <size>0x136</size>
         <input_file_ref idref="fl-100"/>
      </object_component>
      <object_component id="oc-611">
         <name>.text:fcvt</name>
         <load_address>0x13da0</load_address>
         <run_address>0x13da0</run_address>
         <size>0x124</size>
         <input_file_ref idref="fl-f4"/>
      </object_component>
      <object_component id="oc-625">
         <name>.text:scalbn</name>
         <load_address>0x13ec4</load_address>
         <run_address>0x13ec4</run_address>
         <size>0x110</size>
         <input_file_ref idref="fl-fd"/>
      </object_component>
      <object_component id="oc-3c6">
         <name>.text:CS_getDCOFrequency</name>
         <load_address>0x13fd4</load_address>
         <run_address>0x13fd4</run_address>
         <size>0x104</size>
         <input_file_ref idref="fl-20"/>
      </object_component>
      <object_component id="oc-233">
         <name>.text</name>
         <load_address>0x140d8</load_address>
         <run_address>0x140d8</run_address>
         <size>0xfe</size>
         <input_file_ref idref="fl-11"/>
      </object_component>
      <object_component id="oc-5e0">
         <name>.text</name>
         <load_address>0x141d6</load_address>
         <run_address>0x141d6</run_address>
         <size>0xfc</size>
         <input_file_ref idref="fl-101"/>
      </object_component>
      <object_component id="oc-276">
         <name>.text:CS_initClockSignal</name>
         <load_address>0x142d4</load_address>
         <run_address>0x142d4</run_address>
         <size>0xe0</size>
         <input_file_ref idref="fl-20"/>
      </object_component>
      <object_component id="oc-5b7">
         <name>.text:__PCM_setPowerModeAdvanced</name>
         <load_address>0x143b4</load_address>
         <run_address>0x143b4</run_address>
         <size>0xdc</size>
         <input_file_ref idref="fl-25"/>
      </object_component>
      <object_component id="oc-54c">
         <name>.text:_ltostr</name>
         <load_address>0x14490</load_address>
         <run_address>0x14490</run_address>
         <size>0xb1</size>
         <input_file_ref idref="fl-f4"/>
      </object_component>
      <object_component id="oc-3a8">
         <name>.text:__PCM_setCoreVoltageLevelAdvanced</name>
         <load_address>0x14544</load_address>
         <run_address>0x14544</run_address>
         <size>0xb0</size>
         <input_file_ref idref="fl-25"/>
      </object_component>
      <object_component id="oc-2eb">
         <name>.text:PutChar</name>
         <load_address>0x145f4</load_address>
         <run_address>0x145f4</run_address>
         <size>0xa4</size>
         <input_file_ref idref="fl-18"/>
      </object_component>
      <object_component id="oc-19c">
         <name>.text</name>
         <load_address>0x14698</load_address>
         <run_address>0x14698</run_address>
         <size>0xa0</size>
         <input_file_ref idref="fl-17"/>
      </object_component>
      <object_component id="oc-3b6">
         <name>.text:CS_startHFXTWithTimeout</name>
         <load_address>0x14738</load_address>
         <run_address>0x14738</run_address>
         <size>0x9c</size>
         <input_file_ref idref="fl-20"/>
      </object_component>
      <object_component id="oc-291">
         <name>.text:_CSComputeCLKFrequency</name>
         <load_address>0x147d4</load_address>
         <run_address>0x147d4</run_address>
         <size>0x9c</size>
         <input_file_ref idref="fl-20"/>
      </object_component>
      <object_component id="oc-34">
         <name>.text</name>
         <load_address>0x14870</load_address>
         <run_address>0x14870</run_address>
         <size>0x9c</size>
         <input_file_ref idref="fl-e4"/>
      </object_component>
      <object_component id="oc-5a5">
         <name>.text</name>
         <load_address>0x1490c</load_address>
         <run_address>0x1490c</run_address>
         <size>0x96</size>
         <input_file_ref idref="fl-e6"/>
      </object_component>
      <object_component id="oc-38e">
         <name>.text:UART_initModule</name>
         <load_address>0x149a4</load_address>
         <run_address>0x149a4</run_address>
         <size>0x94</size>
         <input_file_ref idref="fl-2a"/>
      </object_component>
      <object_component id="oc-552">
         <name>.text:__aeabi_cdcmple</name>
         <load_address>0x14a38</load_address>
         <run_address>0x14a38</run_address>
         <size>0x86</size>
         <input_file_ref idref="fl-ff"/>
      </object_component>
      <object_component id="oc-5ea">
         <name>.text:__aeabi_cdrcmple</name>
         <load_address>0x14abe</load_address>
         <run_address>0x14abe</run_address>
         <size>0x86</size>
         <input_file_ref idref="fl-ff"/>
      </object_component>
      <object_component id="oc-ce">
         <name>.text</name>
         <load_address>0x14b44</load_address>
         <run_address>0x14b44</run_address>
         <size>0x84</size>
         <input_file_ref idref="fl-9"/>
      </object_component>
      <object_component id="oc-95">
         <name>.text</name>
         <load_address>0x14bc8</load_address>
         <run_address>0x14bc8</run_address>
         <size>0x7a</size>
         <input_file_ref idref="fl-e7"/>
      </object_component>
      <object_component id="oc-4e4">
         <name>.text:_CSGetHFXTFrequency</name>
         <load_address>0x14c44</load_address>
         <run_address>0x14c44</run_address>
         <size>0x70</size>
         <input_file_ref idref="fl-20"/>
      </object_component>
      <object_component id="oc-60a">
         <name>.text:_mcpy</name>
         <load_address>0x14cb4</load_address>
         <run_address>0x14cb4</run_address>
         <size>0x6e</size>
         <input_file_ref idref="fl-f4"/>
      </object_component>
      <object_component id="oc-48b">
         <name>.text</name>
         <load_address>0x14d22</load_address>
         <run_address>0x14d22</run_address>
         <size>0x6e</size>
         <input_file_ref idref="fl-e5"/>
      </object_component>
      <object_component id="oc-14">
         <name>.text:decompress:lzss:__TI_decompress_lzss</name>
         <load_address>0x14d90</load_address>
         <run_address>0x14d90</run_address>
         <size>0x68</size>
         <input_file_ref idref="fl-ea"/>
      </object_component>
      <object_component id="oc-13d">
         <name>.text:Interrupt_disableInterrupt</name>
         <load_address>0x14df8</load_address>
         <run_address>0x14df8</run_address>
         <size>0x64</size>
         <input_file_ref idref="fl-24"/>
      </object_component>
      <object_component id="oc-131">
         <name>.text:Interrupt_enableInterrupt</name>
         <load_address>0x14e5c</load_address>
         <run_address>0x14e5c</run_address>
         <size>0x64</size>
         <input_file_ref idref="fl-24"/>
      </object_component>
      <object_component id="oc-61f">
         <name>.text:frexp</name>
         <load_address>0x14ec0</load_address>
         <run_address>0x14ec0</run_address>
         <size>0x64</size>
         <input_file_ref idref="fl-fc"/>
      </object_component>
      <object_component id="oc-55d">
         <name>.text:_pconv_f</name>
         <load_address>0x14f24</load_address>
         <run_address>0x14f24</run_address>
         <size>0x56</size>
         <input_file_ref idref="fl-f4"/>
      </object_component>
      <object_component id="oc-5f4">
         <name>.text:ltoa</name>
         <load_address>0x14f7a</load_address>
         <run_address>0x14f7a</run_address>
         <size>0x54</size>
         <input_file_ref idref="fl-f7"/>
      </object_component>
      <object_component id="oc-604">
         <name>.text:_ecpy</name>
         <load_address>0x14fce</load_address>
         <run_address>0x14fce</run_address>
         <size>0x52</size>
         <input_file_ref idref="fl-f4"/>
      </object_component>
      <object_component id="oc-4f8">
         <name>.text:SysCtl_getTLVInfo</name>
         <load_address>0x15020</load_address>
         <run_address>0x15020</run_address>
         <size>0x50</size>
         <input_file_ref idref="fl-28"/>
      </object_component>
      <object_component id="oc-6a">
         <name>.text</name>
         <load_address>0x15070</load_address>
         <run_address>0x15070</run_address>
         <size>0x4c</size>
         <input_file_ref idref="fl-16"/>
      </object_component>
      <object_component id="oc-101">
         <name>.text:GPIO_setAsPeripheralModuleFunctionOutputPin</name>
         <load_address>0x150bc</load_address>
         <run_address>0x150bc</run_address>
         <size>0x4c</size>
         <input_file_ref idref="fl-22"/>
      </object_component>
      <object_component id="oc-4f2">
         <name>.text:_CSGetDOCFrequency</name>
         <load_address>0x15108</load_address>
         <run_address>0x15108</run_address>
         <size>0x4c</size>
         <input_file_ref idref="fl-20"/>
      </object_component>
      <object_component id="oc-546">
         <name>.text:atoi</name>
         <load_address>0x15154</load_address>
         <run_address>0x15154</run_address>
         <size>0x4c</size>
         <input_file_ref idref="fl-f5"/>
      </object_component>
      <object_component id="oc-322">
         <name>.text:snprintf</name>
         <load_address>0x151a0</load_address>
         <run_address>0x151a0</run_address>
         <size>0x4c</size>
         <input_file_ref idref="fl-ef"/>
      </object_component>
      <object_component id="oc-388">
         <name>.text:GPIO_setAsPeripheralModuleFunctionInputPin</name>
         <load_address>0x151ec</load_address>
         <run_address>0x151ec</run_address>
         <size>0x48</size>
         <input_file_ref idref="fl-22"/>
      </object_component>
      <object_component id="oc-3c0">
         <name>.text:_CSGetDividerValue</name>
         <load_address>0x15234</load_address>
         <run_address>0x15234</run_address>
         <size>0x48</size>
         <input_file_ref idref="fl-20"/>
      </object_component>
      <object_component id="oc-5ef">
         <name>.text</name>
         <load_address>0x1527c</load_address>
         <run_address>0x1527c</run_address>
         <size>0x48</size>
         <input_file_ref idref="fl-102"/>
      </object_component>
      <object_component id="oc-1cc">
         <name>.text:__TI_auto_init_nobinit_nopinit:__TI_auto_init_nobinit_nopinit</name>
         <load_address>0x152c4</load_address>
         <run_address>0x152c4</run_address>
         <size>0x44</size>
         <input_file_ref idref="fl-f1"/>
      </object_component>
      <object_component id="oc-3e7">
         <name>.text</name>
         <load_address>0x15308</load_address>
         <run_address>0x15308</run_address>
         <size>0x40</size>
         <input_file_ref idref="fl-6"/>
      </object_component>
      <object_component id="oc-2f2">
         <name>.text:LCD_WriteData</name>
         <load_address>0x15348</load_address>
         <run_address>0x15348</run_address>
         <size>0x40</size>
         <input_file_ref idref="fl-18"/>
      </object_component>
      <object_component id="oc-e1">
         <name>.text</name>
         <load_address>0x15388</load_address>
         <run_address>0x15388</run_address>
         <size>0x40</size>
         <input_file_ref idref="fl-e2"/>
      </object_component>
      <object_component id="oc-113">
         <name>.text:I2C_initMaster</name>
         <load_address>0x153c8</load_address>
         <run_address>0x153c8</run_address>
         <size>0x3e</size>
         <input_file_ref idref="fl-23"/>
      </object_component>
      <object_component id="oc-617">
         <name>.text:_fcpy</name>
         <load_address>0x15406</load_address>
         <run_address>0x15406</run_address>
         <size>0x3e</size>
         <input_file_ref idref="fl-f4"/>
      </object_component>
      <object_component id="oc-12b">
         <name>.text:I2C_masterSendMultiByteStart</name>
         <load_address>0x15444</load_address>
         <run_address>0x15444</run_address>
         <size>0x38</size>
         <input_file_ref idref="fl-23"/>
      </object_component>
      <object_component id="oc-52">
         <name>.text:_c_int00_noargs:_c_int00_noargs</name>
         <load_address>0x1547c</load_address>
         <run_address>0x1547c</run_address>
         <size>0x38</size>
         <input_file_ref idref="fl-eb"/>
      </object_component>
      <object_component id="oc-c8">
         <name>.text</name>
         <load_address>0x154b4</load_address>
         <run_address>0x154b4</run_address>
         <size>0x34</size>
         <input_file_ref idref="fl-7"/>
      </object_component>
      <object_component id="oc-2d6">
         <name>.text:LCD_WriteIndex</name>
         <load_address>0x154e8</load_address>
         <run_address>0x154e8</run_address>
         <size>0x34</size>
         <input_file_ref idref="fl-18"/>
      </object_component>
      <object_component id="oc-15b">
         <name>.text:I2C_masterSendMultiByteStop</name>
         <load_address>0x1551c</load_address>
         <run_address>0x1551c</run_address>
         <size>0x30</size>
         <input_file_ref idref="fl-23"/>
      </object_component>
      <object_component id="oc-431">
         <name>.text:_outs</name>
         <load_address>0x1554c</load_address>
         <run_address>0x1554c</run_address>
         <size>0x30</size>
         <input_file_ref idref="fl-ef"/>
      </object_component>
      <object_component id="oc-505">
         <name>.text:is_A_Module</name>
         <load_address>0x1557c</load_address>
         <run_address>0x1557c</run_address>
         <size>0x30</size>
         <input_file_ref idref="fl-27"/>
      </object_component>
      <object_component id="oc-5fa">
         <name>.text</name>
         <load_address>0x155ac</load_address>
         <run_address>0x155ac</run_address>
         <size>0x2e</size>
         <input_file_ref idref="fl-103"/>
      </object_component>
      <object_component id="oc-4bb">
         <name>.text:PCM_getCoreVoltageLevel</name>
         <load_address>0x155da</load_address>
         <run_address>0x155da</run_address>
         <size>0x2c</size>
         <input_file_ref idref="fl-25"/>
      </object_component>
      <object_component id="oc-4b5">
         <name>.text:PCM_getPowerMode</name>
         <load_address>0x15606</load_address>
         <run_address>0x15606</run_address>
         <size>0x2a</size>
         <input_file_ref idref="fl-25"/>
      </object_component>
      <object_component id="oc-26a">
         <name>.text:FlashCtl_setWaitState</name>
         <load_address>0x15630</load_address>
         <run_address>0x15630</run_address>
         <size>0x28</size>
         <input_file_ref idref="fl-21"/>
      </object_component>
      <object_component id="oc-1a8">
         <name>.text:PCM_gotoLPM0</name>
         <load_address>0x15658</load_address>
         <run_address>0x15658</run_address>
         <size>0x28</size>
         <input_file_ref idref="fl-25"/>
      </object_component>
      <object_component id="oc-2f9">
         <name>.text:SPISendRecvByte</name>
         <load_address>0x15680</load_address>
         <run_address>0x15680</run_address>
         <size>0x28</size>
         <input_file_ref idref="fl-18"/>
      </object_component>
      <object_component id="oc-1b9">
         <name>.text</name>
         <load_address>0x156a8</load_address>
         <run_address>0x156a8</run_address>
         <size>0x26</size>
         <input_file_ref idref="fl-f"/>
      </object_component>
      <object_component id="oc-3cc">
         <name>.text:CS_clearInterruptFlag</name>
         <load_address>0x156d0</load_address>
         <run_address>0x156d0</run_address>
         <size>0x24</size>
         <input_file_ref idref="fl-20"/>
      </object_component>
      <object_component id="oc-167">
         <name>.text:I2C_masterSendMultiByteNext</name>
         <load_address>0x156f4</load_address>
         <run_address>0x156f4</run_address>
         <size>0x24</size>
         <input_file_ref idref="fl-23"/>
      </object_component>
      <object_component id="oc-36b">
         <name>.text:Interrupt_setPriority</name>
         <load_address>0x15718</load_address>
         <run_address>0x15718</run_address>
         <size>0x24</size>
         <input_file_ref idref="fl-24"/>
      </object_component>
      <object_component id="oc-382">
         <name>.text:UART_transmitData</name>
         <load_address>0x1573c</load_address>
         <run_address>0x1573c</run_address>
         <size>0x24</size>
         <input_file_ref idref="fl-2a"/>
      </object_component>
      <object_component id="oc-2cf">
         <name>.text:LCD_SetCursor</name>
         <load_address>0x15760</load_address>
         <run_address>0x15760</run_address>
         <size>0x20</size>
         <input_file_ref idref="fl-18"/>
      </object_component>
      <object_component id="oc-2e4">
         <name>.text:LCD_Write_Data_Only</name>
         <load_address>0x15780</load_address>
         <run_address>0x15780</run_address>
         <size>0x20</size>
         <input_file_ref idref="fl-18"/>
      </object_component>
      <object_component id="oc-3ed">
         <name>.text:SPI_transmitData</name>
         <load_address>0x157a0</load_address>
         <run_address>0x157a0</run_address>
         <size>0x20</size>
         <input_file_ref idref="fl-27"/>
      </object_component>
      <object_component id="oc-3f3">
         <name>.text:EUSCI_B_SPI_isBusy</name>
         <load_address>0x157c0</load_address>
         <run_address>0x157c0</run_address>
         <size>0x1c</size>
         <input_file_ref idref="fl-27"/>
      </object_component>
      <object_component id="oc-2c8">
         <name>.text:LCD_WriteReg</name>
         <load_address>0x157dc</load_address>
         <run_address>0x157dc</run_address>
         <size>0x1c</size>
         <input_file_ref idref="fl-18"/>
      </object_component>
      <object_component id="oc-56f">
         <name>.text:memccpy</name>
         <load_address>0x157f8</load_address>
         <run_address>0x157f8</run_address>
         <size>0x1c</size>
         <input_file_ref idref="fl-f8"/>
      </object_component>
      <object_component id="oc-3f9">
         <name>.text:SPI_receiveData</name>
         <load_address>0x15814</load_address>
         <run_address>0x15814</run_address>
         <size>0x1a</size>
         <input_file_ref idref="fl-27"/>
      </object_component>
      <object_component id="oc-27c">
         <name>.text:CS_getMCLK</name>
         <load_address>0x15830</load_address>
         <run_address>0x15830</run_address>
         <size>0x18</size>
         <input_file_ref idref="fl-20"/>
      </object_component>
      <object_component id="oc-fb">
         <name>.text:CS_getSMCLK</name>
         <load_address>0x15848</load_address>
         <run_address>0x15848</run_address>
         <size>0x18</size>
         <input_file_ref idref="fl-20"/>
      </object_component>
      <object_component id="oc-227">
         <name>.text:WDT_A_clearTimer</name>
         <load_address>0x15860</load_address>
         <run_address>0x15860</run_address>
         <size>0x18</size>
         <input_file_ref idref="fl-2b"/>
      </object_component>
      <object_component id="oc-22d">
         <name>.text:WDT_A_holdTimer</name>
         <load_address>0x15878</load_address>
         <run_address>0x15878</run_address>
         <size>0x18</size>
         <input_file_ref idref="fl-2b"/>
      </object_component>
      <object_component id="oc-437">
         <name>.text:_outc</name>
         <load_address>0x15890</load_address>
         <run_address>0x15890</run_address>
         <size>0x18</size>
         <input_file_ref idref="fl-ef"/>
      </object_component>
      <object_component id="oc-486">
         <name>.text</name>
         <load_address>0x158a8</load_address>
         <run_address>0x158a8</run_address>
         <size>0x18</size>
         <input_file_ref idref="fl-e3"/>
      </object_component>
      <object_component id="oc-62b">
         <name>.text:strchr</name>
         <load_address>0x158c0</load_address>
         <run_address>0x158c0</run_address>
         <size>0x16</size>
         <input_file_ref idref="fl-f9"/>
      </object_component>
      <object_component id="oc-264">
         <name>.text:CS_setExternalClockSourceFrequency</name>
         <load_address>0x158d8</load_address>
         <run_address>0x158d8</run_address>
         <size>0x14</size>
         <input_file_ref idref="fl-20"/>
      </object_component>
      <object_component id="oc-107">
         <name>.text:I2C_isBusBusy</name>
         <load_address>0x158ec</load_address>
         <run_address>0x158ec</run_address>
         <size>0x14</size>
         <input_file_ref idref="fl-23"/>
      </object_component>
      <object_component id="oc-c2">
         <name>.text:SysTick_enableInterrupt</name>
         <load_address>0x15900</load_address>
         <run_address>0x15900</run_address>
         <size>0x14</size>
         <input_file_ref idref="fl-29"/>
      </object_component>
      <object_component id="oc-66a">
         <name>.text:copysign</name>
         <load_address>0x15914</load_address>
         <run_address>0x15914</run_address>
         <size>0x14</size>
         <input_file_ref idref="fl-105"/>
      </object_component>
      <object_component id="oc-540">
         <name>.text:strlen</name>
         <load_address>0x15928</load_address>
         <run_address>0x15928</run_address>
         <size>0x14</size>
         <input_file_ref idref="fl-fa"/>
      </object_component>
      <object_component id="oc-575">
         <name>.text:wcslen</name>
         <load_address>0x1593c</load_address>
         <run_address>0x1593c</run_address>
         <size>0x12</size>
         <input_file_ref idref="fl-fb"/>
      </object_component>
      <object_component id="oc-149">
         <name>.text:I2C_masterReceiveStart</name>
         <load_address>0x1594e</load_address>
         <run_address>0x1594e</run_address>
         <size>0x10</size>
         <input_file_ref idref="fl-23"/>
      </object_component>
      <object_component id="oc-4de">
         <name>.text:SysCtl_disableNMISource</name>
         <load_address>0x15960</load_address>
         <run_address>0x15960</run_address>
         <size>0x10</size>
         <input_file_ref idref="fl-28"/>
      </object_component>
      <object_component id="oc-4ea">
         <name>.text:SysCtl_enableNMISource</name>
         <load_address>0x15970</load_address>
         <run_address>0x15970</run_address>
         <size>0x10</size>
         <input_file_ref idref="fl-28"/>
      </object_component>
      <object_component id="oc-da">
         <name>.text</name>
         <load_address>0x15980</load_address>
         <run_address>0x15980</run_address>
         <size>0xe</size>
         <input_file_ref idref="fl-13"/>
      </object_component>
      <object_component id="oc-155">
         <name>.text:I2C_clearInterruptFlag</name>
         <load_address>0x1598e</load_address>
         <run_address>0x1598e</run_address>
         <size>0xe</size>
         <input_file_ref idref="fl-23"/>
      </object_component>
      <object_component id="oc-137">
         <name>.text:I2C_disableInterrupt</name>
         <load_address>0x1599c</load_address>
         <run_address>0x1599c</run_address>
         <size>0xe</size>
         <input_file_ref idref="fl-23"/>
      </object_component>
      <object_component id="oc-1a">
         <name>.text:decompress:none:__TI_decompress_none</name>
         <load_address>0x159aa</load_address>
         <run_address>0x159aa</run_address>
         <size>0xe</size>
         <input_file_ref idref="fl-e9"/>
      </object_component>
      <object_component id="oc-64">
         <name>.text</name>
         <load_address>0x159b8</load_address>
         <run_address>0x159b8</run_address>
         <size>0xe</size>
         <input_file_ref idref="fl-4"/>
      </object_component>
      <object_component id="oc-10d">
         <name>.text:I2C_disableModule</name>
         <load_address>0x159c6</load_address>
         <run_address>0x159c6</run_address>
         <size>0xc</size>
         <input_file_ref idref="fl-23"/>
      </object_component>
      <object_component id="oc-11f">
         <name>.text:I2C_enableModule</name>
         <load_address>0x159d2</load_address>
         <run_address>0x159d2</run_address>
         <size>0xc</size>
         <input_file_ref idref="fl-23"/>
      </object_component>
      <object_component id="oc-4c1">
         <name>.text:PCM_getPowerState</name>
         <load_address>0x159e0</load_address>
         <run_address>0x159e0</run_address>
         <size>0xc</size>
         <input_file_ref idref="fl-25"/>
      </object_component>
      <object_component id="oc-4d8">
         <name>.text:SysCtl_getNMISourceStatus</name>
         <load_address>0x159ec</load_address>
         <run_address>0x159ec</run_address>
         <size>0xc</size>
         <input_file_ref idref="fl-28"/>
      </object_component>
      <object_component id="oc-394">
         <name>.text:UART_enableModule</name>
         <load_address>0x159f8</load_address>
         <run_address>0x159f8</run_address>
         <size>0xc</size>
         <input_file_ref idref="fl-2a"/>
      </object_component>
      <object_component id="oc-46">
         <name>.text:decompress:ZI:__TI_zero_init</name>
         <load_address>0x15a04</load_address>
         <run_address>0x15a04</run_address>
         <size>0xc</size>
         <input_file_ref idref="fl-e8"/>
      </object_component>
      <object_component id="oc-2dd">
         <name>.text:LCD_Write_Data_Start</name>
         <load_address>0x15a10</load_address>
         <run_address>0x15a10</run_address>
         <size>0xa</size>
         <input_file_ref idref="fl-18"/>
      </object_component>
      <object_component id="oc-125">
         <name>.text:I2C_enableInterrupt</name>
         <load_address>0x15a1a</load_address>
         <run_address>0x15a1a</run_address>
         <size>0x8</size>
         <input_file_ref idref="fl-23"/>
      </object_component>
      <object_component id="oc-25e">
         <name>.text:PCM_setCoreVoltageLevel</name>
         <load_address>0x15a22</load_address>
         <run_address>0x15a22</run_address>
         <size>0x8</size>
         <input_file_ref idref="fl-25"/>
      </object_component>
      <object_component id="oc-4c7">
         <name>.text:PCM_setPowerMode</name>
         <load_address>0x15a2a</load_address>
         <run_address>0x15a2a</run_address>
         <size>0x8</size>
         <input_file_ref idref="fl-25"/>
      </object_component>
      <object_component id="oc-57b">
         <name>.text:__aeabi_errno_addr</name>
         <load_address>0x15a34</load_address>
         <run_address>0x15a34</run_address>
         <size>0x8</size>
         <input_file_ref idref="fl-104"/>
      </object_component>
      <object_component id="oc-270">
         <name>.text:CS_startHFXT</name>
         <load_address>0x15a3c</load_address>
         <run_address>0x15a3c</run_address>
         <size>0x6</size>
         <input_file_ref idref="fl-20"/>
      </object_component>
      <object_component id="oc-51a">
         <name>.text:EUSCI_A_SPI_receiveData</name>
         <load_address>0x15a42</load_address>
         <run_address>0x15a42</run_address>
         <size>0x6</size>
         <input_file_ref idref="fl-27"/>
      </object_component>
      <object_component id="oc-520">
         <name>.text:EUSCI_B_SPI_receiveData</name>
         <load_address>0x15a48</load_address>
         <run_address>0x15a48</run_address>
         <size>0x6</size>
         <input_file_ref idref="fl-27"/>
      </object_component>
      <object_component id="oc-14f">
         <name>.text:I2C_getEnabledInterruptStatus</name>
         <load_address>0x15a4e</load_address>
         <run_address>0x15a4e</run_address>
         <size>0x6</size>
         <input_file_ref idref="fl-23"/>
      </object_component>
      <object_component id="oc-143">
         <name>.text:I2C_getInterruptStatus</name>
         <load_address>0x15a54</load_address>
         <run_address>0x15a54</run_address>
         <size>0x6</size>
         <input_file_ref idref="fl-23"/>
      </object_component>
      <object_component id="oc-161">
         <name>.text:I2C_masterReceiveMultiByteNext</name>
         <load_address>0x15a5a</load_address>
         <run_address>0x15a5a</run_address>
         <size>0x6</size>
         <input_file_ref idref="fl-23"/>
      </object_component>
      <object_component id="oc-32b">
         <name>.text:SysCtlDelay</name>
         <load_address>0x15a60</load_address>
         <run_address>0x15a60</run_address>
         <size>0x6</size>
         <input_file_ref idref="fl-f"/>
      </object_component>
      <object_component id="oc-307">
         <name>.text:CPU_wfi</name>
         <load_address>0x15a66</load_address>
         <run_address>0x15a66</run_address>
         <size>0x4</size>
         <input_file_ref idref="fl-2c"/>
      </object_component>
      <object_component id="oc-511">
         <name>.text:EUSCI_A_SPI_transmitData</name>
         <load_address>0x15a6a</load_address>
         <run_address>0x15a6a</run_address>
         <size>0x4</size>
         <input_file_ref idref="fl-27"/>
      </object_component>
      <object_component id="oc-50b">
         <name>.text:EUSCI_B_SPI_transmitData</name>
         <load_address>0x15a6e</load_address>
         <run_address>0x15a6e</run_address>
         <size>0x4</size>
         <input_file_ref idref="fl-27"/>
      </object_component>
      <object_component id="oc-119">
         <name>.text:I2C_setSlaveAddress</name>
         <load_address>0x15a72</load_address>
         <run_address>0x15a72</run_address>
         <size>0x4</size>
         <input_file_ref idref="fl-23"/>
      </object_component>
      <object_component id="oc-9b">
         <name>.text:_system_pre_init</name>
         <load_address>0x15a76</load_address>
         <run_address>0x15a76</run_address>
         <size>0x4</size>
         <input_file_ref idref="fl-f2"/>
      </object_component>
      <object_component id="oc-1c0">
         <name>.text:abort:abort</name>
         <load_address>0x15a7a</load_address>
         <run_address>0x15a7a</run_address>
         <size>0x4</size>
         <input_file_ref idref="fl-ec"/>
      </object_component>
      <object_component id="oc-500">
         <name>.const:AsciiLib</name>
         <load_address>0x15a80</load_address>
         <run_address>0x15a80</run_address>
         <size>0x5f0</size>
         <input_file_ref idref="fl-6"/>
      </object_component>
      <object_component id="oc-5d9">
         <name>.const:.string:_ctypes_</name>
         <load_address>0x16070</load_address>
         <run_address>0x16070</run_address>
         <size>0x101</size>
         <input_file_ref idref="fl-f6"/>
      </object_component>
      <object_component id="oc-41c">
         <name>.const:.string:INVALID_OFFSET</name>
         <load_address>0x16171</load_address>
         <run_address>0x16171</run_address>
         <size>0x3</size>
         <input_file_ref idref="fl-d"/>
      </object_component>
      <object_component id="oc-47d">
         <name>.const:g_pulRegs</name>
         <load_address>0x16174</load_address>
         <run_address>0x16174</run_address>
         <size>0x50</size>
         <input_file_ref idref="fl-24"/>
      </object_component>
      <object_component id="oc-2aa">
         <name>.const</name>
         <load_address>0x161c4</load_address>
         <run_address>0x161c4</run_address>
         <size>0x40</size>
         <input_file_ref idref="fl-24"/>
      </object_component>
      <object_component id="oc-39a">
         <name>.const:backChannelUart115200Config</name>
         <load_address>0x16204</load_address>
         <run_address>0x16204</run_address>
         <size>0x24</size>
         <input_file_ref idref="fl-8"/>
      </object_component>
      <object_component id="oc-41f">
         <name>.const:yas532_version_ac_coef</name>
         <load_address>0x16228</load_address>
         <run_address>0x16228</run_address>
         <size>0xc</size>
         <input_file_ref idref="fl-d"/>
      </object_component>
      <object_component id="oc-423">
         <name>.const:v_calib_data$2</name>
         <load_address>0x16234</load_address>
         <run_address>0x16234</run_address>
         <size>0x8</size>
         <input_file_ref idref="fl-d"/>
      </object_component>
      <object_component id="oc-37e">
         <name>.const:.string:$P$T0$1</name>
         <load_address>0x1623c</load_address>
         <run_address>0x1623c</run_address>
         <size>0x5</size>
         <input_file_ref idref="fl-c"/>
      </object_component>
      <object_component id="oc-422">
         <name>.const:.string:v_correct_u8$1</name>
         <load_address>0x16241</load_address>
         <run_address>0x16241</run_address>
         <size>0x5</size>
         <input_file_ref idref="fl-d"/>
      </object_component>
      <object_component id="oc-6c5">
         <name>.cinit..data.load</name>
         <load_address>0x16248</load_address>
         <run_address>0x16248</run_address>
         <size>0x66</size>
      </object_component>
      <object_component id="oc-6c3">
         <name>__TI_handler_table</name>
         <load_address>0x162b0</load_address>
         <run_address>0x162b0</run_address>
         <size>0xc</size>
      </object_component>
      <object_component id="oc-6c6">
         <name>.cinit..bss.load</name>
         <load_address>0x162c0</load_address>
         <run_address>0x162c0</run_address>
         <size>0x8</size>
      </object_component>
      <object_component id="oc-6c4">
         <name>__TI_cinit_table</name>
         <load_address>0x162c8</load_address>
         <run_address>0x162c8</run_address>
         <size>0x10</size>
      </object_component>
      <object_component id="oc-698">
         <name>.binit</name>
         <load_address>0x0</load_address>
         <run_address>0x0</run_address>
         <size>0x0</size>
      </object_component>
      <object_component id="oc-31f">
         <name>.data:COLOR_MATRIX</name>
         <load_address>0x2000d054</load_address>
         <run_address>0x2000d054</run_address>
         <size>0x2a</size>
         <input_file_ref idref="fl-2"/>
      </object_component>
      <object_component id="oc-316">
         <name>.data</name>
         <load_address>0x2000d094</load_address>
         <run_address>0x2000d094</run_address>
         <size>0xa</size>
         <input_file_ref idref="fl-2"/>
      </object_component>
      <object_component id="oc-319">
         <name>.data:posdata</name>
         <load_address>0x2000d0a8</load_address>
         <run_address>0x2000d0a8</run_address>
         <size>0x4</size>
         <input_file_ref idref="fl-2"/>
      </object_component>
      <object_component id="oc-1fe">
         <name>.data</name>
         <load_address>0x2000d0b0</load_address>
         <run_address>0x2000d0b0</run_address>
         <size>0x4</size>
         <input_file_ref idref="fl-5"/>
      </object_component>
      <object_component id="oc-410">
         <name>.data</name>
         <load_address>0x2000d0a0</load_address>
         <run_address>0x2000d0a0</run_address>
         <size>0x8</size>
         <input_file_ref idref="fl-d"/>
      </object_component>
      <object_component id="oc-408">
         <name>.data:v_fifo_data_u8</name>
         <load_address>0x2000cc24</load_address>
         <run_address>0x2000cc24</run_address>
         <size>0x400</size>
         <input_file_ref idref="fl-d"/>
      </object_component>
      <object_component id="oc-175">
         <name>.data</name>
         <load_address>0x2000d07e</load_address>
         <run_address>0x2000d07e</run_address>
         <size>0x1</size>
         <input_file_ref idref="fl-10"/>
      </object_component>
      <object_component id="oc-16d">
         <name>.data:i2cConfig</name>
         <load_address>0x2000d080</load_address>
         <run_address>0x2000d080</run_address>
         <size>0x14</size>
         <input_file_ref idref="fl-10"/>
      </object_component>
      <object_component id="oc-29d">
         <name>.data:GPIO_PORT_TO_BASE</name>
         <load_address>0x2000d024</load_address>
         <run_address>0x2000d024</run_address>
         <size>0x30</size>
         <input_file_ref idref="fl-22"/>
      </object_component>
      <object_component id="oc-63b">
         <name>.data</name>
         <load_address>0x2000d0ac</load_address>
         <run_address>0x2000d0ac</run_address>
         <size>0x4</size>
         <input_file_ref idref="fl-104"/>
      </object_component>
      <object_component id="oc-39d">
         <name>.bss:backChannelStringBuff</name>
         <uninitialized>true</uninitialized>
         <run_address>0x2000c9c4</run_address>
         <size>0x100</size>
         <input_file_ref idref="fl-8"/>
      </object_component>
      <object_component id="oc-483">
         <name>.bss</name>
         <uninitialized>true</uninitialized>
         <run_address>0x2000cbdc</run_address>
         <size>0x4</size>
         <input_file_ref idref="fl-b"/>
      </object_component>
      <object_component id="oc-405">
         <name>.bss</name>
         <uninitialized>true</uninitialized>
         <run_address>0x2000cbe0</run_address>
         <size>0x4</size>
         <input_file_ref idref="fl-d"/>
      </object_component>
      <object_component id="oc-413">
         <name>.bss:mag_trim</name>
         <uninitialized>true</uninitialized>
         <run_address>0x2000cbb4</run_address>
         <size>0x10</size>
         <input_file_ref idref="fl-d"/>
      </object_component>
      <object_component id="oc-416">
         <name>.bss:akm_asa_data</name>
         <uninitialized>true</uninitialized>
         <run_address>0x2000cc14</run_address>
         <size>0x3</size>
         <input_file_ref idref="fl-d"/>
      </object_component>
      <object_component id="oc-419">
         <name>.bss:yas532_data</name>
         <uninitialized>true</uninitialized>
         <run_address>0x2000cac4</run_address>
         <size>0x70</size>
         <input_file_ref idref="fl-d"/>
      </object_component>
      <object_component id="oc-356">
         <name>.bss:buf</name>
         <uninitialized>true</uninitialized>
         <run_address>0x2000cbe4</run_address>
         <size>0x4</size>
         <input_file_ref idref="fl-12"/>
      </object_component>
      <object_component id="oc-353">
         <name>.bss</name>
         <uninitialized>true</uninitialized>
         <run_address>0x2000cc18</run_address>
         <size>0x2</size>
         <input_file_ref idref="fl-12"/>
      </object_component>
      <object_component id="oc-303">
         <name>.bss:FIFOs</name>
         <uninitialized>true</uninitialized>
         <run_address>0x2000c874</run_address>
         <size>0x150</size>
         <input_file_ref idref="fl-14"/>
      </object_component>
      <object_component id="oc-d7">
         <name>.bss</name>
         <uninitialized>true</uninitialized>
         <run_address>0x2000cbc4</run_address>
         <size>0xc</size>
         <input_file_ref idref="fl-15"/>
      </object_component>
      <object_component id="oc-1b1">
         <name>.common:sensorMutex</name>
         <uninitialized>true</uninitialized>
         <run_address>0x2000cc0c</run_address>
         <size>0x4</size>
      </object_component>
      <object_component id="oc-1ae">
         <name>.common:LCDMutex</name>
         <uninitialized>true</uninitialized>
         <run_address>0x2000cbf0</run_address>
         <size>0x4</size>
      </object_component>
      <object_component id="oc-1b2">
         <name>.common:posFIFO</name>
         <uninitialized>true</uninitialized>
         <run_address>0x2000cc08</run_address>
         <size>0x4</size>
      </object_component>
      <object_component id="oc-ba">
         <name>.common:CurrentlyRunningThread</name>
         <uninitialized>true</uninitialized>
         <run_address>0x2000cbec</run_address>
         <size>0x4</size>
      </object_component>
      <object_component id="oc-d4">
         <name>.common:tempNextThread</name>
         <uninitialized>true</uninitialized>
         <run_address>0x2000cc10</run_address>
         <size>0x4</size>
      </object_component>
      <object_component id="oc-31c">
         <name>.common:accelerometerX</name>
         <uninitialized>true</uninitialized>
         <run_address>0x2000cc1a</run_address>
         <size>0x2</size>
      </object_component>
      <object_component id="oc-31d">
         <name>.common:accelerometerY</name>
         <uninitialized>true</uninitialized>
         <run_address>0x2000cc1c</run_address>
         <size>0x2</size>
      </object_component>
      <object_component id="oc-31e">
         <name>.common:all_the_balls</name>
         <uninitialized>true</uninitialized>
         <run_address>0x2000c694</run_address>
         <size>0x1e0</size>
      </object_component>
      <object_component id="oc-328">
         <name>.common:x_joystick_pos</name>
         <uninitialized>true</uninitialized>
         <run_address>0x2000cc1e</run_address>
         <size>0x2</size>
      </object_component>
      <object_component id="oc-329">
         <name>.common:y_joystick_pos</name>
         <uninitialized>true</uninitialized>
         <run_address>0x2000cc20</run_address>
         <size>0x2</size>
      </object_component>
      <object_component id="oc-371">
         <name>.common:ButtonFunction</name>
         <uninitialized>true</uninitialized>
         <run_address>0x2000cbe8</run_address>
         <size>0x4</size>
      </object_component>
      <object_component id="oc-37b">
         <name>.common:bme280</name>
         <uninitialized>true</uninitialized>
         <run_address>0x2000cb34</run_address>
         <size>0x3c</size>
      </object_component>
      <object_component id="oc-40b">
         <name>.common:accel_fifo</name>
         <uninitialized>true</uninitialized>
         <run_address>0x2000bc50</run_address>
         <size>0x36c</size>
      </object_component>
      <object_component id="oc-40e">
         <name>.common:gyro_fifo</name>
         <uninitialized>true</uninitialized>
         <run_address>0x2000bfbc</run_address>
         <size>0x36c</size>
      </object_component>
      <object_component id="oc-40f">
         <name>.common:mag_fifo</name>
         <uninitialized>true</uninitialized>
         <run_address>0x2000c328</run_address>
         <size>0x36c</size>
      </object_component>
      <object_component id="oc-35b">
         <name>.common:s_bmi160</name>
         <uninitialized>true</uninitialized>
         <run_address>0x2000cba0</run_address>
         <size>0x14</size>
      </object_component>
      <object_component id="oc-35e">
         <name>.common:gyroxyz</name>
         <uninitialized>true</uninitialized>
         <run_address>0x2000cbd6</run_address>
         <size>0x6</size>
      </object_component>
      <object_component id="oc-35f">
         <name>.common:accelxyz</name>
         <uninitialized>true</uninitialized>
         <run_address>0x2000cbd0</run_address>
         <size>0x6</size>
      </object_component>
      <object_component id="oc-173">
         <name>.common:ui8Status</name>
         <uninitialized>true</uninitialized>
         <run_address>0x2000cc22</run_address>
         <size>0x1</size>
      </object_component>
      <object_component id="oc-170">
         <name>.common:pData</name>
         <uninitialized>true</uninitialized>
         <run_address>0x2000cc04</run_address>
         <size>0x4</size>
      </object_component>
      <object_component id="oc-178">
         <name>.common:ui8DummyRead</name>
         <uninitialized>true</uninitialized>
         <run_address>0x2000cc17</run_address>
         <size>0x1</size>
      </object_component>
      <object_component id="oc-174">
         <name>.common:g_ui32ByteCount</name>
         <uninitialized>true</uninitialized>
         <run_address>0x2000cbf8</run_address>
         <size>0x4</size>
      </object_component>
      <object_component id="oc-df">
         <name>.common:threadControlBlocks</name>
         <uninitialized>true</uninitialized>
         <run_address>0x2000b800</run_address>
         <size>0x450</size>
      </object_component>
      <object_component id="oc-e0">
         <name>.common:threadStacks</name>
         <uninitialized>true</uninitialized>
         <run_address>0x20000000</run_address>
         <size>0xb800</size>
      </object_component>
      <object_component id="oc-d6">
         <name>.common:Pthread</name>
         <uninitialized>true</uninitialized>
         <run_address>0x2000cb70</run_address>
         <size>0x30</size>
      </object_component>
      <object_component id="oc-d5">
         <name>.common:SystemTime</name>
         <uninitialized>true</uninitialized>
         <run_address>0x2000cbf4</run_address>
         <size>0x4</size>
      </object_component>
      <object_component id="oc-3b2">
         <name>.common:hfxtFreq</name>
         <uninitialized>true</uninitialized>
         <run_address>0x2000cbfc</run_address>
         <size>0x4</size>
      </object_component>
      <object_component id="oc-3af">
         <name>.common:lfxtFreq</name>
         <uninitialized>true</uninitialized>
         <run_address>0x2000cc00</run_address>
         <size>0x4</size>
      </object_component>
      <object_component id="oc-26">
         <name>.stack</name>
         <uninitialized>true</uninitialized>
         <run_address>0x2000fe00</run_address>
         <size>0x4</size>
         <input_file_ref idref="fl-eb"/>
      </object_component>
      <object_component id="oc-6c7">
         <name>.stack</name>
         <uninitialized>true</uninitialized>
         <run_address>0x2000fe00</run_address>
         <size>0x0</size>
      </object_component>
      <object_component id="oc-bb">
         <name>.debug_info</name>
         <load_address>0x0</load_address>
         <run_address>0x0</run_address>
         <size>0xb84</size>
         <input_file_ref idref="fl-2"/>
      </object_component>
      <object_component id="oc-320">
         <name>.debug_info</name>
         <load_address>0xb84</load_address>
         <run_address>0xb84</run_address>
         <size>0xdc</size>
         <input_file_ref idref="fl-2"/>
      </object_component>
      <object_component id="oc-317">
         <name>.debug_info</name>
         <load_address>0xc60</load_address>
         <run_address>0xc60</run_address>
         <size>0x153</size>
         <input_file_ref idref="fl-2"/>
      </object_component>
      <object_component id="oc-31a">
         <name>.debug_info</name>
         <load_address>0xdb3</load_address>
         <run_address>0xdb3</run_address>
         <size>0xd2</size>
         <input_file_ref idref="fl-2"/>
      </object_component>
      <object_component id="oc-1b4">
         <name>.debug_info</name>
         <load_address>0xe85</load_address>
         <run_address>0xe85</run_address>
         <size>0x822</size>
         <input_file_ref idref="fl-2"/>
      </object_component>
      <object_component id="oc-f1">
         <name>.debug_info</name>
         <load_address>0x16a7</load_address>
         <run_address>0x16a7</run_address>
         <size>0x8b</size>
         <input_file_ref idref="fl-2"/>
      </object_component>
      <object_component id="oc-3a2">
         <name>.debug_info</name>
         <load_address>0x1732</load_address>
         <run_address>0x1732</run_address>
         <size>0x51</size>
         <input_file_ref idref="fl-2"/>
      </object_component>
      <object_component id="oc-f6">
         <name>.debug_info</name>
         <load_address>0x1783</load_address>
         <run_address>0x1783</run_address>
         <size>0x37e2</size>
         <input_file_ref idref="fl-2"/>
      </object_component>
      <object_component id="oc-181">
         <name>.debug_info</name>
         <load_address>0x4f65</load_address>
         <run_address>0x4f65</run_address>
         <size>0x26b</size>
         <input_file_ref idref="fl-2"/>
      </object_component>
      <object_component id="oc-204">
         <name>.debug_info</name>
         <load_address>0x51d0</load_address>
         <run_address>0x51d0</run_address>
         <size>0x1055</size>
         <input_file_ref idref="fl-2"/>
      </object_component>
      <object_component id="oc-21d">
         <name>.debug_info</name>
         <load_address>0x6225</load_address>
         <run_address>0x6225</run_address>
         <size>0x62</size>
         <input_file_ref idref="fl-2"/>
      </object_component>
      <object_component id="oc-ec">
         <name>.debug_info</name>
         <load_address>0x6287</load_address>
         <run_address>0x6287</run_address>
         <size>0x8b</size>
         <input_file_ref idref="fl-2"/>
      </object_component>
      <object_component id="oc-28c">
         <name>.debug_info</name>
         <load_address>0x6312</load_address>
         <run_address>0x6312</run_address>
         <size>0x297</size>
         <input_file_ref idref="fl-2"/>
      </object_component>
      <object_component id="oc-17a">
         <name>.debug_info</name>
         <load_address>0x65a9</load_address>
         <run_address>0x65a9</run_address>
         <size>0xef</size>
         <input_file_ref idref="fl-2"/>
      </object_component>
      <object_component id="oc-e7">
         <name>.debug_info</name>
         <load_address>0x6698</load_address>
         <run_address>0x6698</run_address>
         <size>0xbb</size>
         <input_file_ref idref="fl-2"/>
      </object_component>
      <object_component id="oc-209">
         <name>.debug_info</name>
         <load_address>0x6753</load_address>
         <run_address>0x6753</run_address>
         <size>0x338</size>
         <input_file_ref idref="fl-2"/>
      </object_component>
      <object_component id="oc-20e">
         <name>.debug_info</name>
         <load_address>0x6a8b</load_address>
         <run_address>0x6a8b</run_address>
         <size>0x2c</size>
         <input_file_ref idref="fl-2"/>
      </object_component>
      <object_component id="oc-213">
         <name>.debug_info</name>
         <load_address>0x6ab7</load_address>
         <run_address>0x6ab7</run_address>
         <size>0xda</size>
         <input_file_ref idref="fl-2"/>
      </object_component>
      <object_component id="oc-4ab">
         <name>.debug_info</name>
         <load_address>0x6b91</load_address>
         <run_address>0x6b91</run_address>
         <size>0x661</size>
         <input_file_ref idref="fl-2"/>
      </object_component>
      <object_component id="oc-218">
         <name>.debug_info</name>
         <load_address>0x71f2</load_address>
         <run_address>0x71f2</run_address>
         <size>0x195</size>
         <input_file_ref idref="fl-2"/>
      </object_component>
      <object_component id="oc-1af">
         <name>.debug_info</name>
         <load_address>0x7387</load_address>
         <run_address>0x7387</run_address>
         <size>0x903</size>
         <input_file_ref idref="fl-3"/>
      </object_component>
      <object_component id="oc-a2">
         <name>.debug_info</name>
         <load_address>0x7c8a</load_address>
         <run_address>0x7c8a</run_address>
         <size>0x8df</size>
         <input_file_ref idref="fl-3"/>
      </object_component>
      <object_component id="oc-2c1">
         <name>.debug_info</name>
         <load_address>0x8569</load_address>
         <run_address>0x8569</run_address>
         <size>0x9a</size>
         <input_file_ref idref="fl-3"/>
      </object_component>
      <object_component id="oc-4a6">
         <name>.debug_info</name>
         <load_address>0x8603</load_address>
         <run_address>0x8603</run_address>
         <size>0xee</size>
         <input_file_ref idref="fl-3"/>
      </object_component>
      <object_component id="oc-7d">
         <name>.debug_info</name>
         <load_address>0x86f1</load_address>
         <run_address>0x86f1</run_address>
         <size>0x2c8</size>
         <input_file_ref idref="fl-4"/>
      </object_component>
      <object_component id="oc-24">
         <name>.debug_info</name>
         <load_address>0x89b9</load_address>
         <run_address>0x89b9</run_address>
         <size>0xf4</size>
         <input_file_ref idref="fl-4"/>
      </object_component>
      <object_component id="oc-65">
         <name>.debug_info</name>
         <load_address>0x8aad</load_address>
         <run_address>0x8aad</run_address>
         <size>0x1bb</size>
         <input_file_ref idref="fl-4"/>
      </object_component>
      <object_component id="oc-2f">
         <name>.debug_info</name>
         <load_address>0x8c68</load_address>
         <run_address>0x8c68</run_address>
         <size>0x84</size>
         <input_file_ref idref="fl-4"/>
      </object_component>
      <object_component id="oc-1ff">
         <name>.debug_info</name>
         <load_address>0x8cec</load_address>
         <run_address>0x8cec</run_address>
         <size>0xed</size>
         <input_file_ref idref="fl-5"/>
      </object_component>
      <object_component id="oc-b5">
         <name>.debug_info</name>
         <load_address>0x8dd9</load_address>
         <run_address>0x8dd9</run_address>
         <size>0x25f</size>
         <input_file_ref idref="fl-5"/>
      </object_component>
      <object_component id="oc-504">
         <name>.debug_info</name>
         <load_address>0x9038</load_address>
         <run_address>0x9038</run_address>
         <size>0x290</size>
         <input_file_ref idref="fl-6"/>
      </object_component>
      <object_component id="oc-501">
         <name>.debug_info</name>
         <load_address>0x92c8</load_address>
         <run_address>0x92c8</run_address>
         <size>0xec</size>
         <input_file_ref idref="fl-6"/>
      </object_component>
      <object_component id="oc-3eb">
         <name>.debug_info</name>
         <load_address>0x93b4</load_address>
         <run_address>0x93b4</run_address>
         <size>0x1ca</size>
         <input_file_ref idref="fl-6"/>
      </object_component>
      <object_component id="oc-18d">
         <name>.debug_info</name>
         <load_address>0x957e</load_address>
         <run_address>0x957e</run_address>
         <size>0x2c</size>
         <input_file_ref idref="fl-6"/>
      </object_component>
      <object_component id="oc-c9">
         <name>.debug_info</name>
         <load_address>0x95aa</load_address>
         <run_address>0x95aa</run_address>
         <size>0x25f</size>
         <input_file_ref idref="fl-7"/>
      </object_component>
      <object_component id="oc-2bc">
         <name>.debug_info</name>
         <load_address>0x9809</load_address>
         <run_address>0x9809</run_address>
         <size>0x6c</size>
         <input_file_ref idref="fl-7"/>
      </object_component>
      <object_component id="oc-3a1">
         <name>.debug_info</name>
         <load_address>0x9875</load_address>
         <run_address>0x9875</run_address>
         <size>0x7b0</size>
         <input_file_ref idref="fl-8"/>
      </object_component>
      <object_component id="oc-39b">
         <name>.debug_info</name>
         <load_address>0xa025</load_address>
         <run_address>0xa025</run_address>
         <size>0x119</size>
         <input_file_ref idref="fl-8"/>
      </object_component>
      <object_component id="oc-39e">
         <name>.debug_info</name>
         <load_address>0xa13e</load_address>
         <run_address>0xa13e</run_address>
         <size>0x10d</size>
         <input_file_ref idref="fl-8"/>
      </object_component>
      <object_component id="oc-252">
         <name>.debug_info</name>
         <load_address>0xa24b</load_address>
         <run_address>0xa24b</run_address>
         <size>0xbbd</size>
         <input_file_ref idref="fl-8"/>
      </object_component>
      <object_component id="oc-4b0">
         <name>.debug_info</name>
         <load_address>0xae08</load_address>
         <run_address>0xae08</run_address>
         <size>0xcc</size>
         <input_file_ref idref="fl-8"/>
      </object_component>
      <object_component id="oc-449">
         <name>.debug_info</name>
         <load_address>0xaed4</load_address>
         <run_address>0xaed4</run_address>
         <size>0x2c</size>
         <input_file_ref idref="fl-8"/>
      </object_component>
      <object_component id="oc-d0">
         <name>.debug_info</name>
         <load_address>0xaf00</load_address>
         <run_address>0xaf00</run_address>
         <size>0x31a</size>
         <input_file_ref idref="fl-9"/>
      </object_component>
      <object_component id="oc-372">
         <name>.debug_info</name>
         <load_address>0xb21a</load_address>
         <run_address>0xb21a</run_address>
         <size>0x5cc</size>
         <input_file_ref idref="fl-a"/>
      </object_component>
[...]
         <name>I2C_setSlaveAddress</name>
         <value>0x15a73</value>
         <object_component_ref idref="oc-119"/>
      </symbol>
      <symbol id="sm-10c1">
         <name>I2C_initMaster</name>
         <value>0x153c9</value>
         <object_component_ref idref="oc-113"/>
      </symbol>
      <symbol id="sm-10c2">
         <name>I2C_enableInterrupt</name>
         <value>0x15a1b</value>
         <object_component_ref idref="oc-125"/>
      </symbol>
      <symbol id="sm-10c3">
         <name>I2C_disableModule</name>
         <value>0x159c7</value>
         <object_component_ref idref="oc-10d"/>
      </symbol>
      <symbol id="sm-110e">
         <name>Interrupt_disableInterrupt</name>
         <value>0x14df9</value>
         <object_component_ref idref="oc-13d"/>
      </symbol>
      <symbol id="sm-110f">
         <name>Interrupt_setPriority</name>
         <value>0x15719</value>
         <object_component_ref idref="oc-36b"/>
      </symbol>
      <symbol id="sm-1110">
         <name>Interrupt_enableInterrupt</name>
         <value>0x14e5d</value>
         <object_component_ref idref="oc-131"/>
      </symbol>
      <symbol id="sm-1182">
         <name>PCM_setCoreVoltageLevel</name>
         <value>0x15a23</value>
         <object_component_ref idref="oc-25e"/>
      </symbol>
      <symbol id="sm-1183">
         <name>PCM_getCoreVoltageLevel</name>
         <value>0x155db</value>
         <object_component_ref idref="oc-4bb"/>
      </symbol>
      <symbol id="sm-1184">
         <name>PCM_getPowerMode</name>
         <value>0x15607</value>
         <object_component_ref idref="oc-4b5"/>
      </symbol>
      <symbol id="sm-1185">
         <name>PCM_getPowerState</name>
         <value>0x159e1</value>
         <object_component_ref idref="oc-4c1"/>
      </symbol>
      <symbol id="sm-1186">
         <name>PCM_gotoLPM0</name>
         <value>0x15659</value>
         <object_component_ref idref="oc-1a8"/>
      </symbol>
      <symbol id="sm-1187">
         <name>PCM_setPowerMode</name>
         <value>0x15a2b</value>
         <object_component_ref idref="oc-4c7"/>
      </symbol>
      <symbol id="sm-11de">
         <name>EUSCI_B_SPI_isBusy</name>
         <value>0x157c1</value>
         <object_component_ref idref="oc-3f3"/>
      </symbol>
      <symbol id="sm-11df">
         <name>EUSCI_B_SPI_receiveData</name>
         <value>0x15a49</value>
         <object_component_ref idref="oc-520"/>
      </symbol>
      <symbol id="sm-11e0">
         <name>EUSCI_A_SPI_receiveData</name>
         <value>0x15a43</value>
         <object_component_ref idref="oc-51a"/>
      </symbol>
      <symbol id="sm-11e1">
         <name>EUSCI_A_SPI_transmitData</name>
         <value>0x15a6b</value>
         <object_component_ref idref="oc-511"/>
      </symbol>
      <symbol id="sm-11e2">
         <name>EUSCI_B_SPI_transmitData</name>
         <value>0x15a6f</value>
         <object_component_ref idref="oc-50b"/>
      </symbol>
      <symbol id="sm-11e3">
         <name>SPI_transmitData</name>
         <value>0x157a1</value>
         <object_component_ref idref="oc-3ed"/>
      </symbol>
      <symbol id="sm-11e4">
         <name>SPI_receiveData</name>
         <value>0x15815</value>
         <object_component_ref idref="oc-3f9"/>
      </symbol>
      <symbol id="sm-1217">
         <name>SysCtl_getNMISourceStatus</name>
         <value>0x159ed</value>
         <object_component_ref idref="oc-4d8"/>
      </symbol>
      <symbol id="sm-1218">
         <name>SysCtl_enableNMISource</name>
         <value>0x15971</value>
         <object_component_ref idref="oc-4ea"/>
      </symbol>
      <symbol id="sm-1219">
         <name>SysCtl_disableNMISource</name>
         <value>0x15961</value>
         <object_component_ref idref="oc-4de"/>
      </symbol>
      <symbol id="sm-121a">
         <name>SysCtl_getTLVInfo</name>
         <value>0x15021</value>
         <object_component_ref idref="oc-4f8"/>
      </symbol>
      <symbol id="sm-1226">
         <name>SysTick_enableInterrupt</name>
         <value>0x15901</value>
         <object_component_ref idref="oc-c2"/>
      </symbol>
      <symbol id="sm-1255">
         <name>UART_enableModule</name>
         <value>0x159f9</value>
         <object_component_ref idref="oc-394"/>
      </symbol>
      <symbol id="sm-1256">
         <name>UART_transmitData</name>
         <value>0x1573d</value>
         <object_component_ref idref="oc-382"/>
      </symbol>
      <symbol id="sm-1257">
         <name>UART_initModule</name>
         <value>0x149a5</value>
         <object_component_ref idref="oc-38e"/>
      </symbol>
      <symbol id="sm-126d">
         <name>WDT_A_clearTimer</name>
         <value>0x15861</value>
         <object_component_ref idref="oc-227"/>
      </symbol>
      <symbol id="sm-126e">
         <name>WDT_A_holdTimer</name>
         <value>0x15879</value>
         <object_component_ref idref="oc-22d"/>
      </symbol>
      <symbol id="sm-1278">
         <name>CPU_wfi</name>
         <value>0x15a67</value>
         <object_component_ref idref="oc-307"/>
      </symbol>
      <symbol id="sm-1287">
         <name>__aeabi_uidivmod</name>
         <value>0x15389</value>
         <object_component_ref idref="oc-e1"/>
      </symbol>
      <symbol id="sm-1288">
         <name>__aeabi_uidiv</name>
         <value>0x15389</value>
         <object_component_ref idref="oc-e1"/>
      </symbol>
      <symbol id="sm-1291">
         <name>__aeabi_lmul</name>
         <value>0x158a9</value>
         <object_component_ref idref="oc-486"/>
      </symbol>
      <symbol id="sm-12ac">
         <name>memcpy</name>
         <value>0x14871</value>
         <object_component_ref idref="oc-34"/>
      </symbol>
      <symbol id="sm-12ad">
         <name>__aeabi_memcpy</name>
         <value>0x14871</value>
         <object_component_ref idref="oc-34"/>
      </symbol>
      <symbol id="sm-12ae">
         <name>__aeabi_memcpy8</name>
         <value>0x14871</value>
         <object_component_ref idref="oc-34"/>
      </symbol>
      <symbol id="sm-12af">
         <name>__aeabi_memcpy4</name>
         <value>0x14871</value>
         <object_component_ref idref="oc-34"/>
      </symbol>
      <symbol id="sm-12bd">
         <name>__aeabi_ldivmod</name>
         <value>0x14d23</value>
         <object_component_ref idref="oc-48b"/>
      </symbol>
      <symbol id="sm-12ca">
         <name>__aeabi_uldivmod</name>
         <value>0x1490d</value>
         <object_component_ref idref="oc-5a5"/>
      </symbol>
      <symbol id="sm-12d9">
         <name>__aeabi_memset</name>
         <value>0x14bcb</value>
         <object_component_ref idref="oc-95"/>
      </symbol>
      <symbol id="sm-12da">
         <name>memset</name>
         <value>0x14bd1</value>
         <object_component_ref idref="oc-95"/>
      </symbol>
      <symbol id="sm-12db">
         <name>__aeabi_memset8</name>
         <value>0x14bcb</value>
         <object_component_ref idref="oc-95"/>
      </symbol>
      <symbol id="sm-12dc">
         <name>__aeabi_memset4</name>
         <value>0x14bcb</value>
         <object_component_ref idref="oc-95"/>
      </symbol>
      <symbol id="sm-12dd">
         <name>__aeabi_memclr8</name>
         <value>0x14bc9</value>
         <object_component_ref idref="oc-95"/>
      </symbol>
      <symbol id="sm-12de">
         <name>__aeabi_memclr4</name>
         <value>0x14bc9</value>
         <object_component_ref idref="oc-95"/>
      </symbol>
      <symbol id="sm-12df">
         <name>__aeabi_memclr</name>
         <value>0x14bc9</value>
         <object_component_ref idref="oc-95"/>
      </symbol>
      <symbol id="sm-12f1">
         <name>__TI_zero_init</name>
         <value>0x15a05</value>
         <object_component_ref idref="oc-46"/>
      </symbol>
      <symbol id="sm-1308">
         <name>__TI_decompress_none</name>
         <value>0x159ab</value>
         <object_component_ref idref="oc-1a"/>
      </symbol>
      <symbol id="sm-132b">
         <name>__TI_decompress_lzss</name>
         <value>0x14d91</value>
         <object_component_ref idref="oc-14"/>
      </symbol>
      <symbol id="sm-133e">
         <name>__stack</name>
         <value>0x2000fe00</value>
         <object_component_ref idref="oc-26"/>
      </symbol>
      <symbol id="sm-133f">
         <name>_c_int00_noargs</name>
         <value>0x1547d</value>
         <object_component_ref idref="oc-52"/>
      </symbol>
      <symbol id="sm-134a">
         <name>C$$EXIT</name>
         <value>0x15a7b</value>
         <object_component_ref idref="oc-1c0"/>
      </symbol>
      <symbol id="sm-134b">
         <name>abort</name>
         <value>0x15a7b</value>
         <object_component_ref idref="oc-1c0"/>
      </symbol>
      <symbol id="sm-137c">
         <name>snprintf</name>
         <value>0x151a1</value>
         <object_component_ref idref="oc-322"/>
      </symbol>
      <symbol id="sm-1386">
         <name>__aeabi_idiv0</name>
         <value>0x1055b</value>
         <object_component_ref idref="oc-286"/>
      </symbol>
      <symbol id="sm-1387">
         <name>__aeabi_ldiv0</name>
         <value>0x1055b</value>
         <object_component_ref idref="oc-286"/>
      </symbol>
      <symbol id="sm-13af">
         <name>__TI_auto_init_nobinit_nopinit</name>
         <value>0x152c5</value>
         <object_component_ref idref="oc-1cc"/>
      </symbol>
      <symbol id="sm-13b9">
         <name>_system_pre_init</name>
         <value>0x15a77</value>
         <object_component_ref idref="oc-9b"/>
      </symbol>
      <symbol id="sm-151f">
         <name>__TI_printfi</name>
         <value>0xfafd</value>
         <object_component_ref idref="oc-42b"/>
      </symbol>
      <symbol id="sm-1535">
         <name>atoi</name>
         <value>0x15155</value>
         <object_component_ref idref="oc-546"/>
      </symbol>
      <symbol id="sm-1540">
         <name>_ctypes_</name>
         <value>0x16070</value>
         <object_component_ref idref="oc-5d9"/>
      </symbol>
      <symbol id="sm-154f">
         <name>ltoa</name>
         <value>0x14f7b</value>
         <object_component_ref idref="oc-5f4"/>
      </symbol>
      <symbol id="sm-155f">
         <name>memccpy</name>
         <value>0x157f9</value>
         <object_component_ref idref="oc-56f"/>
      </symbol>
      <symbol id="sm-156f">
         <name>strchr</name>
         <value>0x158c1</value>
         <object_component_ref idref="oc-62b"/>
      </symbol>
      <symbol id="sm-157d">
         <name>strlen</name>
         <value>0x15929</value>
         <object_component_ref idref="oc-540"/>
      </symbol>
      <symbol id="sm-1596">
         <name>wcslen</name>
         <value>0x1593d</value>
         <object_component_ref idref="oc-575"/>
      </symbol>
      <symbol id="sm-15b6">
         <name>frexpl</name>
         <value>0x14ec1</value>
         <object_component_ref idref="oc-61f"/>
      </symbol>
      <symbol id="sm-15b7">
         <name>frexp</name>
         <value>0x14ec1</value>
         <object_component_ref idref="oc-61f"/>
      </symbol>
      <symbol id="sm-15d4">
         <name>scalbn</name>
         <value>0x13ec5</value>
         <object_component_ref idref="oc-625"/>
      </symbol>
      <symbol id="sm-15d5">
         <name>scalbnl</name>
         <value>0x13ec5</value>
         <object_component_ref idref="oc-625"/>
      </symbol>
      <symbol id="sm-15d6">
         <name>ldexpl</name>
         <value>0x13ec5</value>
         <object_component_ref idref="oc-625"/>
      </symbol>
      <symbol id="sm-15d7">
         <name>ldexp</name>
         <value>0x13ec5</value>
         <object_component_ref idref="oc-625"/>
      </symbol>
      <symbol id="sm-15ee">
         <name>__aeabi_dsub</name>
         <value>0x134ed</value>
         <object_component_ref idref="oc-5ff"/>
      </symbol>
      <symbol id="sm-15ef">
         <name>__aeabi_dadd</name>
         <value>0x134f7</value>
         <object_component_ref idref="oc-5ff"/>
      </symbol>
      <symbol id="sm-1611">
         <name>__aeabi_cdcmpeq</name>
         <value>0x14a39</value>
         <object_component_ref idref="oc-552"/>
      </symbol>
      <symbol id="sm-1612">
         <name>__aeabi_cdcmple</name>
         <value>0x14a39</value>
         <object_component_ref idref="oc-552"/>
      </symbol>
      <symbol id="sm-1613">
         <name>__aeabi_cdrcmple</name>
         <value>0x14abf</value>
         <object_component_ref idref="oc-5ea"/>
      </symbol>
      <symbol id="sm-1627">
         <name>__aeabi_ddiv</name>
         <value>0x13c69</value>
         <object_component_ref idref="oc-5e5"/>
      </symbol>
      <symbol id="sm-1632">
         <name>__aeabi_dmul</name>
         <value>0x141d7</value>
         <object_component_ref idref="oc-5e0"/>
      </symbol>
      <symbol id="sm-163c">
         <name>__aeabi_d2iz</name>
         <value>0x1527d</value>
         <object_component_ref idref="oc-5ef"/>
      </symbol>
      <symbol id="sm-1646">
         <name>__aeabi_i2d</name>
         <value>0x155ad</value>
         <object_component_ref idref="oc-5fa"/>
      </symbol>
      <symbol id="sm-165c">
         <name>__aeabi_errno_addr</name>
         <value>0x15a35</value>
         <object_component_ref idref="oc-57b"/>
      </symbol>
      <symbol id="sm-165d">
         <name>errno</name>
         <value>0x2000d0ac</value>
         <object_component_ref idref="oc-63b"/>
      </symbol>
      <symbol id="sm-1667">
         <name>copysign</name>
         <value>0x15915</value>
         <object_component_ref idref="oc-66a"/>
      </symbol>
      <symbol id="sm-1668">
         <name>copysignl</name>
         <value>0x15915</value>
         <object_component_ref idref="oc-66a"/>
      </symbol>
      <symbol id="sm-1669">
         <name>__TI_static_base__</name>
         <value>0x0</value>
      </symbol>
      <symbol id="sm-166c">
         <name>__mpu_init</name>
         <value>0x0</value>
      </symbol>
      <symbol id="sm-166d">
         <name>_system_post_cinit</name>
         <value>0x0</value>
      </symbol>
      <symbol id="sm-166e">
         <name>NMI_Handler</name>
         <value>0x159c5</value>
      </symbol>
      <symbol id="sm-166f">
         <name>HardFault_Handler</name>
         <value>0x159c5</value>
      </symbol>
      <symbol id="sm-1670">
         <name>MemManage_Handler</name>
         <value>0x159c5</value>
      </symbol>
      <symbol id="sm-1671">
         <name>BusFault_Handler</name>
         <value>0x159c5</value>
      </symbol>
      <symbol id="sm-1672">
         <name>UsageFault_Handler</name>
         <value>0x159c5</value>
      </symbol>
      <symbol id="sm-1673">
         <name>SVC_Handler</name>
         <value>0x159c5</value>
      </symbol>
      <symbol id="sm-1674">
         <name>DebugMon_Handler</name>
         <value>0x159c5</value>
      </symbol>
      <symbol id="sm-1675">
         <name>PendSV_Handler</name>
         <value>0x15095</value>
      </symbol>
      <symbol id="sm-1676">
         <name>SysTick_Handler</name>
         <value>0x106a1</value>
      </symbol>
      <symbol id="sm-1677">
         <name>PSS_IRQHandler</name>
         <value>0x159c5</value>
      </symbol>
      <symbol id="sm-1678">
         <name>CS_IRQHandler</name>
         <value>0x159c5</value>
      </symbol>
      <symbol id="sm-1679">
         <name>PCM_IRQHandler</name>
         <value>0x159c5</value>
      </symbol>
      <symbol id="sm-167a">
         <name>WDT_A_IRQHandler</name>
         <value>0x159c5</value>
      </symbol>
      <symbol id="sm-167b">
         <name>FPU_IRQHandler</name>
         <value>0x159c5</value>
      </symbol>
      <symbol id="sm-167c">
         <name>FLCTL_IRQHandler</name>
         <value>0x159c5</value>
      </symbol>
      <symbol id="sm-167d">
         <name>COMP_E0_IRQHandler</name>
         <value>0x159c5</value>
      </symbol>
      <symbol id="sm-167e">
         <name>COMP_E1_IRQHandler</name>
         <value>0x159c5</value>
      </symbol>
      <symbol id="sm-167f">
         <name>TA0_0_IRQHandler</name>
         <value>0x159c5</value>
      </symbol>
      <symbol id="sm-1680">
         <name>TA0_N_IRQHandler</name>
         <value>0x159c5</value>
      </symbol>
      <symbol id="sm-1681">
         <name>TA1_0_IRQHandler</name>
         <value>0x159c5</value>
      </symbol>
      <symbol id="sm-1682">
         <name>TA1_N_IRQHandler</name>
         <value>0x159c5</value>
      </symbol>
      <symbol id="sm-1683">
         <name>TA2_0_IRQHandler</name>
         <value>0x159c5</value>
      </symbol>
      <symbol id="sm-1684">
         <name>TA2_N_IRQHandler</name>
         <value>0x159c5</value>
      </symbol>
      <symbol id="sm-1685">
         <name>TA3_0_IRQHandler</name>
         <value>0x159c5</value>
      </symbol>
      <symbol id="sm-1686">
         <name>TA3_N_IRQHandler</name>
         <value>0x159c5</value>
      </symbol>
      <symbol id="sm-1687">
         <name>EUSCIA0_IRQHandler</name>
         <value>0x159c5</value>
      </symbol>
      <symbol id="sm-1688">
         <name>EUSCIA1_IRQHandler</name>
         <value>0x159c5</value>
      </symbol>
      <symbol id="sm-1689">
         <name>EUSCIA2_IRQHandler</name>
         <value>0x159c5</value>
      </symbol>
      <symbol id="sm-168a">
         <name>EUSCIA3_IRQHandler</name>
         <value>0x159c5</value>
      </symbol>
      <symbol id="sm-168b">
         <name>EUSCIB0_IRQHandler</name>
         <value>0x159c5</value>
      </symbol>
      <symbol id="sm-168c">
         <name>EUSCIB1_IRQHandler</name>
         <value>0x124a5</value>
      </symbol>
      <symbol id="sm-168d">
         <name>EUSCIB2_IRQHandler</name>
         <value>0x159c5</value>
      </symbol>
      <symbol id="sm-168e">
         <name>EUSCIB3_IRQHandler</name>
         <value>0x159c5</value>
      </symbol>
      <symbol id="sm-168f">
         <name>ADC14_IRQHandler</name>
         <value>0x159c5</value>
      </symbol>
      <symbol id="sm-1690">
         <name>T32_INT1_IRQHandler</name>
         <value>0x159c5</value>
      </symbol>
      <symbol id="sm-1691">
         <name>T32_INT2_IRQHandler</name>
         <value>0x159c5</value>
      </symbol>
      <symbol id="sm-1692">
         <name>T32_INTC_IRQHandler</name>
         <value>0x159c5</value>
      </symbol>
      <symbol id="sm-1693">
         <name>AES256_IRQHandler</name>
         <value>0x159c5</value>
      </symbol>
      <symbol id="sm-1694">
         <name>RTC_C_IRQHandler</name>
         <value>0x159c5</value>
      </symbol>
      <symbol id="sm-1695">
         <name>DMA_ERR_IRQHandler</name>
         <value>0x159c5</value>
      </symbol>
      <symbol id="sm-1696">
         <name>DMA_INT3_IRQHandler</name>
         <value>0x159c5</value>
      </symbol>
      <symbol id="sm-1697">
         <name>DMA_INT2_IRQHandler</name>
         <value>0x159c5</value>
      </symbol>
      <symbol id="sm-1698">
         <name>DMA_INT1_IRQHandler</name>
         <value>0x159c5</value>
      </symbol>
      <symbol id="sm-1699">
         <name>DMA_INT0_IRQHandler</name>
         <value>0x159c5</value>
      </symbol>
      <symbol id="sm-169a">
         <name>PORT1_IRQHandler</name>
         <value>0x159c5</value>
      </symbol>
      <symbol id="sm-169b">
         <name>PORT2_IRQHandler</name>
         <value>0x159c5</value>
      </symbol>
      <symbol id="sm-169c">
         <name>PORT3_IRQHandler</name>
         <value>0x159c5</value>
      </symbol>
      <symbol id="sm-169d">
         <name>PORT4_IRQHandler</name>
         <value>0x159c5</value>
      </symbol>
      <symbol id="sm-169e">
         <name>PORT5_IRQHandler</name>
         <value>0x159c5</value>
      </symbol>
      <symbol id="sm-169f">
         <name>PORT6_IRQHandler</name>
         <value>0x159c5</value>
      </symbol>
   </symbol_table>
   <title>Link successful</title>
</link_info>
