******************************************************************************
                  TI ARM Linker PC v18.1.4                     
******************************************************************************
>> Linked Fri Apr  3 16:20:32 2020

OUTPUT FILE NAME:   <lab4.out>
ENTRY POINT SYMBOL: "_c_int00_noargs"  address: 0001547d


MEMORY CONFIGURATION

         name            origin    length      used     unused   attr    fill
----------------------  --------  ---------  --------  --------  ----  --------
  MAIN                  00000000   00040000  000162d4  00029d2c  R  X
  INFO                  00200000   00004000  00000000  00004000  R  X
  SRAM_CODE             01000000   00010000  0000d2b3  00002d4d  RW X
  SRAM_DATA             20000000   00010000  0000d2b3  00002d4d  RW  


SEGMENT ALLOCATION MAP

run origin  load origin   length   init length attrs members
----------  ----------- ---------- ----------- ----- -------
00000000    00000000    000162d8   000162d8    r-x
  00000000    00000000    000000e4   000000e4    r-- .intvecs
  000000e4    000000e4    0001599a   0001599a    r-x .text
  00015a80    00015a80    000007c6   000007c6    r-- .const
  00016248    00016248    00000090   00000090    r-- .cinit
20000000    20000000    0000d0b4   00000000    rw-
  20000000    20000000    0000cc23   00000000    rw- .bss
  2000cc24    2000cc24    00000490   00000000    rw- .data
2000fe00    2000fe00    00000200   00000000    rw-
  2000fe00    2000fe00    00000200   00000000    rw- .stack


SECTION ALLOCATION MAP

 output                                  attributes/
section   page    origin      length       input sections
--------  ----  ----------  ----------   ----------------
.intvecs   0    00000000    000000e4     
                  00000000    000000e4     startup_msp432p401r_ccs.obj (.intvecs:retain)

.text      0    000000e4    0001599a     
                  000000e4    0000d5e0     bmi160.obj (.text)
                  0000d6c4    00001810     bme280.obj (.text)
                  0000eed4    00000c28     bmi160_support.obj (.text)
                  0000fafc    00000a5e     rtsv7M4_T_le_v4SPD16_eabi.lib : _printfi.c.obj (.text:__TI_printfi)
                  0001055a    00000002                                   : div0.asm.obj (.text)
                  0001055c    000008a0     G8RTOS_Scheduler.obj (.text)
                  00010dfc    0000074c     Threads.obj (.text)
                  00011548    0000070c     LCD.obj (.text)
                  00011c54    000005b8     main.obj (.text)
                  0001220c    00000360     i2c_driver.obj (.text)
                  0001256c    00000334     system_msp432p401r.obj (.text)
                  000128a0    000002f8     BackChannelUart.obj (.text)
                  00012b98    000002e0     bme280_support.obj (.text)
                  00012e78    00000270     rtsv7M4_T_le_v4SPD16_eabi.lib : _printfi.c.obj (.text:_pconv_a)
                  000130e8    00000234     tmp007.obj (.text)
                  0001331c    000001d0     rtsv7M4_T_le_v4SPD16_eabi.lib : _printfi.c.obj (.text:_pconv_g)
                  000134ec    000001b6                                   : fd_add_t2.asm.obj (.text)
                  000136a2    00000002     --HOLE-- [fill = 0]
                  000136a4    00000188     G8RTOS_IPC.obj (.text)
                  0001382c    00000188     led.obj (.text)
                  000139b4    00000178     Joystick.obj (.text)
                  00013b2c    0000013c     rtsv7M4_T_le_v4SPD16_eabi.lib : _printfi.c.obj (.text:_pconv_e)
                  00013c68    00000136                                   : fd_div_t2.asm.obj (.text)
                  00013d9e    00000002     --HOLE-- [fill = 0]
                  00013da0    00000124                                   : _printfi.c.obj (.text:fcvt)
                  00013ec4    00000110                                   : s_scalbn.c.obj (.text:scalbn)
                  00013fd4    00000104     msp432p4xx_driverlib.lib : cs.o (.text:CS_getDCOFrequency)
                  000140d8    000000fe     opt3001.obj (.text)
                  000141d6    000000fc     rtsv7M4_T_le_v4SPD16_eabi.lib : fd_mul_t2.asm.obj (.text)
                  000142d2    00000002     --HOLE-- [fill = 0]
                  000142d4    000000e0     msp432p4xx_driverlib.lib : cs.o (.text:CS_initClockSignal)
                  000143b4    000000dc                              : pcm.o (.text:__PCM_setPowerModeAdvanced)
                  00014490    000000b1     rtsv7M4_T_le_v4SPD16_eabi.lib : _printfi.c.obj (.text:_ltostr)
                  00014541    00000003     --HOLE-- [fill = 0]
                  00014544    000000b0     msp432p4xx_driverlib.lib : pcm.o (.text:__PCM_setCoreVoltageLevelAdvanced)
                  000145f4    000000a4     LCD.obj (.text:PutChar)
                  00014698    000000a0     G8RTOS_Semaphores.obj (.text)
                  00014738    0000009c     msp432p4xx_driverlib.lib : cs.o (.text:CS_startHFXTWithTimeout)
                  000147d4    0000009c                              : cs.o (.text:_CSComputeCLKFrequency)
                  00014870    0000009c     rtsv7M4_T_le_v4SPD16_eabi.lib : memcpy_t2.asm.obj (.text)
                  0001490c    00000096                                   : ull_div_t2.asm.obj (.text)
                  000149a2    00000002     --HOLE-- [fill = 0]
                  000149a4    00000094     msp432p4xx_driverlib.lib : uart.o (.text:UART_initModule)
                  00014a38    00000086     rtsv7M4_T_le_v4SPD16_eabi.lib : fd_cmp_t2.asm.obj (.text:__aeabi_cdcmple)
                  00014abe    00000086                                   : fd_cmp_t2.asm.obj (.text:__aeabi_cdrcmple)
                  00014b44    00000084     ClockSys.obj (.text)
                  00014bc8    0000007a     rtsv7M4_T_le_v4SPD16_eabi.lib : memset_t2.asm.obj (.text)
                  00014c42    00000002     --HOLE-- [fill = 0]
                  00014c44    00000070     msp432p4xx_driverlib.lib : cs.o (.text:_CSGetHFXTFrequency)
                  00014cb4    0000006e     rtsv7M4_T_le_v4SPD16_eabi.lib : _printfi.c.obj (.text:_mcpy)
                  00014d22    0000006e                                   : ll_div_t2.asm.obj (.text)
                  00014d90    00000068                                   : copy_decompress_lzss.c.obj (.text:decompress:lzss:__TI_decompress_lzss)
                  00014df8    00000064     msp432p4xx_driverlib.lib : interrupt.o (.text:Interrupt_disableInterrupt)
                  00014e5c    00000064                              : interrupt.o (.text:Interrupt_enableInterrupt)
                  00014ec0    00000064     rtsv7M4_T_le_v4SPD16_eabi.lib : s_frexp.c.obj (.text:frexp)
                  00014f24    00000056                                   : _printfi.c.obj (.text:_pconv_f)
                  00014f7a    00000054                                   : ltoa.c.obj (.text:ltoa)
                  00014fce    00000052                                   : _printfi.c.obj (.text:_ecpy)
                  00015020    00000050     msp432p4xx_driverlib.lib : sysctl.o (.text:SysCtl_getTLVInfo)
                  00015070    0000004c     G8RTOS_SchedulerASM.obj (.text)
                  000150bc    0000004c     msp432p4xx_driverlib.lib : gpio.o (.text:GPIO_setAsPeripheralModuleFunctionOutputPin)
                  00015108    0000004c                              : cs.o (.text:_CSGetDOCFrequency)
                  00015154    0000004c     rtsv7M4_T_le_v4SPD16_eabi.lib : atoi.c.obj (.text:atoi)
                  000151a0    0000004c                                   : snprintf.c.obj (.text:snprintf)
                  000151ec    00000048     msp432p4xx_driverlib.lib : gpio.o (.text:GPIO_setAsPeripheralModuleFunctionInputPin)
                  00015234    00000048                              : cs.o (.text:_CSGetDividerValue)
                  0001527c    00000048     rtsv7M4_T_le_v4SPD16_eabi.lib : fd_toi_t2.asm.obj (.text)
                  000152c4    00000044                                   : autoinit.c.obj (.text:__TI_auto_init_nobinit_nopinit:__TI_auto_init_nobinit_nopinit)
                  00015308    00000040     AsciiLib.obj (.text)
                  00015348    00000040     LCD.obj (.text:LCD_WriteData)
                  00015388    00000040     rtsv7M4_T_le_v4SPD16_eabi.lib : u_divt2.asm.obj (.text)
                  000153c8    0000003e     msp432p4xx_driverlib.lib : i2c.o (.text:I2C_initMaster)
                  00015406    0000003e     rtsv7M4_T_le_v4SPD16_eabi.lib : _printfi.c.obj (.text:_fcpy)
                  00015444    00000038     msp432p4xx_driverlib.lib : i2c.o (.text:I2C_masterSendMultiByteStart)
                  0001547c    00000038     rtsv7M4_T_le_v4SPD16_eabi.lib : boot_cortex_m.c.obj (.text:_c_int00_noargs:_c_int00_noargs)
                  000154b4    00000034     BSP.obj (.text)
                  000154e8    00000034     LCD.obj (.text:LCD_WriteIndex)
                  0001551c    00000030     msp432p4xx_driverlib.lib : i2c.o (.text:I2C_masterSendMultiByteStop)
                  0001554c    00000030     rtsv7M4_T_le_v4SPD16_eabi.lib : snprintf.c.obj (.text:_outs)
                  0001557c    00000030     msp432p4xx_driverlib.lib : spi.o (.text:is_A_Module)
                  000155ac    0000002e     rtsv7M4_T_le_v4SPD16_eabi.lib : i_tofd_t2.asm.obj (.text)
                  000155da    0000002c     msp432p4xx_driverlib.lib : pcm.o (.text:PCM_getCoreVoltageLevel)
                  00015606    0000002a                              : pcm.o (.text:PCM_getPowerMode)
                  00015630    00000028                              : flash.o (.text:FlashCtl_setWaitState)
                  00015658    00000028                              : pcm.o (.text:PCM_gotoLPM0)
                  00015680    00000028     LCD.obj (.text:SPISendRecvByte)
                  000156a8    00000026     demo_sysctl.obj (.text)
                  000156ce    00000002     --HOLE-- [fill = 0]
                  000156d0    00000024     msp432p4xx_driverlib.lib : cs.o (.text:CS_clearInterruptFlag)
                  000156f4    00000024                              : i2c.o (.text:I2C_masterSendMultiByteNext)
                  00015718    00000024                              : interrupt.o (.text:Interrupt_setPriority)
                  0001573c    00000024                              : uart.o (.text:UART_transmitData)
                  00015760    00000020     LCD.obj (.text:LCD_SetCursor)
                  00015780    00000020     LCD.obj (.text:LCD_Write_Data_Only)
                  000157a0    00000020     msp432p4xx_driverlib.lib : spi.o (.text:SPI_transmitData)
                  000157c0    0000001c                              : spi.o (.text:EUSCI_B_SPI_isBusy)
                  000157dc    0000001c     LCD.obj (.text:LCD_WriteReg)
                  000157f8    0000001c     rtsv7M4_T_le_v4SPD16_eabi.lib : memccpy.c.obj (.text:memccpy)
                  00015814    0000001a     msp432p4xx_driverlib.lib : spi.o (.text:SPI_receiveData)
                  0001582e    00000002     --HOLE-- [fill = 0]
                  00015830    00000018                              : cs.o (.text:CS_getMCLK)
                  00015848    00000018                              : cs.o (.text:CS_getSMCLK)
                  00015860    00000018                              : wdt_a.o (.text:WDT_A_clearTimer)
                  00015878    00000018                              : wdt_a.o (.text:WDT_A_holdTimer)
                  00015890    00000018     rtsv7M4_T_le_v4SPD16_eabi.lib : snprintf.c.obj (.text:_outc)
                  000158a8    00000018                                   : ll_mul_t2.asm.obj (.text)
                  000158c0    00000016                                   : strchr.c.obj (.text:strchr)
                  000158d6    00000002     --HOLE-- [fill = 0]
                  000158d8    00000014     msp432p4xx_driverlib.lib : cs.o (.text:CS_setExternalClockSourceFrequency)
                  000158ec    00000014                              : i2c.o (.text:I2C_isBusBusy)
                  00015900    00000014                              : systick.o (.text:SysTick_enableInterrupt)
                  00015914    00000014     rtsv7M4_T_le_v4SPD16_eabi.lib : s_copysign.c.obj (.text:copysign)
                  00015928    00000014                                   : strlen.c.obj (.text:strlen)
                  0001593c    00000012                                   : wcslen.c.obj (.text:wcslen)
                  0001594e    00000010     msp432p4xx_driverlib.lib : i2c.o (.text:I2C_masterReceiveStart)
                  0001595e    00000002     --HOLE-- [fill = 0]
                  00015960    00000010                              : sysctl.o (.text:SysCtl_disableNMISource)
                  00015970    00000010                              : sysctl.o (.text:SysCtl_enableNMISource)
                  00015980    0000000e     G8RTOS_CriticalSection.obj (.text)
                  0001598e    0000000e     msp432p4xx_driverlib.lib : i2c.o (.text:I2C_clearInterruptFlag)
                  0001599c    0000000e                              : i2c.o (.text:I2C_disableInterrupt)
                  000159aa    0000000e     rtsv7M4_T_le_v4SPD16_eabi.lib : copy_decompress_none.c.obj (.text:decompress:none:__TI_decompress_none)
                  000159b8    0000000e     startup_msp432p401r_ccs.obj (.text)
                  000159c6    0000000c     msp432p4xx_driverlib.lib : i2c.o (.text:I2C_disableModule)
                  000159d2    0000000c                              : i2c.o (.text:I2C_enableModule)
                  000159de    00000002     --HOLE-- [fill = 0]
                  000159e0    0000000c                              : pcm.o (.text:PCM_getPowerState)
                  000159ec    0000000c                              : sysctl.o (.text:SysCtl_getNMISourceStatus)
                  000159f8    0000000c                              : uart.o (.text:UART_enableModule)
                  00015a04    0000000c     rtsv7M4_T_le_v4SPD16_eabi.lib : copy_zero_init.c.obj (.text:decompress:ZI:__TI_zero_init)
                  00015a10    0000000a     LCD.obj (.text:LCD_Write_Data_Start)
                  00015a1a    00000008     msp432p4xx_driverlib.lib : i2c.o (.text:I2C_enableInterrupt)
                  00015a22    00000008                              : pcm.o (.text:PCM_setCoreVoltageLevel)
                  00015a2a    00000008                              : pcm.o (.text:PCM_setPowerMode)
                  00015a32    00000002     --HOLE-- [fill = 0]
                  00015a34    00000008     rtsv7M4_T_le_v4SPD16_eabi.lib : errno.c.obj (.text:__aeabi_errno_addr)
                  00015a3c    00000006     msp432p4xx_driverlib.lib : cs.o (.text:CS_startHFXT)
                  00015a42    00000006                              : spi.o (.text:EUSCI_A_SPI_receiveData)
                  00015a48    00000006                              : spi.o (.text:EUSCI_B_SPI_receiveData)
                  00015a4e    00000006                              : i2c.o (.text:I2C_getEnabledInterruptStatus)
                  00015a54    00000006                              : i2c.o (.text:I2C_getInterruptStatus)
                  00015a5a    00000006                              : i2c.o (.text:I2C_masterReceiveMultiByteNext)
                  00015a60    00000006     demo_sysctl.obj (.text:SysCtlDelay)
                  00015a66    00000004     msp432p4xx_driverlib.lib : cpu.o (.text:CPU_wfi)
                  00015a6a    00000004                              : spi.o (.text:EUSCI_A_SPI_transmitData)
                  00015a6e    00000004                              : spi.o (.text:EUSCI_B_SPI_transmitData)
                  00015a72    00000004                              : i2c.o (.text:I2C_setSlaveAddress)
                  00015a76    00000004     rtsv7M4_T_le_v4SPD16_eabi.lib : pre_init.c.obj (.text:_system_pre_init)
                  00015a7a    00000004                                   : exit.c.obj (.text:abort:abort)

.const     0    00015a80    000007c6     
                  00015a80    000005f0     AsciiLib.obj (.const:AsciiLib)
                  00016070    00000101     rtsv7M4_T_le_v4SPD16_eabi.lib : ctype.c.obj (.const:.string:_ctypes_)
                  00016171    00000003     bmi160.obj (.const:.string:INVALID_OFFSET)
                  00016174    00000050     msp432p4xx_driverlib.lib : interrupt.o (.const:g_pulRegs)
                  000161c4    00000040                              : interrupt.o (.const)
                  00016204    00000024     BackChannelUart.obj (.const:backChannelUart115200Config)
                  00016228    0000000c     bmi160.obj (.const:yas532_version_ac_coef)
                  00016234    00000008     bmi160.obj (.const:v_calib_data$2)
                  0001623c    00000005     bme280_support.obj (.const:.string:$P$T0$1)
                  00016241    00000005     bmi160.obj (.const:.string:v_correct_u8$1)

.cinit     0    00016248    00000090     
                  00016248    00000066     (.cinit..data.load) [load image, compression = lzss]
                  000162ae    00000002     --HOLE-- [fill = 0]
                  000162b0    0000000c     (__TI_handler_table)
                  000162bc    00000004     --HOLE-- [fill = 0]
                  000162c0    00000008     (.cinit..bss.load) [load image, compression = zero_init]
                  000162c8    00000010     (__TI_cinit_table)

.init_array 
*          0    00000000    00000000     UNINITIALIZED

.binit     0    00000000    00000000     

.bss       0    20000000    0000cc23     UNINITIALIZED
                  20000000    0000b800     (.common:threadStacks)
                  2000b800    00000450     (.common:threadControlBlocks)
                  2000bc50    0000036c     (.common:accel_fifo)
                  2000bfbc    0000036c     (.common:gyro_fifo)
                  2000c328    0000036c     (.common:mag_fifo)
                  2000c694    000001e0     (.common:all_the_balls)
                  2000c874    00000150     G8RTOS_IPC.obj (.bss:FIFOs)
                  2000c9c4    00000100     BackChannelUart.obj (.bss:backChannelStringBuff)
                  2000cac4    00000070     bmi160.obj (.bss:yas532_data)
                  2000cb34    0000003c     (.common:bme280)
                  2000cb70    00000030     (.common:Pthread)
                  2000cba0    00000014     (.common:s_bmi160)
                  2000cbb4    00000010     bmi160.obj (.bss:mag_trim)
                  2000cbc4    0000000c     G8RTOS_Scheduler.obj (.bss)
                  2000cbd0    00000006     (.common:accelxyz)
                  2000cbd6    00000006     (.common:gyroxyz)
                  2000cbdc    00000004     bme280.obj (.bss)
                  2000cbe0    00000004     bmi160.obj (.bss)
                  2000cbe4    00000004     tmp007.obj (.bss:buf)
                  2000cbe8    00000004     (.common:ButtonFunction)
                  2000cbec    00000004     (.common:CurrentlyRunningThread)
                  2000cbf0    00000004     (.common:LCDMutex)
                  2000cbf4    00000004     (.common:SystemTime)
                  2000cbf8    00000004     (.common:g_ui32ByteCount)
                  2000cbfc    00000004     (.common:hfxtFreq)
                  2000cc00    00000004     (.common:lfxtFreq)
                  2000cc04    00000004     (.common:pData)
                  2000cc08    00000004     (.common:posFIFO)
                  2000cc0c    00000004     (.common:sensorMutex)
                  2000cc10    00000004     (.common:tempNextThread)
                  2000cc14    00000003     bmi160.obj (.bss:akm_asa_data)
                  2000cc17    00000001     (.common:ui8DummyRead)
                  2000cc18    00000002     tmp007.obj (.bss)
                  2000cc1a    00000002     (.common:accelerometerX)
                  2000cc1c    00000002     (.common:accelerometerY)
                  2000cc1e    00000002     (.common:x_joystick_pos)
                  2000cc20    00000002     (.common:y_joystick_pos)
                  2000cc22    00000001     (.common:ui8Status)

.data      0    2000cc24    00000490     UNINITIALIZED
                  2000cc24    00000400     bmi160.obj (.data:v_fifo_data_u8)
                  2000d024    00000030     msp432p4xx_driverlib.lib : gpio.o (.data:GPIO_PORT_TO_BASE)
                  2000d054    0000002a     Threads.obj (.data:COLOR_MATRIX)
                  2000d07e    00000001     i2c_driver.obj (.data)
                  2000d07f    00000001     --HOLE--
                  2000d080    00000014     i2c_driver.obj (.data:i2cConfig)
                  2000d094    0000000a     Threads.obj (.data)
                  2000d09e    00000002     --HOLE--
                  2000d0a0    00000008     bmi160.obj (.data)
                  2000d0a8    00000004     Threads.obj (.data:posdata)
                  2000d0ac    00000004     rtsv7M4_T_le_v4SPD16_eabi.lib : errno.c.obj (.data)
                  2000d0b0    00000004     system_msp432p401r.obj (.data)

.stack     0    2000fe00    00000200     UNINITIALIZED
                  2000fe00    00000004     rtsv7M4_T_le_v4SPD16_eabi.lib : boot_cortex_m.c.obj (.stack)
                  2000fe04    000001fc     --HOLE--

MODULE SUMMARY

       Module                        code    ro data   rw data
       ------                        ----    -------   -------
    .\
       Threads.obj                   1868    0         1128   
       main.obj                      1464    0         0      
       system_msp432p401r.obj        820     0         8      
       startup_msp432p401r_ccs.obj   14      228       0      
    +--+-----------------------------+-------+---------+---------+
       Total:                        4166    228       1136   
                                                              
    .\BoardSupportPackage\src\
       bmi160.obj                    54752   28        7590   
       bme280.obj                    6160    0         8      
       bmi160_support.obj            3112    0         64     
       AsciiLib.obj                  64      1520      0      
       BackChannelUart.obj           760     36        512    
       i2c_driver.obj                864     0         62     
       bme280_support.obj            736     5         120    
       tmp007.obj                    564     0         12     
       Joystick.obj                  376     0         8      
       opt3001.obj                   254     0         0      
       ClockSys.obj                  132     0         0      
       BSP.obj                       52      0         0      
       demo_sysctl.obj               44      0         0      
    +--+-----------------------------+-------+---------+---------+
       Total:                        67870   1589      8376   
                                                              
    .\G8RTOS_Lab3\
       G8RTOS_Scheduler.obj          2208    0         96544  
       G8RTOS_IPC.obj                392     0         672    
       G8RTOS_Semaphores.obj         160     0         0      
       G8RTOS_SchedulerASM.obj       76      0         0      
       G8RTOS_CriticalSection.obj    14      0         0      
    +--+-----------------------------+-------+---------+---------+
       Total:                        2850    0         97216  
                                                              
    .\LCD\
       LCD.obj                       2226    0         0      
    +--+-----------------------------+-------+---------+---------+
       Total:                        2226    0         0      
                                                              
    .\led\
       led.obj                       392     0         0      
    +--+-----------------------------+-------+---------+---------+
       Total:                        392     0         0      
                                                              
    ../BoardSupportPackage/DriverLib/msp432p4xx_driverlib.lib
       cs.o                          1166    0         16     
       pcm.o                         550     0         0      
       interrupt.o                   236     144       0      
       i2c.o                         320     0         0      
       gpio.o                        148     0         96     
       uart.o                        196     0         0      
       spi.o                         154     0         0      
       sysctl.o                      124     0         0      
       wdt_a.o                       48      0         0      
       flash.o                       40      0         0      
       systick.o                     20      0         0      
       cpu.o                         4       0         0      
    +--+-----------------------------+-------+---------+---------+
       Total:                        3006    144       112    
                                                              
    C:\ti\ccsv8\tools\compiler\ti-cgt-arm_18.1.4.LTS\lib\rtsv7M4_T_le_v4SPD16_eabi.lib
       _printfi.c.obj                4867    0         0      
       fd_add_t2.asm.obj             438     0         0      
       fd_div_t2.asm.obj             310     0         0      
       s_scalbn.c.obj                272     0         0      
       fd_cmp_t2.asm.obj             268     0         0      
       ctype.c.obj                   0       257       0      
       fd_mul_t2.asm.obj             252     0         0      
       memcpy_t2.asm.obj             156     0         0      
       ull_div_t2.asm.obj            150     0         0      
       snprintf.c.obj                148     0         0      
       memset_t2.asm.obj             122     0         0      
       ll_div_t2.asm.obj             110     0         0      
       copy_decompress_lzss.c.obj    104     0         0      
       s_frexp.c.obj                 100     0         0      
       ltoa.c.obj                    84      0         0      
       atoi.c.obj                    76      0         0      
       fd_toi_t2.asm.obj             72      0         0      
       autoinit.c.obj                68      0         0      
       u_divt2.asm.obj               64      0         0      
       boot_cortex_m.c.obj           56      0         0      
       i_tofd_t2.asm.obj             46      0         0      
       memccpy.c.obj                 28      0         0      
       ll_mul_t2.asm.obj             24      0         0      
       strchr.c.obj                  22      0         0      
       s_copysign.c.obj              20      0         0      
       strlen.c.obj                  20      0         0      
       wcslen.c.obj                  18      0         0      
       errno.c.obj                   8       0         8      
       copy_decompress_none.c.obj    14      0         0      
       copy_zero_init.c.obj          12      0         0      
       exit.c.obj                    4       0         0      
       pre_init.c.obj                4       0         0      
       div0.asm.obj                  2       0         0      
    +--+-----------------------------+-------+---------+---------+
       Total:                        7939    257       8      
                                                              
       Stack:                        0       0         1024   
       Linker Generated:             0       138       0      
    +--+-----------------------------+-------+---------+---------+
       Grand Total:                  88449   2356      107872 


LINKER GENERATED COPY TABLES

__TI_cinit_table @ 000162c8 records: 2, size/record: 8, table size: 16
	.data: load addr=00016248, load size=00000066 bytes, run addr=2000cc24, run size=00000490 bytes, compression=lzss
	.bss: load addr=000162c0, load size=00000008 bytes, run addr=20000000, run size=0000cc23 bytes, compression=zero_init


LINKER GENERATED HANDLER TABLE

__TI_handler_table @ 000162b0 records: 3, size/record: 4, table size: 12
	index: 0, handler: __TI_decompress_lzss
	index: 1, handler: __TI_decompress_none
	index: 2, handler: __TI_zero_init


GLOBAL SYMBOLS: SORTED ALPHABETICALLY BY Name 

address   name                                                  
-------   ----                                                  
000159c5  ADC14_IRQHandler                                      
000159c5  AES256_IRQHandler                                     
00010dfd  Accel_Read                                            
00012d39  BME280_I2C_bus_read                                   
00012d0d  BME280_I2C_bus_write                                  
00012d65  BME280_SPI_bus_read                                   
00012dcb  BME280_SPI_bus_write                                  
00012e3b  BME280_delay_msek                                     
000154b5  BSP_InitBoard                                         
00012945  BackChannelEventTrigger                               
000128bf  BackChannelInit                                       
0001295d  BackChannelOpt3001PrintRaw                            
000128db  BackChannelPrint                                      
00012927  BackChannelPrintIntVariable                           
0001299f  BackupChannelBmi160PrintAccel                         
000129cb  BackupChannelBmi160PrintGyro                          
000129f7  BackupChannelBmi160PrintMag                           
00012979  BackupChannelTmp007PrintRaw                           
00011045  BallThread                                            
000159c5  BusFault_Handler                                      
2000cbe8  ButtonFunction                                        
00015a7b  C$$EXIT                                               
2000d054  COLOR_MATRIX                                          
000159c5  COMP_E0_IRQHandler                                    
000159c5  COMP_E1_IRQHandler                                    
00015a67  CPU_wfi                                               
000159c5  CS_IRQHandler                                         
000156d1  CS_clearInterruptFlag                                 
00013fd5  CS_getDCOFrequency                                    
00015831  CS_getMCLK                                            
00015849  CS_getSMCLK                                           
000142d5  CS_initClockSignal                                    
000158d9  CS_setExternalClockSourceFrequency                    
00015a3d  CS_startHFXT                                          
00014739  CS_startHFXTWithTimeout                               
00014bb3  ClockSys_GetSysFreq                                   
00014b45  ClockSys_SetMaxFreq                                   
2000cbec  CurrentlyRunningThread                                
000159c5  DMA_ERR_IRQHandler                                    
000159c5  DMA_INT0_IRQHandler                                   
000159c5  DMA_INT1_IRQHandler                                   
000159c5  DMA_INT2_IRQHandler                                   
000159c5  DMA_INT3_IRQHandler                                   
000159c5  DebugMon_Handler                                      
000159c5  Default_Handler                                       
000156a9  DelayMs                                               
00013a95  Disable_Joystick_Interrupt                            
000159c5  EUSCIA0_IRQHandler                                    
000159c5  EUSCIA1_IRQHandler                                    
000159c5  EUSCIA2_IRQHandler                                    
000159c5  EUSCIA3_IRQHandler                                    
000159c5  EUSCIB0_IRQHandler                                    
000124a5  EUSCIB1_IRQHandler                                    
000124a5  EUSCIB1_IRQHandler                                    
000159c5  EUSCIB2_IRQHandler                                    
000159c5  EUSCIB3_IRQHandler                                    
00015a43  EUSCI_A_SPI_receiveData                               
00015a6b  EUSCI_A_SPI_transmitData                              
000157c1  EUSCI_B_SPI_isBusy                                    
00015a49  EUSCI_B_SPI_receiveData                               
00015a6f  EUSCI_B_SPI_transmitData                              
00015989  EndCriticalSection                                    
000159c5  FLCTL_IRQHandler                                      
000159c5  FPU_IRQHandler                                        
00015631  FlashCtl_setWaitState                                 
00010bfd  G8RTOS_AddAPeriodicEvent                              
00010b09  G8RTOS_AddPeriodicEvent                               
0001082d  G8RTOS_AddThread                                      
00010d8f  G8RTOS_GetThreadId                                    
00010749  G8RTOS_Init                                           
000136a5  G8RTOS_InitFIFO                                       
00014699  G8RTOS_InitSemaphore                                  
00010c6d  G8RTOS_KillSelf                                       
00010cc3  G8RTOS_KillThread                                     
00010775  G8RTOS_Launch                                         
0001062f  G8RTOS_Scheduler                                      
000146ed  G8RTOS_SignalSemaphore                                
00015075  G8RTOS_Start                                          
000146b3  G8RTOS_WaitSemaphore                                  
000151ed  GPIO_setAsPeripheralModuleFunctionInputPin            
000150bd  GPIO_setAsPeripheralModuleFunctionOutputPin           
00015309  GetASCIICode                                          
00013aab  GetJoystickCoordinates                                
000159c5  HardFault_Handler                                     
0001598f  I2C_clearInterruptFlag                                
0001599d  I2C_disableInterrupt                                  
000159c7  I2C_disableModule                                     
00015a1b  I2C_enableInterrupt                                   
000159d3  I2C_enableModule                                      
00015a4f  I2C_getEnabledInterruptStatus                         
00015a55  I2C_getInterruptStatus                                
000153c9  I2C_initMaster                                        
000158ed  I2C_isBusBusy                                         
00015a5b  I2C_masterReceiveMultiByteNext                        
0001594f  I2C_masterReceiveStart                                
000156f5  I2C_masterSendMultiByteNext                           
00015445  I2C_masterSendMultiByteStart                          
0001551d  I2C_masterSendMultiByteStop                           
00012cdb  I2C_routine                                           
00015a73  I2C_setSlaveAddress                                   
00014df9  Interrupt_disableInterrupt                            
00014e5d  Interrupt_enableInterrupt                             
00015719  Interrupt_setPriority                                 
000139e1  Joystick_Init_Without_Interrupt                       
00013a3f  Joystick_Push_Button_Init_With_Interrupt              
2000cbf0  LCDMutex                                              
000117fb  LCD_Clear                                             
00011cfd  LCD_DEBUG                                             
00011615  LCD_DrawRectangle                                     
000118c1  LCD_Init                                              
00015761  LCD_SetCursor                                         
0001186d  LCD_SetPoint                                          
000113e5  LCD_Tap                                               
00011761  LCD_Text                                              
00015349  LCD_WriteData                                         
000154e9  LCD_WriteIndex                                        
000157dd  LCD_WriteReg                                          
00015781  LCD_Write_Data_Only                                   
00015a11  LCD_Write_Data_Start                                  
0001382d  LP3943_LEDModeSet                                     
000159c5  MemManage_Handler                                     
000159c5  NMI_Handler                                           
000159c5  PCM_IRQHandler                                        
000155db  PCM_getCoreVoltageLevel                               
00015607  PCM_getPowerMode                                      
000159e1  PCM_getPowerState                                     
00015659  PCM_gotoLPM0                                          
00015a23  PCM_setCoreVoltageLevel                               
00015a2b  PCM_setPowerMode                                      
000159c5  PORT1_IRQHandler                                      
000159c5  PORT2_IRQHandler                                      
000159c5  PORT3_IRQHandler                                      
000159c5  PORT4_IRQHandler                                      
000159c5  PORT5_IRQHandler                                      
000159c5  PORT6_IRQHandler                                      
000159c5  PSS_IRQHandler                                        
00015095  PendSV_Handler                                        
00015095  PendSV_Handler                                        
2000cb70  Pthread                                               
000145f5  PutChar                                               
000159c5  RTC_C_IRQHandler                                      
000159b9  Reset_Handler                                         
00015681  SPISendRecvByte                                       
00015815  SPI_receiveData                                       
00012cf7  SPI_routine                                           
000157a1  SPI_transmitData                                      
000159c5  SVC_Handler                                           
00015981  StartCriticalSection                                  
00015a61  SysCtlDelay                                           
00015961  SysCtl_disableNMISource                               
00015971  SysCtl_enableNMISource                                
000159ed  SysCtl_getNMISourceStatus                             
00015021  SysCtl_getTLVInfo                                     
000106a1  SysTick_Handler                                       
000106a1  SysTick_Handler                                       
00015901  SysTick_enableInterrupt                               
2000d0b0  SystemCoreClock                                       
0001256d  SystemCoreClockUpdate                                 
000127e5  SystemInit                                            
2000cbf4  SystemTime                                            
000159c5  T32_INT1_IRQHandler                                   
000159c5  T32_INT2_IRQHandler                                   
000159c5  T32_INTC_IRQHandler                                   
000159c5  TA0_0_IRQHandler                                      
000159c5  TA0_N_IRQHandler                                      
000159c5  TA1_0_IRQHandler                                      
000159c5  TA1_N_IRQHandler                                      
000159c5  TA2_0_IRQHandler                                      
000159c5  TA2_N_IRQHandler                                      
000159c5  TA3_0_IRQHandler                                      
000159c5  TA3_N_IRQHandler                                      
00011ae9  TP_ReadXY                                             
000159f9  UART_enableModule                                     
000149a5  UART_initModule                                       
0001573d  UART_transmitData                                     
000159c5  UsageFault_Handler                                    
2000d0a0  V_bmm150_maual_auto_condition_u8                      
2000d0a4  V_fifo_time_U32                                       
4000480c  WDTCTL_SYM                                            
000159c5  WDT_A_IRQHandler                                      
00015861  WDT_A_clearTimer                                      
00015879  WDT_A_holdTimer                                       
20010000  __STACK_END                                           
00000200  __STACK_SIZE                                          
000162c8  __TI_CINIT_Base                                       
000162d8  __TI_CINIT_Limit                                      
000162b0  __TI_Handler_Table_Base                               
000162bc  __TI_Handler_Table_Limit                              
000152c5  __TI_auto_init_nobinit_nopinit                        
00014d91  __TI_decompress_lzss                                  
000159ab  __TI_decompress_none                                  
ffffffff  __TI_pprof_out_hndl                                   
0000fafd  __TI_printfi                                          
ffffffff  __TI_prof_data_size                                   
ffffffff  __TI_prof_data_start                                  
00000000  __TI_static_base__                                    
00015a05  __TI_zero_init                                        
00014a39  __aeabi_cdcmpeq                                       
00014a39  __aeabi_cdcmple                                       
00014abf  __aeabi_cdrcmple                                      
0001527d  __aeabi_d2iz                                          
000134f7  __aeabi_dadd                                          
00013c69  __aeabi_ddiv                                          
000141d7  __aeabi_dmul                                          
000134ed  __aeabi_dsub                                          
00015a35  __aeabi_errno_addr                                    
000155ad  __aeabi_i2d                                           
0001055b  __aeabi_idiv0                                         
0001055b  __aeabi_ldiv0                                         
00014d23  __aeabi_ldivmod                                       
000158a9  __aeabi_lmul                                          
00014bc9  __aeabi_memclr                                        
00014bc9  __aeabi_memclr4                                       
00014bc9  __aeabi_memclr8                                       
00014871  __aeabi_memcpy                                        
00014871  __aeabi_memcpy4                                       
00014871  __aeabi_memcpy8                                       
00014bcb  __aeabi_memset                                        
00014bcb  __aeabi_memset4                                       
00014bcb  __aeabi_memset8                                       
00015389  __aeabi_uidiv                                         
00015389  __aeabi_uidivmod                                      
0001490d  __aeabi_uldivmod                                      
ffffffff  __binit__                                             
ffffffff  __c_args__                                            
UNDEFED   __mpu_init                                            
2000fe00  __stack                                               
0001547d  _c_int00_noargs                                       
00016070  _ctypes_                                              
UNDEFED   _system_post_cinit                                    
00015a77  _system_pre_init                                      
00015a7b  abort                                                 
2000bc50  accel_fifo                                            
2000cc1a  accelerometerX                                        
2000cc1c  accelerometerY                                        
2000cbd0  accelxyz                                              
2000c694  all_the_balls                                         
00015155  atoi                                                  
2000d098  ball_count                                            
ffffffff  binit                                                 
2000cb34  bme280                                                
0000da03  bme280_compensate_humidity_int32                      
0000dab9  bme280_compensate_humidity_int32_sixteen_bit_output   
0000d87d  bme280_compensate_pressure_int32                      
0000ec41  bme280_compensate_pressure_int64                      
0000ee43  bme280_compensate_pressure_int64_twentyfour_bit_output
0000d77b  bme280_compensate_temperature_int32                   
0000d7f3  bme280_compensate_temperature_int32_sixteen_bit_output
0000ee5d  bme280_compute_wait_time                              
00012b99  bme280_data_readout_template                          
0000dbd3  bme280_get_calib_param                                
0000e693  bme280_get_filter                                     
0000e9f7  bme280_get_forced_uncomp_pressure_temperature_humidity
0000e0ef  bme280_get_oversamp_humidity                          
0000df37  bme280_get_oversamp_pressure                          
0000dd75  bme280_get_oversamp_temperature                       
0000e2dd  bme280_get_power_mode                                 
0000e4e5  bme280_get_spi3                                       
0000e847  bme280_get_standby_durn                               
0000d6c5  bme280_init                                           
00012c85  bme280_initialize_sensor                              
0000db73  bme280_read_pressure_temperature_humidity             
0000ebfb  bme280_read_register                                  
0000d9ad  bme280_read_uncomp_humidity                           
0000d81d  bme280_read_uncomp_pressure                           
0000dae1  bme280_read_uncomp_pressure_temperature_humidity      
0000d71b  bme280_read_uncomp_temperature                        
0000e6e3  bme280_set_filter                                     
0000e149  bme280_set_oversamp_humidity                          
0000df93  bme280_set_oversamp_pressure                          
0000ddd1  bme280_set_oversamp_temperature                       
0000e32b  bme280_set_power_mode                                 
0000e4a5  bme280_set_soft_rst                                   
0000e533  bme280_set_spi3                                       
0000e897  bme280_set_standby_durn                               
0000ebb5  bme280_write_register                                 
00007511  bmi160_accel_foc_trigger_xyz                          
0000ac11  bmi160_bmm150_mag_compensate_X                        
0000acbb  bmi160_bmm150_mag_compensate_Y                        
0000ad65  bmi160_bmm150_mag_compensate_Z                        
0000abb5  bmi160_bmm150_mag_compensate_xyz                      
0000ae05  bmi160_bmm150_mag_interface_init                      
0000b2a7  bmi160_bmm150_mag_set_power_mode                      
0000b0b1  bmi160_bmm150_mag_wakeup                              
0000c00d  bmi160_bst_akm_compensate_X                           
0000c03f  bmi160_bst_akm_compensate_Y                           
0000c071  bmi160_bst_akm_compensate_Z                           
0000c0a3  bmi160_bst_akm_compensate_xyz                         
0000bc05  bmi160_bst_akm_mag_interface_init                     
0000c0f1  bmi160_bst_akm_set_powermode                          
0000caa1  bmi160_bst_yamaha_yas532_calib_values                 
0000c47b  bmi160_bst_yamaha_yas532_mag_interface_init           
0000d4e1  bmi160_bst_yas532_acquisition_command_register        
0000c911  bmi160_bst_yas532_magnetic_measure_set_offset         
0000d069  bmi160_bst_yas532_measurement_xyz_data                
0000cef5  bmi160_bst_yas532_normal_measurement_data             
0000c7b1  bmi160_bst_yas532_set_initial_values                  
0000d5a5  bmi160_bst_yas532_set_offset                          
0000ce59  bmi160_bst_yas532_xy1y2_to_linear                     
000095c1  bmi160_clear_step_counter                             
0000ef11  bmi160_config_running_mode                            
0000fac1  bmi160_delay_ms                                       
00001805  bmi160_fifo_data                                      
000017a5  bmi160_fifo_length                                    
0000191d  bmi160_get_accel_bw                                   
00000e21  bmi160_get_accel_data_rdy                             
000021f7  bmi160_get_accel_fifo_filter_data                     
000086ab  bmi160_get_accel_offset_compensation_xaxis            
00008791  bmi160_get_accel_offset_compensation_yaxis            
0000887b  bmi160_get_accel_offset_compensation_zaxis            
00008edb  bmi160_get_accel_offset_enable                        
0000183f  bmi160_get_accel_output_data_rate                     
00000481  bmi160_get_accel_power_mode_stat                      
00001ad9  bmi160_get_accel_range                                
0000829d  bmi160_get_accel_selftest_amp                         
000080e7  bmi160_get_accel_selftest_axis                        
000081bf  bmi160_get_accel_selftest_sign                        
000019ff  bmi160_get_accel_under_sampling_parameter             
00000d85  bmi160_get_data_rdy_mag                               
000002b5  bmi160_get_drop_cmd_err                               
00000219  bmi160_get_err_code                                   
00000351  bmi160_get_error_status                               
000001cd  bmi160_get_fatal_err                                  
000028a5  bmi160_get_fifo_accel_enable                          
0000212f  bmi160_get_fifo_down_accel                            
00001f87  bmi160_get_fifo_down_gyro                             
00002985  bmi160_get_fifo_gyro_enable                           
000026f1  bmi160_get_fifo_header_enable                         
000027cb  bmi160_get_fifo_mag_enable                            
0000235f  bmi160_get_fifo_stop_on_full                          
000025ff  bmi160_get_fifo_tag_intr1_enable                      
00002511  bmi160_get_fifo_tag_intr2_enable                      
00002437  bmi160_get_fifo_time_enable                           
000022d1  bmi160_get_fifo_wm                                    
000070db  bmi160_get_foc_accel_x                                
00007001  bmi160_get_foc_accel_y                                
00006f3b  bmi160_get_foc_accel_z                                
0000775b  bmi160_get_foc_gyro_enable                            
00000ce5  bmi160_get_foc_rdy                                    
00001ce5  bmi160_get_gyro_bw                                    
00000dd3  bmi160_get_gyro_data_rdy                              
00002055  bmi160_get_gyro_fifo_filter_data                      
00008961  bmi160_get_gyro_offset_compensation_xaxis             
00008b31  bmi160_get_gyro_offset_compensation_yaxis             
00008d09  bmi160_get_gyro_offset_compensation_zaxis             
00008fab  bmi160_get_gyro_offset_enable                         
00001bc9  bmi160_get_gyro_output_data_rate                      
00000433  bmi160_get_gyro_power_mode_stat                       
00001dbf  bmi160_get_gyro_range                                 
00000c49  bmi160_get_gyro_selftest                              
00008377  bmi160_get_gyro_selftest_start                        
00007f33  bmi160_get_gyro_sleep_state                           
00007d7b  bmi160_get_gyro_sleep_trigger                         
0000800d  bmi160_get_gyro_wakeup_intr                           
00007e53  bmi160_get_gyro_wakeup_trigger                        
00002a5f  bmi160_get_i2c_device_addr                            
00000267  bmi160_get_i2c_fail_err                               
00007bc7  bmi160_get_i2c_wdt_enable                             
00007ae7  bmi160_get_i2c_wdt_select                             
00007ca1  bmi160_get_if_mode                                    
000041f3  bmi160_get_input_enable                               
000046ed  bmi160_get_intr_any_motion                            
00005dbf  bmi160_get_intr_any_motion_durn                       
00005f53  bmi160_get_intr_any_motion_thres                      
00005519  bmi160_get_intr_data_rdy                              
00004a31  bmi160_get_intr_double_tap                            
00003ae5  bmi160_get_intr_edge_ctrl                             
00002f23  bmi160_get_intr_enable_0                              
00003393  bmi160_get_intr_enable_1                              
000037fb  bmi160_get_intr_enable_2                              
000051fd  bmi160_get_intr_fifo_full                             
00005389  bmi160_get_intr_fifo_wm                               
00004ee1  bmi160_get_intr_flat                                  
00006d83  bmi160_get_intr_flat_hold                             
00006e63  bmi160_get_intr_flat_hyst                             
00006cab  bmi160_get_intr_flat_theta                            
00004561  bmi160_get_intr_high_g                                
00005cb3  bmi160_get_intr_high_g_durn                           
00005beb  bmi160_get_intr_high_g_hyst                           
00005d39  bmi160_get_intr_high_g_thres                          
00003c6d  bmi160_get_intr_level                                 
0000437f  bmi160_get_intr_low_g                                 
00005937  bmi160_get_intr_low_g_durn                            
00005a43  bmi160_get_intr_low_g_hyst                            
00005b11  bmi160_get_intr_low_g_mode                            
000059bd  bmi160_get_intr_low_g_thres                           
0000577f  bmi160_get_intr_low_high_source                       
0000585d  bmi160_get_intr_motion_source                         
000048a5  bmi160_get_intr_nomotion                              
00004d4f  bmi160_get_intr_orient                                
00006bd1  bmi160_get_intr_orient_axes_enable                    
00006879  bmi160_get_intr_orient_blocking                       
00006953  bmi160_get_intr_orient_hyst                           
0000679b  bmi160_get_intr_orient_mode                           
00006a1b  bmi160_get_intr_orient_theta                          
00006af3  bmi160_get_intr_orient_ud_enable                      
00003dff  bmi160_get_intr_output_type                           
0000506d  bmi160_get_intr_pmu_trig                              
000062f1  bmi160_get_intr_significant_motion_proof              
0000613d  bmi160_get_intr_significant_motion_select             
00006217  bmi160_get_intr_significant_motion_skip               
00004bc3  bmi160_get_intr_single_tap                            
00005e8b  bmi160_get_intr_slow_no_motion_durn                   
0000605f  bmi160_get_intr_slow_no_motion_select                 
00005fd9  bmi160_get_intr_slow_no_motion_thres                  
000063cb  bmi160_get_intr_tap_durn                              
000065fb  bmi160_get_intr_tap_quiet                             
00006521  bmi160_get_intr_tap_shock                             
000056a5  bmi160_get_intr_tap_source                            
000066d5  bmi160_get_intr_tap_thres                             
0000411b  bmi160_get_latch_intr                                 
00002b27  bmi160_get_mag_burst                                  
00000303  bmi160_get_mag_dada_rdy_err                           
00002cb9  bmi160_get_mag_manual_enable                          
00000c97  bmi160_get_mag_manual_operation_stat                  
00002bed  bmi160_get_mag_offset                                 
00001e97  bmi160_get_mag_output_data_rate                       
000003e1  bmi160_get_mag_power_mode_stat                        
00002d91  bmi160_get_mag_read_addr                              
00002e17  bmi160_get_mag_write_addr                             
00002e9d  bmi160_get_mag_write_data                             
000085e3  bmi160_get_nvm_counter                                
00007935  bmi160_get_nvm_prog_enable                            
00000d33  bmi160_get_nvm_rdy                                    
00003f8b  bmi160_get_output_enable                              
00009701  bmi160_get_paging_enable                              
0000d6ab  bmi160_get_ptr                                        
000097db  bmi160_get_pullup_configuration                       
00000bed  bmi160_get_sensor_time                                
00008517  bmi160_get_spare0_trim                                
00007a0f  bmi160_get_spi3                                       
00008451  bmi160_get_spi_enable                                 
00000f09  bmi160_get_stat0_any_motion_intr                      
00000fa5  bmi160_get_stat0_double_tap_intr                      
00001095  bmi160_get_stat0_flat_intr                            
00001041  bmi160_get_stat0_orient_intr                          
00000f57  bmi160_get_stat0_pmu_trigger_intr                     
00000ebb  bmi160_get_stat0_significant_intr                     
00000ff3  bmi160_get_stat0_single_tap_intr                      
00000e6f  bmi160_get_stat0_step_intr                            
0000117f  bmi160_get_stat1_data_rdy_intr                        
000011cd  bmi160_get_stat1_fifo_full_intr                       
0000121b  bmi160_get_stat1_fifo_wm_intr                         
000010e3  bmi160_get_stat1_high_g_intr                          
00001131  bmi160_get_stat1_low_g_intr                           
00001269  bmi160_get_stat1_nomotion_intr                        
000012b7  bmi160_get_stat2_any_motion_first_x                   
00001303  bmi160_get_stat2_any_motion_first_y                   
00001351  bmi160_get_stat2_any_motion_first_z                   
000013a5  bmi160_get_stat2_any_motion_sign                      
000013f3  bmi160_get_stat2_tap_first_x                          
00001441  bmi160_get_stat2_tap_first_y                          
0000148f  bmi160_get_stat2_tap_first_z                          
000014dd  bmi160_get_stat2_tap_sign                             
00001703  bmi160_get_stat3_flat                                 
0000152b  bmi160_get_stat3_high_g_first_x                       
00001577  bmi160_get_stat3_high_g_first_y                       
000015c5  bmi160_get_stat3_high_g_first_z                       
00001613  bmi160_get_stat3_high_g_sign                          
00001661  bmi160_get_stat3_orient_xy                            
000016b5  bmi160_get_stat3_orient_z                             
000090c7  bmi160_get_step_config                                
00009299  bmi160_get_step_counter_enable                        
00003a15  bmi160_get_step_detector_enable                       
00009627  bmi160_get_target_page                                
00001751  bmi160_get_temp                                       
0000fa27  bmi160_i2c_burst_read                                 
0000f9fb  bmi160_i2c_bus_read                                   
0000fa59  bmi160_i2c_bus_write                                  
000000e5  bmi160_init                                           
0000eed5  bmi160_initialize_sensor                              
0000f949  bmi160_interrupt_configuration                        
000093f1  bmi160_map_significant_motion_intr                    
000094d9  bmi160_map_step_detector_intr                         
00000a7d  bmi160_read_accel_x                                   
00000b79  bmi160_read_accel_xyz                                 
00000ad1  bmi160_read_accel_y                                   
00000b25  bmi160_read_accel_z                                   
0000b761  bmi160_read_bmm150_mag_trim                           
0000bf25  bmi160_read_bst_akm_sensitivity_data                  
000098b9  bmi160_read_fifo_header_data                          
0000a289  bmi160_read_fifo_headerless_mode                      
00000909  bmi160_read_gyro_x                                    
00000a05  bmi160_read_gyro_xyz                                  
0000095d  bmi160_read_gyro_y                                    
000009b1  bmi160_read_gyro_z                                    
000006d9  bmi160_read_mag_r                                     
000004cf  bmi160_read_mag_x                                     
00000743  bmi160_read_mag_xyz                                   
0000084d  bmi160_read_mag_xyzr                                  
0000057d  bmi160_read_mag_y                                     
0000062b  bmi160_read_mag_z                                     
00000189  bmi160_read_reg                                       
00009073  bmi160_read_step_count                                
0000196b  bmi160_set_accel_bw                                   
00002245  bmi160_set_accel_fifo_filter_data                     
000071b9  bmi160_set_accel_foc_trigger                          
000086f7  bmi160_set_accel_offset_compensation_xaxis            
000087dd  bmi160_set_accel_offset_compensation_yaxis            
000088c7  bmi160_set_accel_offset_compensation_zaxis            
00008f29  bmi160_set_accel_offset_enable                        
0000188b  bmi160_set_accel_output_data_rate                     
00001b25  bmi160_set_accel_range                                
000082eb  bmi160_set_accel_selftest_amp                         
00008133  bmi160_set_accel_selftest_axis                        
00008211  bmi160_set_accel_selftest_sign                        
00001a4d  bmi160_set_accel_under_sampling_parameter             
0000b181  bmi160_set_bmm150_mag_and_secondary_if_power_mode     
0000b405  bmi160_set_bmm150_mag_presetmode                      
0000c315  bmi160_set_bst_akm_and_secondary_if_powermode         
000095ed  bmi160_set_command_register                           
000028f3  bmi160_set_fifo_accel_enable                          
0000217d  bmi160_set_fifo_down_accel                            
00001fd3  bmi160_set_fifo_down_gyro                             
000029d3  bmi160_set_fifo_gyro_enable                           
0000273f  bmi160_set_fifo_header_enable                         
00002819  bmi160_set_fifo_mag_enable                            
000023ab  bmi160_set_fifo_stop_on_full                          
00002651  bmi160_set_fifo_tag_intr1_enable                      
0000255f  bmi160_set_fifo_tag_intr2_enable                      
00002485  bmi160_set_fifo_time_enable                           
00002325  bmi160_set_fifo_wm                                    
00007129  bmi160_set_foc_accel_x                                
0000704f  bmi160_set_foc_accel_y                                
00006f87  bmi160_set_foc_accel_z                                
000077a9  bmi160_set_foc_gyro_enable                            
00001d33  bmi160_set_gyro_bw                                    
000020a3  bmi160_set_gyro_fifo_filter_data                      
00008a15  bmi160_set_gyro_offset_compensation_xaxis             
00008bed  bmi160_set_gyro_offset_compensation_yaxis             
00008dbf  bmi160_set_gyro_offset_compensation_zaxis             
00008ff9  bmi160_set_gyro_offset_enable                         
00001c15  bmi160_set_gyro_output_data_rate                      
00001e0b  bmi160_set_gyro_range                                 
000083c5  bmi160_set_gyro_selftest_start                        
00007f81  bmi160_set_gyro_sleep_state                           
00007dc7  bmi160_set_gyro_sleep_trigger                         
0000805b  bmi160_set_gyro_wakeup_intr                           
00007ea1  bmi160_set_gyro_wakeup_trigger                        
00002aad  bmi160_set_i2c_device_addr                            
00007c15  bmi160_set_i2c_wdt_enable                             
00007b35  bmi160_set_i2c_wdt_select                             
00007cef  bmi160_set_if_mode                                    
0000428d  bmi160_set_input_enable                               
00004787  bmi160_set_intr_any_motion                            
00005e0b  bmi160_set_intr_any_motion_durn                       
00005f9f  bmi160_set_intr_any_motion_thres                      
000055b3  bmi160_set_intr_data_rdy                              
00004acb  bmi160_set_intr_double_tap                            
00003b7b  bmi160_set_intr_edge_ctrl                             
000030b9  bmi160_set_intr_enable_0                              
00003521  bmi160_set_intr_enable_1                              
000038c3  bmi160_set_intr_enable_2                              
00005297  bmi160_set_intr_fifo_full                             
00005423  bmi160_set_intr_fifo_wm                               
00004f7b  bmi160_set_intr_flat                                  
00006dd1  bmi160_set_intr_flat_hold                             
00006eaf  bmi160_set_intr_flat_hyst                             
00006cf7  bmi160_set_intr_flat_theta                            
000045fb  bmi160_set_intr_high_g                                
00005cff  bmi160_set_intr_high_g_durn                           
00005c39  bmi160_set_intr_high_g_hyst                           
00005d85  bmi160_set_intr_high_g_thres                          
00003d07  bmi160_set_intr_level                                 
00004413  bmi160_set_intr_low_g                                 
00005983  bmi160_set_intr_low_g_durn                            
00005a8f  bmi160_set_intr_low_g_hyst                            
00005b5f  bmi160_set_intr_low_g_mode                            
00005a09  bmi160_set_intr_low_g_thres                           
000057d1  bmi160_set_intr_low_high_source                       
000058ab  bmi160_set_intr_motion_source                         
0000493f  bmi160_set_intr_nomotion                              
00004de9  bmi160_set_intr_orient                                
00006c1f  bmi160_set_intr_orient_axes_enable                    
000068c7  bmi160_set_intr_orient_blocking                       
000069a1  bmi160_set_intr_orient_hyst                           
000067ed  bmi160_set_intr_orient_mode                           
00006a67  bmi160_set_intr_orient_theta                          
00006b45  bmi160_set_intr_orient_ud_enable                      
00003e99  bmi160_set_intr_output_type                           
00005103  bmi160_set_intr_pmu_trig                              
0000633f  bmi160_set_intr_significant_motion_proof              
0000618b  bmi160_set_intr_significant_motion_select             
00006265  bmi160_set_intr_significant_motion_skip               
00004c5d  bmi160_set_intr_single_tap                            
00005ed9  bmi160_set_intr_slow_no_motion_durn                   
000060ab  bmi160_set_intr_slow_no_motion_select                 
00006025  bmi160_set_intr_slow_no_motion_thres                  
00006417  bmi160_set_intr_tap_durn                              
00006649  bmi160_set_intr_tap_quiet                             
0000656f  bmi160_set_intr_tap_shock                             
000056f3  bmi160_set_intr_tap_source                            
00006721  bmi160_set_intr_tap_thres                             
00004167  bmi160_set_latch_intr                                 
00002b73  bmi160_set_mag_burst                                  
00002d07  bmi160_set_mag_manual_enable                          
00002c3b  bmi160_set_mag_offset                                 
00001ee3  bmi160_set_mag_output_data_rate                       
00002ddd  bmi160_set_mag_read_addr                              
00002e63  bmi160_set_mag_write_addr                             
00002ee9  bmi160_set_mag_write_data                             
00008631  bmi160_set_nvm_counter                                
00007983  bmi160_set_nvm_prog_enable                            
00004025  bmi160_set_output_enable                              
0000974f  bmi160_set_paging_enable                              
00009829  bmi160_set_pullup_configuration                       
00008569  bmi160_set_spare0_trim                                
00007a5b  bmi160_set_spi3                                       
0000849d  bmi160_set_spi_enable                                 
00009185  bmi160_set_step_config                                
000092e7  bmi160_set_step_counter_enable                        
00003a6b  bmi160_set_step_detector_enable                       
00009373  bmi160_set_step_mode                                  
00009675  bmi160_set_target_page                                
0000fa85  bmi160_spi_bus_read                                   
0000faa3  bmi160_spi_bus_write                                  
00000145  bmi160_write_reg                                      
2000d07e  burstMode                                             
00015915  copysign                                              
00015915  copysignl                                             
2000d0ac  errno                                                 
00014ec1  frexp                                                 
00014ec1  frexpl                                                
2000cbf8  g_ui32ByteCount                                       
2000bfbc  gyro_fifo                                             
2000cbd6  gyroxyz                                               
2000d080  i2cConfig                                             
0000f9c3  i2c_routine                                           
00011407  idleThread                                            
0001224b  initI2C                                               
0001391f  init_RGBLEDS                                          
00000000  interruptVectors                                      
00011409  joystick_read                                         
2000d09c  kill_the_ball                                         
00013ec5  ldexp                                                 
00013ec5  ldexpl                                                
00014f7b  ltoa                                                  
2000c328  mag_fifo                                              
00011c55  main                                                  
000157f9  memccpy                                               
00014871  memcpy                                                
00014bd1  memset                                                
2000cc04  pData                                                 
2000cc08  posFIFO                                               
2000d0a8  posdata                                               
00011415  print_pos                                             
000123cd  readBurstI2C                                          
0001370d  readFIFO                                              
000122ff  readI2C                                               
2000cba0  s_bmi160                                              
00013ec5  scalbn                                                
00013ec5  scalbnl                                               
2000cc0c  sensorMutex                                           
000140e5  sensorOpt3001Enable                                   
000140d9  sensorOpt3001Init                                     
00014111  sensorOpt3001Read                                     
00014175  sensorOpt3001Test                                     
000130f3  sensorTmp007Enable                                    
0001315d  sensorTmp007EnableInterruptConversion                 
000130e9  sensorTmp007Init                                      
000131a7  sensorTmp007Read                                      
00013265  sensorTmp007Test                                      
00010d97  sleep                                                 
2000d09d  snakeflag                                             
000151a1  snprintf                                              
0000f9e5  spi_routine                                           
000158c1  strchr                                                
00015929  strlen                                                
2000cc10  tempNextThread                                        
2000b800  threadControlBlocks                                   
20000000  threadStacks                                          
2000d094  touch_detected                                        
00011487  touch_rect                                            
2000cc17  ui8DummyRead                                          
2000cc22  ui8Status                                             
2000cc24  v_fifo_data_u8                                        
00010e33  wait_for_tap                                          
0001593d  wcslen                                                
00013789  writeFIFO                                             
00012269  writeI2C                                              
2000cc1e  x_joystick_pos                                        
2000cc20  y_joystick_pos                                        


GLOBAL SYMBOLS: SORTED BY Symbol Address 

address   name                                                  
-------   ----                                                  
00000000  __TI_static_base__                                    
00000000  interruptVectors                                      
000000e5  bmi160_init                                           
00000145  bmi160_write_reg                                      
00000189  bmi160_read_reg                                       
000001cd  bmi160_get_fatal_err                                  
00000200  __STACK_SIZE                                          
00000219  bmi160_get_err_code                                   
00000267  bmi160_get_i2c_fail_err                               
000002b5  bmi160_get_drop_cmd_err                               
00000303  bmi160_get_mag_dada_rdy_err                           
00000351  bmi160_get_error_status                               
000003e1  bmi160_get_mag_power_mode_stat                        
00000433  bmi160_get_gyro_power_mode_stat                       
00000481  bmi160_get_accel_power_mode_stat                      
000004cf  bmi160_read_mag_x                                     
0000057d  bmi160_read_mag_y                                     
0000062b  bmi160_read_mag_z                                     
000006d9  bmi160_read_mag_r                                     
00000743  bmi160_read_mag_xyz                                   
0000084d  bmi160_read_mag_xyzr                                  
00000909  bmi160_read_gyro_x                                    
0000095d  bmi160_read_gyro_y                                    
000009b1  bmi160_read_gyro_z                                    
00000a05  bmi160_read_gyro_xyz                                  
00000a7d  bmi160_read_accel_x                                   
00000ad1  bmi160_read_accel_y                                   
00000b25  bmi160_read_accel_z                                   
00000b79  bmi160_read_accel_xyz                                 
00000bed  bmi160_get_sensor_time                                
00000c49  bmi160_get_gyro_selftest                              
00000c97  bmi160_get_mag_manual_operation_stat                  
00000ce5  bmi160_get_foc_rdy                                    
00000d33  bmi160_get_nvm_rdy                                    
00000d85  bmi160_get_data_rdy_mag                               
00000dd3  bmi160_get_gyro_data_rdy                              
00000e21  bmi160_get_accel_data_rdy                             
00000e6f  bmi160_get_stat0_step_intr                            
00000ebb  bmi160_get_stat0_significant_intr                     
00000f09  bmi160_get_stat0_any_motion_intr                      
00000f57  bmi160_get_stat0_pmu_trigger_intr                     
00000fa5  bmi160_get_stat0_double_tap_intr                      
00000ff3  bmi160_get_stat0_single_tap_intr                      
00001041  bmi160_get_stat0_orient_intr                          
00001095  bmi160_get_stat0_flat_intr                            
000010e3  bmi160_get_stat1_high_g_intr                          
00001131  bmi160_get_stat1_low_g_intr                           
0000117f  bmi160_get_stat1_data_rdy_intr                        
000011cd  bmi160_get_stat1_fifo_full_intr                       
0000121b  bmi160_get_stat1_fifo_wm_intr                         
00001269  bmi160_get_stat1_nomotion_intr                        
000012b7  bmi160_get_stat2_any_motion_first_x                   
00001303  bmi160_get_stat2_any_motion_first_y                   
00001351  bmi160_get_stat2_any_motion_first_z                   
000013a5  bmi160_get_stat2_any_motion_sign                      
000013f3  bmi160_get_stat2_tap_first_x                          
00001441  bmi160_get_stat2_tap_first_y                          
0000148f  bmi160_get_stat2_tap_first_z                          
000014dd  bmi160_get_stat2_tap_sign                             
0000152b  bmi160_get_stat3_high_g_first_x                       
00001577  bmi160_get_stat3_high_g_first_y                       
000015c5  bmi160_get_stat3_high_g_first_z                       
00001613  bmi160_get_stat3_high_g_sign                          
00001661  bmi160_get_stat3_orient_xy                            
000016b5  bmi160_get_stat3_orient_z                             
00001703  bmi160_get_stat3_flat                                 
00001751  bmi160_get_temp                                       
000017a5  bmi160_fifo_length                                    
00001805  bmi160_fifo_data                                      
0000183f  bmi160_get_accel_output_data_rate                     
0000188b  bmi160_set_accel_output_data_rate                     
0000191d  bmi160_get_accel_bw                                   
0000196b  bmi160_set_accel_bw                                   
000019ff  bmi160_get_accel_under_sampling_parameter             
00001a4d  bmi160_set_accel_under_sampling_parameter             
00001ad9  bmi160_get_accel_range                                
00001b25  bmi160_set_accel_range                                
00001bc9  bmi160_get_gyro_output_data_rate                      
00001c15  bmi160_set_gyro_output_data_rate                      
00001ce5  bmi160_get_gyro_bw                                    
00001d33  bmi160_set_gyro_bw                                    
00001dbf  bmi160_get_gyro_range                                 
00001e0b  bmi160_set_gyro_range                                 
00001e97  bmi160_get_mag_output_data_rate                       
00001ee3  bmi160_set_mag_output_data_rate                       
00001f87  bmi160_get_fifo_down_gyro                             
00001fd3  bmi160_set_fifo_down_gyro                             
00002055  bmi160_get_gyro_fifo_filter_data                      
000020a3  bmi160_set_gyro_fifo_filter_data                      
0000212f  bmi160_get_fifo_down_accel                            
0000217d  bmi160_set_fifo_down_accel                            
000021f7  bmi160_get_accel_fifo_filter_data                     
00002245  bmi160_set_accel_fifo_filter_data                     
000022d1  bmi160_get_fifo_wm                                    
00002325  bmi160_set_fifo_wm                                    
0000235f  bmi160_get_fifo_stop_on_full                          
000023ab  bmi160_set_fifo_stop_on_full                          
00002437  bmi160_get_fifo_time_enable                           
00002485  bmi160_set_fifo_time_enable                           
00002511  bmi160_get_fifo_tag_intr2_enable                      
0000255f  bmi160_set_fifo_tag_intr2_enable                      
000025ff  bmi160_get_fifo_tag_intr1_enable                      
00002651  bmi160_set_fifo_tag_intr1_enable                      
000026f1  bmi160_get_fifo_header_enable                         
0000273f  bmi160_set_fifo_header_enable                         
000027cb  bmi160_get_fifo_mag_enable                            
00002819  bmi160_set_fifo_mag_enable                            
000028a5  bmi160_get_fifo_accel_enable                          
[...]
0000fa59  bmi160_i2c_bus_write                                  
0000fa85  bmi160_spi_bus_read                                   
0000faa3  bmi160_spi_bus_write                                  
0000fac1  bmi160_delay_ms                                       
0000fafd  __TI_printfi                                          
0001055b  __aeabi_idiv0                                         
0001055b  __aeabi_ldiv0                                         
0001062f  G8RTOS_Scheduler                                      
000106a1  SysTick_Handler                                       
000106a1  SysTick_Handler                                       
00010749  G8RTOS_Init                                           
00010775  G8RTOS_Launch                                         
0001082d  G8RTOS_AddThread                                      
00010b09  G8RTOS_AddPeriodicEvent                               
00010bfd  G8RTOS_AddAPeriodicEvent                              
00010c6d  G8RTOS_KillSelf                                       
00010cc3  G8RTOS_KillThread                                     
00010d8f  G8RTOS_GetThreadId                                    
00010d97  sleep                                                 
00010dfd  Accel_Read                                            
00010e33  wait_for_tap                                          
00011045  BallThread                                            
000113e5  LCD_Tap                                               
00011407  idleThread                                            
00011409  joystick_read                                         
00011415  print_pos                                             
00011487  touch_rect                                            
00011615  LCD_DrawRectangle                                     
00011761  LCD_Text                                              
000117fb  LCD_Clear                                             
0001186d  LCD_SetPoint                                          
000118c1  LCD_Init                                              
00011ae9  TP_ReadXY                                             
00011c55  main                                                  
00011cfd  LCD_DEBUG                                             
0001224b  initI2C                                               
00012269  writeI2C                                              
000122ff  readI2C                                               
000123cd  readBurstI2C                                          
000124a5  EUSCIB1_IRQHandler                                    
000124a5  EUSCIB1_IRQHandler                                    
0001256d  SystemCoreClockUpdate                                 
000127e5  SystemInit                                            
000128bf  BackChannelInit                                       
000128db  BackChannelPrint                                      
00012927  BackChannelPrintIntVariable                           
00012945  BackChannelEventTrigger                               
0001295d  BackChannelOpt3001PrintRaw                            
00012979  BackupChannelTmp007PrintRaw                           
0001299f  BackupChannelBmi160PrintAccel                         
000129cb  BackupChannelBmi160PrintGyro                          
000129f7  BackupChannelBmi160PrintMag                           
00012b99  bme280_data_readout_template                          
00012c85  bme280_initialize_sensor                              
00012cdb  I2C_routine                                           
00012cf7  SPI_routine                                           
00012d0d  BME280_I2C_bus_write                                  
00012d39  BME280_I2C_bus_read                                   
00012d65  BME280_SPI_bus_read                                   
00012dcb  BME280_SPI_bus_write                                  
00012e3b  BME280_delay_msek                                     
000130e9  sensorTmp007Init                                      
000130f3  sensorTmp007Enable                                    
0001315d  sensorTmp007EnableInterruptConversion                 
000131a7  sensorTmp007Read                                      
00013265  sensorTmp007Test                                      
000134ed  __aeabi_dsub                                          
000134f7  __aeabi_dadd                                          
000136a5  G8RTOS_InitFIFO                                       
0001370d  readFIFO                                              
00013789  writeFIFO                                             
0001382d  LP3943_LEDModeSet                                     
0001391f  init_RGBLEDS                                          
000139e1  Joystick_Init_Without_Interrupt                       
00013a3f  Joystick_Push_Button_Init_With_Interrupt              
00013a95  Disable_Joystick_Interrupt                            
00013aab  GetJoystickCoordinates                                
00013c69  __aeabi_ddiv                                          
00013ec5  ldexp                                                 
00013ec5  ldexpl                                                
00013ec5  scalbn                                                
00013ec5  scalbnl                                               
00013fd5  CS_getDCOFrequency                                    
000140d9  sensorOpt3001Init                                     
000140e5  sensorOpt3001Enable                                   
00014111  sensorOpt3001Read                                     
00014175  sensorOpt3001Test                                     
000141d7  __aeabi_dmul                                          
000142d5  CS_initClockSignal                                    
000145f5  PutChar                                               
00014699  G8RTOS_InitSemaphore                                  
000146b3  G8RTOS_WaitSemaphore                                  
000146ed  G8RTOS_SignalSemaphore                                
00014739  CS_startHFXTWithTimeout                               
00014871  __aeabi_memcpy                                        
00014871  __aeabi_memcpy4                                       
00014871  __aeabi_memcpy8                                       
00014871  memcpy                                                
0001490d  __aeabi_uldivmod                                      
000149a5  UART_initModule                                       
00014a39  __aeabi_cdcmpeq                                       
00014a39  __aeabi_cdcmple                                       
00014abf  __aeabi_cdrcmple                                      
00014b45  ClockSys_SetMaxFreq                                   
00014bb3  ClockSys_GetSysFreq                                   
00014bc9  __aeabi_memclr                                        
00014bc9  __aeabi_memclr4                                       
00014bc9  __aeabi_memclr8                                       
00014bcb  __aeabi_memset                                        
00014bcb  __aeabi_memset4                                       
00014bcb  __aeabi_memset8                                       
00014bd1  memset                                                
00014d23  __aeabi_ldivmod                                       
00014d91  __TI_decompress_lzss                                  
00014df9  Interrupt_disableInterrupt                            
00014e5d  Interrupt_enableInterrupt                             
00014ec1  frexp                                                 
00014ec1  frexpl                                                
00014f7b  ltoa                                                  
00015021  SysCtl_getTLVInfo                                     
00015075  G8RTOS_Start                                          
00015095  PendSV_Handler                                        
00015095  PendSV_Handler                                        
000150bd  GPIO_setAsPeripheralModuleFunctionOutputPin           
00015155  atoi                                                  
000151a1  snprintf                                              
000151ed  GPIO_setAsPeripheralModuleFunctionInputPin            
0001527d  __aeabi_d2iz                                          
000152c5  __TI_auto_init_nobinit_nopinit                        
00015309  GetASCIICode                                          
00015349  LCD_WriteData                                         
00015389  __aeabi_uidiv                                         
00015389  __aeabi_uidivmod                                      
000153c9  I2C_initMaster                                        
00015445  I2C_masterSendMultiByteStart                          
0001547d  _c_int00_noargs                                       
000154b5  BSP_InitBoard                                         
000154e9  LCD_WriteIndex                                        
0001551d  I2C_masterSendMultiByteStop                           
000155ad  __aeabi_i2d                                           
000155db  PCM_getCoreVoltageLevel                               
00015607  PCM_getPowerMode                                      
00015631  FlashCtl_setWaitState                                 
00015659  PCM_gotoLPM0                                          
00015681  SPISendRecvByte                                       
000156a9  DelayMs                                               
000156d1  CS_clearInterruptFlag                                 
000156f5  I2C_masterSendMultiByteNext                           
00015719  Interrupt_setPriority                                 
0001573d  UART_transmitData                                     
00015761  LCD_SetCursor                                         
00015781  LCD_Write_Data_Only                                   
000157a1  SPI_transmitData                                      
000157c1  EUSCI_B_SPI_isBusy                                    
000157dd  LCD_WriteReg                                          
000157f9  memccpy                                               
00015815  SPI_receiveData                                       
00015831  CS_getMCLK                                            
00015849  CS_getSMCLK                                           
00015861  WDT_A_clearTimer                                      
00015879  WDT_A_holdTimer                                       
000158a9  __aeabi_lmul                                          
000158c1  strchr                                                
000158d9  CS_setExternalClockSourceFrequency                    
000158ed  I2C_isBusBusy                                         
00015901  SysTick_enableInterrupt                               
00015915  copysign                                              
00015915  copysignl                                             
00015929  strlen                                                
0001593d  wcslen                                                
0001594f  I2C_masterReceiveStart                                
00015961  SysCtl_disableNMISource                               
00015971  SysCtl_enableNMISource                                
00015981  StartCriticalSection                                  
00015989  EndCriticalSection                                    
0001598f  I2C_clearInterruptFlag                                
0001599d  I2C_disableInterrupt                                  
000159ab  __TI_decompress_none                                  
000159b9  Reset_Handler                                         
000159c5  ADC14_IRQHandler                                      
000159c5  AES256_IRQHandler                                     
000159c5  BusFault_Handler                                      
000159c5  COMP_E0_IRQHandler                                    
000159c5  COMP_E1_IRQHandler                                    
000159c5  CS_IRQHandler                                         
000159c5  DMA_ERR_IRQHandler                                    
000159c5  DMA_INT0_IRQHandler                                   
000159c5  DMA_INT1_IRQHandler                                   
000159c5  DMA_INT2_IRQHandler                                   
000159c5  DMA_INT3_IRQHandler                                   
000159c5  DebugMon_Handler                                      
000159c5  Default_Handler                                       
000159c5  EUSCIA0_IRQHandler                                    
000159c5  EUSCIA1_IRQHandler                                    
000159c5  EUSCIA2_IRQHandler                                    
000159c5  EUSCIA3_IRQHandler                                    
000159c5  EUSCIB0_IRQHandler                                    
000159c5  EUSCIB2_IRQHandler                                    
000159c5  EUSCIB3_IRQHandler                                    
000159c5  FLCTL_IRQHandler                                      
000159c5  FPU_IRQHandler                                        
000159c5  HardFault_Handler                                     
000159c5  MemManage_Handler                                     
000159c5  NMI_Handler                                           
000159c5  PCM_IRQHandler                                        
000159c5  PORT1_IRQHandler                                      
000159c5  PORT2_IRQHandler                                      
000159c5  PORT3_IRQHandler                                      
000159c5  PORT4_IRQHandler                                      
000159c5  PORT5_IRQHandler                                      
000159c5  PORT6_IRQHandler                                      
000159c5  PSS_IRQHandler                                        
000159c5  RTC_C_IRQHandler                                      
000159c5  SVC_Handler                                           
000159c5  T32_INT1_IRQHandler                                   
000159c5  T32_INT2_IRQHandler                                   
000159c5  T32_INTC_IRQHandler                                   
000159c5  TA0_0_IRQHandler                                      
000159c5  TA0_N_IRQHandler                                      
000159c5  TA1_0_IRQHandler                                      
000159c5  TA1_N_IRQHandler                                      
000159c5  TA2_0_IRQHandler                                      
000159c5  TA2_N_IRQHandler                                      
000159c5  TA3_0_IRQHandler                                      
000159c5  TA3_N_IRQHandler                                      
000159c5  UsageFault_Handler                                    
000159c5  WDT_A_IRQHandler                                      
000159c7  I2C_disableModule                                     
000159d3  I2C_enableModule                                      
000159e1  PCM_getPowerState                                     
000159ed  SysCtl_getNMISourceStatus                             
000159f9  UART_enableModule                                     
00015a05  __TI_zero_init                                        
00015a11  LCD_Write_Data_Start                                  
00015a1b  I2C_enableInterrupt                                   
00015a23  PCM_setCoreVoltageLevel                               
00015a2b  PCM_setPowerMode                                      
00015a35  __aeabi_errno_addr                                    
00015a3d  CS_startHFXT                                          
00015a43  EUSCI_A_SPI_receiveData                               
00015a49  EUSCI_B_SPI_receiveData                               
00015a4f  I2C_getEnabledInterruptStatus                         
00015a55  I2C_getInterruptStatus                                
00015a5b  I2C_masterReceiveMultiByteNext                        
00015a61  SysCtlDelay                                           
00015a67  CPU_wfi                                               
00015a6b  EUSCI_A_SPI_transmitData                              
00015a6f  EUSCI_B_SPI_transmitData                              
00015a73  I2C_setSlaveAddress                                   
00015a77  _system_pre_init                                      
00015a7b  C$$EXIT                                               
00015a7b  abort                                                 
00016070  _ctypes_                                              
000162b0  __TI_Handler_Table_Base                               
000162bc  __TI_Handler_Table_Limit                              
000162c8  __TI_CINIT_Base                                       
000162d8  __TI_CINIT_Limit                                      
20000000  threadStacks                                          
2000b800  threadControlBlocks                                   
2000bc50  accel_fifo                                            
2000bfbc  gyro_fifo                                             
2000c328  mag_fifo                                              
2000c694  all_the_balls                                         
2000cb34  bme280                                                
2000cb70  Pthread                                               
2000cba0  s_bmi160                                              
2000cbd0  accelxyz                                              
2000cbd6  gyroxyz                                               
2000cbe8  ButtonFunction                                        
2000cbec  CurrentlyRunningThread                                
2000cbf0  LCDMutex                                              
2000cbf4  SystemTime                                            
2000cbf8  g_ui32ByteCount                                       
2000cc04  pData                                                 
2000cc08  posFIFO                                               
2000cc0c  sensorMutex                                           
2000cc10  tempNextThread                                        
2000cc17  ui8DummyRead                                          
2000cc1a  accelerometerX                                        
2000cc1c  accelerometerY                                        
2000cc1e  x_joystick_pos                                        
2000cc20  y_joystick_pos                                        
2000cc22  ui8Status                                             
2000cc24  v_fifo_data_u8                                        
2000d054  COLOR_MATRIX                                          
2000d07e  burstMode                                             
2000d080  i2cConfig                                             
2000d094  touch_detected                                        
2000d098  ball_count                                            
2000d09c  kill_the_ball                                         
2000d09d  snakeflag                                             
2000d0a0  V_bmm150_maual_auto_condition_u8                      
2000d0a4  V_fifo_time_U32                                       
2000d0a8  posdata                                               
2000d0ac  errno                                                 
2000d0b0  SystemCoreClock                                       
2000fe00  __stack                                               
20010000  __STACK_END                                           
4000480c  WDTCTL_SYM                                            
ffffffff  __TI_pprof_out_hndl                                   
ffffffff  __TI_prof_data_size                                   
ffffffff  __TI_prof_data_start                                  
ffffffff  __binit__                                             
ffffffff  __c_args__                                            
ffffffff  binit                                                 
UNDEFED   __mpu_init                                            
UNDEFED   _system_post_cinit                                    

[682 symbols]
