******************************************************************************
                  TI ARM Linker PC v18.1.4                     
******************************************************************************
>> Linked Mon Apr 20 22:40:54 2020

OUTPUT FILE NAME:   <lab5.out>
ENTRY POINT SYMBOL: "_c_int00_noargs"  address: 0001b695


MEMORY CONFIGURATION

         name            origin    length      used     unused   attr    fill
----------------------  --------  ---------  --------  --------  ----  --------
  MAIN                  00000000   00040000  0001c774  0002388c  R  X
  INFO                  00200000   00004000  00000000  00004000  R  X
  SRAM_CODE             01000000   00010000  0000d1ec  00002e14  RW X
  SRAM_DATA             20000000   00010000  0000d1ec  00002e14  RW  


SEGMENT ALLOCATION MAP

run origin  load origin   length   init length attrs members
----------  ----------- ---------- ----------- ----- -------
00000000    00000000    0001c778   0001c778    r-x
  00000000    00000000    000000e4   000000e4    r-- .intvecs
  000000e4    000000e4    0001bc4e   0001bc4e    r-x .text
  0001bd34    0001bd34    000009c2   000009c2    r-- .const
  0001c6f8    0001c6f8    00000080   00000080    r-- .cinit
20000000    20000000    0000cfec   00000000    rw-
  20000000    20000000    0000cb68   00000000    rw- .bss
  2000cb68    2000cb68    00000484   00000000    rw- .data
2000fe00    2000fe00    00000200   00000000    rw-
  2000fe00    2000fe00    00000200   00000000    rw- .stack


SECTION ALLOCATION MAP

 output                                  attributes/
section   page    origin      length       input sections
--------  ----  ----------  ----------   ----------------
.intvecs   0    00000000    000000e4     
                  00000000    000000e4     startup_msp432p401r_ccs.obj (.intvecs:retain)

.text      0    000000e4    0001bc4e     
                  000000e4    0000d5e0     bmi160.obj (.text)
                  0000d6c4    00002024     driver.obj (.text)
                  0000f6e8    00001810     bme280.obj (.text)
                  00010ef8    00001374     Game.obj (.text)
                  0001226c    00000ed4     socket.obj (.text)
                  00013140    00000c28     bmi160_support.obj (.text)
                  00013d68    00000b44     netapp.obj (.text)
                  000148ac    00000ac0     wlan.obj (.text)
                  0001536c    00000a5e     rtsv7M4_T_le_v4SPD16_eabi.lib : _printfi.c.obj (.text:__TI_printfi)
                  00015dca    00000002                                   : div0.asm.obj (.text)
                  00015dcc    000008fc     G8RTOS_Scheduler.obj (.text)
                  000166c8    0000070c     LCD.obj (.text)
                  00016dd4    00000688     cc3100_usage.obj (.text)
                  0001745c    000005b8     device.obj (.text)
                  00017a14    00000360     i2c_driver.obj (.text)
                  00017d74    00000350     board.obj (.text)
                  000180c4    00000334     system_msp432p401r.obj (.text)
                  000183f8    000002f8     BackChannelUart.obj (.text)
                  000186f0    000002e0     bme280_support.obj (.text)
                  000189d0    00000270     rtsv7M4_T_le_v4SPD16_eabi.lib : _printfi.c.obj (.text:_pconv_a)
                  00018c40    00000234     tmp007.obj (.text)
                  00018e74    00000210     spi_cc3100.obj (.text)
                  00019084    000001d0     rtsv7M4_T_le_v4SPD16_eabi.lib : _printfi.c.obj (.text:_pconv_g)
                  00019254    000001b6                                   : fd_add_t2.asm.obj (.text)
                  0001940a    000001a0     msp432p4xx_driverlib.lib : pcm.o (.text:__PCM_setPowerStateAdvanced)
                  000195aa    00000002     --HOLE-- [fill = 0]
                  000195ac    00000178     Joystick.obj (.text)
                  00019724    00000178     led.obj (.text)
                  0001989c    0000013c     rtsv7M4_T_le_v4SPD16_eabi.lib : _printfi.c.obj (.text:_pconv_e)
                  000199d8    00000136                                   : fd_div_t2.asm.obj (.text)
                  00019b0e    00000002     --HOLE-- [fill = 0]
                  00019b10    00000130     nonos.obj (.text)
                  00019c40    00000124     rtsv7M4_T_le_v4SPD16_eabi.lib : _printfi.c.obj (.text:fcvt)
                  00019d64    00000110     netcfg.obj (.text)
                  00019e74    00000110     rtsv7M4_T_le_v4SPD16_eabi.lib : s_scalbn.c.obj (.text:scalbn)
                  00019f84    00000104     msp432p4xx_driverlib.lib : cs.o (.text:CS_getDCOFrequency)
                  0001a088    000000fe     opt3001.obj (.text)
                  0001a186    000000fc     rtsv7M4_T_le_v4SPD16_eabi.lib : fd_mul_t2.asm.obj (.text)
                  0001a282    00000002     --HOLE-- [fill = 0]
                  0001a284    000000e0     msp432p4xx_driverlib.lib : cs.o (.text:CS_initClockSignal)
                  0001a364    000000dc                              : pcm.o (.text:__PCM_setPowerModeAdvanced)
                  0001a440    000000d8     main.obj (.text)
                  0001a518    000000b1     rtsv7M4_T_le_v4SPD16_eabi.lib : _printfi.c.obj (.text:_ltostr)
                  0001a5c9    00000003     --HOLE-- [fill = 0]
                  0001a5cc    000000b0     msp432p4xx_driverlib.lib : pcm.o (.text:__PCM_setCoreVoltageLevelAdvanced)
                  0001a67c    000000a4     LCD.obj (.text:PutChar)
                  0001a720    000000a0     G8RTOS_Semaphores.obj (.text)
                  0001a7c0    0000009c     msp432p4xx_driverlib.lib : cs.o (.text:CS_startHFXTWithTimeout)
                  0001a85c    0000009c                              : cs.o (.text:_CSComputeCLKFrequency)
                  0001a8f8    0000009c     rtsv7M4_T_le_v4SPD16_eabi.lib : memcpy_t2.asm.obj (.text)
                  0001a994    00000096                                   : ull_div_t2.asm.obj (.text)
                  0001aa2a    00000002     --HOLE-- [fill = 0]
                  0001aa2c    00000094     msp432p4xx_driverlib.lib : uart.o (.text:UART_initModule)
                  0001aac0    00000086     rtsv7M4_T_le_v4SPD16_eabi.lib : fd_cmp_t2.asm.obj (.text:__aeabi_cdcmple)
                  0001ab46    00000086                                   : fd_cmp_t2.asm.obj (.text:__aeabi_cdrcmple)
                  0001abcc    00000084     ClockSys.obj (.text)
                  0001ac50    00000080     flowcont.obj (.text)
                  0001acd0    0000007c     msp432p4xx_driverlib.lib : pcm.o (.text:PCM_gotoLPM3)
                  0001ad4c    0000007a     rtsv7M4_T_le_v4SPD16_eabi.lib : memset_t2.asm.obj (.text)
                  0001adc6    00000002     --HOLE-- [fill = 0]
                  0001adc8    00000070     msp432p4xx_driverlib.lib : cs.o (.text:_CSGetHFXTFrequency)
                  0001ae38    0000006e     rtsv7M4_T_le_v4SPD16_eabi.lib : _printfi.c.obj (.text:_mcpy)
                  0001aea6    0000006e                                   : ll_div_t2.asm.obj (.text)
                  0001af14    00000068                                   : copy_decompress_lzss.c.obj (.text:decompress:lzss:__TI_decompress_lzss)
                  0001af7c    00000064     msp432p4xx_driverlib.lib : interrupt.o (.text:Interrupt_disableInterrupt)
                  0001afe0    00000064                              : interrupt.o (.text:Interrupt_enableInterrupt)
                  0001b044    00000064     rtsv7M4_T_le_v4SPD16_eabi.lib : s_frexp.c.obj (.text:frexp)
                  0001b0a8    00000056                                   : _printfi.c.obj (.text:_pconv_f)
                  0001b0fe    00000054                                   : ltoa.c.obj (.text:ltoa)
                  0001b152    00000052                                   : _printfi.c.obj (.text:_ecpy)
                  0001b1a4    00000050     msp432p4xx_driverlib.lib : pcm.o (.text:PCM_shutdownDevice)
                  0001b1f4    00000050                              : sysctl.o (.text:SysCtl_getTLVInfo)
                  0001b244    0000004c     G8RTOS_SchedulerASM.obj (.text)
                  0001b290    0000004c     msp432p4xx_driverlib.lib : gpio.o (.text:GPIO_setAsPeripheralModuleFunctionOutputPin)
                  0001b2dc    0000004c                              : cs.o (.text:_CSGetDOCFrequency)
                  0001b328    0000004c     rtsv7M4_T_le_v4SPD16_eabi.lib : atoi.c.obj (.text:atoi)
                  0001b374    0000004c                                   : snprintf.c.obj (.text:snprintf)
                  0001b3c0    00000048     msp432p4xx_driverlib.lib : gpio.o (.text:GPIO_setAsPeripheralModuleFunctionInputPin)
                  0001b408    00000048                              : cs.o (.text:_CSGetDividerValue)
                  0001b450    00000048     rtsv7M4_T_le_v4SPD16_eabi.lib : fd_toi_t2.asm.obj (.text)
                  0001b498    00000044                                   : autoinit.c.obj (.text:__TI_auto_init_nobinit_nopinit:__TI_auto_init_nobinit_nopinit)
                  0001b4dc    00000044                                   : fd_tou_t2.asm.obj (.text)
                  0001b520    00000040     AsciiLib.obj (.text)
                  0001b560    00000040     LCD.obj (.text:LCD_WriteData)
                  0001b5a0    00000040     rtsv7M4_T_le_v4SPD16_eabi.lib : u_divt2.asm.obj (.text)
                  0001b5e0    0000003e     msp432p4xx_driverlib.lib : i2c.o (.text:I2C_initMaster)
                  0001b61e    0000003e     rtsv7M4_T_le_v4SPD16_eabi.lib : _printfi.c.obj (.text:_fcpy)
                  0001b65c    00000038     msp432p4xx_driverlib.lib : i2c.o (.text:I2C_masterSendMultiByteStart)
                  0001b694    00000038     rtsv7M4_T_le_v4SPD16_eabi.lib : boot_cortex_m.c.obj (.text:_c_int00_noargs:_c_int00_noargs)
                  0001b6cc    00000034     BSP.obj (.text)
                  0001b700    00000034     LCD.obj (.text:LCD_WriteIndex)
                  0001b734    00000030     msp432p4xx_driverlib.lib : i2c.o (.text:I2C_masterSendMultiByteStop)
                  0001b764    00000030     rtsv7M4_T_le_v4SPD16_eabi.lib : snprintf.c.obj (.text:_outs)
                  0001b794    00000030     msp432p4xx_driverlib.lib : spi.o (.text:is_A_Module)
                  0001b7c4    0000002e     rtsv7M4_T_le_v4SPD16_eabi.lib : i_tofd_t2.asm.obj (.text)
                  0001b7f2    0000002c     msp432p4xx_driverlib.lib : pcm.o (.text:PCM_getCoreVoltageLevel)
                  0001b81e    0000002a                              : pcm.o (.text:PCM_getPowerMode)
                  0001b848    00000028                              : flash.o (.text:FlashCtl_setWaitState)
                  0001b870    00000028                              : pcm.o (.text:PCM_gotoLPM0)
                  0001b898    00000028     LCD.obj (.text:SPISendRecvByte)
                  0001b8c0    00000026     demo_sysctl.obj (.text)
                  0001b8e6    00000002     --HOLE-- [fill = 0]
                  0001b8e8    00000024     msp432p4xx_driverlib.lib : cs.o (.text:CS_clearInterruptFlag)
                  0001b90c    00000024                              : cs.o (.text:CS_setDCOCenteredFrequency)
                  0001b930    00000024                              : i2c.o (.text:I2C_masterSendMultiByteNext)
                  0001b954    00000024                              : interrupt.o (.text:Interrupt_setPriority)
                  0001b978    00000024                              : rtc_c.o (.text:RTC_C_holdClock)
                  0001b99c    00000024                              : uart.o (.text:UART_transmitData)
                  0001b9c0    00000020     LCD.obj (.text:LCD_SetCursor)
                  0001b9e0    00000020     LCD.obj (.text:LCD_Write_Data_Only)
                  0001ba00    00000020     msp432p4xx_driverlib.lib : spi.o (.text:SPI_transmitData)
                  0001ba20    00000020     rtsv7M4_T_le_v4SPD16_eabi.lib : u_tofd_t2.asm.obj (.text)
                  0001ba40    0000001c     msp432p4xx_driverlib.lib : spi.o (.text:EUSCI_B_SPI_isBusy)
                  0001ba5c    0000001c     LCD.obj (.text:LCD_WriteReg)
                  0001ba78    0000001c     rtsv7M4_T_le_v4SPD16_eabi.lib : memccpy.c.obj (.text:memccpy)
                  0001ba94    0000001a     msp432p4xx_driverlib.lib : spi.o (.text:SPI_receiveData)
                  0001baae    00000002     --HOLE-- [fill = 0]
                  0001bab0    00000018                              : cs.o (.text:CS_getMCLK)
                  0001bac8    00000018                              : cs.o (.text:CS_getSMCLK)
                  0001bae0    00000018                              : wdt_a.o (.text:WDT_A_clearTimer)
                  0001baf8    00000018                              : wdt_a.o (.text:WDT_A_holdTimer)
                  0001bb10    00000018     rtsv7M4_T_le_v4SPD16_eabi.lib : snprintf.c.obj (.text:_outc)
                  0001bb28    00000018                                   : ll_mul_t2.asm.obj (.text)
                  0001bb40    00000016                                   : strchr.c.obj (.text:strchr)
                  0001bb56    00000002     --HOLE-- [fill = 0]
                  0001bb58    00000014     msp432p4xx_driverlib.lib : cs.o (.text:CS_setExternalClockSourceFrequency)
                  0001bb6c    00000014                              : i2c.o (.text:I2C_isBusBusy)
                  0001bb80    00000014                              : systick.o (.text:SysTick_enableInterrupt)
                  0001bb94    00000014     rtsv7M4_T_le_v4SPD16_eabi.lib : s_copysign.c.obj (.text:copysign)
                  0001bba8    00000014                                   : strlen.c.obj (.text:strlen)
                  0001bbbc    00000012                                   : wcslen.c.obj (.text:wcslen)
                  0001bbce    00000010     msp432p4xx_driverlib.lib : i2c.o (.text:I2C_masterReceiveStart)
                  0001bbde    00000010                              : interrupt.o (.text:Interrupt_enableMaster)
                  0001bbee    00000010                              : pcm.o (.text:PCM_gotoLPM4)
                  0001bbfe    00000002     --HOLE-- [fill = 0]
                  0001bc00    00000010                              : sysctl.o (.text:SysCtl_disableNMISource)
                  0001bc10    00000010                              : sysctl.o (.text:SysCtl_enableNMISource)
                  0001bc20    0000000e     G8RTOS_CriticalSection.obj (.text)
                  0001bc2e    0000000e     msp432p4xx_driverlib.lib : i2c.o (.text:I2C_clearInterruptFlag)
                  0001bc3c    0000000e                              : i2c.o (.text:I2C_disableInterrupt)
                  0001bc4a    0000000e     rtsv7M4_T_le_v4SPD16_eabi.lib : copy_decompress_none.c.obj (.text:decompress:none:__TI_decompress_none)
                  0001bc58    0000000e     startup_msp432p401r_ccs.obj (.text)
                  0001bc66    0000000c     msp432p4xx_driverlib.lib : cpu.o (.text:CPU_cpsie)
                  0001bc72    0000000c                              : i2c.o (.text:I2C_disableModule)
                  0001bc7e    0000000c                              : i2c.o (.text:I2C_enableModule)
                  0001bc8a    00000002     --HOLE-- [fill = 0]
                  0001bc8c    0000000c                              : pcm.o (.text:PCM_getPowerState)
                  0001bc98    0000000c                              : sysctl.o (.text:SysCtl_getNMISourceStatus)
                  0001bca4    0000000c                              : uart.o (.text:UART_enableModule)
                  0001bcb0    0000000c     rtsv7M4_T_le_v4SPD16_eabi.lib : copy_zero_init.c.obj (.text:decompress:ZI:__TI_zero_init)
                  0001bcbc    0000000a     LCD.obj (.text:LCD_Write_Data_Start)
                  0001bcc6    00000008     msp432p4xx_driverlib.lib : i2c.o (.text:I2C_enableInterrupt)
                  0001bcce    00000008                              : pcm.o (.text:PCM_setCoreVoltageLevel)
                  0001bcd6    00000008                              : pcm.o (.text:PCM_setPowerMode)
                  0001bcde    00000008                              : pcm.o (.text:PCM_setPowerState)
                  0001bce6    00000002     --HOLE-- [fill = 0]
                  0001bce8    00000008     rtsv7M4_T_le_v4SPD16_eabi.lib : errno.c.obj (.text:__aeabi_errno_addr)
                  0001bcf0    00000006     msp432p4xx_driverlib.lib : cs.o (.text:CS_startHFXT)
                  0001bcf6    00000006                              : spi.o (.text:EUSCI_A_SPI_receiveData)
                  0001bcfc    00000006                              : spi.o (.text:EUSCI_B_SPI_receiveData)
                  0001bd02    00000006                              : i2c.o (.text:I2C_getEnabledInterruptStatus)
                  0001bd08    00000006                              : i2c.o (.text:I2C_getInterruptStatus)
                  0001bd0e    00000006                              : i2c.o (.text:I2C_masterReceiveMultiByteNext)
                  0001bd14    00000006     demo_sysctl.obj (.text:SysCtlDelay)
                  0001bd1a    00000004     msp432p4xx_driverlib.lib : cpu.o (.text:CPU_wfi)
                  0001bd1e    00000004                              : spi.o (.text:EUSCI_A_SPI_transmitData)
                  0001bd22    00000004                              : spi.o (.text:EUSCI_B_SPI_transmitData)
                  0001bd26    00000004                              : i2c.o (.text:I2C_setSlaveAddress)
                  0001bd2a    00000004     rtsv7M4_T_le_v4SPD16_eabi.lib : pre_init.c.obj (.text:_system_pre_init)
                  0001bd2e    00000004                                   : exit.c.obj (.text:abort:abort)

.const     0    0001bd34    000009c2     
                  0001bd34    000005f0     AsciiLib.obj (.const:AsciiLib)
                  0001c324    00000101     rtsv7M4_T_le_v4SPD16_eabi.lib : ctype.c.obj (.const:.string:_ctypes_)
                  0001c425    00000003     bmi160.obj (.const:.string:INVALID_OFFSET)
                  0001c428    000000b0     wlan.obj (.const:$P$T0$1)
                  0001c4d8    00000050     msp432p4xx_driverlib.lib : interrupt.o (.const:g_pulRegs)
                  0001c528    00000040                              : interrupt.o (.const)
                  0001c568    00000038     driver.obj (.const:_SlActionLookupTable)
                  0001c5a0    0000002c     cc3100_usage.obj (.const:$P$T0$1)
                  0001c5cc    00000024     BackChannelUart.obj (.const:backChannelUart115200Config)
                  0001c5f0    00000014     cc3100_usage.obj (.const:$P$T1$2)
                  0001c604    0000000c     cc3100_usage.obj (.const:$P$T2$3)
                  0001c610    0000000c     bmi160.obj (.const:yas532_version_ac_coef)
                  0001c61c    00000008     driver.obj (.const:g_H2NCnysPattern)
                  0001c624    00000008     driver.obj (.const:g_H2NSyncPattern)
                  0001c62c    00000008     bmi160.obj (.const:v_calib_data$2)
                  0001c634    00000005     bme280_support.obj (.const:.string:$P$T0$1)
                  0001c639    00000005     bmi160.obj (.const:.string:v_correct_u8$1)
                  0001c63e    00000004     driver.obj (.const:$P$T0$1)
                  0001c642    00000004     netapp.obj (.const:$P$T0$1)
                  0001c646    00000004     socket.obj (.const:$P$T0$1)
                  0001c64a    00000004     socket.obj (.const:$P$T1$2)
                  0001c64e    00000004     wlan.obj (.const:$P$T1$2)
                  0001c652    00000004     socket.obj (.const:$P$T2$3)
                  0001c656    00000004     wlan.obj (.const:$P$T2$3)
                  0001c65a    00000004     wlan.obj (.const:$P$T3$4)
                  0001c65e    00000004     socket.obj (.const:_SlAcceptCmdCtrl)
                  0001c662    00000004     device.obj (.const:_SlDeviceGetCmdCtrl)
                  0001c666    00000004     device.obj (.const:_SlDeviceSetCmdCtrl)
                  0001c66a    00000004     device.obj (.const:_SlEventMaskGetCmdCtrl)
                  0001c66e    00000004     device.obj (.const:_SlEventMaskSetCmdCtrl)
                  0001c672    00000004     netapp.obj (.const:_SlGetHostByNameCtrl)
                  0001c676    00000004     netapp.obj (.const:_SlGetHostByServiceCtrl)
                  0001c67a    00000004     netapp.obj (.const:_SlGetServiceListeCtrl)
                  0001c67e    00000004     socket.obj (.const:_SlGetSockOptCmdCtrl)
                  0001c682    00000004     socket.obj (.const:_SlListenCmdCtrl)
                  0001c686    00000004     netapp.obj (.const:_SlNetAppGetCmdCtrl)
                  0001c68a    00000004     netapp.obj (.const:_SlNetAppSendTokenValueCmdCtrl)
                  0001c68e    00000004     netapp.obj (.const:_SlNetAppSetCmdCtrl)
                  0001c692    00000004     netapp.obj (.const:_SlNetAppStartCtrl)
                  0001c696    00000004     netapp.obj (.const:_SlNetAppStopCtrl)
                  0001c69a    00000004     netcfg.obj (.const:_SlNetCfgGetCmdCtrl)
                  0001c69e    00000004     netcfg.obj (.const:_SlNetCfgSetCmdCtrl)
                  0001c6a2    00000004     wlan.obj (.const:_SlPolicyGetCmdCtrl)
                  0001c6a6    00000004     wlan.obj (.const:_SlPolicySetCmdCtrl)
                  0001c6aa    00000004     wlan.obj (.const:_SlProfileDelCmdCtrl)
                  0001c6ae    00000004     wlan.obj (.const:_SlProfileGetCmdCtrl)
                  0001c6b2    00000004     socket.obj (.const:_SlRecvCmdCtrl)
                  0001c6b6    00000004     socket.obj (.const:_SlRecvfomCmdCtrl)
                  0001c6ba    00000004     netapp.obj (.const:_SlRegisterServiceCtrl)
                  0001c6be    00000004     wlan.obj (.const:_SlRxFilterAddtCmdCtrl)
                  0001c6c2    00000004     wlan.obj (.const:_SlRxFilterGetCmdCtrl)
                  0001c6c6    00000004     wlan.obj (.const:_SlRxFilterSetCmdCtrl)
                  0001c6ca    00000004     socket.obj (.const:_SlSelectCmdCtrl)
                  0001c6ce    00000004     socket.obj (.const:_SlSendCmdCtrl)
                  0001c6d2    00000004     socket.obj (.const:_SlSetSockOptCmdCtrl)
                  0001c6d6    00000004     wlan.obj (.const:_SlSmartConfigStartCmdCtrl)
                  0001c6da    00000004     socket.obj (.const:_SlSockCloseCmdCtrl)
                  0001c6de    00000004     socket.obj (.const:_SlSockSocketCmdCtrl)
                  0001c6e2    00000004     device.obj (.const:_SlStopCmdCtrl)
                  0001c6e6    00000004     wlan.obj (.const:_SlWlanCfgGetCmdCtrl)
                  0001c6ea    00000004     wlan.obj (.const:_SlWlanCfgSetCmdCtrl)
                  0001c6ee    00000004     wlan.obj (.const:_SlWlanGetNetworkListCtrl)
                  0001c6f2    00000004     wlan.obj (.const:_SlWlanSetModeCmdCtrl)

.cinit     0    0001c6f8    00000080     
                  0001c6f8    00000056     (.cinit..data.load) [load image, compression = lzss]
                  0001c74e    00000002     --HOLE-- [fill = 0]
                  0001c750    0000000c     (__TI_handler_table)
                  0001c75c    00000004     --HOLE-- [fill = 0]
                  0001c760    00000008     (.cinit..bss.load) [load image, compression = zero_init]
                  0001c768    00000010     (__TI_cinit_table)

.init_array 
*          0    00000000    00000000     UNINITIALIZED

.binit     0    00000000    00000000     

.bss       0    20000000    0000cb68     UNINITIALIZED
                  20000000    0000b800     (.common:threadStacks)
                  2000b800    00000450     (.common:threadControlBlocks)
                  2000bc50    0000036c     (.common:accel_fifo)
                  2000bfbc    0000036c     (.common:gyro_fifo)
                  2000c328    0000036c     (.common:mag_fifo)
                  2000c694    00000164     (.common:g_StatMem)
                  2000c7f8    00000100     BackChannelUart.obj (.bss:backChannelStringBuff)
                  2000c8f8    0000007e     (.common:gamestate)
                  2000c976    00000002     tmp007.obj (.bss)
                  2000c978    00000070     bmi160.obj (.bss:yas532_data)
                  2000c9e8    00000040     (.common:str)
                  2000ca28    0000003c     (.common:bme280)
                  2000ca64    00000030     (.common:Pthread)
                  2000ca94    00000028     (.common:g__SlNonOsCB)
                  2000cabc    00000020     (.common:prev_balls)
                  2000cadc    00000014     (.common:s_bmi160)
                  2000caf0    00000010     bmi160.obj (.bss:mag_trim)
                  2000cb00    0000000c     G8RTOS_Scheduler.obj (.bss)
                  2000cb0c    00000006     (.common:accelxyz)
                  2000cb12    00000006     (.common:gyroxyz)
                  2000cb18    00000004     bme280.obj (.bss)
                  2000cb1c    00000004     bmi160.obj (.bss)
                  2000cb20    00000004     tmp007.obj (.bss:buf)
                  2000cb24    00000004     cc3100_usage.obj (.bss)
                  2000cb28    00000004     (.common:ButtonFunction)
                  2000cb2c    00000004     (.common:CurrentlyRunningThread)
                  2000cb30    00000004     (.common:LCDMutex)
                  2000cb34    00000004     (.common:LEDMutex)
                  2000cb38    00000004     (.common:SystemTime)
                  2000cb3c    00000004     (.common:g_ui32ByteCount)
                  2000cb40    00000004     (.common:gamestateMutex)
                  2000cb44    00000004     (.common:hfxtFreq)
                  2000cb48    00000004     (.common:ipMutex)
                  2000cb4c    00000004     (.common:lfxtFreq)
                  2000cb50    00000004     (.common:pData)
                  2000cb54    00000004     (.common:tempNextThread)
                  2000cb58    00000003     bmi160.obj (.bss:akm_asa_data)
                  2000cb5b    00000001     (.common:IntIsMasked)
                  2000cb5c    00000002     (.common:client_joystick_x)
                  2000cb5e    00000002     (.common:host_joystick_x)
                  2000cb60    00000002     (.common:host_joystick_y)
                  2000cb62    00000002     (.common:role)
                  2000cb64    00000001     (.common:collision_detected)
                  2000cb65    00000001     (.common:start_again)
                  2000cb66    00000001     (.common:ui8DummyRead)
                  2000cb67    00000001     (.common:ui8Status)

.data      0    2000cb68    00000484     UNINITIALIZED
                  2000cb68    00000400     bmi160.obj (.data:v_fifo_data_u8)
                  2000cf68    00000030     msp432p4xx_driverlib.lib : gpio.o (.data:GPIO_PORT_TO_BASE)
                  2000cf98    00000014     cc3100_usage.obj (.data)
                  2000cfac    00000014     i2c_driver.obj (.data:i2cConfig)
                  2000cfc0    0000000a     Game.obj (.data)
                  2000cfca    00000002     Game.obj (.data:prevClient)
                  2000cfcc    00000009     driver.obj (.data)
                  2000cfd5    00000001     i2c_driver.obj (.data)
                  2000cfd6    00000002     Game.obj (.data:prevHost)
                  2000cfd8    00000008     bmi160.obj (.data)
                  2000cfe0    00000004     board.obj (.data)
                  2000cfe4    00000004     rtsv7M4_T_le_v4SPD16_eabi.lib : errno.c.obj (.data)
                  2000cfe8    00000004     system_msp432p401r.obj (.data)

.stack     0    2000fe00    00000200     UNINITIALIZED
                  2000fe00    00000004     rtsv7M4_T_le_v4SPD16_eabi.lib : boot_cortex_m.c.obj (.stack)
                  2000fe04    000001fc     --HOLE--

MODULE SUMMARY

       Module                        code     ro data   rw data
       ------                        ----     -------   -------
    .\
       Game.obj                      4980     0         540    
       system_msp432p401r.obj        820      0         8      
       startup_msp432p401r_ccs.obj   14       228       0      
       main.obj                      216      0         0      
    +--+-----------------------------+--------+---------+---------+
       Total:                        6030     228       548    
                                                               
    .\BoardSupportPackage\src\
       bmi160.obj                    54752    28        7590   
       bme280.obj                    6160     0         8      
       bmi160_support.obj            3112     0         64     
       AsciiLib.obj                  64       1520      0      
       BackChannelUart.obj           760      36        512    
       i2c_driver.obj                864      0         62     
       bme280_support.obj            736      5         120    
       tmp007.obj                    564      0         12     
       Joystick.obj                  376      0         8      
       opt3001.obj                   254      0         0      
       ClockSys.obj                  132      0         0      
       BSP.obj                       52       0         0      
       demo_sysctl.obj               44       0         0      
    +--+-----------------------------+--------+---------+---------+
       Total:                        67870    1589      8376   
                                                               
    .\CC3100SupportPackage\board\
       board.obj                     848      0         10     
    +--+-----------------------------+--------+---------+---------+
       Total:                        848      0         10     
                                                               
    .\CC3100SupportPackage\cc3100_usage\
       cc3100_usage.obj              1672     76        48     
    +--+-----------------------------+--------+---------+---------+
       Total:                        1672     76        48     
                                                               
    .\CC3100SupportPackage\simplelink\source\
       driver.obj                    8228     76        730    
       socket.obj                    3796     52        0      
       wlan.obj                      2752     236       0      
       netapp.obj                    2884     40        0      
       device.obj                    1464     20        0      
       nonos.obj                     304      0         80     
       netcfg.obj                    272      8         0      
       flowcont.obj                  128      0         0      
    +--+-----------------------------+--------+---------+---------+
       Total:                        19828    432       810    
                                                               
    .\CC3100SupportPackage\spi_cc3100\
       spi_cc3100.obj                528      0         0      
    +--+-----------------------------+--------+---------+---------+
       Total:                        528      0         0      
                                                               
    .\G8RTOS_Lab3\
       G8RTOS_Scheduler.obj          2300     0         96544  
       G8RTOS_Semaphores.obj         160      0         0      
       G8RTOS_SchedulerASM.obj       76       0         0      
       G8RTOS_CriticalSection.obj    14       0         0      
    +--+-----------------------------+--------+---------+---------+
       Total:                        2550     0         96544  
                                                               
    .\LCD\
       LCD.obj                       2226     0         0      
    +--+-----------------------------+--------+---------+---------+
       Total:                        2226     0         0      
                                                               
    .\led\
       led.obj                       376      0         0      
    +--+-----------------------------+--------+---------+---------+
       Total:                        376      0         0      
                                                               
    ../BoardSupportPackage/DriverLib/msp432p4xx_driverlib.lib
       cs.o                          1202     0         16     
       pcm.o                         1194     0         0      
       interrupt.o                   252      144       0      
       i2c.o                         320      0         0      
       gpio.o                        148      0         96     
       uart.o                        196      0         0      
       spi.o                         154      0         0      
       sysctl.o                      124      0         0      
       wdt_a.o                       48       0         0      
       flash.o                       40       0         0      
       rtc_c.o                       36       0         0      
       systick.o                     20       0         0      
       cpu.o                         16       0         0      
    +--+-----------------------------+--------+---------+---------+
       Total:                        3750     144       112    
                                                               
    C:\ti\ccsv8\tools\compiler\ti-cgt-arm_18.1.4.LTS\lib\rtsv7M4_T_le_v4SPD16_eabi.lib
       _printfi.c.obj                4867     0         0      
       fd_add_t2.asm.obj             438      0         0      
       fd_div_t2.asm.obj             310      0         0      
       s_scalbn.c.obj                272      0         0      
       fd_cmp_t2.asm.obj             268      0         0      
       ctype.c.obj                   0        257       0      
       fd_mul_t2.asm.obj             252      0         0      
       memcpy_t2.asm.obj             156      0         0      
       ull_div_t2.asm.obj            150      0         0      
       snprintf.c.obj                148      0         0      
       memset_t2.asm.obj             122      0         0      
       ll_div_t2.asm.obj             110      0         0      
       copy_decompress_lzss.c.obj    104      0         0      
       s_frexp.c.obj                 100      0         0      
       ltoa.c.obj                    84       0         0      
       atoi.c.obj                    76       0         0      
       fd_toi_t2.asm.obj             72       0         0      
       autoinit.c.obj                68       0         0      
       fd_tou_t2.asm.obj             68       0         0      
       u_divt2.asm.obj               64       0         0      
       boot_cortex_m.c.obj           56       0         0      
       i_tofd_t2.asm.obj             46       0         0      
       u_tofd_t2.asm.obj             32       0         0      
       memccpy.c.obj                 28       0         0      
       ll_mul_t2.asm.obj             24       0         0      
       strchr.c.obj                  22       0         0      
       s_copysign.c.obj              20       0         0      
       strlen.c.obj                  20       0         0      
       wcslen.c.obj                  18       0         0      
       errno.c.obj                   8        0         8      
       copy_decompress_none.c.obj    14       0         0      
       copy_zero_init.c.obj          12       0         0      
       exit.c.obj                    4        0         0      
       pre_init.c.obj                4        0         0      
       div0.asm.obj                  2        0         0      
    +--+-----------------------------+--------+---------+---------+
       Total:                        8039     257       8      
                                                               
       Stack:                        0        0         1024   
       Linker Generated:             0        122       0      
    +--+-----------------------------+--------+---------+---------+
       Grand Total:                  113717   2848      107480 


LINKER GENERATED COPY TABLES

__TI_cinit_table @ 0001c768 records: 2, size/record: 8, table size: 16
	.data: load addr=0001c6f8, load size=00000056 bytes, run addr=2000cb68, run size=00000484 bytes, compression=lzss
	.bss: load addr=0001c760, load size=00000008 bytes, run addr=20000000, run size=0000cb68 bytes, compression=zero_init


LINKER GENERATED HANDLER TABLE

__TI_handler_table @ 0001c750 records: 3, size/record: 4, table size: 12
	index: 0, handler: __TI_decompress_lzss
	index: 1, handler: __TI_decompress_none
	index: 2, handler: __TI_zero_init


GLOBAL SYMBOLS: SORTED ALPHABETICALLY BY Name 

address   name                                                  
-------   ----                                                  
0001bc65  ADC14_IRQHandler                                      
0001bc65  AES256_IRQHandler                                     
00018891  BME280_I2C_bus_read                                   
00018865  BME280_I2C_bus_write                                  
000188bd  BME280_SPI_bus_read                                   
00018923  BME280_SPI_bus_write                                  
00018993  BME280_delay_msek                                     
0001b6cd  BSP_InitBoard                                         
0001849d  BackChannelEventTrigger                               
00018417  BackChannelInit                                       
000184b5  BackChannelOpt3001PrintRaw                            
00018433  BackChannelPrint                                      
0001847f  BackChannelPrintIntVariable                           
000184f7  BackupChannelBmi160PrintAccel                         
00018523  BackupChannelBmi160PrintGyro                          
0001854f  BackupChannelBmi160PrintMag                           
000184d1  BackupChannelTmp007PrintRaw                           
0001bc65  BusFault_Handler                                      
2000cb28  ButtonFunction                                        
0001bd2f  C$$EXIT                                               
00017dcb  CC3100_InterruptDisable                               
00017da1  CC3100_InterruptEnable                                
00017d89  CC3100_disable                                        
00017d95  CC3100_enable                                         
0001bc65  COMP_E0_IRQHandler                                    
0001bc65  COMP_E1_IRQHandler                                    
0001bc67  CPU_cpsie                                             
0001bd1b  CPU_wfi                                               
0001bc65  CS_IRQHandler                                         
0001b8e9  CS_clearInterruptFlag                                 
00019f85  CS_getDCOFrequency                                    
0001bab1  CS_getMCLK                                            
0001bac9  CS_getSMCLK                                           
0001a285  CS_initClockSignal                                    
0001b90d  CS_setDCOCenteredFrequency                            
0001bb59  CS_setExternalClockSourceFrequency                    
0001bcf1  CS_startHFXT                                          
0001a7c1  CS_startHFXTWithTimeout                               
0001ac3b  ClockSys_GetSysFreq                                   
0001abcd  ClockSys_SetMaxFreq                                   
000143c9  CopyPingResultsToReport                               
00011209  CreateGame                                            
2000cb2c  CurrentlyRunningThread                                
0001bc65  DMA_ERR_IRQHandler                                    
0001bc65  DMA_INT0_IRQHandler                                   
0001bc65  DMA_INT1_IRQHandler                                   
0001bc65  DMA_INT2_IRQHandler                                   
0001bc65  DMA_INT3_IRQHandler                                   
0001bc65  DebugMon_Handler                                      
0001bc65  Default_Handler                                       
00018027  Delay                                                 
0001b8c1  DelayMs                                               
0001968d  Disable_Joystick_Interrupt                            
000119a9  DrawObjects                                           
00011b5d  DrawPlayer                                            
00018075  EUSCIA0_IRQHandler                                    
00018075  EUSCIA0_IRQHandler                                    
0001bc65  EUSCIA1_IRQHandler                                    
0001bc65  EUSCIA2_IRQHandler                                    
0001bc65  EUSCIA3_IRQHandler                                    
0001bc65  EUSCIB0_IRQHandler                                    
00017cad  EUSCIB1_IRQHandler                                    
00017cad  EUSCIB1_IRQHandler                                    
0001bc65  EUSCIB2_IRQHandler                                    
0001bc65  EUSCIB3_IRQHandler                                    
0001bcf7  EUSCI_A_SPI_receiveData                               
0001bd1f  EUSCI_A_SPI_transmitData                              
0001ba41  EUSCI_B_SPI_isBusy                                    
0001bcfd  EUSCI_B_SPI_receiveData                               
0001bd23  EUSCI_B_SPI_transmitData                              
0001bc29  EndCriticalSection                                    
00011071  EndOfGameClient                                       
00011819  EndOfGameHost                                         
0001bc65  FLCTL_IRQHandler                                      
0001bc65  FPU_IRQHandler                                        
0001b849  FlashCtl_setWaitState                                 
0001646d  G8RTOS_AddAPeriodicEvent                              
00016379  G8RTOS_AddPeriodicEvent                               
0001609d  G8RTOS_AddThread                                      
00016659  G8RTOS_GetThreadId                                    
00015fb9  G8RTOS_Init                                           
0001a721  G8RTOS_InitSemaphore                                  
000165ff  G8RTOS_KillAllThreads                                 
000164dd  G8RTOS_KillSelf                                       
00016533  G8RTOS_KillThread                                     
00015fe5  G8RTOS_Launch                                         
00015e9f  G8RTOS_Scheduler                                      
0001a775  G8RTOS_SignalSemaphore                                
0001b249  G8RTOS_Start                                          
0001a73b  G8RTOS_WaitSemaphore                                  
0001b3c1  GPIO_setAsPeripheralModuleFunctionInputPin            
0001b291  GPIO_setAsPeripheralModuleFunctionOutputPin           
00011339  GenerateBall                                          
0001b521  GetASCIICode                                          
000196a3  GetJoystickCoordinates                                
00017f73  GetLEDStatus                                          
00011b0d  GetPlayerRole                                         
0001bc65  HardFault_Handler                                     
0001bc2f  I2C_clearInterruptFlag                                
0001bc3d  I2C_disableInterrupt                                  
0001bc73  I2C_disableModule                                     
0001bcc7  I2C_enableInterrupt                                   
0001bc7f  I2C_enableModule                                      
0001bd03  I2C_getEnabledInterruptStatus                         
0001bd09  I2C_getInterruptStatus                                
0001b5e1  I2C_initMaster                                        
0001bb6d  I2C_isBusBusy                                         
0001bd0f  I2C_masterReceiveMultiByteNext                        
0001bbcf  I2C_masterReceiveStart                                
0001b931  I2C_masterSendMultiByteNext                           
0001b65d  I2C_masterSendMultiByteStart                          
0001b735  I2C_masterSendMultiByteStop                           
00018833  I2C_routine                                           
0001bd27  I2C_setSlaveAddress                                   
00011989  IdleThread                                            
00011ded  InitBoardState                                        
2000cb5b  IntIsMasked                                           
0001af7d  Interrupt_disableInterrupt                            
0001afe1  Interrupt_enableInterrupt                             
0001bbdf  Interrupt_enableMaster                                
0001b955  Interrupt_setPriority                                 
00010ef9  JoinGame                                              
000195d9  Joystick_Init_Without_Interrupt                       
00019637  Joystick_Push_Button_Init_With_Interrupt              
2000cb30  LCDMutex                                              
0001697b  LCD_Clear                                             
00016795  LCD_DrawRectangle                                     
00016a41  LCD_Init                                              
0001b9c1  LCD_SetCursor                                         
000169ed  LCD_SetPoint                                          
000168e1  LCD_Text                                              
0001b561  LCD_WriteData                                         
0001b701  LCD_WriteIndex                                        
0001ba5d  LCD_WriteReg                                          
0001b9e1  LCD_Write_Data_Only                                   
0001bcbd  LCD_Write_Data_Start                                  
2000cb34  LEDMutex                                              
00019725  LP3943_LEDModeSet                                     
00017de9  MaskIntHdlr                                           
0001bc65  MemManage_Handler                                     
000114e1  MoveBall                                              
00011aa9  MoveLEDs                                              
0001bc65  NMI_Handler                                           
0001bc65  PCM_IRQHandler                                        
0001b7f3  PCM_getCoreVoltageLevel                               
0001b81f  PCM_getPowerMode                                      
0001bc8d  PCM_getPowerState                                     
0001b871  PCM_gotoLPM0                                          
0001acd1  PCM_gotoLPM3                                          
0001bbef  PCM_gotoLPM4                                          
0001bccf  PCM_setCoreVoltageLevel                               
0001bcd7  PCM_setPowerMode                                      
0001bcdf  PCM_setPowerState                                     
0001b1a5  PCM_shutdownDevice                                    
00018025  PORT1_IRQHandler                                      
00018025  PORT1_IRQHandler                                      
0001804f  PORT2_IRQHandler                                      
0001804f  PORT2_IRQHandler                                      
0001bc65  PORT3_IRQHandler                                      
0001bc65  PORT4_IRQHandler                                      
0001bc65  PORT5_IRQHandler                                      
0001bc65  PORT6_IRQHandler                                      
0001bc65  PSS_IRQHandler                                        
0001b269  PendSV_Handler                                        
0001b269  PendSV_Handler                                        
2000ca64  Pthread                                               
0001a67d  PutChar                                               
0001bc65  RTC_C_IRQHandler                                      
0001b979  RTC_C_holdClock                                       
00010ff9  ReadJoystickClient                                    
000113b5  ReadJoystickHost                                      
00017355  ReceiveData                                           
0001130b  ReceiveDataFromClient                                 
00010fa9  ReceiveDataFromHost                                   
0001bc59  Reset_Handler                                         
00013043  SL_FD_CLR                                             
00013069  SL_FD_ISSET                                           
00013021  SL_FD_SET                                             
00013091  SL_FD_ZERO                                            
0001b899  SPISendRecvByte                                       
0001ba95  SPI_receiveData                                       
0001884f  SPI_routine                                           
0001ba01  SPI_transmitData                                      
0001bc65  SVC_Handler                                           
00017fe1  SelAntenna                                            
00017335  SendData                                              
000112d9  SendDataToClient                                      
00010fd7  SendDataToHost                                        
00017419  SimpleLinkGeneralEventHandler                         
0001740d  SimpleLinkHttpServerCallback                          
000173d5  SimpleLinkNetAppEventHandler                          
00017423  SimpleLinkSockEventHandler                            
00017381  SimpleLinkWlanEventHandler                            
2000cfa8  SockIDRx                                              
2000cfaa  SockIDTx                                              
0001bc21  StartCriticalSection                                  
00011aed  StartGameAgain                                        
0001bd15  SysCtlDelay                                           
0001bc01  SysCtl_disableNMISource                               
0001bc11  SysCtl_enableNMISource                                
0001bc99  SysCtl_getNMISourceStatus                             
0001b1f5  SysCtl_getTLVInfo                                     
00015f11  SysTick_Handler                                       
00015f11  SysTick_Handler                                       
0001bb81  SysTick_enableInterrupt                               
2000cfe8  SystemCoreClock                                       
000180c5  SystemCoreClockUpdate                                 
0001833d  SystemInit                                            
2000cb38  SystemTime                                            
0001bc65  T32_INT1_IRQHandler                                   
0001bc65  T32_INT2_IRQHandler                                   
0001bc65  T32_INTC_IRQHandler                                   
0001bc65  TA0_0_IRQHandler                                      
0001bc65  TA0_N_IRQHandler                                      
0001bc65  TA1_0_IRQHandler                                      
0001bc65  TA1_N_IRQHandler                                      
0001bc65  TA2_0_IRQHandler                                      
0001bc65  TA2_N_IRQHandler                                      
0001bc65  TA3_0_IRQHandler                                      
0001bc65  TA3_N_IRQHandler                                      
00016c69  TP_ReadXY                                             
0001bca5  UART_enableModule                                     
0001aa2d  UART_initModule                                       
0001b99d  UART_transmitData                                     
00017df1  UnMaskIntHdlr                                         
00011d09  UpdateBallOnScreen                                    
00011c11  UpdatePlayerOnScreen                                  
0001bc65  UsageFault_Handler                                    
2000cfd8  V_bmm150_maual_auto_condition_u8                      
2000cfdc  V_fifo_time_U32                                       
4000480c  WDTCTL_SYM                                            
0001bc65  WDT_A_IRQHandler                                      
0001bae1  WDT_A_clearTimer                                      
0001baf9  WDT_A_holdTimer                                       
0001c65e  _SlAcceptCmdCtrl                                      
0001c568  _SlActionLookupTable                                  
0000e591  _SlAsyncEventGenericHandler                           
0001c662  _SlDeviceGetCmdCtrl                                   
0001c666  _SlDeviceSetCmdCtrl                                   
0000efa3  _SlDrvBasicCmd                                        
0000ec57  _SlDrvClassifyRxMsg                                   
0000d88f  _SlDrvCmdOp                                           
0000d93f  _SlDrvCmdSend                                         
0000d995  _SlDrvDataReadOp                                      
0000db99  _SlDrvDataWriteOp                                     
00017993  _SlDrvDeviceEventHandler                              
0000d7a9  _SlDrvDriverCBDeinit                                  
0000d6c5  _SlDrvDriverCBInit                                    
0001ac8f  _SlDrvFlowContDeinit                                  
0001ac51  _SlDrvFlowContInit                                    
0000df5d  _SlDrvMsgRead                                         
0000ea75  _SlDrvMsgReadCmdCtx                                   
0000eb6f  _SlDrvMsgReadSpawnCtx                                 
0000dd69  _SlDrvMsgWrite                                        
00014799  _SlDrvNetAppEventHandler                              
0000f497  _SlDrvObjDeInit                                       
0000f41b  _SlDrvObjInit                                         
0000f211  _SlDrvReleasePoolObj                                  
0000ed9d  _SlDrvRxHdrRead                                       
0000d84d  _SlDrvRxIrqHandler                                    
0000ed55  _SlDrvShiftDWord                                      
0000f009  _SlDrvWaitForPoolObj                                  
0001c66a  _SlEventMaskGetCmdCtrl                                
0001c66e  _SlEventMaskSetCmdCtrl                                
0000f579  _SlFindAndSetActiveObj                                
0001c672  _SlGetHostByNameCtrl                                  
0001c676  _SlGetHostByServiceCtrl                               
0001c67a  _SlGetServiceListeCtrl                                
0001c67e  _SlGetSockOptCmdCtrl                                  
0001c682  _SlListenCmdCtrl                                      
0001c686  _SlNetAppGetCmdCtrl                                   
0001c68a  _SlNetAppSendTokenValueCmdCtrl                        
0001c68e  _SlNetAppSetCmdCtrl                                   
0001c692  _SlNetAppStartCtrl                                    
0001c696  _SlNetAppStopCtrl                                     
0001c69a  _SlNetCfgGetCmdCtrl                                   
0001c69e  _SlNetCfgSetCmdCtrl                                   
00019bd5  _SlNonOsMainLoopTask                                  
00019b29  _SlNonOsSemGet                                        
00019b11  _SlNonOsSemSet                                        
00019b85  _SlNonOsSpawn                                         
0001c6a2  _SlPolicyGetCmdCtrl                                   
0001c6a6  _SlPolicySetCmdCtrl                                   
0001c6aa  _SlProfileDelCmdCtrl                                  
0001c6ae  _SlProfileGetCmdCtrl                                  
0001c6b2  _SlRecvCmdCtrl                                        
0001c6b6  _SlRecvfomCmdCtrl                                     
0001c6ba  _SlRegisterServiceCtrl                                
0000f4b7  _SlRemoveFromList                                     
0001c6be  _SlRxFilterAddtCmdCtrl                                
0001c6c2  _SlRxFilterGetCmdCtrl                                 
0001c6c6  _SlRxFilterSetCmdCtrl                                 
0001c6ca  _SlSelectCmdCtrl                                      
0001c6ce  _SlSendCmdCtrl                                        
0001c6d2  _SlSetSockOptCmdCtrl                                  
0001c6d6  _SlSmartConfigStartCmdCtrl                            
0001c6da  _SlSockCloseCmdCtrl                                   
0001c6de  _SlSockSocketCmdCtrl                                  
0001c6e2  _SlStopCmdCtrl                                        
0001c6e6  _SlWlanCfgGetCmdCtrl                                  
0001c6ea  _SlWlanCfgSetCmdCtrl                                  
0001c6ee  _SlWlanGetNetworkListCtrl                             
0001c6f2  _SlWlanSetModeCmdCtrl                                 
20010000  __STACK_END                                           
00000200  __STACK_SIZE                                          
0001c768  __TI_CINIT_Base                                       
0001c778  __TI_CINIT_Limit                                      
0001c750  __TI_Handler_Table_Base                               
0001c75c  __TI_Handler_Table_Limit                              
0001b499  __TI_auto_init_nobinit_nopinit                        
0001af15  __TI_decompress_lzss                                  
0001bc4b  __TI_decompress_none                                  
ffffffff  __TI_pprof_out_hndl                                   
0001536d  __TI_printfi                                          
ffffffff  __TI_prof_data_size                                   
ffffffff  __TI_prof_data_start                                  
00000000  __TI_static_base__                                    
0001bcb1  __TI_zero_init                                        
0001aac1  __aeabi_cdcmpeq                                       
0001aac1  __aeabi_cdcmple                                       
0001ab47  __aeabi_cdrcmple                                      
0001b451  __aeabi_d2iz                                          
0001b4dd  __aeabi_d2uiz                                         
0001925f  __aeabi_dadd                                          
000199d9  __aeabi_ddiv                                          
0001a187  __aeabi_dmul                                          
00019255  __aeabi_dsub                                          
0001bce9  __aeabi_errno_addr                                    
0001b7c5  __aeabi_i2d                                           
00015dcb  __aeabi_idiv0                                         
00015dcb  __aeabi_ldiv0                                         
0001aea7  __aeabi_ldivmod                                       
0001bb29  __aeabi_lmul                                          
0001ad4d  __aeabi_memclr                                        
0001ad4d  __aeabi_memclr4                                       
0001ad4d  __aeabi_memclr8                                       
0001a8f9  __aeabi_memcpy                                        
0001a8f9  __aeabi_memcpy4                                       
0001a8f9  __aeabi_memcpy8                                       
0001ad4f  __aeabi_memset                                        
0001ad4f  __aeabi_memset4                                       
0001ad4f  __aeabi_memset8                                       
0001ba21  __aeabi_ui2d                                          
0001b5a1  __aeabi_uidiv                                         
0001b5a1  __aeabi_uidivmod                                      
0001a995  __aeabi_uldivmod                                      
ffffffff  __binit__                                             
ffffffff  __c_args__                                            
UNDEFED   __mpu_init                                            
2000fe00  __stack                                               
0001b695  _c_int00_noargs                                       
0001c324  _ctypes_                                              
0001226d  _sl_BuildAddress                                      
0001745d  _sl_GetStartResponseConvert                           
00012c81  _sl_HandleAsync_Accept                                
0001287b  _sl_HandleAsync_Connect                               
000141b1  _sl_HandleAsync_DnsGetHostByAddr                      
00014305  _sl_HandleAsync_DnsGetHostByName                      
000140e1  _sl_HandleAsync_DnsGetHostByService                   
000175c1  _sl_HandleAsync_InitComplete                          
00014405  _sl_HandleAsync_PingResponse                          
000130a9  _sl_HandleAsync_Select                                
00017673  _sl_HandleAsync_Stop                                  
00012385  _sl_ParseAddress                                      
000122bd  _sl_TruncatePayloadByProtocol                         
UNDEFED   _system_post_cinit                                    
0001bd2b  _system_pre_init                                      
0001bd2f  abort                                                 
2000bc50  accel_fifo                                            
2000cb0c  accelxyz                                              
0001b329  atoi                                                  
ffffffff  binit                                                 
2000ca28  bme280                                                
0000fa27  bme280_compensate_humidity_int32                      
0000fadd  bme280_compensate_humidity_int32_sixteen_bit_output   
0000f8a1  bme280_compensate_pressure_int32                      
00010c65  bme280_compensate_pressure_int64                      
00010e67  bme280_compensate_pressure_int64_twentyfour_bit_output
0000f79f  bme280_compensate_temperature_int32                   
0000f817  bme280_compensate_temperature_int32_sixteen_bit_output
00010e81  bme280_compute_wait_time                              
000186f1  bme280_data_readout_template                          
0000fbf7  bme280_get_calib_param                                
000106b7  bme280_get_filter                                     
00010a1b  bme280_get_forced_uncomp_pressure_temperature_humidity
00010113  bme280_get_oversamp_humidity                          
0000ff5b  bme280_get_oversamp_pressure                          
0000fd99  bme280_get_oversamp_temperature                       
00010301  bme280_get_power_mode                                 
00010509  bme280_get_spi3                                       
0001086b  bme280_get_standby_durn                               
0000f6e9  bme280_init                                           
000187dd  bme280_initialize_sensor                              
0000fb97  bme280_read_pressure_temperature_humidity             
00010c1f  bme280_read_register                                  
0000f9d1  bme280_read_uncomp_humidity                           
0000f841  bme280_read_uncomp_pressure                           
0000fb05  bme280_read_uncomp_pressure_temperature_humidity      
0000f73f  bme280_read_uncomp_temperature                        
00010707  bme280_set_filter                                     
0001016d  bme280_set_oversamp_humidity                          
0000ffb7  bme280_set_oversamp_pressure                          
0000fdf5  bme280_set_oversamp_temperature                       
0001034f  bme280_set_power_mode                                 
000104c9  bme280_set_soft_rst                                   
00010557  bme280_set_spi3                                       
000108bb  bme280_set_standby_durn                               
00010bd9  bme280_write_register                                 
00007511  bmi160_accel_foc_trigger_xyz                          
0000ac11  bmi160_bmm150_mag_compensate_X                        
0000acbb  bmi160_bmm150_mag_compensate_Y                        
0000ad65  bmi160_bmm150_mag_compensate_Z                        
0000abb5  bmi160_bmm150_mag_compensate_xyz                      
0000ae05  bmi160_bmm150_mag_interface_init                      
0000b2a7  bmi160_bmm150_mag_set_power_mode                      
0000b0b1  bmi160_bmm150_mag_wakeup                              
0000c00d  bmi160_bst_akm_compensate_X                           
0000c03f  bmi160_bst_akm_compensate_Y                           
0000c071  bmi160_bst_akm_compensate_Z                           
0000c0a3  bmi160_bst_akm_compensate_xyz                         
0000bc05  bmi160_bst_akm_mag_interface_init                     
0000c0f1  bmi160_bst_akm_set_powermode                          
0000caa1  bmi160_bst_yamaha_yas532_calib_values                 
0000c47b  bmi160_bst_yamaha_yas532_mag_interface_init           
0000d4e1  bmi160_bst_yas532_acquisition_command_register        
0000c911  bmi160_bst_yas532_magnetic_measure_set_offset         
0000d069  bmi160_bst_yas532_measurement_xyz_data                
0000cef5  bmi160_bst_yas532_normal_measurement_data             
0000c7b1  bmi160_bst_yas532_set_initial_values                  
0000d5a5  bmi160_bst_yas532_set_offset                          
0000ce59  bmi160_bst_yas532_xy1y2_to_linear                     
000095c1  bmi160_clear_step_counter                             
0001317d  bmi160_config_running_mode                            
00013d2d  bmi160_delay_ms                                       
00001805  bmi160_fifo_data                                      
000017a5  bmi160_fifo_length                                    
0000191d  bmi160_get_accel_bw                                   
00000e21  bmi160_get_accel_data_rdy                             
000021f7  bmi160_get_accel_fifo_filter_data                     
000086ab  bmi160_get_accel_offset_compensation_xaxis            
00008791  bmi160_get_accel_offset_compensation_yaxis            
0000887b  bmi160_get_accel_offset_compensation_zaxis            
00008edb  bmi160_get_accel_offset_enable                        
0000183f  bmi160_get_accel_output_data_rate                     
00000481  bmi160_get_accel_power_mode_stat                      
00001ad9  bmi160_get_accel_range                                
0000829d  bmi160_get_accel_selftest_amp                         
000080e7  bmi160_get_accel_selftest_axis                        
000081bf  bmi160_get_accel_selftest_sign                        
000019ff  bmi160_get_accel_under_sampling_parameter             
00000d85  bmi160_get_data_rdy_mag                               
000002b5  bmi160_get_drop_cmd_err                               
00000219  bmi160_get_err_code                                   
00000351  bmi160_get_error_status                               
000001cd  bmi160_get_fatal_err                                  
000028a5  bmi160_get_fifo_accel_enable                          
0000212f  bmi160_get_fifo_down_accel                            
00001f87  bmi160_get_fifo_down_gyro                             
00002985  bmi160_get_fifo_gyro_enable                           
000026f1  bmi160_get_fifo_header_enable                         
000027cb  bmi160_get_fifo_mag_enable                            
0000235f  bmi160_get_fifo_stop_on_full                          
000025ff  bmi160_get_fifo_tag_intr1_enable                      
00002511  bmi160_get_fifo_tag_intr2_enable                      
00002437  bmi160_get_fifo_time_enable                           
000022d1  bmi160_get_fifo_wm                                    
000070db  bmi160_get_foc_accel_x                                
00007001  bmi160_get_foc_accel_y                                
00006f3b  bmi160_get_foc_accel_z                                
0000775b  bmi160_get_foc_gyro_enable                            
00000ce5  bmi160_get_foc_rdy                                    
00001ce5  bmi160_get_gyro_bw                                    
00000dd3  bmi160_get_gyro_data_rdy                              
00002055  bmi160_get_gyro_fifo_filter_data                      
00008961  bmi160_get_gyro_offset_compensation_xaxis             
00008b31  bmi160_get_gyro_offset_compensation_yaxis             
00008d09  bmi160_get_gyro_offset_compensation_zaxis             
00008fab  bmi160_get_gyro_offset_enable                         
00001bc9  bmi160_get_gyro_output_data_rate                      
00000433  bmi160_get_gyro_power_mode_stat                       
00001dbf  bmi160_get_gyro_range                                 
00000c49  bmi160_get_gyro_selftest                              
00008377  bmi160_get_gyro_selftest_start                        
00007f33  bmi160_get_gyro_sleep_state                           
00007d7b  bmi160_get_gyro_sleep_trigger                         
0000800d  bmi160_get_gyro_wakeup_intr                           
00007e53  bmi160_get_gyro_wakeup_trigger                        
00002a5f  bmi160_get_i2c_device_addr                            
00000267  bmi160_get_i2c_fail_err                               
00007bc7  bmi160_get_i2c_wdt_enable                             
00007ae7  bmi160_get_i2c_wdt_select                             
00007ca1  bmi160_get_if_mode                                    
000041f3  bmi160_get_input_enable                               
000046ed  bmi160_get_intr_any_motion                            
00005dbf  bmi160_get_intr_any_motion_durn                       
00005f53  bmi160_get_intr_any_motion_thres                      
00005519  bmi160_get_intr_data_rdy                              
00004a31  bmi160_get_intr_double_tap                            
00003ae5  bmi160_get_intr_edge_ctrl                             
00002f23  bmi160_get_intr_enable_0                              
00003393  bmi160_get_intr_enable_1                              
000037fb  bmi160_get_intr_enable_2                              
000051fd  bmi160_get_intr_fifo_full                             
00005389  bmi160_get_intr_fifo_wm                               
00004ee1  bmi160_get_intr_flat                                  
00006d83  bmi160_get_intr_flat_hold                             
00006e63  bmi160_get_intr_flat_hyst                             
00006cab  bmi160_get_intr_flat_theta                            
00004561  bmi160_get_intr_high_g                                
00005cb3  bmi160_get_intr_high_g_durn                           
00005beb  bmi160_get_intr_high_g_hyst                           
00005d39  bmi160_get_intr_high_g_thres                          
00003c6d  bmi160_get_intr_level                                 
0000437f  bmi160_get_intr_low_g                                 
00005937  bmi160_get_intr_low_g_durn                            
00005a43  bmi160_get_intr_low_g_hyst                            
00005b11  bmi160_get_intr_low_g_mode                            
000059bd  bmi160_get_intr_low_g_thres                           
0000577f  bmi160_get_intr_low_high_source                       
0000585d  bmi160_get_intr_motion_source                         
000048a5  bmi160_get_intr_nomotion                              
00004d4f  bmi160_get_intr_orient                                
00006bd1  bmi160_get_intr_orient_axes_enable                    
00006879  bmi160_get_intr_orient_blocking                       
00006953  bmi160_get_intr_orient_hyst                           
0000679b  bmi160_get_intr_orient_mode                           
00006a1b  bmi160_get_intr_orient_theta                          
00006af3  bmi160_get_intr_orient_ud_enable                      
00003dff  bmi160_get_intr_output_type                           
0000506d  bmi160_get_intr_pmu_trig                              
000062f1  bmi160_get_intr_significant_motion_proof              
0000613d  bmi160_get_intr_significant_motion_select             
00006217  bmi160_get_intr_significant_motion_skip               
00004bc3  bmi160_get_intr_single_tap                            
00005e8b  bmi160_get_intr_slow_no_motion_durn                   
0000605f  bmi160_get_intr_slow_no_motion_select                 
00005fd9  bmi160_get_intr_slow_no_motion_thres                  
000063cb  bmi160_get_intr_tap_durn                              
000065fb  bmi160_get_intr_tap_quiet                             
00006521  bmi160_get_intr_tap_shock                             
000056a5  bmi160_get_intr_tap_source                            
000066d5  bmi160_get_intr_tap_thres                             
0000411b  bmi160_get_latch_intr                                 
00002b27  bmi160_get_mag_burst                                  
00000303  bmi160_get_mag_dada_rdy_err                           
00002cb9  bmi160_get_mag_manual_enable                          
00000c97  bmi160_get_mag_manual_operation_stat                  
00002bed  bmi160_get_mag_offset                                 
00001e97  bmi160_get_mag_output_data_rate                       
000003e1  bmi160_get_mag_power_mode_stat                        
00002d91  bmi160_get_mag_read_addr                              
00002e17  bmi160_get_mag_write_addr                             
00002e9d  bmi160_get_mag_write_data                             
000085e3  bmi160_get_nvm_counter                                
00007935  bmi160_get_nvm_prog_enable                            
00000d33  bmi160_get_nvm_rdy                                    
00003f8b  bmi160_get_output_enable                              
00009701  bmi160_get_paging_enable                              
0000d6ab  bmi160_get_ptr                                        
000097db  bmi160_get_pullup_configuration                       
00000bed  bmi160_get_sensor_time                                
00008517  bmi160_get_spare0_trim                                
00007a0f  bmi160_get_spi3                                       
00008451  bmi160_get_spi_enable                                 
00000f09  bmi160_get_stat0_any_motion_intr                      
00000fa5  bmi160_get_stat0_double_tap_intr                      
00001095  bmi160_get_stat0_flat_intr                            
00001041  bmi160_get_stat0_orient_intr                          
00000f57  bmi160_get_stat0_pmu_trigger_intr                     
00000ebb  bmi160_get_stat0_significant_intr                     
00000ff3  bmi160_get_stat0_single_tap_intr                      
00000e6f  bmi160_get_stat0_step_intr                            
0000117f  bmi160_get_stat1_data_rdy_intr                        
000011cd  bmi160_get_stat1_fifo_full_intr                       
0000121b  bmi160_get_stat1_fifo_wm_intr                         
000010e3  bmi160_get_stat1_high_g_intr                          
00001131  bmi160_get_stat1_low_g_intr                           
00001269  bmi160_get_stat1_nomotion_intr                        
000012b7  bmi160_get_stat2_any_motion_first_x                   
00001303  bmi160_get_stat2_any_motion_first_y                   
00001351  bmi160_get_stat2_any_motion_first_z                   
000013a5  bmi160_get_stat2_any_motion_sign                      
000013f3  bmi160_get_stat2_tap_first_x                          
00001441  bmi160_get_stat2_tap_first_y                          
0000148f  bmi160_get_stat2_tap_first_z                          
000014dd  bmi160_get_stat2_tap_sign                             
00001703  bmi160_get_stat3_flat                                 
0000152b  bmi160_get_stat3_high_g_first_x                       
00001577  bmi160_get_stat3_high_g_first_y                       
000015c5  bmi160_get_stat3_high_g_first_z                       
00001613  bmi160_get_stat3_high_g_sign                          
00001661  bmi160_get_stat3_orient_xy                            
000016b5  bmi160_get_stat3_orient_z                             
000090c7  bmi160_get_step_config                                
00009299  bmi160_get_step_counter_enable                        
00003a15  bmi160_get_step_detector_enable                       
00009627  bmi160_get_target_page                                
00001751  bmi160_get_temp                                       
00013c93  bmi160_i2c_burst_read                                 
00013c67  bmi160_i2c_bus_read                                   
00013cc5  bmi160_i2c_bus_write                                  
000000e5  bmi160_init                                           
00013141  bmi160_initialize_sensor                              
00013bb5  bmi160_interrupt_configuration                        
000093f1  bmi160_map_significant_motion_intr                    
000094d9  bmi160_map_step_detector_intr                         
00000a7d  bmi160_read_accel_x                                   
00000b79  bmi160_read_accel_xyz                                 
00000ad1  bmi160_read_accel_y                                   
00000b25  bmi160_read_accel_z                                   
0000b761  bmi160_read_bmm150_mag_trim                           
0000bf25  bmi160_read_bst_akm_sensitivity_data                  
000098b9  bmi160_read_fifo_header_data                          
0000a289  bmi160_read_fifo_headerless_mode                      
00000909  bmi160_read_gyro_x                                    
00000a05  bmi160_read_gyro_xyz                                  
0000095d  bmi160_read_gyro_y                                    
000009b1  bmi160_read_gyro_z                                    
000006d9  bmi160_read_mag_r                                     
000004cf  bmi160_read_mag_x                                     
00000743  bmi160_read_mag_xyz                                   
0000084d  bmi160_read_mag_xyzr                                  
0000057d  bmi160_read_mag_y                                     
0000062b  bmi160_read_mag_z                                     
00000189  bmi160_read_reg                                       
00009073  bmi160_read_step_count                                
0000196b  bmi160_set_accel_bw                                   
00002245  bmi160_set_accel_fifo_filter_data                     
000071b9  bmi160_set_accel_foc_trigger                          
000086f7  bmi160_set_accel_offset_compensation_xaxis            
000087dd  bmi160_set_accel_offset_compensation_yaxis            
000088c7  bmi160_set_accel_offset_compensation_zaxis            
00008f29  bmi160_set_accel_offset_enable                        
0000188b  bmi160_set_accel_output_data_rate                     
00001b25  bmi160_set_accel_range                                
000082eb  bmi160_set_accel_selftest_amp                         
00008133  bmi160_set_accel_selftest_axis                        
00008211  bmi160_set_accel_selftest_sign                        
00001a4d  bmi160_set_accel_under_sampling_parameter             
0000b181  bmi160_set_bmm150_mag_and_secondary_if_power_mode     
0000b405  bmi160_set_bmm150_mag_presetmode                      
0000c315  bmi160_set_bst_akm_and_secondary_if_powermode         
000095ed  bmi160_set_command_register                           
000028f3  bmi160_set_fifo_accel_enable                          
0000217d  bmi160_set_fifo_down_accel                            
00001fd3  bmi160_set_fifo_down_gyro                             
000029d3  bmi160_set_fifo_gyro_enable                           
0000273f  bmi160_set_fifo_header_enable                         
00002819  bmi160_set_fifo_mag_enable                            
000023ab  bmi160_set_fifo_stop_on_full                          
00002651  bmi160_set_fifo_tag_intr1_enable                      
0000255f  bmi160_set_fifo_tag_intr2_enable                      
00002485  bmi160_set_fifo_time_enable                           
00002325  bmi160_set_fifo_wm                                    
00007129  bmi160_set_foc_accel_x                                
0000704f  bmi160_set_foc_accel_y                                
00006f87  bmi160_set_foc_accel_z                                
000077a9  bmi160_set_foc_gyro_enable                            
00001d33  bmi160_set_gyro_bw                                    
000020a3  bmi160_set_gyro_fifo_filter_data                      
00008a15  bmi160_set_gyro_offset_compensation_xaxis             
00008bed  bmi160_set_gyro_offset_compensation_yaxis             
00008dbf  bmi160_set_gyro_offset_compensation_zaxis             
[...]
000196a3  GetJoystickCoordinates                                
00019725  LP3943_LEDModeSet                                     
00019817  init_RGBLEDS                                          
000199d9  __aeabi_ddiv                                          
00019b11  _SlNonOsSemSet                                        
00019b29  _SlNonOsSemGet                                        
00019b85  _SlNonOsSpawn                                         
00019bd5  _SlNonOsMainLoopTask                                  
00019d65  sl_NetCfgSet                                          
00019dcb  sl_NetCfgGet                                          
00019e75  ldexp                                                 
00019e75  ldexpl                                                
00019e75  scalbn                                                
00019e75  scalbnl                                               
00019f85  CS_getDCOFrequency                                    
0001a089  sensorOpt3001Init                                     
0001a095  sensorOpt3001Enable                                   
0001a0c1  sensorOpt3001Read                                     
0001a125  sensorOpt3001Test                                     
0001a187  __aeabi_dmul                                          
0001a285  CS_initClockSignal                                    
0001a441  main                                                  
0001a67d  PutChar                                               
0001a721  G8RTOS_InitSemaphore                                  
0001a73b  G8RTOS_WaitSemaphore                                  
0001a775  G8RTOS_SignalSemaphore                                
0001a7c1  CS_startHFXTWithTimeout                               
0001a8f9  __aeabi_memcpy                                        
0001a8f9  __aeabi_memcpy4                                       
0001a8f9  __aeabi_memcpy8                                       
0001a8f9  memcpy                                                
0001a995  __aeabi_uldivmod                                      
0001aa2d  UART_initModule                                       
0001aac1  __aeabi_cdcmpeq                                       
0001aac1  __aeabi_cdcmple                                       
0001ab47  __aeabi_cdrcmple                                      
0001abcd  ClockSys_SetMaxFreq                                   
0001ac3b  ClockSys_GetSysFreq                                   
0001ac51  _SlDrvFlowContInit                                    
0001ac8f  _SlDrvFlowContDeinit                                  
0001acd1  PCM_gotoLPM3                                          
0001ad4d  __aeabi_memclr                                        
0001ad4d  __aeabi_memclr4                                       
0001ad4d  __aeabi_memclr8                                       
0001ad4f  __aeabi_memset                                        
0001ad4f  __aeabi_memset4                                       
0001ad4f  __aeabi_memset8                                       
0001ad55  memset                                                
0001aea7  __aeabi_ldivmod                                       
0001af15  __TI_decompress_lzss                                  
0001af7d  Interrupt_disableInterrupt                            
0001afe1  Interrupt_enableInterrupt                             
0001b045  frexp                                                 
0001b045  frexpl                                                
0001b0ff  ltoa                                                  
0001b1a5  PCM_shutdownDevice                                    
0001b1f5  SysCtl_getTLVInfo                                     
0001b249  G8RTOS_Start                                          
0001b269  PendSV_Handler                                        
0001b269  PendSV_Handler                                        
0001b291  GPIO_setAsPeripheralModuleFunctionOutputPin           
0001b329  atoi                                                  
0001b375  snprintf                                              
0001b3c1  GPIO_setAsPeripheralModuleFunctionInputPin            
0001b451  __aeabi_d2iz                                          
0001b499  __TI_auto_init_nobinit_nopinit                        
0001b4dd  __aeabi_d2uiz                                         
0001b521  GetASCIICode                                          
0001b561  LCD_WriteData                                         
0001b5a1  __aeabi_uidiv                                         
0001b5a1  __aeabi_uidivmod                                      
0001b5e1  I2C_initMaster                                        
0001b65d  I2C_masterSendMultiByteStart                          
0001b695  _c_int00_noargs                                       
0001b6cd  BSP_InitBoard                                         
0001b701  LCD_WriteIndex                                        
0001b735  I2C_masterSendMultiByteStop                           
0001b7c5  __aeabi_i2d                                           
0001b7f3  PCM_getCoreVoltageLevel                               
0001b81f  PCM_getPowerMode                                      
0001b849  FlashCtl_setWaitState                                 
0001b871  PCM_gotoLPM0                                          
0001b899  SPISendRecvByte                                       
0001b8c1  DelayMs                                               
0001b8e9  CS_clearInterruptFlag                                 
0001b90d  CS_setDCOCenteredFrequency                            
0001b931  I2C_masterSendMultiByteNext                           
0001b955  Interrupt_setPriority                                 
0001b979  RTC_C_holdClock                                       
0001b99d  UART_transmitData                                     
0001b9c1  LCD_SetCursor                                         
0001b9e1  LCD_Write_Data_Only                                   
0001ba01  SPI_transmitData                                      
0001ba21  __aeabi_ui2d                                          
0001ba41  EUSCI_B_SPI_isBusy                                    
0001ba5d  LCD_WriteReg                                          
0001ba79  memccpy                                               
0001ba95  SPI_receiveData                                       
0001bab1  CS_getMCLK                                            
0001bac9  CS_getSMCLK                                           
0001bae1  WDT_A_clearTimer                                      
0001baf9  WDT_A_holdTimer                                       
0001bb29  __aeabi_lmul                                          
0001bb41  strchr                                                
0001bb59  CS_setExternalClockSourceFrequency                    
0001bb6d  I2C_isBusBusy                                         
0001bb81  SysTick_enableInterrupt                               
0001bb95  copysign                                              
0001bb95  copysignl                                             
0001bba9  strlen                                                
0001bbbd  wcslen                                                
0001bbcf  I2C_masterReceiveStart                                
0001bbdf  Interrupt_enableMaster                                
0001bbef  PCM_gotoLPM4                                          
0001bc01  SysCtl_disableNMISource                               
0001bc11  SysCtl_enableNMISource                                
0001bc21  StartCriticalSection                                  
0001bc29  EndCriticalSection                                    
0001bc2f  I2C_clearInterruptFlag                                
0001bc3d  I2C_disableInterrupt                                  
0001bc4b  __TI_decompress_none                                  
0001bc59  Reset_Handler                                         
0001bc65  ADC14_IRQHandler                                      
0001bc65  AES256_IRQHandler                                     
0001bc65  BusFault_Handler                                      
0001bc65  COMP_E0_IRQHandler                                    
0001bc65  COMP_E1_IRQHandler                                    
0001bc65  CS_IRQHandler                                         
0001bc65  DMA_ERR_IRQHandler                                    
0001bc65  DMA_INT0_IRQHandler                                   
0001bc65  DMA_INT1_IRQHandler                                   
0001bc65  DMA_INT2_IRQHandler                                   
0001bc65  DMA_INT3_IRQHandler                                   
0001bc65  DebugMon_Handler                                      
0001bc65  Default_Handler                                       
0001bc65  EUSCIA1_IRQHandler                                    
0001bc65  EUSCIA2_IRQHandler                                    
0001bc65  EUSCIA3_IRQHandler                                    
0001bc65  EUSCIB0_IRQHandler                                    
0001bc65  EUSCIB2_IRQHandler                                    
0001bc65  EUSCIB3_IRQHandler                                    
0001bc65  FLCTL_IRQHandler                                      
0001bc65  FPU_IRQHandler                                        
0001bc65  HardFault_Handler                                     
0001bc65  MemManage_Handler                                     
0001bc65  NMI_Handler                                           
0001bc65  PCM_IRQHandler                                        
0001bc65  PORT3_IRQHandler                                      
0001bc65  PORT4_IRQHandler                                      
0001bc65  PORT5_IRQHandler                                      
0001bc65  PORT6_IRQHandler                                      
0001bc65  PSS_IRQHandler                                        
0001bc65  RTC_C_IRQHandler                                      
0001bc65  SVC_Handler                                           
0001bc65  T32_INT1_IRQHandler                                   
0001bc65  T32_INT2_IRQHandler                                   
0001bc65  T32_INTC_IRQHandler                                   
0001bc65  TA0_0_IRQHandler                                      
0001bc65  TA0_N_IRQHandler                                      
0001bc65  TA1_0_IRQHandler                                      
0001bc65  TA1_N_IRQHandler                                      
0001bc65  TA2_0_IRQHandler                                      
0001bc65  TA2_N_IRQHandler                                      
0001bc65  TA3_0_IRQHandler                                      
0001bc65  TA3_N_IRQHandler                                      
0001bc65  UsageFault_Handler                                    
0001bc65  WDT_A_IRQHandler                                      
0001bc67  CPU_cpsie                                             
0001bc73  I2C_disableModule                                     
0001bc7f  I2C_enableModule                                      
0001bc8d  PCM_getPowerState                                     
0001bc99  SysCtl_getNMISourceStatus                             
0001bca5  UART_enableModule                                     
0001bcb1  __TI_zero_init                                        
0001bcbd  LCD_Write_Data_Start                                  
0001bcc7  I2C_enableInterrupt                                   
0001bccf  PCM_setCoreVoltageLevel                               
0001bcd7  PCM_setPowerMode                                      
0001bcdf  PCM_setPowerState                                     
0001bce9  __aeabi_errno_addr                                    
0001bcf1  CS_startHFXT                                          
0001bcf7  EUSCI_A_SPI_receiveData                               
0001bcfd  EUSCI_B_SPI_receiveData                               
0001bd03  I2C_getEnabledInterruptStatus                         
0001bd09  I2C_getInterruptStatus                                
0001bd0f  I2C_masterReceiveMultiByteNext                        
0001bd15  SysCtlDelay                                           
0001bd1b  CPU_wfi                                               
0001bd1f  EUSCI_A_SPI_transmitData                              
0001bd23  EUSCI_B_SPI_transmitData                              
0001bd27  I2C_setSlaveAddress                                   
0001bd2b  _system_pre_init                                      
0001bd2f  C$$EXIT                                               
0001bd2f  abort                                                 
0001c324  _ctypes_                                              
0001c568  _SlActionLookupTable                                  
0001c61c  g_H2NCnysPattern                                      
0001c624  g_H2NSyncPattern                                      
0001c65e  _SlAcceptCmdCtrl                                      
0001c662  _SlDeviceGetCmdCtrl                                   
0001c666  _SlDeviceSetCmdCtrl                                   
0001c66a  _SlEventMaskGetCmdCtrl                                
0001c66e  _SlEventMaskSetCmdCtrl                                
0001c672  _SlGetHostByNameCtrl                                  
0001c676  _SlGetHostByServiceCtrl                               
0001c67a  _SlGetServiceListeCtrl                                
0001c67e  _SlGetSockOptCmdCtrl                                  
0001c682  _SlListenCmdCtrl                                      
0001c686  _SlNetAppGetCmdCtrl                                   
0001c68a  _SlNetAppSendTokenValueCmdCtrl                        
0001c68e  _SlNetAppSetCmdCtrl                                   
0001c692  _SlNetAppStartCtrl                                    
0001c696  _SlNetAppStopCtrl                                     
0001c69a  _SlNetCfgGetCmdCtrl                                   
0001c69e  _SlNetCfgSetCmdCtrl                                   
0001c6a2  _SlPolicyGetCmdCtrl                                   
0001c6a6  _SlPolicySetCmdCtrl                                   
0001c6aa  _SlProfileDelCmdCtrl                                  
0001c6ae  _SlProfileGetCmdCtrl                                  
0001c6b2  _SlRecvCmdCtrl                                        
0001c6b6  _SlRecvfomCmdCtrl                                     
0001c6ba  _SlRegisterServiceCtrl                                
0001c6be  _SlRxFilterAddtCmdCtrl                                
0001c6c2  _SlRxFilterGetCmdCtrl                                 
0001c6c6  _SlRxFilterSetCmdCtrl                                 
0001c6ca  _SlSelectCmdCtrl                                      
0001c6ce  _SlSendCmdCtrl                                        
0001c6d2  _SlSetSockOptCmdCtrl                                  
0001c6d6  _SlSmartConfigStartCmdCtrl                            
0001c6da  _SlSockCloseCmdCtrl                                   
0001c6de  _SlSockSocketCmdCtrl                                  
0001c6e2  _SlStopCmdCtrl                                        
0001c6e6  _SlWlanCfgGetCmdCtrl                                  
0001c6ea  _SlWlanCfgSetCmdCtrl                                  
0001c6ee  _SlWlanGetNetworkListCtrl                             
0001c6f2  _SlWlanSetModeCmdCtrl                                 
0001c750  __TI_Handler_Table_Base                               
0001c75c  __TI_Handler_Table_Limit                              
0001c768  __TI_CINIT_Base                                       
0001c778  __TI_CINIT_Limit                                      
20000000  threadStacks                                          
2000b800  threadControlBlocks                                   
2000bc50  accel_fifo                                            
2000bfbc  gyro_fifo                                             
2000c328  mag_fifo                                              
2000c694  g_StatMem                                             
2000c8f8  gamestate                                             
2000c9e8  str                                                   
2000ca28  bme280                                                
2000ca64  Pthread                                               
2000ca94  g__SlNonOsCB                                          
2000cabc  prev_balls                                            
2000cadc  s_bmi160                                              
2000cb0c  accelxyz                                              
2000cb12  gyroxyz                                               
2000cb28  ButtonFunction                                        
2000cb2c  CurrentlyRunningThread                                
2000cb30  LCDMutex                                              
2000cb34  LEDMutex                                              
2000cb38  SystemTime                                            
2000cb3c  g_ui32ByteCount                                       
2000cb40  gamestateMutex                                        
2000cb48  ipMutex                                               
2000cb50  pData                                                 
2000cb54  tempNextThread                                        
2000cb5b  IntIsMasked                                           
2000cb5c  client_joystick_x                                     
2000cb5e  host_joystick_x                                       
2000cb60  host_joystick_y                                       
2000cb62  role                                                  
2000cb64  collision_detected                                    
2000cb65  start_again                                           
2000cb66  ui8DummyRead                                          
2000cb67  ui8Status                                             
2000cb68  v_fifo_data_u8                                        
2000cf98  g_Status                                              
2000cf9c  retVal                                                
2000cfa0  receivedAlready                                       
2000cfa4  transmitedAlready                                     
2000cfa8  SockIDRx                                              
2000cfaa  SockIDTx                                              
2000cfac  i2cConfig                                             
2000cfc0  johnny_laptop_ip                                      
2000cfc4  jovan_laptop_ip                                       
2000cfc8  client_joystick_y                                     
2000cfca  prevClient                                            
2000cfcc  g_pCB                                                 
2000cfd0  pPingCallBackFunc                                     
2000cfd4  gFirstCmdMode                                         
2000cfd5  burstMode                                             
2000cfd6  prevHost                                              
2000cfd8  V_bmm150_maual_auto_condition_u8                      
2000cfdc  V_fifo_time_U32                                       
2000cfe0  pIraEventHandler                                      
2000cfe4  errno                                                 
2000cfe8  SystemCoreClock                                       
2000fe00  __stack                                               
20010000  __STACK_END                                           
4000480c  WDTCTL_SYM                                            
ffffffff  __TI_pprof_out_hndl                                   
ffffffff  __TI_prof_data_size                                   
ffffffff  __TI_prof_data_start                                  
ffffffff  __binit__                                             
ffffffff  __c_args__                                            
ffffffff  binit                                                 
UNDEFED   __mpu_init                                            
UNDEFED   _system_post_cinit                                    

[900 symbols]
