<?xml version="1.0" encoding="ISO-8859-1" ?>
<link_info>
   <banner>TI ARM Linker PC v18.1.4.LTS</banner>
   <copyright>Copyright (c) 1996-2018 Texas Instruments Incorporated</copyright>
   <link_time>0x5e9e5d36</link_time>
   <link_errors>0x0</link_errors>
   <output_file>lab5.out</output_file>
   <entry_point>
      <name>_c_int00_noargs</name>
      <address>0x1b695</address>
   </entry_point>
   <input_file_list>
      <input_file id="fl-2">
         <path>.\</path>
         <kind>object</kind>
         <file>Game.obj</file>
         <name>Game.obj</name>
      </input_file>
      <input_file id="fl-3">
         <path>.\</path>
         <kind>object</kind>
         <file>Threads.obj</file>
         <name>Threads.obj</name>
      </input_file>
      <input_file id="fl-4">
         <path>.\</path>
         <kind>object</kind>
         <file>main.obj</file>
         <name>main.obj</name>
      </input_file>
      <input_file id="fl-5">
         <path>.\</path>
         <kind>object</kind>
         <file>startup_msp432p401r_ccs.obj</file>
         <name>startup_msp432p401r_ccs.obj</name>
      </input_file>
      <input_file id="fl-6">
         <path>.\</path>
         <kind>object</kind>
         <file>system_msp432p401r.obj</file>
         <name>system_msp432p401r.obj</name>
      </input_file>
      <input_file id="fl-7">
         <path>.\BoardSupportPackage\src\</path>
         <kind>object</kind>
         <file>AsciiLib.obj</file>
         <name>AsciiLib.obj</name>
      </input_file>
      <input_file id="fl-8">
         <path>.\BoardSupportPackage\src\</path>
         <kind>object</kind>
         <file>BSP.obj</file>
         <name>BSP.obj</name>
      </input_file>
      <input_file id="fl-9">
         <path>.\BoardSupportPackage\src\</path>
         <kind>object</kind>
         <file>BackChannelUart.obj</file>
         <name>BackChannelUart.obj</name>
      </input_file>
      <input_file id="fl-a">
         <path>.\BoardSupportPackage\src\</path>
         <kind>object</kind>
         <file>ClockSys.obj</file>
         <name>ClockSys.obj</name>
      </input_file>
      <input_file id="fl-b">
         <path>.\BoardSupportPackage\src\</path>
         <kind>object</kind>
         <file>Joystick.obj</file>
         <name>Joystick.obj</name>
      </input_file>
      <input_file id="fl-c">
         <path>.\BoardSupportPackage\src\</path>
         <kind>object</kind>
         <file>bme280.obj</file>
         <name>bme280.obj</name>
      </input_file>
      <input_file id="fl-d">
         <path>.\BoardSupportPackage\src\</path>
         <kind>object</kind>
         <file>bme280_support.obj</file>
         <name>bme280_support.obj</name>
      </input_file>
      <input_file id="fl-e">
         <path>.\BoardSupportPackage\src\</path>
         <kind>object</kind>
         <file>bmi160.obj</file>
         <name>bmi160.obj</name>
      </input_file>
      <input_file id="fl-f">
         <path>.\BoardSupportPackage\src\</path>
         <kind>object</kind>
         <file>bmi160_support.obj</file>
         <name>bmi160_support.obj</name>
      </input_file>
      <input_file id="fl-10">
         <path>.\BoardSupportPackage\src\</path>
         <kind>object</kind>
         <file>demo_sysctl.obj</file>
         <name>demo_sysctl.obj</name>
      </input_file>
      <input_file id="fl-11">
         <path>.\BoardSupportPackage\src\</path>
         <kind>object</kind>
         <file>i2c_driver.obj</file>
         <name>i2c_driver.obj</name>
      </input_file>
      <input_file id="fl-12">
         <path>.\BoardSupportPackage\src\</path>
         <kind>object</kind>
         <file>opt3001.obj</file>
         <name>opt3001.obj</name>
      </input_file>
      <input_file id="fl-13">
         <path>.\BoardSupportPackage\src\</path>
         <kind>object</kind>
         <file>tmp007.obj</file>
         <name>tmp007.obj</name>
      </input_file>
      <input_file id="fl-14">
         <path>.\CC3100SupportPackage\board\</path>
         <kind>object</kind>
         <file>board.obj</file>
         <name>board.obj</name>
      </input_file>
      <input_file id="fl-15">
         <path>.\CC3100SupportPackage\cc3100_usage\</path>
         <kind>object</kind>
         <file>cc3100_usage.obj</file>
         <name>cc3100_usage.obj</name>
      </input_file>
      <input_file id="fl-16">
         <path>.\CC3100SupportPackage\simplelink\source\</path>
         <kind>object</kind>
         <file>device.obj</file>
         <name>device.obj</name>
      </input_file>
      <input_file id="fl-17">
         <path>.\CC3100SupportPackage\simplelink\source\</path>
         <kind>object</kind>
         <file>driver.obj</file>
         <name>driver.obj</name>
      </input_file>
      <input_file id="fl-18">
         <path>.\CC3100SupportPackage\simplelink\source\</path>
         <kind>object</kind>
         <file>flowcont.obj</file>
         <name>flowcont.obj</name>
      </input_file>
      <input_file id="fl-19">
         <path>.\CC3100SupportPackage\simplelink\source\</path>
         <kind>object</kind>
         <file>fs.obj</file>
         <name>fs.obj</name>
      </input_file>
      <input_file id="fl-1a">
         <path>.\CC3100SupportPackage\simplelink\source\</path>
         <kind>object</kind>
         <file>netapp.obj</file>
         <name>netapp.obj</name>
      </input_file>
      <input_file id="fl-1b">
         <path>.\CC3100SupportPackage\simplelink\source\</path>
         <kind>object</kind>
         <file>netcfg.obj</file>
         <name>netcfg.obj</name>
      </input_file>
      <input_file id="fl-1c">
         <path>.\CC3100SupportPackage\simplelink\source\</path>
         <kind>object</kind>
         <file>nonos.obj</file>
         <name>nonos.obj</name>
      </input_file>
      <input_file id="fl-1d">
         <path>.\CC3100SupportPackage\simplelink\source\</path>
         <kind>object</kind>
         <file>socket.obj</file>
         <name>socket.obj</name>
      </input_file>
      <input_file id="fl-1e">
         <path>.\CC3100SupportPackage\simplelink\source\</path>
         <kind>object</kind>
         <file>spawn.obj</file>
         <name>spawn.obj</name>
      </input_file>
      <input_file id="fl-1f">
         <path>.\CC3100SupportPackage\simplelink\source\</path>
         <kind>object</kind>
         <file>wlan.obj</file>
         <name>wlan.obj</name>
      </input_file>
      <input_file id="fl-20">
         <path>.\CC3100SupportPackage\spi_cc3100\</path>
         <kind>object</kind>
         <file>spi_cc3100.obj</file>
         <name>spi_cc3100.obj</name>
      </input_file>
      <input_file id="fl-21">
         <path>.\G8RTOS_Lab3\</path>
         <kind>object</kind>
         <file>G8RTOS_CriticalSection.obj</file>
         <name>G8RTOS_CriticalSection.obj</name>
      </input_file>
      <input_file id="fl-22">
         <path>.\G8RTOS_Lab3\</path>
         <kind>object</kind>
         <file>G8RTOS_IPC.obj</file>
         <name>G8RTOS_IPC.obj</name>
      </input_file>
      <input_file id="fl-23">
         <path>.\G8RTOS_Lab3\</path>
         <kind>object</kind>
         <file>G8RTOS_Scheduler.obj</file>
         <name>G8RTOS_Scheduler.obj</name>
      </input_file>
      <input_file id="fl-24">
         <path>.\G8RTOS_Lab3\</path>
         <kind>object</kind>
         <file>G8RTOS_SchedulerASM.obj</file>
         <name>G8RTOS_SchedulerASM.obj</name>
      </input_file>
      <input_file id="fl-25">
         <path>.\G8RTOS_Lab3\</path>
         <kind>object</kind>
         <file>G8RTOS_Semaphores.obj</file>
         <name>G8RTOS_Semaphores.obj</name>
      </input_file>
      <input_file id="fl-26">
         <path>.\LCD\</path>
         <kind>object</kind>
         <file>LCD.obj</file>
         <name>LCD.obj</name>
      </input_file>
      <input_file id="fl-27">
         <path>.\led\</path>
         <kind>object</kind>
         <file>led.obj</file>
         <name>led.obj</name>
      </input_file>
      <input_file id="fl-28">
         <path>.\uart\</path>
         <kind>object</kind>
         <file>myuart.obj</file>
         <name>myuart.obj</name>
      </input_file>
      <input_file id="fl-2d">
         <kind>object</kind>
         <file>&lt;internal&gt;</file>
         <name>&lt;internal&gt;</name>
      </input_file>
      <input_file id="fl-2e">
         <path>..\BoardSupportPackage\DriverLib\</path>
         <kind>archive</kind>
         <file>msp432p4xx_driverlib.lib</file>
         <name>cs.o</name>
      </input_file>
      <input_file id="fl-2f">
         <path>..\BoardSupportPackage\DriverLib\</path>
         <kind>archive</kind>
         <file>msp432p4xx_driverlib.lib</file>
         <name>flash.o</name>
      </input_file>
      <input_file id="fl-30">
         <path>..\BoardSupportPackage\DriverLib\</path>
         <kind>archive</kind>
         <file>msp432p4xx_driverlib.lib</file>
         <name>gpio.o</name>
      </input_file>
      <input_file id="fl-31">
         <path>..\BoardSupportPackage\DriverLib\</path>
         <kind>archive</kind>
         <file>msp432p4xx_driverlib.lib</file>
         <name>i2c.o</name>
      </input_file>
      <input_file id="fl-32">
         <path>..\BoardSupportPackage\DriverLib\</path>
         <kind>archive</kind>
         <file>msp432p4xx_driverlib.lib</file>
         <name>interrupt.o</name>
      </input_file>
      <input_file id="fl-33">
         <path>..\BoardSupportPackage\DriverLib\</path>
         <kind>archive</kind>
         <file>msp432p4xx_driverlib.lib</file>
         <name>pcm.o</name>
      </input_file>
      <input_file id="fl-34">
         <path>..\BoardSupportPackage\DriverLib\</path>
         <kind>archive</kind>
         <file>msp432p4xx_driverlib.lib</file>
         <name>rtc_c.o</name>
      </input_file>
      <input_file id="fl-35">
         <path>..\BoardSupportPackage\DriverLib\</path>
         <kind>archive</kind>
         <file>msp432p4xx_driverlib.lib</file>
         <name>spi.o</name>
      </input_file>
      <input_file id="fl-36">
         <path>..\BoardSupportPackage\DriverLib\</path>
         <kind>archive</kind>
         <file>msp432p4xx_driverlib.lib</file>
         <name>sysctl.o</name>
      </input_file>
      <input_file id="fl-37">
         <path>..\BoardSupportPackage\DriverLib\</path>
         <kind>archive</kind>
         <file>msp432p4xx_driverlib.lib</file>
         <name>systick.o</name>
      </input_file>
      <input_file id="fl-38">
         <path>..\BoardSupportPackage\DriverLib\</path>
         <kind>archive</kind>
         <file>msp432p4xx_driverlib.lib</file>
         <name>uart.o</name>
      </input_file>
      <input_file id="fl-39">
         <path>..\BoardSupportPackage\DriverLib\</path>
         <kind>archive</kind>
         <file>msp432p4xx_driverlib.lib</file>
         <name>wdt_a.o</name>
      </input_file>
      <input_file id="fl-3a">
         <path>..\BoardSupportPackage\DriverLib\</path>
         <kind>archive</kind>
         <file>msp432p4xx_driverlib.lib</file>
         <name>cpu.o</name>
      </input_file>
      <input_file id="fl-f0">
         <path>C:\ti\ccsv8\tools\compiler\ti-cgt-arm_18.1.4.LTS\lib\</path>
         <kind>archive</kind>
         <file>rtsv7M4_T_le_v4SPD16_eabi.lib</file>
         <name>u_divt2.asm.obj</name>
      </input_file>
      <input_file id="fl-f1">
         <path>C:\ti\ccsv8\tools\compiler\ti-cgt-arm_18.1.4.LTS\lib\</path>
         <kind>archive</kind>
         <file>rtsv7M4_T_le_v4SPD16_eabi.lib</file>
         <name>fd_div_t2.asm.obj</name>
      </input_file>
      <input_file id="fl-f2">
         <path>C:\ti\ccsv8\tools\compiler\ti-cgt-arm_18.1.4.LTS\lib\</path>
         <kind>archive</kind>
         <file>rtsv7M4_T_le_v4SPD16_eabi.lib</file>
         <name>fd_tou_t2.asm.obj</name>
      </input_file>
      <input_file id="fl-f3">
         <path>C:\ti\ccsv8\tools\compiler\ti-cgt-arm_18.1.4.LTS\lib\</path>
         <kind>archive</kind>
         <file>rtsv7M4_T_le_v4SPD16_eabi.lib</file>
         <name>ll_mul_t2.asm.obj</name>
      </input_file>
      <input_file id="fl-f4">
         <path>C:\ti\ccsv8\tools\compiler\ti-cgt-arm_18.1.4.LTS\lib\</path>
         <kind>archive</kind>
         <file>rtsv7M4_T_le_v4SPD16_eabi.lib</file>
         <name>memcpy_t2.asm.obj</name>
      </input_file>
      <input_file id="fl-f5">
         <path>C:\ti\ccsv8\tools\compiler\ti-cgt-arm_18.1.4.LTS\lib\</path>
         <kind>archive</kind>
         <file>rtsv7M4_T_le_v4SPD16_eabi.lib</file>
         <name>u_tofd_t2.asm.obj</name>
      </input_file>
      <input_file id="fl-f6">
         <path>C:\ti\ccsv8\tools\compiler\ti-cgt-arm_18.1.4.LTS\lib\</path>
         <kind>archive</kind>
         <file>rtsv7M4_T_le_v4SPD16_eabi.lib</file>
         <name>ll_div_t2.asm.obj</name>
      </input_file>
      <input_file id="fl-f7">
         <path>C:\ti\ccsv8\tools\compiler\ti-cgt-arm_18.1.4.LTS\lib\</path>
         <kind>archive</kind>
         <file>rtsv7M4_T_le_v4SPD16_eabi.lib</file>
         <name>ull_div_t2.asm.obj</name>
      </input_file>
      <input_file id="fl-f8">
         <path>C:\ti\ccsv8\tools\compiler\ti-cgt-arm_18.1.4.LTS\lib\</path>
         <kind>archive</kind>
         <file>rtsv7M4_T_le_v4SPD16_eabi.lib</file>
         <name>memset_t2.asm.obj</name>
      </input_file>
      <input_file id="fl-f9">
         <path>C:\ti\ccsv8\tools\compiler\ti-cgt-arm_18.1.4.LTS\lib\</path>
         <kind>archive</kind>
         <file>rtsv7M4_T_le_v4SPD16_eabi.lib</file>
         <name>copy_zero_init.c.obj</name>
      </input_file>
      <input_file id="fl-fa">
         <path>C:\ti\ccsv8\tools\compiler\ti-cgt-arm_18.1.4.LTS\lib\</path>
         <kind>archive</kind>
         <file>rtsv7M4_T_le_v4SPD16_eabi.lib</file>
         <name>copy_decompress_none.c.obj</name>
      </input_file>
      <input_file id="fl-fb">
         <path>C:\ti\ccsv8\tools\compiler\ti-cgt-arm_18.1.4.LTS\lib\</path>
         <kind>archive</kind>
         <file>rtsv7M4_T_le_v4SPD16_eabi.lib</file>
         <name>copy_decompress_lzss.c.obj</name>
      </input_file>
      <input_file id="fl-fc">
         <path>C:\ti\ccsv8\tools\compiler\ti-cgt-arm_18.1.4.LTS\lib\</path>
         <kind>archive</kind>
         <file>rtsv7M4_T_le_v4SPD16_eabi.lib</file>
         <name>boot_cortex_m.c.obj</name>
      </input_file>
      <input_file id="fl-fd">
         <path>C:\ti\ccsv8\tools\compiler\ti-cgt-arm_18.1.4.LTS\lib\</path>
         <kind>archive</kind>
         <file>rtsv7M4_T_le_v4SPD16_eabi.lib</file>
         <name>exit.c.obj</name>
      </input_file>
      <input_file id="fl-fe">
         <path>C:\ti\ccsv8\tools\compiler\ti-cgt-arm_18.1.4.LTS\lib\</path>
         <kind>archive</kind>
         <file>rtsv7M4_T_le_v4SPD16_eabi.lib</file>
         <name>_lock.c.obj</name>
      </input_file>
      <input_file id="fl-ff">
         <path>C:\ti\ccsv8\tools\compiler\ti-cgt-arm_18.1.4.LTS\lib\</path>
         <kind>archive</kind>
         <file>rtsv7M4_T_le_v4SPD16_eabi.lib</file>
         <name>args_main.c.obj</name>
      </input_file>
      <input_file id="fl-100">
         <path>C:\ti\ccsv8\tools\compiler\ti-cgt-arm_18.1.4.LTS\lib\</path>
         <kind>archive</kind>
         <file>rtsv7M4_T_le_v4SPD16_eabi.lib</file>
         <name>snprintf.c.obj</name>
      </input_file>
      <input_file id="fl-101">
         <path>C:\ti\ccsv8\tools\compiler\ti-cgt-arm_18.1.4.LTS\lib\</path>
         <kind>archive</kind>
         <file>rtsv7M4_T_le_v4SPD16_eabi.lib</file>
         <name>strlen.c.obj</name>
      </input_file>
      <input_file id="fl-102">
         <path>C:\ti\ccsv8\tools\compiler\ti-cgt-arm_18.1.4.LTS\lib\</path>
         <kind>archive</kind>
         <file>rtsv7M4_T_le_v4SPD16_eabi.lib</file>
         <name>div0.asm.obj</name>
      </input_file>
      <input_file id="fl-103">
         <path>C:\ti\ccsv8\tools\compiler\ti-cgt-arm_18.1.4.LTS\lib\</path>
         <kind>archive</kind>
         <file>rtsv7M4_T_le_v4SPD16_eabi.lib</file>
         <name>autoinit.c.obj</name>
      </input_file>
      <input_file id="fl-104">
         <path>C:\ti\ccsv8\tools\compiler\ti-cgt-arm_18.1.4.LTS\lib\</path>
         <kind>archive</kind>
         <file>rtsv7M4_T_le_v4SPD16_eabi.lib</file>
         <name>pre_init.c.obj</name>
      </input_file>
      <input_file id="fl-105">
         <path>C:\ti\ccsv8\tools\compiler\ti-cgt-arm_18.1.4.LTS\lib\</path>
         <kind>archive</kind>
         <file>rtsv7M4_T_le_v4SPD16_eabi.lib</file>
         <name>cpy_tbl.c.obj</name>
      </input_file>
      <input_file id="fl-106">
         <path>C:\ti\ccsv8\tools\compiler\ti-cgt-arm_18.1.4.LTS\lib\</path>
         <kind>archive</kind>
         <file>rtsv7M4_T_le_v4SPD16_eabi.lib</file>
         <name>_printfi.c.obj</name>
      </input_file>
      <input_file id="fl-107">
         <path>C:\ti\ccsv8\tools\compiler\ti-cgt-arm_18.1.4.LTS\lib\</path>
         <kind>archive</kind>
         <file>rtsv7M4_T_le_v4SPD16_eabi.lib</file>
         <name>atoi.c.obj</name>
      </input_file>
      <input_file id="fl-108">
         <path>C:\ti\ccsv8\tools\compiler\ti-cgt-arm_18.1.4.LTS\lib\</path>
         <kind>archive</kind>
         <file>rtsv7M4_T_le_v4SPD16_eabi.lib</file>
         <name>ctype.c.obj</name>
      </input_file>
      <input_file id="fl-109">
         <path>C:\ti\ccsv8\tools\compiler\ti-cgt-arm_18.1.4.LTS\lib\</path>
         <kind>archive</kind>
         <file>rtsv7M4_T_le_v4SPD16_eabi.lib</file>
         <name>ltoa.c.obj</name>
      </input_file>
      <input_file id="fl-10a">
         <path>C:\ti\ccsv8\tools\compiler\ti-cgt-arm_18.1.4.LTS\lib\</path>
         <kind>archive</kind>
         <file>rtsv7M4_T_le_v4SPD16_eabi.lib</file>
         <name>memccpy.c.obj</name>
      </input_file>
      <input_file id="fl-10b">
         <path>C:\ti\ccsv8\tools\compiler\ti-cgt-arm_18.1.4.LTS\lib\</path>
         <kind>archive</kind>
         <file>rtsv7M4_T_le_v4SPD16_eabi.lib</file>
         <name>strchr.c.obj</name>
      </input_file>
      <input_file id="fl-10c">
         <path>C:\ti\ccsv8\tools\compiler\ti-cgt-arm_18.1.4.LTS\lib\</path>
         <kind>archive</kind>
         <file>rtsv7M4_T_le_v4SPD16_eabi.lib</file>
         <name>wcslen.c.obj</name>
      </input_file>
      <input_file id="fl-10d">
         <path>C:\ti\ccsv8\tools\compiler\ti-cgt-arm_18.1.4.LTS\lib\</path>
         <kind>archive</kind>
         <file>rtsv7M4_T_le_v4SPD16_eabi.lib</file>
         <name>s_frexp.c.obj</name>
      </input_file>
      <input_file id="fl-10e">
         <path>C:\ti\ccsv8\tools\compiler\ti-cgt-arm_18.1.4.LTS\lib\</path>
         <kind>archive</kind>
         <file>rtsv7M4_T_le_v4SPD16_eabi.lib</file>
         <name>s_scalbn.c.obj</name>
      </input_file>
      <input_file id="fl-10f">
         <path>C:\ti\ccsv8\tools\compiler\ti-cgt-arm_18.1.4.LTS\lib\</path>
         <kind>archive</kind>
         <file>rtsv7M4_T_le_v4SPD16_eabi.lib</file>
         <name>fd_add_t2.asm.obj</name>
      </input_file>
      <input_file id="fl-110">
         <path>C:\ti\ccsv8\tools\compiler\ti-cgt-arm_18.1.4.LTS\lib\</path>
         <kind>archive</kind>
         <file>rtsv7M4_T_le_v4SPD16_eabi.lib</file>
         <name>fd_cmp_t2.asm.obj</name>
      </input_file>
      <input_file id="fl-111">
         <path>C:\ti\ccsv8\tools\compiler\ti-cgt-arm_18.1.4.LTS\lib\</path>
         <kind>archive</kind>
         <file>rtsv7M4_T_le_v4SPD16_eabi.lib</file>
         <name>fd_mul_t2.asm.obj</name>
      </input_file>
      <input_file id="fl-112">
         <path>C:\ti\ccsv8\tools\compiler\ti-cgt-arm_18.1.4.LTS\lib\</path>
         <kind>archive</kind>
         <file>rtsv7M4_T_le_v4SPD16_eabi.lib</file>
         <name>fd_toi_t2.asm.obj</name>
      </input_file>
      <input_file id="fl-113">
         <path>C:\ti\ccsv8\tools\compiler\ti-cgt-arm_18.1.4.LTS\lib\</path>
         <kind>archive</kind>
         <file>rtsv7M4_T_le_v4SPD16_eabi.lib</file>
         <name>i_tofd_t2.asm.obj</name>
      </input_file>
      <input_file id="fl-114">
         <path>C:\ti\ccsv8\tools\compiler\ti-cgt-arm_18.1.4.LTS\lib\</path>
         <kind>archive</kind>
         <file>rtsv7M4_T_le_v4SPD16_eabi.lib</file>
         <name>errno.c.obj</name>
      </input_file>
      <input_file id="fl-115">
         <path>C:\ti\ccsv8\tools\compiler\ti-cgt-arm_18.1.4.LTS\lib\</path>
         <kind>archive</kind>
         <file>rtsv7M4_T_le_v4SPD16_eabi.lib</file>
         <name>s_copysign.c.obj</name>
      </input_file>
   </input_file_list>
   <object_component_list>
      <object_component id="oc-23">
         <name>.intvecs:retain</name>
         <load_address>0x0</load_address>
         <run_address>0x0</run_address>
         <size>0xe4</size>
         <input_file_ref idref="fl-5"/>
      </object_component>
      <object_component id="oc-3a7">
         <name>.text</name>
         <load_address>0xe4</load_address>
         <run_address>0xe4</run_address>
         <size>0xd5e0</size>
         <input_file_ref idref="fl-e"/>
      </object_component>
      <object_component id="oc-602">
         <name>.text</name>
         <load_address>0xd6c4</load_address>
         <run_address>0xd6c4</run_address>
         <size>0x2024</size>
         <input_file_ref idref="fl-17"/>
      </object_component>
      <object_component id="oc-3c7">
         <name>.text</name>
         <load_address>0xf6e8</load_address>
         <run_address>0xf6e8</run_address>
         <size>0x1810</size>
         <input_file_ref idref="fl-c"/>
      </object_component>
      <object_component id="oc-1e6">
         <name>.text</name>
         <load_address>0x10ef8</load_address>
         <run_address>0x10ef8</run_address>
         <size>0x1374</size>
         <input_file_ref idref="fl-2"/>
      </object_component>
      <object_component id="oc-48c">
         <name>.text</name>
         <load_address>0x1226c</load_address>
         <run_address>0x1226c</run_address>
         <size>0xed4</size>
         <input_file_ref idref="fl-1d"/>
      </object_component>
      <object_component id="oc-287">
         <name>.text</name>
         <load_address>0x13140</load_address>
         <run_address>0x13140</run_address>
         <size>0xc28</size>
         <input_file_ref idref="fl-f"/>
      </object_component>
      <object_component id="oc-4ad">
         <name>.text</name>
         <load_address>0x13d68</load_address>
         <run_address>0x13d68</run_address>
         <size>0xb44</size>
         <input_file_ref idref="fl-1a"/>
      </object_component>
      <object_component id="oc-4a1">
         <name>.text</name>
         <load_address>0x148ac</load_address>
         <run_address>0x148ac</run_address>
         <size>0xac0</size>
         <input_file_ref idref="fl-1f"/>
      </object_component>
      <object_component id="oc-4dd">
         <name>.text:__TI_printfi</name>
         <load_address>0x1536c</load_address>
         <run_address>0x1536c</run_address>
         <size>0xa5e</size>
         <input_file_ref idref="fl-106"/>
      </object_component>
      <object_component id="oc-2bc">
         <name>.text</name>
         <load_address>0x15dca</load_address>
         <run_address>0x15dca</run_address>
         <size>0x2</size>
         <input_file_ref idref="fl-102"/>
      </object_component>
      <object_component id="oc-6f">
         <name>.text</name>
         <load_address>0x15dcc</load_address>
         <run_address>0x15dcc</run_address>
         <size>0x8fc</size>
         <input_file_ref idref="fl-23"/>
      </object_component>
      <object_component id="oc-1d4">
         <name>.text</name>
         <load_address>0x166c8</load_address>
         <run_address>0x166c8</run_address>
         <size>0x70c</size>
         <input_file_ref idref="fl-26"/>
      </object_component>
      <object_component id="oc-35a">
         <name>.text</name>
         <load_address>0x16dd4</load_address>
         <run_address>0x16dd4</run_address>
         <size>0x688</size>
         <input_file_ref idref="fl-15"/>
      </object_component>
      <object_component id="oc-495">
         <name>.text</name>
         <load_address>0x1745c</load_address>
         <run_address>0x1745c</run_address>
         <size>0x5b8</size>
         <input_file_ref idref="fl-16"/>
      </object_component>
      <object_component id="oc-7b">
         <name>.text</name>
         <load_address>0x17a14</load_address>
         <run_address>0x17a14</run_address>
         <size>0x360</size>
         <input_file_ref idref="fl-11"/>
      </object_component>
      <object_component id="oc-75">
         <name>.text</name>
         <load_address>0x17d74</load_address>
         <run_address>0x17d74</run_address>
         <size>0x350</size>
         <input_file_ref idref="fl-14"/>
      </object_component>
      <object_component id="oc-b9">
         <name>.text</name>
         <load_address>0x180c4</load_address>
         <run_address>0x180c4</run_address>
         <size>0x334</size>
         <input_file_ref idref="fl-6"/>
      </object_component>
      <object_component id="oc-299">
         <name>.text</name>
         <load_address>0x183f8</load_address>
         <run_address>0x183f8</run_address>
         <size>0x2f8</size>
         <input_file_ref idref="fl-9"/>
      </object_component>
      <object_component id="oc-293">
         <name>.text</name>
         <load_address>0x186f0</load_address>
         <run_address>0x186f0</run_address>
         <size>0x2e0</size>
         <input_file_ref idref="fl-d"/>
      </object_component>
      <object_component id="oc-70c">
         <name>.text:_pconv_a</name>
         <load_address>0x189d0</load_address>
         <run_address>0x189d0</run_address>
         <size>0x270</size>
         <input_file_ref idref="fl-106"/>
      </object_component>
      <object_component id="oc-281">
         <name>.text</name>
         <load_address>0x18c40</load_address>
         <run_address>0x18c40</run_address>
         <size>0x234</size>
         <input_file_ref idref="fl-13"/>
      </object_component>
      <object_component id="oc-64a">
         <name>.text</name>
         <load_address>0x18e74</load_address>
         <run_address>0x18e74</run_address>
         <size>0x210</size>
         <input_file_ref idref="fl-20"/>
      </object_component>
      <object_component id="oc-6fa">
         <name>.text:_pconv_g</name>
         <load_address>0x19084</load_address>
         <run_address>0x19084</run_address>
         <size>0x1d0</size>
         <input_file_ref idref="fl-106"/>
      </object_component>
      <object_component id="oc-83c">
         <name>.text</name>
         <load_address>0x19254</load_address>
         <run_address>0x19254</run_address>
         <size>0x1b6</size>
         <input_file_ref idref="fl-10f"/>
      </object_component>
      <object_component id="oc-2e9">
         <name>.text:__PCM_setPowerStateAdvanced</name>
         <load_address>0x1940a</load_address>
         <run_address>0x1940a</run_address>
         <size>0x1a0</size>
         <input_file_ref idref="fl-33"/>
      </object_component>
      <object_component id="oc-28d">
         <name>.text</name>
         <load_address>0x195ac</load_address>
         <run_address>0x195ac</run_address>
         <size>0x178</size>
         <input_file_ref idref="fl-b"/>
      </object_component>
      <object_component id="oc-29f">
         <name>.text</name>
         <load_address>0x19724</load_address>
         <run_address>0x19724</run_address>
         <size>0x178</size>
         <input_file_ref idref="fl-27"/>
      </object_component>
      <object_component id="oc-706">
         <name>.text:_pconv_e</name>
         <load_address>0x1989c</load_address>
         <run_address>0x1989c</run_address>
         <size>0x13c</size>
         <input_file_ref idref="fl-106"/>
      </object_component>
      <object_component id="oc-3fe">
         <name>.text</name>
         <load_address>0x199d8</load_address>
         <run_address>0x199d8</run_address>
         <size>0x136</size>
         <input_file_ref idref="fl-f1"/>
      </object_component>
      <object_component id="oc-49b">
         <name>.text</name>
         <load_address>0x19b10</load_address>
         <run_address>0x19b10</run_address>
         <size>0x130</size>
         <input_file_ref idref="fl-1c"/>
      </object_component>
      <object_component id="oc-84e">
         <name>.text:fcvt</name>
         <load_address>0x19c40</load_address>
         <run_address>0x19c40</run_address>
         <size>0x124</size>
         <input_file_ref idref="fl-106"/>
      </object_component>
      <object_component id="oc-4a7">
         <name>.text</name>
         <load_address>0x19d64</load_address>
         <run_address>0x19d64</run_address>
         <size>0x110</size>
         <input_file_ref idref="fl-1b"/>
      </object_component>
      <object_component id="oc-862">
         <name>.text:scalbn</name>
         <load_address>0x19e74</load_address>
         <run_address>0x19e74</run_address>
         <size>0x110</size>
         <input_file_ref idref="fl-10e"/>
      </object_component>
      <object_component id="oc-45e">
         <name>.text:CS_getDCOFrequency</name>
         <load_address>0x19f84</load_address>
         <run_address>0x19f84</run_address>
         <size>0x104</size>
         <input_file_ref idref="fl-2e"/>
      </object_component>
      <object_component id="oc-27b">
         <name>.text</name>
         <load_address>0x1a088</load_address>
         <run_address>0x1a088</run_address>
         <size>0xfe</size>
         <input_file_ref idref="fl-12"/>
      </object_component>
      <object_component id="oc-822">
         <name>.text</name>
         <load_address>0x1a186</load_address>
         <run_address>0x1a186</run_address>
         <size>0xfc</size>
         <input_file_ref idref="fl-111"/>
      </object_component>
      <object_component id="oc-139">
         <name>.text:CS_initClockSignal</name>
         <load_address>0x1a284</load_address>
         <run_address>0x1a284</run_address>
         <size>0xe0</size>
         <input_file_ref idref="fl-2e"/>
      </object_component>
      <object_component id="oc-44a">
         <name>.text:__PCM_setPowerModeAdvanced</name>
         <load_address>0x1a364</load_address>
         <run_address>0x1a364</run_address>
         <size>0xdc</size>
         <input_file_ref idref="fl-33"/>
      </object_component>
      <object_component id="oc-a7">
         <name>.text</name>
         <load_address>0x1a440</load_address>
         <run_address>0x1a440</run_address>
         <size>0xd8</size>
         <input_file_ref idref="fl-4"/>
      </object_component>
      <object_component id="oc-6ef">
         <name>.text:_ltostr</name>
         <load_address>0x1a518</load_address>
         <run_address>0x1a518</run_address>
         <size>0xb1</size>
         <input_file_ref idref="fl-106"/>
      </object_component>
      <object_component id="oc-409">
         <name>.text:__PCM_setCoreVoltageLevelAdvanced</name>
         <load_address>0x1a5cc</load_address>
         <run_address>0x1a5cc</run_address>
         <size>0xb0</size>
         <input_file_ref idref="fl-33"/>
      </object_component>
      <object_component id="oc-340">
         <name>.text:PutChar</name>
         <load_address>0x1a67c</load_address>
         <run_address>0x1a67c</run_address>
         <size>0xa4</size>
         <input_file_ref idref="fl-26"/>
      </object_component>
      <object_component id="oc-1da">
         <name>.text</name>
         <load_address>0x1a720</load_address>
         <run_address>0x1a720</run_address>
         <size>0xa0</size>
         <input_file_ref idref="fl-25"/>
      </object_component>
      <object_component id="oc-410">
         <name>.text:CS_startHFXTWithTimeout</name>
         <load_address>0x1a7c0</load_address>
         <run_address>0x1a7c0</run_address>
         <size>0x9c</size>
         <input_file_ref idref="fl-2e"/>
      </object_component>
      <object_component id="oc-2f6">
         <name>.text:_CSComputeCLKFrequency</name>
         <load_address>0x1a85c</load_address>
         <run_address>0x1a85c</run_address>
         <size>0x9c</size>
         <input_file_ref idref="fl-2e"/>
      </object_component>
      <object_component id="oc-34">
         <name>.text</name>
         <load_address>0x1a8f8</load_address>
         <run_address>0x1a8f8</run_address>
         <size>0x9c</size>
         <input_file_ref idref="fl-f4"/>
      </object_component>
      <object_component id="oc-758">
         <name>.text</name>
         <load_address>0x1a994</load_address>
         <run_address>0x1a994</run_address>
         <size>0x96</size>
         <input_file_ref idref="fl-f7"/>
      </object_component>
      <object_component id="oc-3e0">
         <name>.text:UART_initModule</name>
         <load_address>0x1aa2c</load_address>
         <run_address>0x1aa2c</run_address>
         <size>0x94</size>
         <input_file_ref idref="fl-38"/>
      </object_component>
      <object_component id="oc-6f5">
         <name>.text:__aeabi_cdcmple</name>
         <load_address>0x1aac0</load_address>
         <run_address>0x1aac0</run_address>
         <size>0x86</size>
         <input_file_ref idref="fl-110"/>
      </object_component>
      <object_component id="oc-827">
         <name>.text:__aeabi_cdrcmple</name>
         <load_address>0x1ab46</load_address>
         <run_address>0x1ab46</run_address>
         <size>0x86</size>
         <input_file_ref idref="fl-110"/>
      </object_component>
      <object_component id="oc-d6">
         <name>.text</name>
         <load_address>0x1abcc</load_address>
         <run_address>0x1abcc</run_address>
         <size>0x84</size>
         <input_file_ref idref="fl-a"/>
      </object_component>
      <object_component id="oc-783">
         <name>.text</name>
         <load_address>0x1ac50</load_address>
         <run_address>0x1ac50</run_address>
         <size>0x80</size>
         <input_file_ref idref="fl-18"/>
      </object_component>
      <object_component id="oc-438">
         <name>.text:PCM_gotoLPM3</name>
         <load_address>0x1acd0</load_address>
         <run_address>0x1acd0</run_address>
         <size>0x7c</size>
         <input_file_ref idref="fl-33"/>
      </object_component>
      <object_component id="oc-9b">
         <name>.text</name>
         <load_address>0x1ad4c</load_address>
         <run_address>0x1ad4c</run_address>
         <size>0x7a</size>
         <input_file_ref idref="fl-f8"/>
      </object_component>
      <object_component id="oc-5ab">
         <name>.text:_CSGetHFXTFrequency</name>
         <load_address>0x1adc8</load_address>
         <run_address>0x1adc8</run_address>
         <size>0x70</size>
         <input_file_ref idref="fl-2e"/>
      </object_component>
      <object_component id="oc-847">
         <name>.text:_mcpy</name>
         <load_address>0x1ae38</load_address>
         <run_address>0x1ae38</run_address>
         <size>0x6e</size>
         <input_file_ref idref="fl-106"/>
      </object_component>
      <object_component id="oc-55f">
         <name>.text</name>
         <load_address>0x1aea6</load_address>
         <run_address>0x1aea6</run_address>
         <size>0x6e</size>
         <input_file_ref idref="fl-f6"/>
      </object_component>
      <object_component id="oc-14">
         <name>.text:decompress:lzss:__TI_decompress_lzss</name>
         <load_address>0x1af14</load_address>
         <run_address>0x1af14</run_address>
         <size>0x68</size>
         <input_file_ref idref="fl-fb"/>
      </object_component>
      <object_component id="oc-115">
         <name>.text:Interrupt_disableInterrupt</name>
         <load_address>0x1af7c</load_address>
         <run_address>0x1af7c</run_address>
         <size>0x64</size>
         <input_file_ref idref="fl-32"/>
      </object_component>
      <object_component id="oc-103">
         <name>.text:Interrupt_enableInterrupt</name>
         <load_address>0x1afe0</load_address>
         <run_address>0x1afe0</run_address>
         <size>0x64</size>
         <input_file_ref idref="fl-32"/>
      </object_component>
      <object_component id="oc-85c">
         <name>.text:frexp</name>
         <load_address>0x1b044</load_address>
         <run_address>0x1b044</run_address>
         <size>0x64</size>
         <input_file_ref idref="fl-10d"/>
      </object_component>
      <object_component id="oc-700">
         <name>.text:_pconv_f</name>
         <load_address>0x1b0a8</load_address>
         <run_address>0x1b0a8</run_address>
         <size>0x56</size>
         <input_file_ref idref="fl-106"/>
      </object_component>
      <object_component id="oc-831">
         <name>.text:ltoa</name>
         <load_address>0x1b0fe</load_address>
         <run_address>0x1b0fe</run_address>
         <size>0x54</size>
         <input_file_ref idref="fl-109"/>
      </object_component>
      <object_component id="oc-841">
         <name>.text:_ecpy</name>
         <load_address>0x1b152</load_address>
         <run_address>0x1b152</run_address>
         <size>0x52</size>
         <input_file_ref idref="fl-106"/>
      </object_component>
      <object_component id="oc-444">
         <name>.text:PCM_shutdownDevice</name>
         <load_address>0x1b1a4</load_address>
         <run_address>0x1b1a4</run_address>
         <size>0x50</size>
         <input_file_ref idref="fl-33"/>
      </object_component>
      <object_component id="oc-5d3">
         <name>.text:SysCtl_getTLVInfo</name>
         <load_address>0x1b1f4</load_address>
         <run_address>0x1b1f4</run_address>
         <size>0x50</size>
         <input_file_ref idref="fl-36"/>
      </object_component>
      <object_component id="oc-6a">
         <name>.text</name>
         <load_address>0x1b244</load_address>
         <run_address>0x1b244</run_address>
         <size>0x4c</size>
         <input_file_ref idref="fl-24"/>
      </object_component>
      <object_component id="oc-11b">
         <name>.text:GPIO_setAsPeripheralModuleFunctionOutputPin</name>
         <load_address>0x1b290</load_address>
         <run_address>0x1b290</run_address>
         <size>0x4c</size>
         <input_file_ref idref="fl-30"/>
      </object_component>
      <object_component id="oc-5cd">
         <name>.text:_CSGetDOCFrequency</name>
         <load_address>0x1b2dc</load_address>
         <run_address>0x1b2dc</run_address>
         <size>0x4c</size>
         <input_file_ref idref="fl-2e"/>
      </object_component>
      <object_component id="oc-6e9">
         <name>.text:atoi</name>
         <load_address>0x1b328</load_address>
         <run_address>0x1b328</run_address>
         <size>0x4c</size>
         <input_file_ref idref="fl-107"/>
      </object_component>
      <object_component id="oc-368">
         <name>.text:snprintf</name>
         <load_address>0x1b374</load_address>
         <run_address>0x1b374</run_address>
         <size>0x4c</size>
         <input_file_ref idref="fl-100"/>
      </object_component>
      <object_component id="oc-3da">
         <name>.text:GPIO_setAsPeripheralModuleFunctionInputPin</name>
         <load_address>0x1b3c0</load_address>
         <run_address>0x1b3c0</run_address>
         <size>0x48</size>
         <input_file_ref idref="fl-30"/>
      </object_component>
      <object_component id="oc-458">
         <name>.text:_CSGetDividerValue</name>
         <load_address>0x1b408</load_address>
         <run_address>0x1b408</run_address>
         <size>0x48</size>
         <input_file_ref idref="fl-2e"/>
      </object_component>
      <object_component id="oc-82c">
         <name>.text</name>
         <load_address>0x1b450</load_address>
         <run_address>0x1b450</run_address>
         <size>0x48</size>
         <input_file_ref idref="fl-112"/>
      </object_component>
      <object_component id="oc-1f9">
         <name>.text:__TI_auto_init_nobinit_nopinit:__TI_auto_init_nobinit_nopinit</name>
         <load_address>0x1b498</load_address>
         <run_address>0x1b498</run_address>
         <size>0x44</size>
         <input_file_ref idref="fl-103"/>
      </object_component>
      <object_component id="oc-403">
         <name>.text</name>
         <load_address>0x1b4dc</load_address>
         <run_address>0x1b4dc</run_address>
         <size>0x44</size>
         <input_file_ref idref="fl-f2"/>
      </object_component>
      <object_component id="oc-472">
         <name>.text</name>
         <load_address>0x1b520</load_address>
         <run_address>0x1b520</run_address>
         <size>0x40</size>
         <input_file_ref idref="fl-7"/>
      </object_component>
      <object_component id="oc-347">
         <name>.text:LCD_WriteData</name>
         <load_address>0x1b560</load_address>
         <run_address>0x1b560</run_address>
         <size>0x40</size>
         <input_file_ref idref="fl-26"/>
      </object_component>
      <object_component id="oc-e9">
         <name>.text</name>
         <load_address>0x1b5a0</load_address>
         <run_address>0x1b5a0</run_address>
         <size>0x40</size>
         <input_file_ref idref="fl-f0"/>
      </object_component>
      <object_component id="oc-15d">
         <name>.text:I2C_initMaster</name>
         <load_address>0x1b5e0</load_address>
         <run_address>0x1b5e0</run_address>
         <size>0x3e</size>
         <input_file_ref idref="fl-31"/>
      </object_component>
      <object_component id="oc-854">
         <name>.text:_fcpy</name>
         <load_address>0x1b61e</load_address>
         <run_address>0x1b61e</run_address>
         <size>0x3e</size>
         <input_file_ref idref="fl-106"/>
      </object_component>
      <object_component id="oc-175">
         <name>.text:I2C_masterSendMultiByteStart</name>
         <load_address>0x1b65c</load_address>
         <run_address>0x1b65c</run_address>
         <size>0x38</size>
         <input_file_ref idref="fl-31"/>
      </object_component>
      <object_component id="oc-52">
         <name>.text:_c_int00_noargs:_c_int00_noargs</name>
         <load_address>0x1b694</load_address>
         <run_address>0x1b694</run_address>
         <size>0x38</size>
         <input_file_ref idref="fl-fc"/>
      </object_component>
      <object_component id="oc-d0">
         <name>.text</name>
         <load_address>0x1b6cc</load_address>
         <run_address>0x1b6cc</run_address>
         <size>0x34</size>
         <input_file_ref idref="fl-8"/>
      </object_component>
      <object_component id="oc-32b">
         <name>.text:LCD_WriteIndex</name>
         <load_address>0x1b700</load_address>
         <run_address>0x1b700</run_address>
         <size>0x34</size>
         <input_file_ref idref="fl-26"/>
      </object_component>
      <object_component id="oc-199">
         <name>.text:I2C_masterSendMultiByteStop</name>
         <load_address>0x1b734</load_address>
         <run_address>0x1b734</run_address>
         <size>0x30</size>
         <input_file_ref idref="fl-31"/>
      </object_component>
      <object_component id="oc-4e3">
         <name>.text:_outs</name>
         <load_address>0x1b764</load_address>
         <run_address>0x1b764</run_address>
         <size>0x30</size>
         <input_file_ref idref="fl-100"/>
      </object_component>
      <object_component id="oc-5e0">
         <name>.text:is_A_Module</name>
         <load_address>0x1b794</load_address>
         <run_address>0x1b794</run_address>
         <size>0x30</size>
         <input_file_ref idref="fl-35"/>
      </object_component>
      <object_component id="oc-837">
         <name>.text</name>
         <load_address>0x1b7c4</load_address>
         <run_address>0x1b7c4</run_address>
         <size>0x2e</size>
         <input_file_ref idref="fl-113"/>
      </object_component>
      <object_component id="oc-592">
         <name>.text:PCM_getCoreVoltageLevel</name>
         <load_address>0x1b7f2</load_address>
         <run_address>0x1b7f2</run_address>
         <size>0x2c</size>
         <input_file_ref idref="fl-33"/>
      </object_component>
      <object_component id="oc-58c">
         <name>.text:PCM_getPowerMode</name>
         <load_address>0x1b81e</load_address>
         <run_address>0x1b81e</run_address>
         <size>0x2a</size>
         <input_file_ref idref="fl-33"/>
      </object_component>
      <object_component id="oc-127">
         <name>.text:FlashCtl_setWaitState</name>
         <load_address>0x1b848</load_address>
         <run_address>0x1b848</run_address>
         <size>0x28</size>
         <input_file_ref idref="fl-2f"/>
      </object_component>
      <object_component id="oc-450">
         <name>.text:PCM_gotoLPM0</name>
         <load_address>0x1b870</load_address>
         <run_address>0x1b870</run_address>
         <size>0x28</size>
         <input_file_ref idref="fl-33"/>
      </object_component>
      <object_component id="oc-34e">
         <name>.text:SPISendRecvByte</name>
         <load_address>0x1b898</load_address>
         <run_address>0x1b898</run_address>
         <size>0x28</size>
         <input_file_ref idref="fl-26"/>
      </object_component>
      <object_component id="oc-3b2">
         <name>.text</name>
         <load_address>0x1b8c0</load_address>
         <run_address>0x1b8c0</run_address>
         <size>0x26</size>
         <input_file_ref idref="fl-10"/>
      </object_component>
      <object_component id="oc-464">
         <name>.text:CS_clearInterruptFlag</name>
         <load_address>0x1b8e8</load_address>
         <run_address>0x1b8e8</run_address>
         <size>0x24</size>
         <input_file_ref idref="fl-2e"/>
      </object_component>
      <object_component id="oc-133">
         <name>.text:CS_setDCOCenteredFrequency</name>
         <load_address>0x1b90c</load_address>
         <run_address>0x1b90c</run_address>
         <size>0x24</size>
         <input_file_ref idref="fl-2e"/>
      </object_component>
      <object_component id="oc-1a5">
         <name>.text:I2C_masterSendMultiByteNext</name>
         <load_address>0x1b930</load_address>
         <run_address>0x1b930</run_address>
         <size>0x24</size>
         <input_file_ref idref="fl-31"/>
      </object_component>
      <object_component id="oc-109">
         <name>.text:Interrupt_setPriority</name>
         <load_address>0x1b954</load_address>
         <run_address>0x1b954</run_address>
         <size>0x24</size>
         <input_file_ref idref="fl-32"/>
      </object_component>
      <object_component id="oc-5c0">
         <name>.text:RTC_C_holdClock</name>
         <load_address>0x1b978</load_address>
         <run_address>0x1b978</run_address>
         <size>0x24</size>
         <input_file_ref idref="fl-34"/>
      </object_component>
      <object_component id="oc-3d4">
         <name>.text:UART_transmitData</name>
         <load_address>0x1b99c</load_address>
         <run_address>0x1b99c</run_address>
         <size>0x24</size>
         <input_file_ref idref="fl-38"/>
      </object_component>
      <object_component id="oc-324">
         <name>.text:LCD_SetCursor</name>
         <load_address>0x1b9c0</load_address>
         <run_address>0x1b9c0</run_address>
         <size>0x20</size>
         <input_file_ref idref="fl-26"/>
      </object_component>
      <object_component id="oc-339">
         <name>.text:LCD_Write_Data_Only</name>
         <load_address>0x1b9e0</load_address>
         <run_address>0x1b9e0</run_address>
         <size>0x20</size>
         <input_file_ref idref="fl-26"/>
      </object_component>
      <object_component id="oc-478">
         <name>.text:SPI_transmitData</name>
         <load_address>0x1ba00</load_address>
         <run_address>0x1ba00</run_address>
         <size>0x20</size>
         <input_file_ref idref="fl-35"/>
      </object_component>
      <object_component id="oc-3f9">
         <name>.text</name>
         <load_address>0x1ba20</load_address>
         <run_address>0x1ba20</run_address>
         <size>0x20</size>
         <input_file_ref idref="fl-f5"/>
      </object_component>
      <object_component id="oc-47e">
         <name>.text:EUSCI_B_SPI_isBusy</name>
         <load_address>0x1ba40</load_address>
         <run_address>0x1ba40</run_address>
         <size>0x1c</size>
         <input_file_ref idref="fl-35"/>
      </object_component>
      <object_component id="oc-31d">
         <name>.text:LCD_WriteReg</name>
         <load_address>0x1ba5c</load_address>
         <run_address>0x1ba5c</run_address>
         <size>0x1c</size>
         <input_file_ref idref="fl-26"/>
      </object_component>
      <object_component id="oc-712">
         <name>.text:memccpy</name>
         <load_address>0x1ba78</load_address>
         <run_address>0x1ba78</run_address>
         <size>0x1c</size>
         <input_file_ref idref="fl-10a"/>
      </object_component>
      <object_component id="oc-484">
         <name>.text:SPI_receiveData</name>
         <load_address>0x1ba94</load_address>
         <run_address>0x1ba94</run_address>
         <size>0x1a</size>
         <input_file_ref idref="fl-35"/>
      </object_component>
      <object_component id="oc-2b2">
         <name>.text:CS_getMCLK</name>
         <load_address>0x1bab0</load_address>
         <run_address>0x1bab0</run_address>
         <size>0x18</size>
         <input_file_ref idref="fl-2e"/>
      </object_component>
      <object_component id="oc-14b">
         <name>.text:CS_getSMCLK</name>
         <load_address>0x1bac8</load_address>
         <run_address>0x1bac8</run_address>
         <size>0x18</size>
         <input_file_ref idref="fl-2e"/>
      </object_component>
      <object_component id="oc-26f">
         <name>.text:WDT_A_clearTimer</name>
         <load_address>0x1bae0</load_address>
         <run_address>0x1bae0</run_address>
         <size>0x18</size>
         <input_file_ref idref="fl-39"/>
      </object_component>
      <object_component id="oc-275">
         <name>.text:WDT_A_holdTimer</name>
         <load_address>0x1baf8</load_address>
         <run_address>0x1baf8</run_address>
         <size>0x18</size>
         <input_file_ref idref="fl-39"/>
      </object_component>
      <object_component id="oc-4e9">
         <name>.text:_outc</name>
         <load_address>0x1bb10</load_address>
         <run_address>0x1bb10</run_address>
         <size>0x18</size>
         <input_file_ref idref="fl-100"/>
      </object_component>
      <object_component id="oc-55a">
         <name>.text</name>
         <load_address>0x1bb28</load_address>
         <run_address>0x1bb28</run_address>
         <size>0x18</size>
         <input_file_ref idref="fl-f3"/>
      </object_component>
      <object_component id="oc-868">
         <name>.text:strchr</name>
         <load_address>0x1bb40</load_address>
         <run_address>0x1bb40</run_address>
         <size>0x16</size>
         <input_file_ref idref="fl-10b"/>
      </object_component>
      <object_component id="oc-121">
         <name>.text:CS_setExternalClockSourceFrequency</name>
         <load_address>0x1bb58</load_address>
         <run_address>0x1bb58</run_address>
         <size>0x14</size>
         <input_file_ref idref="fl-2e"/>
      </object_component>
      <object_component id="oc-151">
         <name>.text:I2C_isBusBusy</name>
         <load_address>0x1bb6c</load_address>
         <run_address>0x1bb6c</run_address>
         <size>0x14</size>
         <input_file_ref idref="fl-31"/>
      </object_component>
      <object_component id="oc-ca">
         <name>.text:SysTick_enableInterrupt</name>
         <load_address>0x1bb80</load_address>
         <run_address>0x1bb80</run_address>
         <size>0x14</size>
         <input_file_ref idref="fl-37"/>
      </object_component>
      <object_component id="oc-8b0">
         <name>.text:copysign</name>
         <load_address>0x1bb94</load_address>
         <run_address>0x1bb94</run_address>
         <size>0x14</size>
         <input_file_ref idref="fl-115"/>
      </object_component>
      <object_component id="oc-4b3">
         <name>.text:strlen</name>
         <load_address>0x1bba8</load_address>
         <run_address>0x1bba8</run_address>
         <size>0x14</size>
         <input_file_ref idref="fl-101"/>
      </object_component>
      <object_component id="oc-718">
         <name>.text:wcslen</name>
         <load_address>0x1bbbc</load_address>
         <run_address>0x1bbbc</run_address>
         <size>0x12</size>
         <input_file_ref idref="fl-10c"/>
      </object_component>
      <object_component id="oc-187">
         <name>.text:I2C_masterReceiveStart</name>
         <load_address>0x1bbce</load_address>
         <run_address>0x1bbce</run_address>
         <size>0x10</size>
         <input_file_ref idref="fl-31"/>
      </object_component>
      <object_component id="oc-10f">
         <name>.text:Interrupt_enableMaster</name>
         <load_address>0x1bbde</load_address>
         <run_address>0x1bbde</run_address>
         <size>0x10</size>
         <input_file_ref idref="fl-32"/>
      </object_component>
      <object_component id="oc-43e">
         <name>.text:PCM_gotoLPM4</name>
         <load_address>0x1bbee</load_address>
         <run_address>0x1bbee</run_address>
         <size>0x10</size>
         <input_file_ref idref="fl-33"/>
      </object_component>
      <object_component id="oc-5a5">
         <name>.text:SysCtl_disableNMISource</name>
         <load_address>0x1bc00</load_address>
         <run_address>0x1bc00</run_address>
         <size>0x10</size>
         <input_file_ref idref="fl-36"/>
      </object_component>
      <object_component id="oc-5b1">
         <name>.text:SysCtl_enableNMISource</name>
         <load_address>0x1bc10</load_address>
         <run_address>0x1bc10</run_address>
         <size>0x10</size>
         <input_file_ref idref="fl-36"/>
      </object_component>
      <object_component id="oc-e2">
         <name>.text</name>
         <load_address>0x1bc20</load_address>
         <run_address>0x1bc20</run_address>
         <size>0xe</size>
         <input_file_ref idref="fl-21"/>
      </object_component>
      <object_component id="oc-193">
         <name>.text:I2C_clearInterruptFlag</name>
         <load_address>0x1bc2e</load_address>
         <run_address>0x1bc2e</run_address>
         <size>0xe</size>
         <input_file_ref idref="fl-31"/>
      </object_component>
      <object_component id="oc-17b">
         <name>.text:I2C_disableInterrupt</name>
         <load_address>0x1bc3c</load_address>
         <run_address>0x1bc3c</run_address>
         <size>0xe</size>
         <input_file_ref idref="fl-31"/>
      </object_component>
      <object_component id="oc-1a">
         <name>.text:decompress:none:__TI_decompress_none</name>
         <load_address>0x1bc4a</load_address>
         <run_address>0x1bc4a</run_address>
         <size>0xe</size>
         <input_file_ref idref="fl-fa"/>
      </object_component>
      <object_component id="oc-64">
         <name>.text</name>
         <load_address>0x1bc58</load_address>
         <run_address>0x1bc58</run_address>
         <size>0xe</size>
         <input_file_ref idref="fl-5"/>
      </object_component>
      <object_component id="oc-2d5">
         <name>.text:CPU_cpsie</name>
         <load_address>0x1bc66</load_address>
         <run_address>0x1bc66</run_address>
         <size>0xc</size>
         <input_file_ref idref="fl-3a"/>
      </object_component>
      <object_component id="oc-157">
         <name>.text:I2C_disableModule</name>
         <load_address>0x1bc72</load_address>
         <run_address>0x1bc72</run_address>
         <size>0xc</size>
         <input_file_ref idref="fl-31"/>
      </object_component>
      <object_component id="oc-169">
         <name>.text:I2C_enableModule</name>
         <load_address>0x1bc7e</load_address>
         <run_address>0x1bc7e</run_address>
         <size>0xc</size>
         <input_file_ref idref="fl-31"/>
      </object_component>
      <object_component id="oc-432">
         <name>.text:PCM_getPowerState</name>
         <load_address>0x1bc8c</load_address>
         <run_address>0x1bc8c</run_address>
         <size>0xc</size>
         <input_file_ref idref="fl-33"/>
      </object_component>
      <object_component id="oc-59f">
         <name>.text:SysCtl_getNMISourceStatus</name>
         <load_address>0x1bc98</load_address>
         <run_address>0x1bc98</run_address>
         <size>0xc</size>
         <input_file_ref idref="fl-36"/>
      </object_component>
      <object_component id="oc-3e6">
         <name>.text:UART_enableModule</name>
         <load_address>0x1bca4</load_address>
         <run_address>0x1bca4</run_address>
         <size>0xc</size>
         <input_file_ref idref="fl-38"/>
      </object_component>
      <object_component id="oc-46">
         <name>.text:decompress:ZI:__TI_zero_init</name>
         <load_address>0x1bcb0</load_address>
         <run_address>0x1bcb0</run_address>
         <size>0xc</size>
         <input_file_ref idref="fl-f9"/>
      </object_component>
      <object_component id="oc-332">
         <name>.text:LCD_Write_Data_Start</name>
         <load_address>0x1bcbc</load_address>
         <run_address>0x1bcbc</run_address>
         <size>0xa</size>
         <input_file_ref idref="fl-26"/>
      </object_component>
      <object_component id="oc-16f">
         <name>.text:I2C_enableInterrupt</name>
         <load_address>0x1bcc6</load_address>
         <run_address>0x1bcc6</run_address>
         <size>0x8</size>
         <input_file_ref idref="fl-31"/>
      </object_component>
      <object_component id="oc-2a6">
         <name>.text:PCM_setCoreVoltageLevel</name>
         <load_address>0x1bcce</load_address>
         <run_address>0x1bcce</run_address>
         <size>0x8</size>
         <input_file_ref idref="fl-33"/>
      </object_component>
      <object_component id="oc-598">
         <name>.text:PCM_setPowerMode</name>
         <load_address>0x1bcd6</load_address>
         <run_address>0x1bcd6</run_address>
         <size>0x8</size>
         <input_file_ref idref="fl-33"/>
      </object_component>
      <object_component id="oc-12d">
         <name>.text:PCM_setPowerState</name>
         <load_address>0x1bcde</load_address>
         <run_address>0x1bcde</run_address>
         <size>0x8</size>
         <input_file_ref idref="fl-33"/>
      </object_component>
      <object_component id="oc-71e">
         <name>.text:__aeabi_errno_addr</name>
         <load_address>0x1bce8</load_address>
         <run_address>0x1bce8</run_address>
         <size>0x8</size>
         <input_file_ref idref="fl-114"/>
      </object_component>
      <object_component id="oc-2ac">
         <name>.text:CS_startHFXT</name>
         <load_address>0x1bcf0</load_address>
         <run_address>0x1bcf0</run_address>
         <size>0x6</size>
         <input_file_ref idref="fl-2e"/>
      </object_component>
      <object_component id="oc-5f5">
         <name>.text:EUSCI_A_SPI_receiveData</name>
         <load_address>0x1bcf6</load_address>
         <run_address>0x1bcf6</run_address>
         <size>0x6</size>
         <input_file_ref idref="fl-35"/>
      </object_component>
      <object_component id="oc-5fb">
         <name>.text:EUSCI_B_SPI_receiveData</name>
         <load_address>0x1bcfc</load_address>
         <run_address>0x1bcfc</run_address>
         <size>0x6</size>
         <input_file_ref idref="fl-35"/>
      </object_component>
      <object_component id="oc-18d">
         <name>.text:I2C_getEnabledInterruptStatus</name>
         <load_address>0x1bd02</load_address>
         <run_address>0x1bd02</run_address>
         <size>0x6</size>
         <input_file_ref idref="fl-31"/>
      </object_component>
      <object_component id="oc-181">
         <name>.text:I2C_getInterruptStatus</name>
         <load_address>0x1bd08</load_address>
         <run_address>0x1bd08</run_address>
         <size>0x6</size>
         <input_file_ref idref="fl-31"/>
      </object_component>
      <object_component id="oc-19f">
         <name>.text:I2C_masterReceiveMultiByteNext</name>
         <load_address>0x1bd0e</load_address>
         <run_address>0x1bd0e</run_address>
         <size>0x6</size>
         <input_file_ref idref="fl-31"/>
      </object_component>
      <object_component id="oc-553">
         <name>.text:SysCtlDelay</name>
         <load_address>0x1bd14</load_address>
         <run_address>0x1bd14</run_address>
         <size>0x6</size>
         <input_file_ref idref="fl-10"/>
      </object_component>
      <object_component id="oc-5b9">
         <name>.text:CPU_wfi</name>
         <load_address>0x1bd1a</load_address>
         <run_address>0x1bd1a</run_address>
         <size>0x4</size>
         <input_file_ref idref="fl-3a"/>
      </object_component>
      <object_component id="oc-5ec">
         <name>.text:EUSCI_A_SPI_transmitData</name>
         <load_address>0x1bd1e</load_address>
         <run_address>0x1bd1e</run_address>
         <size>0x4</size>
         <input_file_ref idref="fl-35"/>
      </object_component>
      <object_component id="oc-5e6">
         <name>.text:EUSCI_B_SPI_transmitData</name>
         <load_address>0x1bd22</load_address>
         <run_address>0x1bd22</run_address>
         <size>0x4</size>
         <input_file_ref idref="fl-35"/>
      </object_component>
      <object_component id="oc-163">
         <name>.text:I2C_setSlaveAddress</name>
         <load_address>0x1bd26</load_address>
         <run_address>0x1bd26</run_address>
         <size>0x4</size>
         <input_file_ref idref="fl-31"/>
      </object_component>
      <object_component id="oc-a1">
         <name>.text:_system_pre_init</name>
         <load_address>0x1bd2a</load_address>
         <run_address>0x1bd2a</run_address>
         <size>0x4</size>
         <input_file_ref idref="fl-104"/>
      </object_component>
      <object_component id="oc-1ed">
         <name>.text:abort:abort</name>
         <load_address>0x1bd2e</load_address>
         <run_address>0x1bd2e</run_address>
         <size>0x4</size>
         <input_file_ref idref="fl-fd"/>
      </object_component>
      <object_component id="oc-5db">
         <name>.const:AsciiLib</name>
         <load_address>0x1bd34</load_address>
         <run_address>0x1bd34</run_address>
         <size>0x5f0</size>
         <input_file_ref idref="fl-7"/>
      </object_component>
      <object_component id="oc-81b">
         <name>.const:.string:_ctypes_</name>
         <load_address>0x1c324</load_address>
         <run_address>0x1c324</run_address>
         <size>0x101</size>
         <input_file_ref idref="fl-108"/>
      </object_component>
      <object_component id="oc-544">
         <name>.const:.string:INVALID_OFFSET</name>
         <load_address>0x1c425</load_address>
         <run_address>0x1c425</run_address>
         <size>0x3</size>
         <input_file_ref idref="fl-e"/>
      </object_component>
      <object_component id="oc-66f">
         <name>.const:$P$T0$1</name>
         <load_address>0x1c428</load_address>
         <run_address>0x1c428</run_address>
         <size>0xb0</size>
         <input_file_ref idref="fl-1f"/>
      </object_component>
      <object_component id="oc-2d1">
         <name>.const:g_pulRegs</name>
         <load_address>0x1c4d8</load_address>
         <run_address>0x1c4d8</run_address>
         <size>0x50</size>
         <input_file_ref idref="fl-32"/>
      </object_component>
      <object_component id="oc-2c7">
         <name>.const</name>
         <load_address>0x1c528</load_address>
         <run_address>0x1c528</run_address>
         <size>0x40</size>
         <input_file_ref idref="fl-32"/>
      </object_component>
      <object_component id="oc-795">
         <name>.const:_SlActionLookupTable</name>
         <load_address>0x1c568</load_address>
         <run_address>0x1c568</run_address>
         <size>0x38</size>
         <input_file_ref idref="fl-17"/>
      </object_component>
      <object_component id="oc-4b9">
         <name>.const:$P$T0$1</name>
         <load_address>0x1c5a0</load_address>
         <run_address>0x1c5a0</run_address>
         <size>0x2c</size>
         <input_file_ref idref="fl-15"/>
      </object_component>
      <object_component id="oc-3ec">
         <name>.const:backChannelUart115200Config</name>
         <load_address>0x1c5cc</load_address>
         <run_address>0x1c5cc</run_address>
         <size>0x24</size>
         <input_file_ref idref="fl-9"/>
      </object_component>
      <object_component id="oc-4bc">
         <name>.const:$P$T1$2</name>
         <load_address>0x1c5f0</load_address>
         <run_address>0x1c5f0</run_address>
         <size>0x14</size>
         <input_file_ref idref="fl-15"/>
      </object_component>
      <object_component id="oc-4bf">
         <name>.const:$P$T2$3</name>
         <load_address>0x1c604</load_address>
         <run_address>0x1c604</run_address>
         <size>0xc</size>
         <input_file_ref idref="fl-15"/>
      </object_component>
      <object_component id="oc-547">
         <name>.const:yas532_version_ac_coef</name>
         <load_address>0x1c610</load_address>
         <run_address>0x1c610</run_address>
         <size>0xc</size>
         <input_file_ref idref="fl-e"/>
      </object_component>
      <object_component id="oc-78f">
         <name>.const:g_H2NCnysPattern</name>
         <load_address>0x1c61c</load_address>
         <run_address>0x1c61c</run_address>
         <size>0x8</size>
         <input_file_ref idref="fl-17"/>
      </object_component>
      <object_component id="oc-78c">
         <name>.const:g_H2NSyncPattern</name>
         <load_address>0x1c624</load_address>
         <run_address>0x1c624</run_address>
         <size>0x8</size>
         <input_file_ref idref="fl-17"/>
      </object_component>
      <object_component id="oc-54b">
         <name>.const:v_calib_data$2</name>
         <load_address>0x1c62c</load_address>
         <run_address>0x1c62c</run_address>
         <size>0x8</size>
         <input_file_ref idref="fl-e"/>
      </object_component>
      <object_component id="oc-3d0">
         <name>.const:.string:$P$T0$1</name>
         <load_address>0x1c634</load_address>
         <run_address>0x1c634</run_address>
         <size>0x5</size>
         <input_file_ref idref="fl-d"/>
      </object_component>
      <object_component id="oc-54a">
         <name>.const:.string:v_correct_u8$1</name>
         <load_address>0x1c639</load_address>
         <run_address>0x1c639</run_address>
         <size>0x5</size>
         <input_file_ref idref="fl-e"/>
      </object_component>
      <object_component id="oc-792">
         <name>.const:$P$T0$1</name>
         <load_address>0x1c63e</load_address>
         <run_address>0x1c63e</run_address>
         <size>0x4</size>
         <input_file_ref idref="fl-17"/>
      </object_component>
      <object_component id="oc-6c5">
         <name>.const:$P$T0$1</name>
         <load_address>0x1c642</load_address>
         <run_address>0x1c642</run_address>
         <size>0x4</size>
         <input_file_ref idref="fl-1a"/>
      </object_component>
      <object_component id="oc-60e">
         <name>.const:$P$T0$1</name>
         <load_address>0x1c646</load_address>
         <run_address>0x1c646</run_address>
         <size>0x4</size>
         <input_file_ref idref="fl-1d"/>
      </object_component>
      <object_component id="oc-611">
         <name>.const:$P$T1$2</name>
         <load_address>0x1c64a</load_address>
         <run_address>0x1c64a</run_address>
         <size>0x4</size>
         <input_file_ref idref="fl-1d"/>
      </object_component>
      <object_component id="oc-672">
         <name>.const:$P$T1$2</name>
         <load_address>0x1c64e</load_address>
         <run_address>0x1c64e</run_address>
         <size>0x4</size>
         <input_file_ref idref="fl-1f"/>
      </object_component>
      <object_component id="oc-617">
         <name>.const:$P$T2$3</name>
         <load_address>0x1c652</load_address>
         <run_address>0x1c652</run_address>
         <size>0x4</size>
         <input_file_ref idref="fl-1d"/>
      </object_component>
      <object_component id="oc-67b">
         <name>.const:$P$T2$3</name>
         <load_address>0x1c656</load_address>
         <run_address>0x1c656</run_address>
         <size>0x4</size>
         <input_file_ref idref="fl-1f"/>
      </object_component>
      <object_component id="oc-690">
         <name>.const:$P$T3$4</name>
         <load_address>0x1c65a</load_address>
         <run_address>0x1c65a</run_address>
         <size>0x4</size>
         <input_file_ref idref="fl-1f"/>
      </object_component>
      <object_component id="oc-623">
         <name>.const:_SlAcceptCmdCtrl</name>
         <load_address>0x1c65e</load_address>
         <run_address>0x1c65e</run_address>
         <size>0x4</size>
         <input_file_ref idref="fl-1d"/>
      </object_component>
      <object_component id="oc-659">
         <name>.const:_SlDeviceGetCmdCtrl</name>
         <load_address>0x1c662</load_address>
         <run_address>0x1c662</run_address>
         <size>0x4</size>
         <input_file_ref idref="fl-16"/>
      </object_component>
      <object_component id="oc-65c">
         <name>.const:_SlDeviceSetCmdCtrl</name>
         <load_address>0x1c666</load_address>
         <run_address>0x1c666</run_address>
         <size>0x4</size>
         <input_file_ref idref="fl-16"/>
      </object_component>
      <object_component id="oc-656">
         <name>.const:_SlEventMaskGetCmdCtrl</name>
         <load_address>0x1c66a</load_address>
         <run_address>0x1c66a</run_address>
         <size>0x4</size>
         <input_file_ref idref="fl-16"/>
      </object_component>
      <object_component id="oc-653">
         <name>.const:_SlEventMaskSetCmdCtrl</name>
         <load_address>0x1c66e</load_address>
         <run_address>0x1c66e</run_address>
         <size>0x4</size>
         <input_file_ref idref="fl-16"/>
      </object_component>
      <object_component id="oc-6c2">
         <name>.const:_SlGetHostByNameCtrl</name>
         <load_address>0x1c672</load_address>
         <run_address>0x1c672</run_address>
         <size>0x4</size>
         <input_file_ref idref="fl-1a"/>
      </object_component>
      <object_component id="oc-6bf">
         <name>.const:_SlGetHostByServiceCtrl</name>
         <load_address>0x1c676</load_address>
         <run_address>0x1c676</run_address>
         <size>0x4</size>
         <input_file_ref idref="fl-1a"/>
      </object_component>
      <object_component id="oc-6b9">
         <name>.const:_SlGetServiceListeCtrl</name>
         <load_address>0x1c67a</load_address>
         <run_address>0x1c67a</run_address>
         <size>0x4</size>
         <input_file_ref idref="fl-1a"/>
      </object_component>
      <object_component id="oc-62c">
         <name>.const:_SlGetSockOptCmdCtrl</name>
         <load_address>0x1c67e</load_address>
         <run_address>0x1c67e</run_address>
         <size>0x4</size>
         <input_file_ref idref="fl-1d"/>
      </object_component>
      <object_component id="oc-620">
         <name>.const:_SlListenCmdCtrl</name>
         <load_address>0x1c682</load_address>
         <run_address>0x1c682</run_address>
         <size>0x4</size>
         <input_file_ref idref="fl-1d"/>
      </object_component>
      <object_component id="oc-6ce">
         <name>.const:_SlNetAppGetCmdCtrl</name>
         <load_address>0x1c686</load_address>
         <run_address>0x1c686</run_address>
         <size>0x4</size>
         <input_file_ref idref="fl-1a"/>
      </object_component>
      <object_component id="oc-6cb">
         <name>.const:_SlNetAppSendTokenValueCmdCtrl</name>
         <load_address>0x1c68a</load_address>
         <run_address>0x1c68a</run_address>
         <size>0x4</size>
         <input_file_ref idref="fl-1a"/>
      </object_component>
      <object_component id="oc-6c8">
         <name>.const:_SlNetAppSetCmdCtrl</name>
         <load_address>0x1c68e</load_address>
         <run_address>0x1c68e</run_address>
         <size>0x4</size>
         <input_file_ref idref="fl-1a"/>
      </object_component>
      <object_component id="oc-6b3">
         <name>.const:_SlNetAppStartCtrl</name>
         <load_address>0x1c692</load_address>
         <run_address>0x1c692</run_address>
         <size>0x4</size>
         <input_file_ref idref="fl-1a"/>
      </object_component>
      <object_component id="oc-6b6">
         <name>.const:_SlNetAppStopCtrl</name>
         <load_address>0x1c696</load_address>
         <run_address>0x1c696</run_address>
         <size>0x4</size>
         <input_file_ref idref="fl-1a"/>
      </object_component>
      <object_component id="oc-6a9">
         <name>.const:_SlNetCfgGetCmdCtrl</name>
         <load_address>0x1c69a</load_address>
         <run_address>0x1c69a</run_address>
         <size>0x4</size>
         <input_file_ref idref="fl-1b"/>
      </object_component>
      <object_component id="oc-6a6">
         <name>.const:_SlNetCfgSetCmdCtrl</name>
         <load_address>0x1c69e</load_address>
         <run_address>0x1c69e</run_address>
         <size>0x4</size>
         <input_file_ref idref="fl-1b"/>
      </object_component>
      <object_component id="oc-678">
         <name>.const:_SlPolicyGetCmdCtrl</name>
         <load_address>0x1c6a2</load_address>
         <run_address>0x1c6a2</run_address>
         <size>0x4</size>
         <input_file_ref idref="fl-1f"/>
      </object_component>
      <object_component id="oc-675">
         <name>.const:_SlPolicySetCmdCtrl</name>
         <load_address>0x1c6a6</load_address>
         <run_address>0x1c6a6</run_address>
         <size>0x4</size>
         <input_file_ref idref="fl-1f"/>
      </object_component>
      <object_component id="oc-681">
         <name>.const:_SlProfileDelCmdCtrl</name>
         <load_address>0x1c6aa</load_address>
         <run_address>0x1c6aa</run_address>
         <size>0x4</size>
         <input_file_ref idref="fl-1f"/>
      </object_component>
      <object_component id="oc-67e">
         <name>.const:_SlProfileGetCmdCtrl</name>
         <load_address>0x1c6ae</load_address>
         <run_address>0x1c6ae</run_address>
         <size>0x4</size>
         <input_file_ref idref="fl-1f"/>
      </object_component>
      <object_component id="oc-626">
         <name>.const:_SlRecvCmdCtrl</name>
         <load_address>0x1c6b2</load_address>
         <run_address>0x1c6b2</run_address>
         <size>0x4</size>
         <input_file_ref idref="fl-1d"/>
      </object_component>
      <object_component id="oc-614">
         <name>.const:_SlRecvfomCmdCtrl</name>
         <load_address>0x1c6b6</load_address>
         <run_address>0x1c6b6</run_address>
         <size>0x4</size>
         <input_file_ref idref="fl-1d"/>
      </object_component>
      <object_component id="oc-6bc">
         <name>.const:_SlRegisterServiceCtrl</name>
         <load_address>0x1c6ba</load_address>
         <run_address>0x1c6ba</run_address>
         <size>0x4</size>
         <input_file_ref idref="fl-1a"/>
      </object_component>
      <object_component id="oc-687">
         <name>.const:_SlRxFilterAddtCmdCtrl</name>
         <load_address>0x1c6be</load_address>
         <run_address>0x1c6be</run_address>
         <size>0x4</size>
         <input_file_ref idref="fl-1f"/>
      </object_component>
      <object_component id="oc-68d">
         <name>.const:_SlRxFilterGetCmdCtrl</name>
         <load_address>0x1c6c2</load_address>
         <run_address>0x1c6c2</run_address>
         <size>0x4</size>
         <input_file_ref idref="fl-1f"/>
      </object_component>
      <object_component id="oc-68a">
         <name>.const:_SlRxFilterSetCmdCtrl</name>
         <load_address>0x1c6c6</load_address>
         <run_address>0x1c6c6</run_address>
         <size>0x4</size>
         <input_file_ref idref="fl-1f"/>
      </object_component>
      <object_component id="oc-62f">
         <name>.const:_SlSelectCmdCtrl</name>
         <load_address>0x1c6ca</load_address>
         <run_address>0x1c6ca</run_address>
         <size>0x4</size>
         <input_file_ref idref="fl-1d"/>
      </object_component>
      <object_component id="oc-61d">
         <name>.const:_SlSendCmdCtrl</name>
         <load_address>0x1c6ce</load_address>
         <run_address>0x1c6ce</run_address>
         <size>0x4</size>
         <input_file_ref idref="fl-1d"/>
      </object_component>
      <object_component id="oc-629">
         <name>.const:_SlSetSockOptCmdCtrl</name>
         <load_address>0x1c6d2</load_address>
         <run_address>0x1c6d2</run_address>
         <size>0x4</size>
         <input_file_ref idref="fl-1d"/>
      </object_component>
      <object_component id="oc-693">
         <name>.const:_SlSmartConfigStartCmdCtrl</name>
         <load_address>0x1c6d6</load_address>
         <run_address>0x1c6d6</run_address>
         <size>0x4</size>
         <input_file_ref idref="fl-1f"/>
      </object_component>
      <object_component id="oc-60b">
         <name>.const:_SlSockCloseCmdCtrl</name>
         <load_address>0x1c6da</load_address>
         <run_address>0x1c6da</run_address>
         <size>0x4</size>
         <input_file_ref idref="fl-1d"/>
      </object_component>
      <object_component id="oc-608">
         <name>.const:_SlSockSocketCmdCtrl</name>
         <load_address>0x1c6de</load_address>
         <run_address>0x1c6de</run_address>
         <size>0x4</size>
         <input_file_ref idref="fl-1d"/>
      </object_component>
      <object_component id="oc-650">
         <name>.const:_SlStopCmdCtrl</name>
         <load_address>0x1c6e2</load_address>
         <run_address>0x1c6e2</run_address>
         <size>0x4</size>
         <input_file_ref idref="fl-16"/>
      </object_component>
      <object_component id="oc-69c">
         <name>.const:_SlWlanCfgGetCmdCtrl</name>
         <load_address>0x1c6e6</load_address>
         <run_address>0x1c6e6</run_address>
         <size>0x4</size>
         <input_file_ref idref="fl-1f"/>
      </object_component>
      <object_component id="oc-699">
         <name>.const:_SlWlanCfgSetCmdCtrl</name>
         <load_address>0x1c6ea</load_address>
         <run_address>0x1c6ea</run_address>
         <size>0x4</size>
         <input_file_ref idref="fl-1f"/>
      </object_component>
      <object_component id="oc-684">
         <name>.const:_SlWlanGetNetworkListCtrl</name>
         <load_address>0x1c6ee</load_address>
         <run_address>0x1c6ee</run_address>
         <size>0x4</size>
         <input_file_ref idref="fl-1f"/>
      </object_component>
      <object_component id="oc-696">
         <name>.const:_SlWlanSetModeCmdCtrl</name>
         <load_address>0x1c6f2</load_address>
         <run_address>0x1c6f2</run_address>
         <size>0x4</size>
         <input_file_ref idref="fl-1f"/>
      </object_component>
      <object_component id="oc-90b">
         <name>.cinit..data.load</name>
         <load_address>0x1c6f8</load_address>
         <run_address>0x1c6f8</run_address>
         <size>0x56</size>
      </object_component>
      <object_component id="oc-909">
         <name>__TI_handler_table</name>
         <load_address>0x1c750</load_address>
         <run_address>0x1c750</run_address>
         <size>0xc</size>
      </object_component>
      <object_component id="oc-90c">
         <name>.cinit..bss.load</name>
         <load_address>0x1c760</load_address>
         <run_address>0x1c760</run_address>
         <size>0x8</size>
      </object_component>
      <object_component id="oc-90a">
         <name>__TI_cinit_table</name>
         <load_address>0x1c768</load_address>
         <run_address>0x1c768</run_address>
         <size>0x10</size>
      </object_component>
      <object_component id="oc-8de">
         <name>.binit</name>
         <load_address>0x0</load_address>
         <run_address>0x0</run_address>
         <size>0x0</size>
      </object_component>
[...]
      </symbol>
      <symbol id="sm-1ab3">
         <name>PCM_getCoreVoltageLevel</name>
         <value>0x1b7f3</value>
         <object_component_ref idref="oc-592"/>
      </symbol>
      <symbol id="sm-1ab4">
         <name>PCM_shutdownDevice</name>
         <value>0x1b1a5</value>
         <object_component_ref idref="oc-444"/>
      </symbol>
      <symbol id="sm-1ab5">
         <name>PCM_setPowerState</name>
         <value>0x1bcdf</value>
         <object_component_ref idref="oc-12d"/>
      </symbol>
      <symbol id="sm-1ab6">
         <name>PCM_getPowerMode</name>
         <value>0x1b81f</value>
         <object_component_ref idref="oc-58c"/>
      </symbol>
      <symbol id="sm-1ab7">
         <name>PCM_getPowerState</name>
         <value>0x1bc8d</value>
         <object_component_ref idref="oc-432"/>
      </symbol>
      <symbol id="sm-1ab8">
         <name>PCM_gotoLPM4</name>
         <value>0x1bbef</value>
         <object_component_ref idref="oc-43e"/>
      </symbol>
      <symbol id="sm-1ab9">
         <name>PCM_gotoLPM3</name>
         <value>0x1acd1</value>
         <object_component_ref idref="oc-438"/>
      </symbol>
      <symbol id="sm-1aba">
         <name>PCM_gotoLPM0</name>
         <value>0x1b871</value>
         <object_component_ref idref="oc-450"/>
      </symbol>
      <symbol id="sm-1abb">
         <name>PCM_setPowerMode</name>
         <value>0x1bcd7</value>
         <object_component_ref idref="oc-598"/>
      </symbol>
      <symbol id="sm-1ac8">
         <name>RTC_C_holdClock</name>
         <value>0x1b979</value>
         <object_component_ref idref="oc-5c0"/>
      </symbol>
      <symbol id="sm-1b1e">
         <name>EUSCI_B_SPI_isBusy</name>
         <value>0x1ba41</value>
         <object_component_ref idref="oc-47e"/>
      </symbol>
      <symbol id="sm-1b1f">
         <name>EUSCI_B_SPI_receiveData</name>
         <value>0x1bcfd</value>
         <object_component_ref idref="oc-5fb"/>
      </symbol>
      <symbol id="sm-1b20">
         <name>EUSCI_A_SPI_receiveData</name>
         <value>0x1bcf7</value>
         <object_component_ref idref="oc-5f5"/>
      </symbol>
      <symbol id="sm-1b21">
         <name>EUSCI_A_SPI_transmitData</name>
         <value>0x1bd1f</value>
         <object_component_ref idref="oc-5ec"/>
      </symbol>
      <symbol id="sm-1b22">
         <name>EUSCI_B_SPI_transmitData</name>
         <value>0x1bd23</value>
         <object_component_ref idref="oc-5e6"/>
      </symbol>
      <symbol id="sm-1b23">
         <name>SPI_transmitData</name>
         <value>0x1ba01</value>
         <object_component_ref idref="oc-478"/>
      </symbol>
      <symbol id="sm-1b24">
         <name>SPI_receiveData</name>
         <value>0x1ba95</value>
         <object_component_ref idref="oc-484"/>
      </symbol>
      <symbol id="sm-1b57">
         <name>SysCtl_getNMISourceStatus</name>
         <value>0x1bc99</value>
         <object_component_ref idref="oc-59f"/>
      </symbol>
      <symbol id="sm-1b58">
         <name>SysCtl_enableNMISource</name>
         <value>0x1bc11</value>
         <object_component_ref idref="oc-5b1"/>
      </symbol>
      <symbol id="sm-1b59">
         <name>SysCtl_disableNMISource</name>
         <value>0x1bc01</value>
         <object_component_ref idref="oc-5a5"/>
      </symbol>
      <symbol id="sm-1b5a">
         <name>SysCtl_getTLVInfo</name>
         <value>0x1b1f5</value>
         <object_component_ref idref="oc-5d3"/>
      </symbol>
      <symbol id="sm-1b66">
         <name>SysTick_enableInterrupt</name>
         <value>0x1bb81</value>
         <object_component_ref idref="oc-ca"/>
      </symbol>
      <symbol id="sm-1b95">
         <name>UART_enableModule</name>
         <value>0x1bca5</value>
         <object_component_ref idref="oc-3e6"/>
      </symbol>
      <symbol id="sm-1b96">
         <name>UART_transmitData</name>
         <value>0x1b99d</value>
         <object_component_ref idref="oc-3d4"/>
      </symbol>
      <symbol id="sm-1b97">
         <name>UART_initModule</name>
         <value>0x1aa2d</value>
         <object_component_ref idref="oc-3e0"/>
      </symbol>
      <symbol id="sm-1bad">
         <name>WDT_A_clearTimer</name>
         <value>0x1bae1</value>
         <object_component_ref idref="oc-26f"/>
      </symbol>
      <symbol id="sm-1bae">
         <name>WDT_A_holdTimer</name>
         <value>0x1baf9</value>
         <object_component_ref idref="oc-275"/>
      </symbol>
      <symbol id="sm-1bc0">
         <name>CPU_wfi</name>
         <value>0x1bd1b</value>
         <object_component_ref idref="oc-5b9"/>
      </symbol>
      <symbol id="sm-1bc1">
         <name>CPU_cpsie</name>
         <value>0x1bc67</value>
         <object_component_ref idref="oc-2d5"/>
      </symbol>
      <symbol id="sm-1bd0">
         <name>__aeabi_uidivmod</name>
         <value>0x1b5a1</value>
         <object_component_ref idref="oc-e9"/>
      </symbol>
      <symbol id="sm-1bd1">
         <name>__aeabi_uidiv</name>
         <value>0x1b5a1</value>
         <object_component_ref idref="oc-e9"/>
      </symbol>
      <symbol id="sm-1be5">
         <name>__aeabi_ddiv</name>
         <value>0x199d9</value>
         <object_component_ref idref="oc-3fe"/>
      </symbol>
      <symbol id="sm-1bef">
         <name>__aeabi_d2uiz</name>
         <value>0x1b4dd</value>
         <object_component_ref idref="oc-403"/>
      </symbol>
      <symbol id="sm-1bf8">
         <name>__aeabi_lmul</name>
         <value>0x1bb29</value>
         <object_component_ref idref="oc-55a"/>
      </symbol>
      <symbol id="sm-1c13">
         <name>memcpy</name>
         <value>0x1a8f9</value>
         <object_component_ref idref="oc-34"/>
      </symbol>
      <symbol id="sm-1c14">
         <name>__aeabi_memcpy</name>
         <value>0x1a8f9</value>
         <object_component_ref idref="oc-34"/>
      </symbol>
      <symbol id="sm-1c15">
         <name>__aeabi_memcpy8</name>
         <value>0x1a8f9</value>
         <object_component_ref idref="oc-34"/>
      </symbol>
      <symbol id="sm-1c16">
         <name>__aeabi_memcpy4</name>
         <value>0x1a8f9</value>
         <object_component_ref idref="oc-34"/>
      </symbol>
      <symbol id="sm-1c20">
         <name>__aeabi_ui2d</name>
         <value>0x1ba21</value>
         <object_component_ref idref="oc-3f9"/>
      </symbol>
      <symbol id="sm-1c2e">
         <name>__aeabi_ldivmod</name>
         <value>0x1aea7</value>
         <object_component_ref idref="oc-55f"/>
      </symbol>
      <symbol id="sm-1c3b">
         <name>__aeabi_uldivmod</name>
         <value>0x1a995</value>
         <object_component_ref idref="oc-758"/>
      </symbol>
      <symbol id="sm-1c4a">
         <name>__aeabi_memset</name>
         <value>0x1ad4f</value>
         <object_component_ref idref="oc-9b"/>
      </symbol>
      <symbol id="sm-1c4b">
         <name>memset</name>
         <value>0x1ad55</value>
         <object_component_ref idref="oc-9b"/>
      </symbol>
      <symbol id="sm-1c4c">
         <name>__aeabi_memset8</name>
         <value>0x1ad4f</value>
         <object_component_ref idref="oc-9b"/>
      </symbol>
      <symbol id="sm-1c4d">
         <name>__aeabi_memset4</name>
         <value>0x1ad4f</value>
         <object_component_ref idref="oc-9b"/>
      </symbol>
      <symbol id="sm-1c4e">
         <name>__aeabi_memclr8</name>
         <value>0x1ad4d</value>
         <object_component_ref idref="oc-9b"/>
      </symbol>
      <symbol id="sm-1c4f">
         <name>__aeabi_memclr4</name>
         <value>0x1ad4d</value>
         <object_component_ref idref="oc-9b"/>
      </symbol>
      <symbol id="sm-1c50">
         <name>__aeabi_memclr</name>
         <value>0x1ad4d</value>
         <object_component_ref idref="oc-9b"/>
      </symbol>
      <symbol id="sm-1c62">
         <name>__TI_zero_init</name>
         <value>0x1bcb1</value>
         <object_component_ref idref="oc-46"/>
      </symbol>
      <symbol id="sm-1c79">
         <name>__TI_decompress_none</name>
         <value>0x1bc4b</value>
         <object_component_ref idref="oc-1a"/>
      </symbol>
      <symbol id="sm-1c9c">
         <name>__TI_decompress_lzss</name>
         <value>0x1af15</value>
         <object_component_ref idref="oc-14"/>
      </symbol>
      <symbol id="sm-1caf">
         <name>__stack</name>
         <value>0x2000fe00</value>
         <object_component_ref idref="oc-26"/>
      </symbol>
      <symbol id="sm-1cb0">
         <name>_c_int00_noargs</name>
         <value>0x1b695</value>
         <object_component_ref idref="oc-52"/>
      </symbol>
      <symbol id="sm-1cbb">
         <name>C$$EXIT</name>
         <value>0x1bd2f</value>
         <object_component_ref idref="oc-1ed"/>
      </symbol>
      <symbol id="sm-1cbc">
         <name>abort</name>
         <value>0x1bd2f</value>
         <object_component_ref idref="oc-1ed"/>
      </symbol>
      <symbol id="sm-1ced">
         <name>snprintf</name>
         <value>0x1b375</value>
         <object_component_ref idref="oc-368"/>
      </symbol>
      <symbol id="sm-1cfb">
         <name>strlen</name>
         <value>0x1bba9</value>
         <object_component_ref idref="oc-4b3"/>
      </symbol>
      <symbol id="sm-1d05">
         <name>__aeabi_idiv0</name>
         <value>0x15dcb</value>
         <object_component_ref idref="oc-2bc"/>
      </symbol>
      <symbol id="sm-1d06">
         <name>__aeabi_ldiv0</name>
         <value>0x15dcb</value>
         <object_component_ref idref="oc-2bc"/>
      </symbol>
      <symbol id="sm-1d2e">
         <name>__TI_auto_init_nobinit_nopinit</name>
         <value>0x1b499</value>
         <object_component_ref idref="oc-1f9"/>
      </symbol>
      <symbol id="sm-1d38">
         <name>_system_pre_init</name>
         <value>0x1bd2b</value>
         <object_component_ref idref="oc-a1"/>
      </symbol>
      <symbol id="sm-1e9e">
         <name>__TI_printfi</name>
         <value>0x1536d</value>
         <object_component_ref idref="oc-4dd"/>
      </symbol>
      <symbol id="sm-1eb4">
         <name>atoi</name>
         <value>0x1b329</value>
         <object_component_ref idref="oc-6e9"/>
      </symbol>
      <symbol id="sm-1ebf">
         <name>_ctypes_</name>
         <value>0x1c324</value>
         <object_component_ref idref="oc-81b"/>
      </symbol>
      <symbol id="sm-1ece">
         <name>ltoa</name>
         <value>0x1b0ff</value>
         <object_component_ref idref="oc-831"/>
      </symbol>
      <symbol id="sm-1ede">
         <name>memccpy</name>
         <value>0x1ba79</value>
         <object_component_ref idref="oc-712"/>
      </symbol>
      <symbol id="sm-1eee">
         <name>strchr</name>
         <value>0x1bb41</value>
         <object_component_ref idref="oc-868"/>
      </symbol>
      <symbol id="sm-1f07">
         <name>wcslen</name>
         <value>0x1bbbd</value>
         <object_component_ref idref="oc-718"/>
      </symbol>
      <symbol id="sm-1f27">
         <name>frexpl</name>
         <value>0x1b045</value>
         <object_component_ref idref="oc-85c"/>
      </symbol>
      <symbol id="sm-1f28">
         <name>frexp</name>
         <value>0x1b045</value>
         <object_component_ref idref="oc-85c"/>
      </symbol>
      <symbol id="sm-1f45">
         <name>scalbn</name>
         <value>0x19e75</value>
         <object_component_ref idref="oc-862"/>
      </symbol>
      <symbol id="sm-1f46">
         <name>scalbnl</name>
         <value>0x19e75</value>
         <object_component_ref idref="oc-862"/>
      </symbol>
      <symbol id="sm-1f47">
         <name>ldexpl</name>
         <value>0x19e75</value>
         <object_component_ref idref="oc-862"/>
      </symbol>
      <symbol id="sm-1f48">
         <name>ldexp</name>
         <value>0x19e75</value>
         <object_component_ref idref="oc-862"/>
      </symbol>
      <symbol id="sm-1f5f">
         <name>__aeabi_dsub</name>
         <value>0x19255</value>
         <object_component_ref idref="oc-83c"/>
      </symbol>
      <symbol id="sm-1f60">
         <name>__aeabi_dadd</name>
         <value>0x1925f</value>
         <object_component_ref idref="oc-83c"/>
      </symbol>
      <symbol id="sm-1f82">
         <name>__aeabi_cdcmpeq</name>
         <value>0x1aac1</value>
         <object_component_ref idref="oc-6f5"/>
      </symbol>
      <symbol id="sm-1f83">
         <name>__aeabi_cdcmple</name>
         <value>0x1aac1</value>
         <object_component_ref idref="oc-6f5"/>
      </symbol>
      <symbol id="sm-1f84">
         <name>__aeabi_cdrcmple</name>
         <value>0x1ab47</value>
         <object_component_ref idref="oc-827"/>
      </symbol>
      <symbol id="sm-1f8f">
         <name>__aeabi_dmul</name>
         <value>0x1a187</value>
         <object_component_ref idref="oc-822"/>
      </symbol>
      <symbol id="sm-1f99">
         <name>__aeabi_d2iz</name>
         <value>0x1b451</value>
         <object_component_ref idref="oc-82c"/>
      </symbol>
      <symbol id="sm-1fa3">
         <name>__aeabi_i2d</name>
         <value>0x1b7c5</value>
         <object_component_ref idref="oc-837"/>
      </symbol>
      <symbol id="sm-1fb9">
         <name>__aeabi_errno_addr</name>
         <value>0x1bce9</value>
         <object_component_ref idref="oc-71e"/>
      </symbol>
      <symbol id="sm-1fba">
         <name>errno</name>
         <value>0x2000cfe4</value>
         <object_component_ref idref="oc-878"/>
      </symbol>
      <symbol id="sm-1fc4">
         <name>copysign</name>
         <value>0x1bb95</value>
         <object_component_ref idref="oc-8b0"/>
      </symbol>
      <symbol id="sm-1fc5">
         <name>copysignl</name>
         <value>0x1bb95</value>
         <object_component_ref idref="oc-8b0"/>
      </symbol>
      <symbol id="sm-1fc6">
         <name>__TI_static_base__</name>
         <value>0x0</value>
      </symbol>
      <symbol id="sm-1fc9">
         <name>__mpu_init</name>
         <value>0x0</value>
      </symbol>
      <symbol id="sm-1fca">
         <name>_system_post_cinit</name>
         <value>0x0</value>
      </symbol>
      <symbol id="sm-1fcb">
         <name>NMI_Handler</name>
         <value>0x1bc65</value>
      </symbol>
      <symbol id="sm-1fcc">
         <name>HardFault_Handler</name>
         <value>0x1bc65</value>
      </symbol>
      <symbol id="sm-1fcd">
         <name>MemManage_Handler</name>
         <value>0x1bc65</value>
      </symbol>
      <symbol id="sm-1fce">
         <name>BusFault_Handler</name>
         <value>0x1bc65</value>
      </symbol>
      <symbol id="sm-1fcf">
         <name>UsageFault_Handler</name>
         <value>0x1bc65</value>
      </symbol>
      <symbol id="sm-1fd0">
         <name>SVC_Handler</name>
         <value>0x1bc65</value>
      </symbol>
      <symbol id="sm-1fd1">
         <name>DebugMon_Handler</name>
         <value>0x1bc65</value>
      </symbol>
      <symbol id="sm-1fd2">
         <name>PendSV_Handler</name>
         <value>0x1b269</value>
      </symbol>
      <symbol id="sm-1fd3">
         <name>SysTick_Handler</name>
         <value>0x15f11</value>
      </symbol>
      <symbol id="sm-1fd4">
         <name>PSS_IRQHandler</name>
         <value>0x1bc65</value>
      </symbol>
      <symbol id="sm-1fd5">
         <name>CS_IRQHandler</name>
         <value>0x1bc65</value>
      </symbol>
      <symbol id="sm-1fd6">
         <name>PCM_IRQHandler</name>
         <value>0x1bc65</value>
      </symbol>
      <symbol id="sm-1fd7">
         <name>WDT_A_IRQHandler</name>
         <value>0x1bc65</value>
      </symbol>
      <symbol id="sm-1fd8">
         <name>FPU_IRQHandler</name>
         <value>0x1bc65</value>
      </symbol>
      <symbol id="sm-1fd9">
         <name>FLCTL_IRQHandler</name>
         <value>0x1bc65</value>
      </symbol>
      <symbol id="sm-1fda">
         <name>COMP_E0_IRQHandler</name>
         <value>0x1bc65</value>
      </symbol>
      <symbol id="sm-1fdb">
         <name>COMP_E1_IRQHandler</name>
         <value>0x1bc65</value>
      </symbol>
      <symbol id="sm-1fdc">
         <name>TA0_0_IRQHandler</name>
         <value>0x1bc65</value>
      </symbol>
      <symbol id="sm-1fdd">
         <name>TA0_N_IRQHandler</name>
         <value>0x1bc65</value>
      </symbol>
      <symbol id="sm-1fde">
         <name>TA1_0_IRQHandler</name>
         <value>0x1bc65</value>
      </symbol>
      <symbol id="sm-1fdf">
         <name>TA1_N_IRQHandler</name>
         <value>0x1bc65</value>
      </symbol>
      <symbol id="sm-1fe0">
         <name>TA2_0_IRQHandler</name>
         <value>0x1bc65</value>
      </symbol>
      <symbol id="sm-1fe1">
         <name>TA2_N_IRQHandler</name>
         <value>0x1bc65</value>
      </symbol>
      <symbol id="sm-1fe2">
         <name>TA3_0_IRQHandler</name>
         <value>0x1bc65</value>
      </symbol>
      <symbol id="sm-1fe3">
         <name>TA3_N_IRQHandler</name>
         <value>0x1bc65</value>
      </symbol>
      <symbol id="sm-1fe4">
         <name>EUSCIA0_IRQHandler</name>
         <value>0x18075</value>
      </symbol>
      <symbol id="sm-1fe5">
         <name>EUSCIA1_IRQHandler</name>
         <value>0x1bc65</value>
      </symbol>
      <symbol id="sm-1fe6">
         <name>EUSCIA2_IRQHandler</name>
         <value>0x1bc65</value>
      </symbol>
      <symbol id="sm-1fe7">
         <name>EUSCIA3_IRQHandler</name>
         <value>0x1bc65</value>
      </symbol>
      <symbol id="sm-1fe8">
         <name>EUSCIB0_IRQHandler</name>
         <value>0x1bc65</value>
      </symbol>
      <symbol id="sm-1fe9">
         <name>EUSCIB1_IRQHandler</name>
         <value>0x17cad</value>
      </symbol>
      <symbol id="sm-1fea">
         <name>EUSCIB2_IRQHandler</name>
         <value>0x1bc65</value>
      </symbol>
      <symbol id="sm-1feb">
         <name>EUSCIB3_IRQHandler</name>
         <value>0x1bc65</value>
      </symbol>
      <symbol id="sm-1fec">
         <name>ADC14_IRQHandler</name>
         <value>0x1bc65</value>
      </symbol>
      <symbol id="sm-1fed">
         <name>T32_INT1_IRQHandler</name>
         <value>0x1bc65</value>
      </symbol>
      <symbol id="sm-1fee">
         <name>T32_INT2_IRQHandler</name>
         <value>0x1bc65</value>
      </symbol>
      <symbol id="sm-1fef">
         <name>T32_INTC_IRQHandler</name>
         <value>0x1bc65</value>
      </symbol>
      <symbol id="sm-1ff0">
         <name>AES256_IRQHandler</name>
         <value>0x1bc65</value>
      </symbol>
      <symbol id="sm-1ff1">
         <name>RTC_C_IRQHandler</name>
         <value>0x1bc65</value>
      </symbol>
      <symbol id="sm-1ff2">
         <name>DMA_ERR_IRQHandler</name>
         <value>0x1bc65</value>
      </symbol>
      <symbol id="sm-1ff3">
         <name>DMA_INT3_IRQHandler</name>
         <value>0x1bc65</value>
      </symbol>
      <symbol id="sm-1ff4">
         <name>DMA_INT2_IRQHandler</name>
         <value>0x1bc65</value>
      </symbol>
      <symbol id="sm-1ff5">
         <name>DMA_INT1_IRQHandler</name>
         <value>0x1bc65</value>
      </symbol>
      <symbol id="sm-1ff6">
         <name>DMA_INT0_IRQHandler</name>
         <value>0x1bc65</value>
      </symbol>
      <symbol id="sm-1ff7">
         <name>PORT1_IRQHandler</name>
         <value>0x18025</value>
      </symbol>
      <symbol id="sm-1ff8">
         <name>PORT2_IRQHandler</name>
         <value>0x1804f</value>
      </symbol>
      <symbol id="sm-1ff9">
         <name>PORT3_IRQHandler</name>
         <value>0x1bc65</value>
      </symbol>
      <symbol id="sm-1ffa">
         <name>PORT4_IRQHandler</name>
         <value>0x1bc65</value>
      </symbol>
      <symbol id="sm-1ffb">
         <name>PORT5_IRQHandler</name>
         <value>0x1bc65</value>
      </symbol>
      <symbol id="sm-1ffc">
         <name>PORT6_IRQHandler</name>
         <value>0x1bc65</value>
      </symbol>
   </symbol_table>
   <title>Link successful</title>
</link_info>
