******************************************************************************
                  TI ARM Linker PC v18.1.4                     
******************************************************************************
>> Linked Mon Apr 20 21:02:10 2020

OUTPUT FILE NAME:   <lab5.out>
ENTRY POINT SYMBOL: "_c_int00_noargs"  address: 0001b65d


MEMORY CONFIGURATION

         name            origin    length      used     unused   attr    fill
----------------------  --------  ---------  --------  --------  ----  --------
  MAIN                  00000000   00040000  0001c71c  000238e4  R  X
  INFO                  00200000   00004000  00000000  00004000  R  X
  SRAM_CODE             01000000   00010000  0000d1ec  00002e14  RW X
  SRAM_DATA             20000000   00010000  0000d1ec  00002e14  RW  


SEGMENT ALLOCATION MAP

run origin  load origin   length   init length attrs members
----------  ----------- ---------- ----------- ----- -------
00000000    00000000    0001c720   0001c720    r-x
  00000000    00000000    000000e4   000000e4    r-- .intvecs
  000000e4    000000e4    0001bbf6   0001bbf6    r-x .text
  0001bcdc    0001bcdc    000009c2   000009c2    r-- .const
  0001c6a0    0001c6a0    00000080   00000080    r-- .cinit
20000000    20000000    0000cfec   00000000    rw-
  20000000    20000000    0000cb68   00000000    rw- .bss
  2000cb68    2000cb68    00000484   00000000    rw- .data
2000fe00    2000fe00    00000200   00000000    rw-
  2000fe00    2000fe00    00000200   00000000    rw- .stack


SECTION ALLOCATION MAP

 output                                  attributes/
section   page    origin      length       input sections
--------  ----  ----------  ----------   ----------------
.intvecs   0    00000000    000000e4     
                  00000000    000000e4     startup_msp432p401r_ccs.obj (.intvecs:retain)

.text      0    000000e4    0001bbf6     
                  000000e4    0000d5e0     bmi160.obj (.text)
                  0000d6c4    00002024     driver.obj (.text)
                  0000f6e8    00001810     bme280.obj (.text)
                  00010ef8    0000130c     Game.obj (.text)
                  00012204    00000ed4     socket.obj (.text)
                  000130d8    00000c28     bmi160_support.obj (.text)
                  00013d00    00000b44     netapp.obj (.text)
                  00014844    00000ac0     wlan.obj (.text)
                  00015304    00000a5e     rtsv7M4_T_le_v4SPD16_eabi.lib : _printfi.c.obj (.text:__TI_printfi)
                  00015d62    00000002                                   : div0.asm.obj (.text)
                  00015d64    000008fc     G8RTOS_Scheduler.obj (.text)
                  00016660    0000070c     LCD.obj (.text)
                  00016d6c    00000688     cc3100_usage.obj (.text)
                  000173f4    000005b8     device.obj (.text)
                  000179ac    00000360     i2c_driver.obj (.text)
                  00017d0c    00000350     board.obj (.text)
                  0001805c    00000334     system_msp432p401r.obj (.text)
                  00018390    000002f8     BackChannelUart.obj (.text)
                  00018688    000002e0     bme280_support.obj (.text)
                  00018968    00000270     rtsv7M4_T_le_v4SPD16_eabi.lib : _printfi.c.obj (.text:_pconv_a)
                  00018bd8    00000234     tmp007.obj (.text)
                  00018e0c    00000210     spi_cc3100.obj (.text)
                  0001901c    000001d0     rtsv7M4_T_le_v4SPD16_eabi.lib : _printfi.c.obj (.text:_pconv_g)
                  000191ec    000001b6                                   : fd_add_t2.asm.obj (.text)
                  000193a2    000001a0     msp432p4xx_driverlib.lib : pcm.o (.text:__PCM_setPowerStateAdvanced)
                  00019542    00000002     --HOLE-- [fill = 0]
                  00019544    00000188     led.obj (.text)
                  000196cc    00000178     Joystick.obj (.text)
                  00019844    0000013c     rtsv7M4_T_le_v4SPD16_eabi.lib : _printfi.c.obj (.text:_pconv_e)
                  00019980    0000013c     main.obj (.text)
                  00019abc    00000136     rtsv7M4_T_le_v4SPD16_eabi.lib : fd_div_t2.asm.obj (.text)
                  00019bf2    00000002     --HOLE-- [fill = 0]
                  00019bf4    00000130     nonos.obj (.text)
                  00019d24    00000124     rtsv7M4_T_le_v4SPD16_eabi.lib : _printfi.c.obj (.text:fcvt)
                  00019e48    00000110     netcfg.obj (.text)
                  00019f58    00000110     rtsv7M4_T_le_v4SPD16_eabi.lib : s_scalbn.c.obj (.text:scalbn)
                  0001a068    00000104     msp432p4xx_driverlib.lib : cs.o (.text:CS_getDCOFrequency)
                  0001a16c    000000fe     opt3001.obj (.text)
                  0001a26a    000000fc     rtsv7M4_T_le_v4SPD16_eabi.lib : fd_mul_t2.asm.obj (.text)
                  0001a366    00000002     --HOLE-- [fill = 0]
                  0001a368    000000e0     msp432p4xx_driverlib.lib : cs.o (.text:CS_initClockSignal)
                  0001a448    000000dc                              : pcm.o (.text:__PCM_setPowerModeAdvanced)
                  0001a524    000000b1     rtsv7M4_T_le_v4SPD16_eabi.lib : _printfi.c.obj (.text:_ltostr)
                  0001a5d5    00000003     --HOLE-- [fill = 0]
                  0001a5d8    000000b0     msp432p4xx_driverlib.lib : pcm.o (.text:__PCM_setCoreVoltageLevelAdvanced)
                  0001a688    000000a4     LCD.obj (.text:PutChar)
                  0001a72c    000000a0     G8RTOS_Semaphores.obj (.text)
                  0001a7cc    0000009c     msp432p4xx_driverlib.lib : cs.o (.text:CS_startHFXTWithTimeout)
                  0001a868    0000009c                              : cs.o (.text:_CSComputeCLKFrequency)
                  0001a904    0000009c     rtsv7M4_T_le_v4SPD16_eabi.lib : memcpy_t2.asm.obj (.text)
                  0001a9a0    00000096                                   : ull_div_t2.asm.obj (.text)
                  0001aa36    00000002     --HOLE-- [fill = 0]
                  0001aa38    00000094     msp432p4xx_driverlib.lib : uart.o (.text:UART_initModule)
                  0001aacc    00000086     rtsv7M4_T_le_v4SPD16_eabi.lib : fd_cmp_t2.asm.obj (.text:__aeabi_cdcmple)
                  0001ab52    00000086                                   : fd_cmp_t2.asm.obj (.text:__aeabi_cdrcmple)
                  0001abd8    00000084     ClockSys.obj (.text)
                  0001ac5c    00000080     flowcont.obj (.text)
                  0001acdc    0000007c     msp432p4xx_driverlib.lib : pcm.o (.text:PCM_gotoLPM3)
                  0001ad58    0000007a     rtsv7M4_T_le_v4SPD16_eabi.lib : memset_t2.asm.obj (.text)
                  0001add2    00000002     --HOLE-- [fill = 0]
                  0001add4    00000070     msp432p4xx_driverlib.lib : cs.o (.text:_CSGetHFXTFrequency)
                  0001ae44    0000006e     rtsv7M4_T_le_v4SPD16_eabi.lib : _printfi.c.obj (.text:_mcpy)
                  0001aeb2    0000006e                                   : ll_div_t2.asm.obj (.text)
                  0001af20    00000068                                   : copy_decompress_lzss.c.obj (.text:decompress:lzss:__TI_decompress_lzss)
                  0001af88    00000064     msp432p4xx_driverlib.lib : interrupt.o (.text:Interrupt_disableInterrupt)
                  0001afec    00000064                              : interrupt.o (.text:Interrupt_enableInterrupt)
                  0001b050    00000064     rtsv7M4_T_le_v4SPD16_eabi.lib : s_frexp.c.obj (.text:frexp)
                  0001b0b4    00000056                                   : _printfi.c.obj (.text:_pconv_f)
                  0001b10a    00000054                                   : ltoa.c.obj (.text:ltoa)
                  0001b15e    00000052                                   : _printfi.c.obj (.text:_ecpy)
                  0001b1b0    00000050     msp432p4xx_driverlib.lib : pcm.o (.text:PCM_shutdownDevice)
                  0001b200    00000050                              : sysctl.o (.text:SysCtl_getTLVInfo)
                  0001b250    0000004c     G8RTOS_SchedulerASM.obj (.text)
                  0001b29c    0000004c     msp432p4xx_driverlib.lib : gpio.o (.text:GPIO_setAsPeripheralModuleFunctionOutputPin)
                  0001b2e8    0000004c                              : cs.o (.text:_CSGetDOCFrequency)
                  0001b334    0000004c     rtsv7M4_T_le_v4SPD16_eabi.lib : atoi.c.obj (.text:atoi)
                  0001b380    0000004c                                   : snprintf.c.obj (.text:snprintf)
                  0001b3cc    00000048     msp432p4xx_driverlib.lib : gpio.o (.text:GPIO_setAsPeripheralModuleFunctionInputPin)
                  0001b414    00000048                              : cs.o (.text:_CSGetDividerValue)
                  0001b45c    00000048     rtsv7M4_T_le_v4SPD16_eabi.lib : fd_toi_t2.asm.obj (.text)
                  0001b4a4    00000044                                   : autoinit.c.obj (.text:__TI_auto_init_nobinit_nopinit:__TI_auto_init_nobinit_nopinit)
                  0001b4e8    00000040     AsciiLib.obj (.text)
                  0001b528    00000040     LCD.obj (.text:LCD_WriteData)
                  0001b568    00000040     rtsv7M4_T_le_v4SPD16_eabi.lib : u_divt2.asm.obj (.text)
                  0001b5a8    0000003e     msp432p4xx_driverlib.lib : i2c.o (.text:I2C_initMaster)
                  0001b5e6    0000003e     rtsv7M4_T_le_v4SPD16_eabi.lib : _printfi.c.obj (.text:_fcpy)
                  0001b624    00000038     msp432p4xx_driverlib.lib : i2c.o (.text:I2C_masterSendMultiByteStart)
                  0001b65c    00000038     rtsv7M4_T_le_v4SPD16_eabi.lib : boot_cortex_m.c.obj (.text:_c_int00_noargs:_c_int00_noargs)
                  0001b694    00000034     BSP.obj (.text)
                  0001b6c8    00000034     LCD.obj (.text:LCD_WriteIndex)
                  0001b6fc    00000030     msp432p4xx_driverlib.lib : i2c.o (.text:I2C_masterSendMultiByteStop)
                  0001b72c    00000030     rtsv7M4_T_le_v4SPD16_eabi.lib : snprintf.c.obj (.text:_outs)
                  0001b75c    00000030     msp432p4xx_driverlib.lib : spi.o (.text:is_A_Module)
                  0001b78c    0000002e     rtsv7M4_T_le_v4SPD16_eabi.lib : i_tofd_t2.asm.obj (.text)
                  0001b7ba    0000002c     msp432p4xx_driverlib.lib : pcm.o (.text:PCM_getCoreVoltageLevel)
                  0001b7e6    0000002a                              : pcm.o (.text:PCM_getPowerMode)
                  0001b810    00000028                              : flash.o (.text:FlashCtl_setWaitState)
                  0001b838    00000028                              : pcm.o (.text:PCM_gotoLPM0)
                  0001b860    00000028     LCD.obj (.text:SPISendRecvByte)
                  0001b888    00000026     demo_sysctl.obj (.text)
                  0001b8ae    00000002     --HOLE-- [fill = 0]
                  0001b8b0    00000024     msp432p4xx_driverlib.lib : cs.o (.text:CS_clearInterruptFlag)
                  0001b8d4    00000024                              : cs.o (.text:CS_setDCOCenteredFrequency)
                  0001b8f8    00000024                              : i2c.o (.text:I2C_masterSendMultiByteNext)
                  0001b91c    00000024                              : interrupt.o (.text:Interrupt_setPriority)
                  0001b940    00000024                              : rtc_c.o (.text:RTC_C_holdClock)
                  0001b964    00000024                              : uart.o (.text:UART_transmitData)
                  0001b988    00000020     LCD.obj (.text:LCD_SetCursor)
                  0001b9a8    00000020     LCD.obj (.text:LCD_Write_Data_Only)
                  0001b9c8    00000020     msp432p4xx_driverlib.lib : spi.o (.text:SPI_transmitData)
                  0001b9e8    0000001c                              : spi.o (.text:EUSCI_B_SPI_isBusy)
                  0001ba04    0000001c     LCD.obj (.text:LCD_WriteReg)
                  0001ba20    0000001c     rtsv7M4_T_le_v4SPD16_eabi.lib : memccpy.c.obj (.text:memccpy)
                  0001ba3c    0000001a     msp432p4xx_driverlib.lib : spi.o (.text:SPI_receiveData)
                  0001ba56    00000002     --HOLE-- [fill = 0]
                  0001ba58    00000018                              : cs.o (.text:CS_getMCLK)
                  0001ba70    00000018                              : cs.o (.text:CS_getSMCLK)
                  0001ba88    00000018                              : wdt_a.o (.text:WDT_A_clearTimer)
                  0001baa0    00000018                              : wdt_a.o (.text:WDT_A_holdTimer)
                  0001bab8    00000018     rtsv7M4_T_le_v4SPD16_eabi.lib : snprintf.c.obj (.text:_outc)
                  0001bad0    00000018                                   : ll_mul_t2.asm.obj (.text)
                  0001bae8    00000016                                   : strchr.c.obj (.text:strchr)
                  0001bafe    00000002     --HOLE-- [fill = 0]
                  0001bb00    00000014     msp432p4xx_driverlib.lib : cs.o (.text:CS_setExternalClockSourceFrequency)
                  0001bb14    00000014                              : i2c.o (.text:I2C_isBusBusy)
                  0001bb28    00000014                              : systick.o (.text:SysTick_enableInterrupt)
                  0001bb3c    00000014     rtsv7M4_T_le_v4SPD16_eabi.lib : s_copysign.c.obj (.text:copysign)
                  0001bb50    00000014                                   : strlen.c.obj (.text:strlen)
                  0001bb64    00000012                                   : wcslen.c.obj (.text:wcslen)
                  0001bb76    00000010     msp432p4xx_driverlib.lib : i2c.o (.text:I2C_masterReceiveStart)
                  0001bb86    00000010                              : interrupt.o (.text:Interrupt_enableMaster)
                  0001bb96    00000010                              : pcm.o (.text:PCM_gotoLPM4)
                  0001bba6    00000002     --HOLE-- [fill = 0]
                  0001bba8    00000010                              : sysctl.o (.text:SysCtl_disableNMISource)
                  0001bbb8    00000010                              : sysctl.o (.text:SysCtl_enableNMISource)
                  0001bbc8    0000000e     G8RTOS_CriticalSection.obj (.text)
                  0001bbd6    0000000e     msp432p4xx_driverlib.lib : i2c.o (.text:I2C_clearInterruptFlag)
                  0001bbe4    0000000e                              : i2c.o (.text:I2C_disableInterrupt)
                  0001bbf2    0000000e     rtsv7M4_T_le_v4SPD16_eabi.lib : copy_decompress_none.c.obj (.text:decompress:none:__TI_decompress_none)
                  0001bc00    0000000e     startup_msp432p401r_ccs.obj (.text)
                  0001bc0e    0000000c     msp432p4xx_driverlib.lib : cpu.o (.text:CPU_cpsie)
                  0001bc1a    0000000c                              : i2c.o (.text:I2C_disableModule)
                  0001bc26    0000000c                              : i2c.o (.text:I2C_enableModule)
                  0001bc32    00000002     --HOLE-- [fill = 0]
                  0001bc34    0000000c                              : pcm.o (.text:PCM_getPowerState)
                  0001bc40    0000000c                              : sysctl.o (.text:SysCtl_getNMISourceStatus)
                  0001bc4c    0000000c                              : uart.o (.text:UART_enableModule)
                  0001bc58    0000000c     rtsv7M4_T_le_v4SPD16_eabi.lib : copy_zero_init.c.obj (.text:decompress:ZI:__TI_zero_init)
                  0001bc64    0000000a     LCD.obj (.text:LCD_Write_Data_Start)
                  0001bc6e    00000008     msp432p4xx_driverlib.lib : i2c.o (.text:I2C_enableInterrupt)
                  0001bc76    00000008                              : pcm.o (.text:PCM_setCoreVoltageLevel)
                  0001bc7e    00000008                              : pcm.o (.text:PCM_setPowerMode)
                  0001bc86    00000008                              : pcm.o (.text:PCM_setPowerState)
                  0001bc8e    00000002     --HOLE-- [fill = 0]
                  0001bc90    00000008     rtsv7M4_T_le_v4SPD16_eabi.lib : errno.c.obj (.text:__aeabi_errno_addr)
                  0001bc98    00000006     msp432p4xx_driverlib.lib : cs.o (.text:CS_startHFXT)
                  0001bc9e    00000006                              : spi.o (.text:EUSCI_A_SPI_receiveData)
                  0001bca4    00000006                              : spi.o (.text:EUSCI_B_SPI_receiveData)
                  0001bcaa    00000006                              : i2c.o (.text:I2C_getEnabledInterruptStatus)
                  0001bcb0    00000006                              : i2c.o (.text:I2C_getInterruptStatus)
                  0001bcb6    00000006                              : i2c.o (.text:I2C_masterReceiveMultiByteNext)
                  0001bcbc    00000006     demo_sysctl.obj (.text:SysCtlDelay)
                  0001bcc2    00000004     msp432p4xx_driverlib.lib : cpu.o (.text:CPU_wfi)
                  0001bcc6    00000004                              : spi.o (.text:EUSCI_A_SPI_transmitData)
                  0001bcca    00000004                              : spi.o (.text:EUSCI_B_SPI_transmitData)
                  0001bcce    00000004                              : i2c.o (.text:I2C_setSlaveAddress)
                  0001bcd2    00000004     rtsv7M4_T_le_v4SPD16_eabi.lib : pre_init.c.obj (.text:_system_pre_init)
                  0001bcd6    00000004                                   : exit.c.obj (.text:abort:abort)

.const     0    0001bcdc    000009c2     
                  0001bcdc    000005f0     AsciiLib.obj (.const:AsciiLib)
                  0001c2cc    00000101     rtsv7M4_T_le_v4SPD16_eabi.lib : ctype.c.obj (.const:.string:_ctypes_)
                  0001c3cd    00000003     bmi160.obj (.const:.string:INVALID_OFFSET)
                  0001c3d0    000000b0     wlan.obj (.const:$P$T0$1)
                  0001c480    00000050     msp432p4xx_driverlib.lib : interrupt.o (.const:g_pulRegs)
                  0001c4d0    00000040                              : interrupt.o (.const)
                  0001c510    00000038     driver.obj (.const:_SlActionLookupTable)
                  0001c548    0000002c     cc3100_usage.obj (.const:$P$T0$1)
                  0001c574    00000024     BackChannelUart.obj (.const:backChannelUart115200Config)
                  0001c598    00000014     cc3100_usage.obj (.const:$P$T1$2)
                  0001c5ac    0000000c     cc3100_usage.obj (.const:$P$T2$3)
                  0001c5b8    0000000c     bmi160.obj (.const:yas532_version_ac_coef)
                  0001c5c4    00000008     driver.obj (.const:g_H2NCnysPattern)
                  0001c5cc    00000008     driver.obj (.const:g_H2NSyncPattern)
                  0001c5d4    00000008     bmi160.obj (.const:v_calib_data$2)
                  0001c5dc    00000005     bme280_support.obj (.const:.string:$P$T0$1)
                  0001c5e1    00000005     bmi160.obj (.const:.string:v_correct_u8$1)
                  0001c5e6    00000004     driver.obj (.const:$P$T0$1)
                  0001c5ea    00000004     netapp.obj (.const:$P$T0$1)
                  0001c5ee    00000004     socket.obj (.const:$P$T0$1)
                  0001c5f2    00000004     socket.obj (.const:$P$T1$2)
                  0001c5f6    00000004     wlan.obj (.const:$P$T1$2)
                  0001c5fa    00000004     socket.obj (.const:$P$T2$3)
                  0001c5fe    00000004     wlan.obj (.const:$P$T2$3)
                  0001c602    00000004     wlan.obj (.const:$P$T3$4)
                  0001c606    00000004     socket.obj (.const:_SlAcceptCmdCtrl)
                  0001c60a    00000004     device.obj (.const:_SlDeviceGetCmdCtrl)
                  0001c60e    00000004     device.obj (.const:_SlDeviceSetCmdCtrl)
                  0001c612    00000004     device.obj (.const:_SlEventMaskGetCmdCtrl)
                  0001c616    00000004     device.obj (.const:_SlEventMaskSetCmdCtrl)
                  0001c61a    00000004     netapp.obj (.const:_SlGetHostByNameCtrl)
                  0001c61e    00000004     netapp.obj (.const:_SlGetHostByServiceCtrl)
                  0001c622    00000004     netapp.obj (.const:_SlGetServiceListeCtrl)
                  0001c626    00000004     socket.obj (.const:_SlGetSockOptCmdCtrl)
                  0001c62a    00000004     socket.obj (.const:_SlListenCmdCtrl)
                  0001c62e    00000004     netapp.obj (.const:_SlNetAppGetCmdCtrl)
                  0001c632    00000004     netapp.obj (.const:_SlNetAppSendTokenValueCmdCtrl)
                  0001c636    00000004     netapp.obj (.const:_SlNetAppSetCmdCtrl)
                  0001c63a    00000004     netapp.obj (.const:_SlNetAppStartCtrl)
                  0001c63e    00000004     netapp.obj (.const:_SlNetAppStopCtrl)
                  0001c642    00000004     netcfg.obj (.const:_SlNetCfgGetCmdCtrl)
                  0001c646    00000004     netcfg.obj (.const:_SlNetCfgSetCmdCtrl)
                  0001c64a    00000004     wlan.obj (.const:_SlPolicyGetCmdCtrl)
                  0001c64e    00000004     wlan.obj (.const:_SlPolicySetCmdCtrl)
                  0001c652    00000004     wlan.obj (.const:_SlProfileDelCmdCtrl)
                  0001c656    00000004     wlan.obj (.const:_SlProfileGetCmdCtrl)
                  0001c65a    00000004     socket.obj (.const:_SlRecvCmdCtrl)
                  0001c65e    00000004     socket.obj (.const:_SlRecvfomCmdCtrl)
                  0001c662    00000004     netapp.obj (.const:_SlRegisterServiceCtrl)
                  0001c666    00000004     wlan.obj (.const:_SlRxFilterAddtCmdCtrl)
                  0001c66a    00000004     wlan.obj (.const:_SlRxFilterGetCmdCtrl)
                  0001c66e    00000004     wlan.obj (.const:_SlRxFilterSetCmdCtrl)
                  0001c672    00000004     socket.obj (.const:_SlSelectCmdCtrl)
                  0001c676    00000004     socket.obj (.const:_SlSendCmdCtrl)
                  0001c67a    00000004     socket.obj (.const:_SlSetSockOptCmdCtrl)
                  0001c67e    00000004     wlan.obj (.const:_SlSmartConfigStartCmdCtrl)
                  0001c682    00000004     socket.obj (.const:_SlSockCloseCmdCtrl)
                  0001c686    00000004     socket.obj (.const:_SlSockSocketCmdCtrl)
                  0001c68a    00000004     device.obj (.const:_SlStopCmdCtrl)
                  0001c68e    00000004     wlan.obj (.const:_SlWlanCfgGetCmdCtrl)
                  0001c692    00000004     wlan.obj (.const:_SlWlanCfgSetCmdCtrl)
                  0001c696    00000004     wlan.obj (.const:_SlWlanGetNetworkListCtrl)
                  0001c69a    00000004     wlan.obj (.const:_SlWlanSetModeCmdCtrl)

.cinit     0    0001c6a0    00000080     
                  0001c6a0    00000056     (.cinit..data.load) [load image, compression = lzss]
                  0001c6f6    00000002     --HOLE-- [fill = 0]
                  0001c6f8    0000000c     (__TI_handler_table)
                  0001c704    00000004     --HOLE-- [fill = 0]
                  0001c708    00000008     (.cinit..bss.load) [load image, compression = zero_init]
                  0001c710    00000010     (__TI_cinit_table)

.init_array 
*          0    00000000    00000000     UNINITIALIZED

.binit     0    00000000    00000000     

.bss       0    20000000    0000cb68     UNINITIALIZED
                  20000000    0000b800     (.common:threadStacks)
                  2000b800    00000450     (.common:threadControlBlocks)
                  2000bc50    0000036c     (.common:accel_fifo)
                  2000bfbc    0000036c     (.common:gyro_fifo)
                  2000c328    0000036c     (.common:mag_fifo)
                  2000c694    00000164     (.common:g_StatMem)
                  2000c7f8    00000100     BackChannelUart.obj (.bss:backChannelStringBuff)
                  2000c8f8    0000007e     (.common:gamestate)
                  2000c976    00000002     tmp007.obj (.bss)
                  2000c978    00000070     bmi160.obj (.bss:yas532_data)
                  2000c9e8    00000040     (.common:str)
                  2000ca28    0000003c     (.common:bme280)
                  2000ca64    00000030     (.common:Pthread)
                  2000ca94    00000028     (.common:g__SlNonOsCB)
                  2000cabc    00000020     (.common:prev_balls)
                  2000cadc    00000014     (.common:s_bmi160)
                  2000caf0    00000010     bmi160.obj (.bss:mag_trim)
                  2000cb00    0000000c     G8RTOS_Scheduler.obj (.bss)
                  2000cb0c    00000006     (.common:accelxyz)
                  2000cb12    00000006     (.common:gyroxyz)
                  2000cb18    00000004     bme280.obj (.bss)
                  2000cb1c    00000004     bmi160.obj (.bss)
                  2000cb20    00000004     tmp007.obj (.bss:buf)
                  2000cb24    00000004     cc3100_usage.obj (.bss)
                  2000cb28    00000004     (.common:ButtonFunction)
                  2000cb2c    00000004     (.common:CurrentlyRunningThread)
                  2000cb30    00000004     (.common:LCDMutex)
                  2000cb34    00000004     (.common:LEDMutex)
                  2000cb38    00000004     (.common:SystemTime)
                  2000cb3c    00000004     (.common:g_ui32ByteCount)
                  2000cb40    00000004     (.common:gamestateMutex)
                  2000cb44    00000004     (.common:hfxtFreq)
                  2000cb48    00000004     (.common:ipMutex)
                  2000cb4c    00000004     (.common:lfxtFreq)
                  2000cb50    00000004     (.common:pData)
                  2000cb54    00000004     (.common:tempNextThread)
                  2000cb58    00000003     bmi160.obj (.bss:akm_asa_data)
                  2000cb5b    00000001     (.common:IntIsMasked)
                  2000cb5c    00000002     (.common:client_joystick_x)
                  2000cb5e    00000002     (.common:host_joystick_x)
                  2000cb60    00000002     (.common:host_joystick_y)
                  2000cb62    00000002     (.common:role)
                  2000cb64    00000001     (.common:collision_detected)
                  2000cb65    00000001     (.common:start_again)
                  2000cb66    00000001     (.common:ui8DummyRead)
                  2000cb67    00000001     (.common:ui8Status)

.data      0    2000cb68    00000484     UNINITIALIZED
                  2000cb68    00000400     bmi160.obj (.data:v_fifo_data_u8)
                  2000cf68    00000030     msp432p4xx_driverlib.lib : gpio.o (.data:GPIO_PORT_TO_BASE)
                  2000cf98    00000014     cc3100_usage.obj (.data)
                  2000cfac    00000014     i2c_driver.obj (.data:i2cConfig)
                  2000cfc0    0000000a     Game.obj (.data)
                  2000cfca    00000002     Game.obj (.data:prevClient)
                  2000cfcc    00000009     driver.obj (.data)
                  2000cfd5    00000001     i2c_driver.obj (.data)
                  2000cfd6    00000002     Game.obj (.data:prevHost)
                  2000cfd8    00000008     bmi160.obj (.data)
                  2000cfe0    00000004     board.obj (.data)
                  2000cfe4    00000004     rtsv7M4_T_le_v4SPD16_eabi.lib : errno.c.obj (.data)
                  2000cfe8    00000004     system_msp432p401r.obj (.data)

.stack     0    2000fe00    00000200     UNINITIALIZED
                  2000fe00    00000004     rtsv7M4_T_le_v4SPD16_eabi.lib : boot_cortex_m.c.obj (.stack)
                  2000fe04    000001fc     --HOLE--

MODULE SUMMARY

       Module                        code     ro data   rw data
       ------                        ----     -------   -------
    .\
       Game.obj                      4876     0         540    
       system_msp432p401r.obj        820      0         8      
       main.obj                      316      0         0      
       startup_msp432p401r_ccs.obj   14       228       0      
    +--+-----------------------------+--------+---------+---------+
       Total:                        6026     228       548    
                                                               
    .\BoardSupportPackage\src\
       bmi160.obj                    54752    28        7590   
       bme280.obj                    6160     0         8      
       bmi160_support.obj            3112     0         64     
       AsciiLib.obj                  64       1520      0      
       BackChannelUart.obj           760      36        512    
       i2c_driver.obj                864      0         62     
       bme280_support.obj            736      5         120    
       tmp007.obj                    564      0         12     
       Joystick.obj                  376      0         8      
       opt3001.obj                   254      0         0      
       ClockSys.obj                  132      0         0      
       BSP.obj                       52       0         0      
       demo_sysctl.obj               44       0         0      
    +--+-----------------------------+--------+---------+---------+
       Total:                        67870    1589      8376   
                                                               
    .\CC3100SupportPackage\board\
       board.obj                     848      0         10     
    +--+-----------------------------+--------+---------+---------+
       Total:                        848      0         10     
                                                               
    .\CC3100SupportPackage\cc3100_usage\
       cc3100_usage.obj              1672     76        48     
    +--+-----------------------------+--------+---------+---------+
       Total:                        1672     76        48     
                                                               
    .\CC3100SupportPackage\simplelink\source\
       driver.obj                    8228     76        730    
       socket.obj                    3796     52        0      
       wlan.obj                      2752     236       0      
       netapp.obj                    2884     40        0      
       device.obj                    1464     20        0      
       nonos.obj                     304      0         80     
       netcfg.obj                    272      8         0      
       flowcont.obj                  128      0         0      
    +--+-----------------------------+--------+---------+---------+
       Total:                        19828    432       810    
                                                               
    .\CC3100SupportPackage\spi_cc3100\
       spi_cc3100.obj                528      0         0      
    +--+-----------------------------+--------+---------+---------+
       Total:                        528      0         0      
                                                               
    .\G8RTOS_Lab3\
       G8RTOS_Scheduler.obj          2300     0         96544  
       G8RTOS_Semaphores.obj         160      0         0      
       G8RTOS_SchedulerASM.obj       76       0         0      
       G8RTOS_CriticalSection.obj    14       0         0      
    +--+-----------------------------+--------+---------+---------+
       Total:                        2550     0         96544  
                                                               
    .\LCD\
       LCD.obj                       2226     0         0      
    +--+-----------------------------+--------+---------+---------+
       Total:                        2226     0         0      
                                                               
    .\led\
       led.obj                       392      0         0      
    +--+-----------------------------+--------+---------+---------+
       Total:                        392      0         0      
                                                               
    ../BoardSupportPackage/DriverLib/msp432p4xx_driverlib.lib
       cs.o                          1202     0         16     
       pcm.o                         1194     0         0      
       interrupt.o                   252      144       0      
       i2c.o                         320      0         0      
       gpio.o                        148      0         96     
       uart.o                        196      0         0      
       spi.o                         154      0         0      
       sysctl.o                      124      0         0      
       wdt_a.o                       48       0         0      
       flash.o                       40       0         0      
       rtc_c.o                       36       0         0      
       systick.o                     20       0         0      
       cpu.o                         16       0         0      
    +--+-----------------------------+--------+---------+---------+
       Total:                        3750     144       112    
                                                               
    C:\ti\ccsv8\tools\compiler\ti-cgt-arm_18.1.4.LTS\lib\rtsv7M4_T_le_v4SPD16_eabi.lib
       _printfi.c.obj                4867     0         0      
       fd_add_t2.asm.obj             438      0         0      
       fd_div_t2.asm.obj             310      0         0      
       s_scalbn.c.obj                272      0         0      
       fd_cmp_t2.asm.obj             268      0         0      
       ctype.c.obj                   0        257       0      
       fd_mul_t2.asm.obj             252      0         0      
       memcpy_t2.asm.obj             156      0         0      
       ull_div_t2.asm.obj            150      0         0      
       snprintf.c.obj                148      0         0      
       memset_t2.asm.obj             122      0         0      
       ll_div_t2.asm.obj             110      0         0      
       copy_decompress_lzss.c.obj    104      0         0      
       s_frexp.c.obj                 100      0         0      
       ltoa.c.obj                    84       0         0      
       atoi.c.obj                    76       0         0      
       fd_toi_t2.asm.obj             72       0         0      
       autoinit.c.obj                68       0         0      
       u_divt2.asm.obj               64       0         0      
       boot_cortex_m.c.obj           56       0         0      
       i_tofd_t2.asm.obj             46       0         0      
       memccpy.c.obj                 28       0         0      
       ll_mul_t2.asm.obj             24       0         0      
       strchr.c.obj                  22       0         0      
       s_copysign.c.obj              20       0         0      
       strlen.c.obj                  20       0         0      
       wcslen.c.obj                  18       0         0      
       errno.c.obj                   8        0         8      
       copy_decompress_none.c.obj    14       0         0      
       copy_zero_init.c.obj          12       0         0      
       exit.c.obj                    4        0         0      
       pre_init.c.obj                4        0         0      
       div0.asm.obj                  2        0         0      
    +--+-----------------------------+--------+---------+---------+
       Total:                        7939     257       8      
                                                               
       Stack:                        0        0         1024   
       Linker Generated:             0        122       0      
    +--+-----------------------------+--------+---------+---------+
       Grand Total:                  113629   2848      107480 


LINKER GENERATED COPY TABLES

__TI_cinit_table @ 0001c710 records: 2, size/record: 8, table size: 16
	.data: load addr=0001c6a0, load size=00000056 bytes, run addr=2000cb68, run size=00000484 bytes, compression=lzss
	.bss: load addr=0001c708, load size=00000008 bytes, run addr=20000000, run size=0000cb68 bytes, compression=zero_init


LINKER GENERATED HANDLER TABLE

__TI_handler_table @ 0001c6f8 records: 3, size/record: 4, table size: 12
	index: 0, handler: __TI_decompress_lzss
	index: 1, handler: __TI_decompress_none
	index: 2, handler: __TI_zero_init


GLOBAL SYMBOLS: SORTED ALPHABETICALLY BY Name 

address   name                                                  
-------   ----                                                  
0001bc0d  ADC14_IRQHandler                                      
0001bc0d  AES256_IRQHandler                                     
00018829  BME280_I2C_bus_read                                   
000187fd  BME280_I2C_bus_write                                  
00018855  BME280_SPI_bus_read                                   
000188bb  BME280_SPI_bus_write                                  
0001892b  BME280_delay_msek                                     
0001b695  BSP_InitBoard                                         
00018435  BackChannelEventTrigger                               
000183af  BackChannelInit                                       
0001844d  BackChannelOpt3001PrintRaw                            
000183cb  BackChannelPrint                                      
00018417  BackChannelPrintIntVariable                           
0001848f  BackupChannelBmi160PrintAccel                         
000184bb  BackupChannelBmi160PrintGyro                          
000184e7  BackupChannelBmi160PrintMag                           
00018469  BackupChannelTmp007PrintRaw                           
0001bc0d  BusFault_Handler                                      
2000cb28  ButtonFunction                                        
0001bcd7  C$$EXIT                                               
00017d63  CC3100_InterruptDisable                               
00017d39  CC3100_InterruptEnable                                
00017d21  CC3100_disable                                        
00017d2d  CC3100_enable                                         
0001bc0d  COMP_E0_IRQHandler                                    
0001bc0d  COMP_E1_IRQHandler                                    
0001bc0f  CPU_cpsie                                             
0001bcc3  CPU_wfi                                               
0001bc0d  CS_IRQHandler                                         
0001b8b1  CS_clearInterruptFlag                                 
0001a069  CS_getDCOFrequency                                    
0001ba59  CS_getMCLK                                            
0001ba71  CS_getSMCLK                                           
0001a369  CS_initClockSignal                                    
0001b8d5  CS_setDCOCenteredFrequency                            
0001bb01  CS_setExternalClockSourceFrequency                    
0001bc99  CS_startHFXT                                          
0001a7cd  CS_startHFXTWithTimeout                               
0001ac47  ClockSys_GetSysFreq                                   
0001abd9  ClockSys_SetMaxFreq                                   
00014361  CopyPingResultsToReport                               
00011175  CreateGame                                            
2000cb2c  CurrentlyRunningThread                                
0001bc0d  DMA_ERR_IRQHandler                                    
0001bc0d  DMA_INT0_IRQHandler                                   
0001bc0d  DMA_INT1_IRQHandler                                   
0001bc0d  DMA_INT2_IRQHandler                                   
0001bc0d  DMA_INT3_IRQHandler                                   
0001bc0d  DebugMon_Handler                                      
0001bc0d  Default_Handler                                       
00017fbf  Delay                                                 
0001b889  DelayMs                                               
000197ad  Disable_Joystick_Interrupt                            
00011941  DrawObjects                                           
00011af5  DrawPlayer                                            
0001800d  EUSCIA0_IRQHandler                                    
0001800d  EUSCIA0_IRQHandler                                    
0001bc0d  EUSCIA1_IRQHandler                                    
0001bc0d  EUSCIA2_IRQHandler                                    
0001bc0d  EUSCIA3_IRQHandler                                    
0001bc0d  EUSCIB0_IRQHandler                                    
00017c45  EUSCIB1_IRQHandler                                    
00017c45  EUSCIB1_IRQHandler                                    
0001bc0d  EUSCIB2_IRQHandler                                    
0001bc0d  EUSCIB3_IRQHandler                                    
0001bc9f  EUSCI_A_SPI_receiveData                               
0001bcc7  EUSCI_A_SPI_transmitData                              
0001b9e9  EUSCI_B_SPI_isBusy                                    
0001bca5  EUSCI_B_SPI_receiveData                               
0001bccb  EUSCI_B_SPI_transmitData                              
0001bbd1  EndCriticalSection                                    
0001105d  EndOfGameClient                                       
000117b1  EndOfGameHost                                         
0001bc0d  FLCTL_IRQHandler                                      
0001bc0d  FPU_IRQHandler                                        
0001b811  FlashCtl_setWaitState                                 
00016405  G8RTOS_AddAPeriodicEvent                              
00016311  G8RTOS_AddPeriodicEvent                               
00016035  G8RTOS_AddThread                                      
000165f1  G8RTOS_GetThreadId                                    
00015f51  G8RTOS_Init                                           
0001a72d  G8RTOS_InitSemaphore                                  
00016597  G8RTOS_KillAllThreads                                 
00016475  G8RTOS_KillSelf                                       
000164cb  G8RTOS_KillThread                                     
00015f7d  G8RTOS_Launch                                         
00015e37  G8RTOS_Scheduler                                      
0001a781  G8RTOS_SignalSemaphore                                
0001b255  G8RTOS_Start                                          
0001a747  G8RTOS_WaitSemaphore                                  
0001b3cd  GPIO_setAsPeripheralModuleFunctionInputPin            
0001b29d  GPIO_setAsPeripheralModuleFunctionOutputPin           
00011305  GenerateBall                                          
0001b4e9  GetASCIICode                                          
000197c3  GetJoystickCoordinates                                
00017f0b  GetLEDStatus                                          
00011aa5  GetPlayerRole                                         
0001bc0d  HardFault_Handler                                     
0001bbd7  I2C_clearInterruptFlag                                
0001bbe5  I2C_disableInterrupt                                  
0001bc1b  I2C_disableModule                                     
0001bc6f  I2C_enableInterrupt                                   
0001bc27  I2C_enableModule                                      
0001bcab  I2C_getEnabledInterruptStatus                         
0001bcb1  I2C_getInterruptStatus                                
0001b5a9  I2C_initMaster                                        
0001bb15  I2C_isBusBusy                                         
0001bcb7  I2C_masterReceiveMultiByteNext                        
0001bb77  I2C_masterReceiveStart                                
0001b8f9  I2C_masterSendMultiByteNext                           
0001b625  I2C_masterSendMultiByteStart                          
0001b6fd  I2C_masterSendMultiByteStop                           
000187cb  I2C_routine                                           
0001bccf  I2C_setSlaveAddress                                   
00011921  IdleThread                                            
00011d85  InitBoardState                                        
2000cb5b  IntIsMasked                                           
0001af89  Interrupt_disableInterrupt                            
0001afed  Interrupt_enableInterrupt                             
0001bb87  Interrupt_enableMaster                                
0001b91d  Interrupt_setPriority                                 
00010ef9  JoinGame                                              
000196f9  Joystick_Init_Without_Interrupt                       
00019757  Joystick_Push_Button_Init_With_Interrupt              
2000cb30  LCDMutex                                              
00016913  LCD_Clear                                             
0001672d  LCD_DrawRectangle                                     
000169d9  LCD_Init                                              
0001b989  LCD_SetCursor                                         
00016985  LCD_SetPoint                                          
00016879  LCD_Text                                              
0001b529  LCD_WriteData                                         
0001b6c9  LCD_WriteIndex                                        
0001ba05  LCD_WriteReg                                          
0001b9a9  LCD_Write_Data_Only                                   
0001bc65  LCD_Write_Data_Start                                  
2000cb34  LEDMutex                                              
00019545  LP3943_LEDModeSet                                     
00017d81  MaskIntHdlr                                           
0001bc0d  MemManage_Handler                                     
00011479  MoveBall                                              
00011a45  MoveLEDs                                              
0001bc0d  NMI_Handler                                           
0001bc0d  PCM_IRQHandler                                        
0001b7bb  PCM_getCoreVoltageLevel                               
0001b7e7  PCM_getPowerMode                                      
0001bc35  PCM_getPowerState                                     
0001b839  PCM_gotoLPM0                                          
0001acdd  PCM_gotoLPM3                                          
0001bb97  PCM_gotoLPM4                                          
0001bc77  PCM_setCoreVoltageLevel                               
0001bc7f  PCM_setPowerMode                                      
0001bc87  PCM_setPowerState                                     
0001b1b1  PCM_shutdownDevice                                    
00017fbd  PORT1_IRQHandler                                      
00017fbd  PORT1_IRQHandler                                      
00017fe7  PORT2_IRQHandler                                      
00017fe7  PORT2_IRQHandler                                      
0001bc0d  PORT3_IRQHandler                                      
0001bc0d  PORT4_IRQHandler                                      
0001bc0d  PORT5_IRQHandler                                      
0001bc0d  PORT6_IRQHandler                                      
0001bc0d  PSS_IRQHandler                                        
0001b275  PendSV_Handler                                        
0001b275  PendSV_Handler                                        
2000ca64  Pthread                                               
0001a689  PutChar                                               
0001bc0d  RTC_C_IRQHandler                                      
0001b941  RTC_C_holdClock                                       
00010fe5  ReadJoystickClient                                    
0001138d  ReadJoystickHost                                      
000172ed  ReceiveData                                           
000112df  ReceiveDataFromClient                                 
00010f95  ReceiveDataFromHost                                   
0001bc01  Reset_Handler                                         
00012fdb  SL_FD_CLR                                             
00013001  SL_FD_ISSET                                           
00012fb9  SL_FD_SET                                             
00013029  SL_FD_ZERO                                            
0001b861  SPISendRecvByte                                       
0001ba3d  SPI_receiveData                                       
000187e7  SPI_routine                                           
0001b9c9  SPI_transmitData                                      
0001bc0d  SVC_Handler                                           
00017f79  SelAntenna                                            
000172cd  SendData                                              
000112ad  SendDataToClient                                      
00010fc3  SendDataToHost                                        
000173b1  SimpleLinkGeneralEventHandler                         
000173a5  SimpleLinkHttpServerCallback                          
0001736d  SimpleLinkNetAppEventHandler                          
000173bb  SimpleLinkSockEventHandler                            
00017319  SimpleLinkWlanEventHandler                            
2000cfa8  SockIDRx                                              
2000cfaa  SockIDTx                                              
0001bbc9  StartCriticalSection                                  
00011a83  StartGameAgain                                        
0001bcbd  SysCtlDelay                                           
0001bba9  SysCtl_disableNMISource                               
0001bbb9  SysCtl_enableNMISource                                
0001bc41  SysCtl_getNMISourceStatus                             
0001b201  SysCtl_getTLVInfo                                     
00015ea9  SysTick_Handler                                       
00015ea9  SysTick_Handler                                       
0001bb29  SysTick_enableInterrupt                               
2000cfe8  SystemCoreClock                                       
0001805d  SystemCoreClockUpdate                                 
000182d5  SystemInit                                            
2000cb38  SystemTime                                            
0001bc0d  T32_INT1_IRQHandler                                   
0001bc0d  T32_INT2_IRQHandler                                   
0001bc0d  T32_INTC_IRQHandler                                   
0001bc0d  TA0_0_IRQHandler                                      
0001bc0d  TA0_N_IRQHandler                                      
0001bc0d  TA1_0_IRQHandler                                      
0001bc0d  TA1_N_IRQHandler                                      
0001bc0d  TA2_0_IRQHandler                                      
0001bc0d  TA2_N_IRQHandler                                      
0001bc0d  TA3_0_IRQHandler                                      
0001bc0d  TA3_N_IRQHandler                                      
00016c01  TP_ReadXY                                             
0001bc4d  UART_enableModule                                     
0001aa39  UART_initModule                                       
0001b965  UART_transmitData                                     
00017d89  UnMaskIntHdlr                                         
00011ca1  UpdateBallOnScreen                                    
00011ba5  UpdatePlayerOnScreen                                  
0001bc0d  UsageFault_Handler                                    
2000cfd8  V_bmm150_maual_auto_condition_u8                      
2000cfdc  V_fifo_time_U32                                       
4000480c  WDTCTL_SYM                                            
0001bc0d  WDT_A_IRQHandler                                      
0001ba89  WDT_A_clearTimer                                      
0001baa1  WDT_A_holdTimer                                       
0001c606  _SlAcceptCmdCtrl                                      
0001c510  _SlActionLookupTable                                  
0000e591  _SlAsyncEventGenericHandler                           
0001c60a  _SlDeviceGetCmdCtrl                                   
0001c60e  _SlDeviceSetCmdCtrl                                   
0000efa3  _SlDrvBasicCmd                                        
0000ec57  _SlDrvClassifyRxMsg                                   
0000d88f  _SlDrvCmdOp                                           
0000d93f  _SlDrvCmdSend                                         
0000d995  _SlDrvDataReadOp                                      
0000db99  _SlDrvDataWriteOp                                     
0001792b  _SlDrvDeviceEventHandler                              
0000d7a9  _SlDrvDriverCBDeinit                                  
0000d6c5  _SlDrvDriverCBInit                                    
0001ac9b  _SlDrvFlowContDeinit                                  
0001ac5d  _SlDrvFlowContInit                                    
0000df5d  _SlDrvMsgRead                                         
0000ea75  _SlDrvMsgReadCmdCtx                                   
0000eb6f  _SlDrvMsgReadSpawnCtx                                 
0000dd69  _SlDrvMsgWrite                                        
00014731  _SlDrvNetAppEventHandler                              
0000f497  _SlDrvObjDeInit                                       
0000f41b  _SlDrvObjInit                                         
0000f211  _SlDrvReleasePoolObj                                  
0000ed9d  _SlDrvRxHdrRead                                       
0000d84d  _SlDrvRxIrqHandler                                    
0000ed55  _SlDrvShiftDWord                                      
0000f009  _SlDrvWaitForPoolObj                                  
0001c612  _SlEventMaskGetCmdCtrl                                
0001c616  _SlEventMaskSetCmdCtrl                                
0000f579  _SlFindAndSetActiveObj                                
0001c61a  _SlGetHostByNameCtrl                                  
0001c61e  _SlGetHostByServiceCtrl                               
0001c622  _SlGetServiceListeCtrl                                
0001c626  _SlGetSockOptCmdCtrl                                  
0001c62a  _SlListenCmdCtrl                                      
0001c62e  _SlNetAppGetCmdCtrl                                   
0001c632  _SlNetAppSendTokenValueCmdCtrl                        
0001c636  _SlNetAppSetCmdCtrl                                   
0001c63a  _SlNetAppStartCtrl                                    
0001c63e  _SlNetAppStopCtrl                                     
0001c642  _SlNetCfgGetCmdCtrl                                   
0001c646  _SlNetCfgSetCmdCtrl                                   
00019cb9  _SlNonOsMainLoopTask                                  
00019c0d  _SlNonOsSemGet                                        
00019bf5  _SlNonOsSemSet                                        
00019c69  _SlNonOsSpawn                                         
0001c64a  _SlPolicyGetCmdCtrl                                   
0001c64e  _SlPolicySetCmdCtrl                                   
0001c652  _SlProfileDelCmdCtrl                                  
0001c656  _SlProfileGetCmdCtrl                                  
0001c65a  _SlRecvCmdCtrl                                        
0001c65e  _SlRecvfomCmdCtrl                                     
0001c662  _SlRegisterServiceCtrl                                
0000f4b7  _SlRemoveFromList                                     
0001c666  _SlRxFilterAddtCmdCtrl                                
0001c66a  _SlRxFilterGetCmdCtrl                                 
0001c66e  _SlRxFilterSetCmdCtrl                                 
0001c672  _SlSelectCmdCtrl                                      
0001c676  _SlSendCmdCtrl                                        
0001c67a  _SlSetSockOptCmdCtrl                                  
0001c67e  _SlSmartConfigStartCmdCtrl                            
0001c682  _SlSockCloseCmdCtrl                                   
0001c686  _SlSockSocketCmdCtrl                                  
0001c68a  _SlStopCmdCtrl                                        
0001c68e  _SlWlanCfgGetCmdCtrl                                  
0001c692  _SlWlanCfgSetCmdCtrl                                  
0001c696  _SlWlanGetNetworkListCtrl                             
0001c69a  _SlWlanSetModeCmdCtrl                                 
20010000  __STACK_END                                           
00000200  __STACK_SIZE                                          
0001c710  __TI_CINIT_Base                                       
0001c720  __TI_CINIT_Limit                                      
0001c6f8  __TI_Handler_Table_Base                               
0001c704  __TI_Handler_Table_Limit                              
0001b4a5  __TI_auto_init_nobinit_nopinit                        
0001af21  __TI_decompress_lzss                                  
0001bbf3  __TI_decompress_none                                  
ffffffff  __TI_pprof_out_hndl                                   
00015305  __TI_printfi                                          
ffffffff  __TI_prof_data_size                                   
ffffffff  __TI_prof_data_start                                  
00000000  __TI_static_base__                                    
0001bc59  __TI_zero_init                                        
0001aacd  __aeabi_cdcmpeq                                       
0001aacd  __aeabi_cdcmple                                       
0001ab53  __aeabi_cdrcmple                                      
0001b45d  __aeabi_d2iz                                          
000191f7  __aeabi_dadd                                          
00019abd  __aeabi_ddiv                                          
0001a26b  __aeabi_dmul                                          
000191ed  __aeabi_dsub                                          
0001bc91  __aeabi_errno_addr                                    
0001b78d  __aeabi_i2d                                           
00015d63  __aeabi_idiv0                                         
00015d63  __aeabi_ldiv0                                         
0001aeb3  __aeabi_ldivmod                                       
0001bad1  __aeabi_lmul                                          
0001ad59  __aeabi_memclr                                        
0001ad59  __aeabi_memclr4                                       
0001ad59  __aeabi_memclr8                                       
0001a905  __aeabi_memcpy                                        
0001a905  __aeabi_memcpy4                                       
0001a905  __aeabi_memcpy8                                       
0001ad5b  __aeabi_memset                                        
0001ad5b  __aeabi_memset4                                       
0001ad5b  __aeabi_memset8                                       
0001b569  __aeabi_uidiv                                         
0001b569  __aeabi_uidivmod                                      
0001a9a1  __aeabi_uldivmod                                      
ffffffff  __binit__                                             
ffffffff  __c_args__                                            
UNDEFED   __mpu_init                                            
2000fe00  __stack                                               
0001b65d  _c_int00_noargs                                       
0001c2cc  _ctypes_                                              
00012205  _sl_BuildAddress                                      
000173f5  _sl_GetStartResponseConvert                           
00012c19  _sl_HandleAsync_Accept                                
00012813  _sl_HandleAsync_Connect                               
00014149  _sl_HandleAsync_DnsGetHostByAddr                      
0001429d  _sl_HandleAsync_DnsGetHostByName                      
00014079  _sl_HandleAsync_DnsGetHostByService                   
00017559  _sl_HandleAsync_InitComplete                          
0001439d  _sl_HandleAsync_PingResponse                          
00013041  _sl_HandleAsync_Select                                
0001760b  _sl_HandleAsync_Stop                                  
0001231d  _sl_ParseAddress                                      
00012255  _sl_TruncatePayloadByProtocol                         
UNDEFED   _system_post_cinit                                    
0001bcd3  _system_pre_init                                      
0001bcd7  abort                                                 
2000bc50  accel_fifo                                            
2000cb0c  accelxyz                                              
0001b335  atoi                                                  
ffffffff  binit                                                 
2000ca28  bme280                                                
0000fa27  bme280_compensate_humidity_int32                      
0000fadd  bme280_compensate_humidity_int32_sixteen_bit_output   
0000f8a1  bme280_compensate_pressure_int32                      
00010c65  bme280_compensate_pressure_int64                      
00010e67  bme280_compensate_pressure_int64_twentyfour_bit_output
0000f79f  bme280_compensate_temperature_int32                   
0000f817  bme280_compensate_temperature_int32_sixteen_bit_output
00010e81  bme280_compute_wait_time                              
00018689  bme280_data_readout_template                          
0000fbf7  bme280_get_calib_param                                
000106b7  bme280_get_filter                                     
00010a1b  bme280_get_forced_uncomp_pressure_temperature_humidity
00010113  bme280_get_oversamp_humidity                          
0000ff5b  bme280_get_oversamp_pressure                          
0000fd99  bme280_get_oversamp_temperature                       
00010301  bme280_get_power_mode                                 
00010509  bme280_get_spi3                                       
0001086b  bme280_get_standby_durn                               
0000f6e9  bme280_init                                           
00018775  bme280_initialize_sensor                              
0000fb97  bme280_read_pressure_temperature_humidity             
00010c1f  bme280_read_register                                  
0000f9d1  bme280_read_uncomp_humidity                           
0000f841  bme280_read_uncomp_pressure                           
0000fb05  bme280_read_uncomp_pressure_temperature_humidity      
0000f73f  bme280_read_uncomp_temperature                        
00010707  bme280_set_filter                                     
0001016d  bme280_set_oversamp_humidity                          
0000ffb7  bme280_set_oversamp_pressure                          
0000fdf5  bme280_set_oversamp_temperature                       
0001034f  bme280_set_power_mode                                 
000104c9  bme280_set_soft_rst                                   
00010557  bme280_set_spi3                                       
000108bb  bme280_set_standby_durn                               
00010bd9  bme280_write_register                                 
00007511  bmi160_accel_foc_trigger_xyz                          
0000ac11  bmi160_bmm150_mag_compensate_X                        
0000acbb  bmi160_bmm150_mag_compensate_Y                        
0000ad65  bmi160_bmm150_mag_compensate_Z                        
0000abb5  bmi160_bmm150_mag_compensate_xyz                      
0000ae05  bmi160_bmm150_mag_interface_init                      
0000b2a7  bmi160_bmm150_mag_set_power_mode                      
0000b0b1  bmi160_bmm150_mag_wakeup                              
0000c00d  bmi160_bst_akm_compensate_X                           
0000c03f  bmi160_bst_akm_compensate_Y                           
0000c071  bmi160_bst_akm_compensate_Z                           
0000c0a3  bmi160_bst_akm_compensate_xyz                         
0000bc05  bmi160_bst_akm_mag_interface_init                     
0000c0f1  bmi160_bst_akm_set_powermode                          
0000caa1  bmi160_bst_yamaha_yas532_calib_values                 
0000c47b  bmi160_bst_yamaha_yas532_mag_interface_init           
0000d4e1  bmi160_bst_yas532_acquisition_command_register        
0000c911  bmi160_bst_yas532_magnetic_measure_set_offset         
0000d069  bmi160_bst_yas532_measurement_xyz_data                
0000cef5  bmi160_bst_yas532_normal_measurement_data             
0000c7b1  bmi160_bst_yas532_set_initial_values                  
0000d5a5  bmi160_bst_yas532_set_offset                          
0000ce59  bmi160_bst_yas532_xy1y2_to_linear                     
000095c1  bmi160_clear_step_counter                             
00013115  bmi160_config_running_mode                            
00013cc5  bmi160_delay_ms                                       
00001805  bmi160_fifo_data                                      
000017a5  bmi160_fifo_length                                    
0000191d  bmi160_get_accel_bw                                   
00000e21  bmi160_get_accel_data_rdy                             
000021f7  bmi160_get_accel_fifo_filter_data                     
000086ab  bmi160_get_accel_offset_compensation_xaxis            
00008791  bmi160_get_accel_offset_compensation_yaxis            
0000887b  bmi160_get_accel_offset_compensation_zaxis            
00008edb  bmi160_get_accel_offset_enable                        
0000183f  bmi160_get_accel_output_data_rate                     
00000481  bmi160_get_accel_power_mode_stat                      
00001ad9  bmi160_get_accel_range                                
0000829d  bmi160_get_accel_selftest_amp                         
000080e7  bmi160_get_accel_selftest_axis                        
000081bf  bmi160_get_accel_selftest_sign                        
000019ff  bmi160_get_accel_under_sampling_parameter             
00000d85  bmi160_get_data_rdy_mag                               
000002b5  bmi160_get_drop_cmd_err                               
00000219  bmi160_get_err_code                                   
00000351  bmi160_get_error_status                               
000001cd  bmi160_get_fatal_err                                  
000028a5  bmi160_get_fifo_accel_enable                          
0000212f  bmi160_get_fifo_down_accel                            
00001f87  bmi160_get_fifo_down_gyro                             
00002985  bmi160_get_fifo_gyro_enable                           
000026f1  bmi160_get_fifo_header_enable                         
000027cb  bmi160_get_fifo_mag_enable                            
0000235f  bmi160_get_fifo_stop_on_full                          
000025ff  bmi160_get_fifo_tag_intr1_enable                      
00002511  bmi160_get_fifo_tag_intr2_enable                      
00002437  bmi160_get_fifo_time_enable                           
000022d1  bmi160_get_fifo_wm                                    
000070db  bmi160_get_foc_accel_x                                
00007001  bmi160_get_foc_accel_y                                
00006f3b  bmi160_get_foc_accel_z                                
0000775b  bmi160_get_foc_gyro_enable                            
00000ce5  bmi160_get_foc_rdy                                    
00001ce5  bmi160_get_gyro_bw                                    
00000dd3  bmi160_get_gyro_data_rdy                              
00002055  bmi160_get_gyro_fifo_filter_data                      
00008961  bmi160_get_gyro_offset_compensation_xaxis             
00008b31  bmi160_get_gyro_offset_compensation_yaxis             
00008d09  bmi160_get_gyro_offset_compensation_zaxis             
00008fab  bmi160_get_gyro_offset_enable                         
00001bc9  bmi160_get_gyro_output_data_rate                      
00000433  bmi160_get_gyro_power_mode_stat                       
00001dbf  bmi160_get_gyro_range                                 
00000c49  bmi160_get_gyro_selftest                              
00008377  bmi160_get_gyro_selftest_start                        
00007f33  bmi160_get_gyro_sleep_state                           
00007d7b  bmi160_get_gyro_sleep_trigger                         
0000800d  bmi160_get_gyro_wakeup_intr                           
00007e53  bmi160_get_gyro_wakeup_trigger                        
00002a5f  bmi160_get_i2c_device_addr                            
00000267  bmi160_get_i2c_fail_err                               
00007bc7  bmi160_get_i2c_wdt_enable                             
00007ae7  bmi160_get_i2c_wdt_select                             
00007ca1  bmi160_get_if_mode                                    
000041f3  bmi160_get_input_enable                               
000046ed  bmi160_get_intr_any_motion                            
00005dbf  bmi160_get_intr_any_motion_durn                       
00005f53  bmi160_get_intr_any_motion_thres                      
00005519  bmi160_get_intr_data_rdy                              
00004a31  bmi160_get_intr_double_tap                            
00003ae5  bmi160_get_intr_edge_ctrl                             
00002f23  bmi160_get_intr_enable_0                              
00003393  bmi160_get_intr_enable_1                              
000037fb  bmi160_get_intr_enable_2                              
000051fd  bmi160_get_intr_fifo_full                             
00005389  bmi160_get_intr_fifo_wm                               
00004ee1  bmi160_get_intr_flat                                  
00006d83  bmi160_get_intr_flat_hold                             
00006e63  bmi160_get_intr_flat_hyst                             
00006cab  bmi160_get_intr_flat_theta                            
00004561  bmi160_get_intr_high_g                                
00005cb3  bmi160_get_intr_high_g_durn                           
00005beb  bmi160_get_intr_high_g_hyst                           
00005d39  bmi160_get_intr_high_g_thres                          
00003c6d  bmi160_get_intr_level                                 
0000437f  bmi160_get_intr_low_g                                 
00005937  bmi160_get_intr_low_g_durn                            
00005a43  bmi160_get_intr_low_g_hyst                            
00005b11  bmi160_get_intr_low_g_mode                            
000059bd  bmi160_get_intr_low_g_thres                           
0000577f  bmi160_get_intr_low_high_source                       
0000585d  bmi160_get_intr_motion_source                         
000048a5  bmi160_get_intr_nomotion                              
00004d4f  bmi160_get_intr_orient                                
00006bd1  bmi160_get_intr_orient_axes_enable                    
00006879  bmi160_get_intr_orient_blocking                       
00006953  bmi160_get_intr_orient_hyst                           
0000679b  bmi160_get_intr_orient_mode                           
00006a1b  bmi160_get_intr_orient_theta                          
00006af3  bmi160_get_intr_orient_ud_enable                      
00003dff  bmi160_get_intr_output_type                           
0000506d  bmi160_get_intr_pmu_trig                              
000062f1  bmi160_get_intr_significant_motion_proof              
0000613d  bmi160_get_intr_significant_motion_select             
00006217  bmi160_get_intr_significant_motion_skip               
00004bc3  bmi160_get_intr_single_tap                            
00005e8b  bmi160_get_intr_slow_no_motion_durn                   
0000605f  bmi160_get_intr_slow_no_motion_select                 
00005fd9  bmi160_get_intr_slow_no_motion_thres                  
000063cb  bmi160_get_intr_tap_durn                              
000065fb  bmi160_get_intr_tap_quiet                             
00006521  bmi160_get_intr_tap_shock                             
000056a5  bmi160_get_intr_tap_source                            
000066d5  bmi160_get_intr_tap_thres                             
0000411b  bmi160_get_latch_intr                                 
00002b27  bmi160_get_mag_burst                                  
00000303  bmi160_get_mag_dada_rdy_err                           
00002cb9  bmi160_get_mag_manual_enable                          
00000c97  bmi160_get_mag_manual_operation_stat                  
00002bed  bmi160_get_mag_offset                                 
00001e97  bmi160_get_mag_output_data_rate                       
000003e1  bmi160_get_mag_power_mode_stat                        
00002d91  bmi160_get_mag_read_addr                              
00002e17  bmi160_get_mag_write_addr                             
00002e9d  bmi160_get_mag_write_data                             
000085e3  bmi160_get_nvm_counter                                
00007935  bmi160_get_nvm_prog_enable                            
00000d33  bmi160_get_nvm_rdy                                    
00003f8b  bmi160_get_output_enable                              
00009701  bmi160_get_paging_enable                              
0000d6ab  bmi160_get_ptr                                        
000097db  bmi160_get_pullup_configuration                       
00000bed  bmi160_get_sensor_time                                
00008517  bmi160_get_spare0_trim                                
00007a0f  bmi160_get_spi3                                       
00008451  bmi160_get_spi_enable                                 
00000f09  bmi160_get_stat0_any_motion_intr                      
00000fa5  bmi160_get_stat0_double_tap_intr                      
00001095  bmi160_get_stat0_flat_intr                            
00001041  bmi160_get_stat0_orient_intr                          
00000f57  bmi160_get_stat0_pmu_trigger_intr                     
00000ebb  bmi160_get_stat0_significant_intr                     
00000ff3  bmi160_get_stat0_single_tap_intr                      
00000e6f  bmi160_get_stat0_step_intr                            
0000117f  bmi160_get_stat1_data_rdy_intr                        
000011cd  bmi160_get_stat1_fifo_full_intr                       
0000121b  bmi160_get_stat1_fifo_wm_intr                         
000010e3  bmi160_get_stat1_high_g_intr                          
00001131  bmi160_get_stat1_low_g_intr                           
00001269  bmi160_get_stat1_nomotion_intr                        
000012b7  bmi160_get_stat2_any_motion_first_x                   
00001303  bmi160_get_stat2_any_motion_first_y                   
00001351  bmi160_get_stat2_any_motion_first_z                   
000013a5  bmi160_get_stat2_any_motion_sign                      
000013f3  bmi160_get_stat2_tap_first_x                          
00001441  bmi160_get_stat2_tap_first_y                          
0000148f  bmi160_get_stat2_tap_first_z                          
000014dd  bmi160_get_stat2_tap_sign                             
00001703  bmi160_get_stat3_flat                                 
0000152b  bmi160_get_stat3_high_g_first_x                       
00001577  bmi160_get_stat3_high_g_first_y                       
000015c5  bmi160_get_stat3_high_g_first_z                       
00001613  bmi160_get_stat3_high_g_sign                          
00001661  bmi160_get_stat3_orient_xy                            
000016b5  bmi160_get_stat3_orient_z                             
000090c7  bmi160_get_step_config                                
00009299  bmi160_get_step_counter_enable                        
00003a15  bmi160_get_step_detector_enable                       
00009627  bmi160_get_target_page                                
00001751  bmi160_get_temp                                       
00013c2b  bmi160_i2c_burst_read                                 
00013bff  bmi160_i2c_bus_read                                   
00013c5d  bmi160_i2c_bus_write                                  
000000e5  bmi160_init                                           
000130d9  bmi160_initialize_sensor                              
00013b4d  bmi160_interrupt_configuration                        
000093f1  bmi160_map_significant_motion_intr                    
000094d9  bmi160_map_step_detector_intr                         
00000a7d  bmi160_read_accel_x                                   
00000b79  bmi160_read_accel_xyz                                 
00000ad1  bmi160_read_accel_y                                   
00000b25  bmi160_read_accel_z                                   
0000b761  bmi160_read_bmm150_mag_trim                           
0000bf25  bmi160_read_bst_akm_sensitivity_data                  
000098b9  bmi160_read_fifo_header_data                          
0000a289  bmi160_read_fifo_headerless_mode                      
00000909  bmi160_read_gyro_x                                    
00000a05  bmi160_read_gyro_xyz                                  
0000095d  bmi160_read_gyro_y                                    
000009b1  bmi160_read_gyro_z                                    
000006d9  bmi160_read_mag_r                                     
000004cf  bmi160_read_mag_x                                     
00000743  bmi160_read_mag_xyz                                   
0000084d  bmi160_read_mag_xyzr                                  
0000057d  bmi160_read_mag_y                                     
0000062b  bmi160_read_mag_z                                     
00000189  bmi160_read_reg                                       
00009073  bmi160_read_step_count                                
0000196b  bmi160_set_accel_bw                                   
00002245  bmi160_set_accel_fifo_filter_data                     
000071b9  bmi160_set_accel_foc_trigger                          
000086f7  bmi160_set_accel_offset_compensation_xaxis            
000087dd  bmi160_set_accel_offset_compensation_yaxis            
000088c7  bmi160_set_accel_offset_compensation_zaxis            
00008f29  bmi160_set_accel_offset_enable                        
0000188b  bmi160_set_accel_output_data_rate                     
00001b25  bmi160_set_accel_range                                
000082eb  bmi160_set_accel_selftest_amp                         
00008133  bmi160_set_accel_selftest_axis                        
00008211  bmi160_set_accel_selftest_sign                        
00001a4d  bmi160_set_accel_under_sampling_parameter             
0000b181  bmi160_set_bmm150_mag_and_secondary_if_power_mode     
0000b405  bmi160_set_bmm150_mag_presetmode                      
0000c315  bmi160_set_bst_akm_and_secondary_if_powermode         
000095ed  bmi160_set_command_register                           
000028f3  bmi160_set_fifo_accel_enable                          
0000217d  bmi160_set_fifo_down_accel                            
00001fd3  bmi160_set_fifo_down_gyro                             
000029d3  bmi160_set_fifo_gyro_enable                           
0000273f  bmi160_set_fifo_header_enable                         
00002819  bmi160_set_fifo_mag_enable                            
000023ab  bmi160_set_fifo_stop_on_full                          
00002651  bmi160_set_fifo_tag_intr1_enable                      
0000255f  bmi160_set_fifo_tag_intr2_enable                      
00002485  bmi160_set_fifo_time_enable                           
00002325  bmi160_set_fifo_wm                                    
00007129  bmi160_set_foc_accel_x                                
0000704f  bmi160_set_foc_accel_y                                
00006f87  bmi160_set_foc_accel_z                                
000077a9  bmi160_set_foc_gyro_enable                            
00001d33  bmi160_set_gyro_bw                                    
000020a3  bmi160_set_gyro_fifo_filter_data                      
00008a15  bmi160_set_gyro_offset_compensation_xaxis             
00008bed  bmi160_set_gyro_offset_compensation_yaxis             
00008dbf  bmi160_set_gyro_offset_compensation_zaxis             
00008ff9  bmi160_set_gyro_offset_enable                         
00001c15  bmi160_set_gyro_output_data_rate                      
00001e0b  bmi160_set_gyro_range                                 
000083c5  bmi160_set_gyro_selftest_start                        
00007f81  bmi160_set_gyro_sleep_state                           
00007dc7  bmi160_set_gyro_sleep_trigger                         
0000805b  bmi160_set_gyro_wakeup_intr                           
[...]
00019637  init_RGBLEDS                                          
000196f9  Joystick_Init_Without_Interrupt                       
00019757  Joystick_Push_Button_Init_With_Interrupt              
000197ad  Disable_Joystick_Interrupt                            
000197c3  GetJoystickCoordinates                                
00019981  main                                                  
00019abd  __aeabi_ddiv                                          
00019bf5  _SlNonOsSemSet                                        
00019c0d  _SlNonOsSemGet                                        
00019c69  _SlNonOsSpawn                                         
00019cb9  _SlNonOsMainLoopTask                                  
00019e49  sl_NetCfgSet                                          
00019eaf  sl_NetCfgGet                                          
00019f59  ldexp                                                 
00019f59  ldexpl                                                
00019f59  scalbn                                                
00019f59  scalbnl                                               
0001a069  CS_getDCOFrequency                                    
0001a16d  sensorOpt3001Init                                     
0001a179  sensorOpt3001Enable                                   
0001a1a5  sensorOpt3001Read                                     
0001a209  sensorOpt3001Test                                     
0001a26b  __aeabi_dmul                                          
0001a369  CS_initClockSignal                                    
0001a689  PutChar                                               
0001a72d  G8RTOS_InitSemaphore                                  
0001a747  G8RTOS_WaitSemaphore                                  
0001a781  G8RTOS_SignalSemaphore                                
0001a7cd  CS_startHFXTWithTimeout                               
0001a905  __aeabi_memcpy                                        
0001a905  __aeabi_memcpy4                                       
0001a905  __aeabi_memcpy8                                       
0001a905  memcpy                                                
0001a9a1  __aeabi_uldivmod                                      
0001aa39  UART_initModule                                       
0001aacd  __aeabi_cdcmpeq                                       
0001aacd  __aeabi_cdcmple                                       
0001ab53  __aeabi_cdrcmple                                      
0001abd9  ClockSys_SetMaxFreq                                   
0001ac47  ClockSys_GetSysFreq                                   
0001ac5d  _SlDrvFlowContInit                                    
0001ac9b  _SlDrvFlowContDeinit                                  
0001acdd  PCM_gotoLPM3                                          
0001ad59  __aeabi_memclr                                        
0001ad59  __aeabi_memclr4                                       
0001ad59  __aeabi_memclr8                                       
0001ad5b  __aeabi_memset                                        
0001ad5b  __aeabi_memset4                                       
0001ad5b  __aeabi_memset8                                       
0001ad61  memset                                                
0001aeb3  __aeabi_ldivmod                                       
0001af21  __TI_decompress_lzss                                  
0001af89  Interrupt_disableInterrupt                            
0001afed  Interrupt_enableInterrupt                             
0001b051  frexp                                                 
0001b051  frexpl                                                
0001b10b  ltoa                                                  
0001b1b1  PCM_shutdownDevice                                    
0001b201  SysCtl_getTLVInfo                                     
0001b255  G8RTOS_Start                                          
0001b275  PendSV_Handler                                        
0001b275  PendSV_Handler                                        
0001b29d  GPIO_setAsPeripheralModuleFunctionOutputPin           
0001b335  atoi                                                  
0001b381  snprintf                                              
0001b3cd  GPIO_setAsPeripheralModuleFunctionInputPin            
0001b45d  __aeabi_d2iz                                          
0001b4a5  __TI_auto_init_nobinit_nopinit                        
0001b4e9  GetASCIICode                                          
0001b529  LCD_WriteData                                         
0001b569  __aeabi_uidiv                                         
0001b569  __aeabi_uidivmod                                      
0001b5a9  I2C_initMaster                                        
0001b625  I2C_masterSendMultiByteStart                          
0001b65d  _c_int00_noargs                                       
0001b695  BSP_InitBoard                                         
0001b6c9  LCD_WriteIndex                                        
0001b6fd  I2C_masterSendMultiByteStop                           
0001b78d  __aeabi_i2d                                           
0001b7bb  PCM_getCoreVoltageLevel                               
0001b7e7  PCM_getPowerMode                                      
0001b811  FlashCtl_setWaitState                                 
0001b839  PCM_gotoLPM0                                          
0001b861  SPISendRecvByte                                       
0001b889  DelayMs                                               
0001b8b1  CS_clearInterruptFlag                                 
0001b8d5  CS_setDCOCenteredFrequency                            
0001b8f9  I2C_masterSendMultiByteNext                           
0001b91d  Interrupt_setPriority                                 
0001b941  RTC_C_holdClock                                       
0001b965  UART_transmitData                                     
0001b989  LCD_SetCursor                                         
0001b9a9  LCD_Write_Data_Only                                   
0001b9c9  SPI_transmitData                                      
0001b9e9  EUSCI_B_SPI_isBusy                                    
0001ba05  LCD_WriteReg                                          
0001ba21  memccpy                                               
0001ba3d  SPI_receiveData                                       
0001ba59  CS_getMCLK                                            
0001ba71  CS_getSMCLK                                           
0001ba89  WDT_A_clearTimer                                      
0001baa1  WDT_A_holdTimer                                       
0001bad1  __aeabi_lmul                                          
0001bae9  strchr                                                
0001bb01  CS_setExternalClockSourceFrequency                    
0001bb15  I2C_isBusBusy                                         
0001bb29  SysTick_enableInterrupt                               
0001bb3d  copysign                                              
0001bb3d  copysignl                                             
0001bb51  strlen                                                
0001bb65  wcslen                                                
0001bb77  I2C_masterReceiveStart                                
0001bb87  Interrupt_enableMaster                                
0001bb97  PCM_gotoLPM4                                          
0001bba9  SysCtl_disableNMISource                               
0001bbb9  SysCtl_enableNMISource                                
0001bbc9  StartCriticalSection                                  
0001bbd1  EndCriticalSection                                    
0001bbd7  I2C_clearInterruptFlag                                
0001bbe5  I2C_disableInterrupt                                  
0001bbf3  __TI_decompress_none                                  
0001bc01  Reset_Handler                                         
0001bc0d  ADC14_IRQHandler                                      
0001bc0d  AES256_IRQHandler                                     
0001bc0d  BusFault_Handler                                      
0001bc0d  COMP_E0_IRQHandler                                    
0001bc0d  COMP_E1_IRQHandler                                    
0001bc0d  CS_IRQHandler                                         
0001bc0d  DMA_ERR_IRQHandler                                    
0001bc0d  DMA_INT0_IRQHandler                                   
0001bc0d  DMA_INT1_IRQHandler                                   
0001bc0d  DMA_INT2_IRQHandler                                   
0001bc0d  DMA_INT3_IRQHandler                                   
0001bc0d  DebugMon_Handler                                      
0001bc0d  Default_Handler                                       
0001bc0d  EUSCIA1_IRQHandler                                    
0001bc0d  EUSCIA2_IRQHandler                                    
0001bc0d  EUSCIA3_IRQHandler                                    
0001bc0d  EUSCIB0_IRQHandler                                    
0001bc0d  EUSCIB2_IRQHandler                                    
0001bc0d  EUSCIB3_IRQHandler                                    
0001bc0d  FLCTL_IRQHandler                                      
0001bc0d  FPU_IRQHandler                                        
0001bc0d  HardFault_Handler                                     
0001bc0d  MemManage_Handler                                     
0001bc0d  NMI_Handler                                           
0001bc0d  PCM_IRQHandler                                        
0001bc0d  PORT3_IRQHandler                                      
0001bc0d  PORT4_IRQHandler                                      
0001bc0d  PORT5_IRQHandler                                      
0001bc0d  PORT6_IRQHandler                                      
0001bc0d  PSS_IRQHandler                                        
0001bc0d  RTC_C_IRQHandler                                      
0001bc0d  SVC_Handler                                           
0001bc0d  T32_INT1_IRQHandler                                   
0001bc0d  T32_INT2_IRQHandler                                   
0001bc0d  T32_INTC_IRQHandler                                   
0001bc0d  TA0_0_IRQHandler                                      
0001bc0d  TA0_N_IRQHandler                                      
0001bc0d  TA1_0_IRQHandler                                      
0001bc0d  TA1_N_IRQHandler                                      
0001bc0d  TA2_0_IRQHandler                                      
0001bc0d  TA2_N_IRQHandler                                      
0001bc0d  TA3_0_IRQHandler                                      
0001bc0d  TA3_N_IRQHandler                                      
0001bc0d  UsageFault_Handler                                    
0001bc0d  WDT_A_IRQHandler                                      
0001bc0f  CPU_cpsie                                             
0001bc1b  I2C_disableModule                                     
0001bc27  I2C_enableModule                                      
0001bc35  PCM_getPowerState                                     
0001bc41  SysCtl_getNMISourceStatus                             
0001bc4d  UART_enableModule                                     
0001bc59  __TI_zero_init                                        
0001bc65  LCD_Write_Data_Start                                  
0001bc6f  I2C_enableInterrupt                                   
0001bc77  PCM_setCoreVoltageLevel                               
0001bc7f  PCM_setPowerMode                                      
0001bc87  PCM_setPowerState                                     
0001bc91  __aeabi_errno_addr                                    
0001bc99  CS_startHFXT                                          
0001bc9f  EUSCI_A_SPI_receiveData                               
0001bca5  EUSCI_B_SPI_receiveData                               
0001bcab  I2C_getEnabledInterruptStatus                         
0001bcb1  I2C_getInterruptStatus                                
0001bcb7  I2C_masterReceiveMultiByteNext                        
0001bcbd  SysCtlDelay                                           
0001bcc3  CPU_wfi                                               
0001bcc7  EUSCI_A_SPI_transmitData                              
0001bccb  EUSCI_B_SPI_transmitData                              
0001bccf  I2C_setSlaveAddress                                   
0001bcd3  _system_pre_init                                      
0001bcd7  C$$EXIT                                               
0001bcd7  abort                                                 
0001c2cc  _ctypes_                                              
0001c510  _SlActionLookupTable                                  
0001c5c4  g_H2NCnysPattern                                      
0001c5cc  g_H2NSyncPattern                                      
0001c606  _SlAcceptCmdCtrl                                      
0001c60a  _SlDeviceGetCmdCtrl                                   
0001c60e  _SlDeviceSetCmdCtrl                                   
0001c612  _SlEventMaskGetCmdCtrl                                
0001c616  _SlEventMaskSetCmdCtrl                                
0001c61a  _SlGetHostByNameCtrl                                  
0001c61e  _SlGetHostByServiceCtrl                               
0001c622  _SlGetServiceListeCtrl                                
0001c626  _SlGetSockOptCmdCtrl                                  
0001c62a  _SlListenCmdCtrl                                      
0001c62e  _SlNetAppGetCmdCtrl                                   
0001c632  _SlNetAppSendTokenValueCmdCtrl                        
0001c636  _SlNetAppSetCmdCtrl                                   
0001c63a  _SlNetAppStartCtrl                                    
0001c63e  _SlNetAppStopCtrl                                     
0001c642  _SlNetCfgGetCmdCtrl                                   
0001c646  _SlNetCfgSetCmdCtrl                                   
0001c64a  _SlPolicyGetCmdCtrl                                   
0001c64e  _SlPolicySetCmdCtrl                                   
0001c652  _SlProfileDelCmdCtrl                                  
0001c656  _SlProfileGetCmdCtrl                                  
0001c65a  _SlRecvCmdCtrl                                        
0001c65e  _SlRecvfomCmdCtrl                                     
0001c662  _SlRegisterServiceCtrl                                
0001c666  _SlRxFilterAddtCmdCtrl                                
0001c66a  _SlRxFilterGetCmdCtrl                                 
0001c66e  _SlRxFilterSetCmdCtrl                                 
0001c672  _SlSelectCmdCtrl                                      
0001c676  _SlSendCmdCtrl                                        
0001c67a  _SlSetSockOptCmdCtrl                                  
0001c67e  _SlSmartConfigStartCmdCtrl                            
0001c682  _SlSockCloseCmdCtrl                                   
0001c686  _SlSockSocketCmdCtrl                                  
0001c68a  _SlStopCmdCtrl                                        
0001c68e  _SlWlanCfgGetCmdCtrl                                  
0001c692  _SlWlanCfgSetCmdCtrl                                  
0001c696  _SlWlanGetNetworkListCtrl                             
0001c69a  _SlWlanSetModeCmdCtrl                                 
0001c6f8  __TI_Handler_Table_Base                               
0001c704  __TI_Handler_Table_Limit                              
0001c710  __TI_CINIT_Base                                       
0001c720  __TI_CINIT_Limit                                      
20000000  threadStacks                                          
2000b800  threadControlBlocks                                   
2000bc50  accel_fifo                                            
2000bfbc  gyro_fifo                                             
2000c328  mag_fifo                                              
2000c694  g_StatMem                                             
2000c8f8  gamestate                                             
2000c9e8  str                                                   
2000ca28  bme280                                                
2000ca64  Pthread                                               
2000ca94  g__SlNonOsCB                                          
2000cabc  prev_balls                                            
2000cadc  s_bmi160                                              
2000cb0c  accelxyz                                              
2000cb12  gyroxyz                                               
2000cb28  ButtonFunction                                        
2000cb2c  CurrentlyRunningThread                                
2000cb30  LCDMutex                                              
2000cb34  LEDMutex                                              
2000cb38  SystemTime                                            
2000cb3c  g_ui32ByteCount                                       
2000cb40  gamestateMutex                                        
2000cb48  ipMutex                                               
2000cb50  pData                                                 
2000cb54  tempNextThread                                        
2000cb5b  IntIsMasked                                           
2000cb5c  client_joystick_x                                     
2000cb5e  host_joystick_x                                       
2000cb60  host_joystick_y                                       
2000cb62  role                                                  
2000cb64  collision_detected                                    
2000cb65  start_again                                           
2000cb66  ui8DummyRead                                          
2000cb67  ui8Status                                             
2000cb68  v_fifo_data_u8                                        
2000cf98  g_Status                                              
2000cf9c  retVal                                                
2000cfa0  receivedAlready                                       
2000cfa4  transmitedAlready                                     
2000cfa8  SockIDRx                                              
2000cfaa  SockIDTx                                              
2000cfac  i2cConfig                                             
2000cfc0  johnny_laptop_ip                                      
2000cfc4  jovan_laptop_ip                                       
2000cfc8  client_joystick_y                                     
2000cfca  prevClient                                            
2000cfcc  g_pCB                                                 
2000cfd0  pPingCallBackFunc                                     
2000cfd4  gFirstCmdMode                                         
2000cfd5  burstMode                                             
2000cfd6  prevHost                                              
2000cfd8  V_bmm150_maual_auto_condition_u8                      
2000cfdc  V_fifo_time_U32                                       
2000cfe0  pIraEventHandler                                      
2000cfe4  errno                                                 
2000cfe8  SystemCoreClock                                       
2000fe00  __stack                                               
20010000  __STACK_END                                           
4000480c  WDTCTL_SYM                                            
ffffffff  __TI_pprof_out_hndl                                   
ffffffff  __TI_prof_data_size                                   
ffffffff  __TI_prof_data_start                                  
ffffffff  __binit__                                             
ffffffff  __c_args__                                            
ffffffff  binit                                                 
UNDEFED   __mpu_init                                            
UNDEFED   _system_post_cinit                                    

[898 symbols]
